Copyright 1986-2019 Xilinx, Inc. All Rights Reserved.
--------------------------------------------------------------------------------------------
| Tool Version : Vivado v.2019.1 (win64) Build 2552052 Fri May 24 14:49:42 MDT 2019
| Date         : Tue Nov 19 19:56:40 2019
| Host         : Vinicius-PC running 64-bit major release  (build 9200)
| Command      : report_control_sets -verbose -file frodoBD_wrapper_control_sets_placed.rpt
| Design       : frodoBD_wrapper
| Device       : xc7z010
--------------------------------------------------------------------------------------------

Control Set Information

Table of Contents
-----------------
1. Summary
2. Histogram
3. Flip-Flop Distribution
4. Detailed Control Set Information

1. Summary
----------

+----------------------------------------------------------+-------+
|                          Status                          | Count |
+----------------------------------------------------------+-------+
| Total control sets                                       |   178 |
|    Minimum number of control sets                        |   178 |
|    Addition due to synthesis replication                 |     0 |
|    Addition due to physical synthesis replication        |     0 |
| Unused register locations in slices containing registers |   200 |
+----------------------------------------------------------+-------+
* Control sets can be merged at opt_design using control_set_merge or merge_equivalent_drivers
** Run report_qor_suggestions for automated merging and remapping suggestions


2. Histogram
------------

+--------------------+-------+
|       Fanout       | Count |
+--------------------+-------+
| Total control sets |   178 |
| >= 0 to < 4        |     4 |
| >= 4 to < 6        |    16 |
| >= 6 to < 8        |     2 |
| >= 8 to < 10       |     2 |
| >= 10 to < 12      |     2 |
| >= 12 to < 14      |     8 |
| >= 14 to < 16      |     4 |
| >= 16              |   140 |
+--------------------+-------+
* Control sets can be remapped at either synth_design or opt_design


3. Flip-Flop Distribution
-------------------------

+--------------+-----------------------+------------------------+-----------------+--------------+
| Clock Enable | Synchronous Set/Reset | Asynchronous Set/Reset | Total Registers | Total Slices |
+--------------+-----------------------+------------------------+-----------------+--------------+
| No           | No                    | No                     |             394 |          114 |
| No           | No                    | Yes                    |               0 |            0 |
| No           | Yes                   | No                     |             339 |          145 |
| Yes          | No                    | No                     |            3694 |         1343 |
| Yes          | No                    | Yes                    |               0 |            0 |
| Yes          | Yes                   | No                     |             581 |          163 |
+--------------+-----------------------+------------------------+-----------------+--------------+


4. Detailed Control Set Information
-----------------------------------

+------------------------------------------------+----------------------------------------------------------------------------------------------------------------------------------------------------------------------------------+-------------------------------------------------------------------------------------------------------------------------------------------------------------+------------------+----------------+
|                  Clock Signal                  |                                                                                   Enable Signal                                                                                  |                                                                       Set/Reset Signal                                                                      | Slice Load Count | Bel Load Count |
+------------------------------------------------+----------------------------------------------------------------------------------------------------------------------------------------------------------------------------------+-------------------------------------------------------------------------------------------------------------------------------------------------------------+------------------+----------------+
|  frodoBD_i/processing_system7_0/inst/FCLK_CLK0 | frodoBD_i/axi_interconnect_0/s00_couplers/auto_pc/inst/gen_axilite.gen_b2s_conv.axilite_b2s/WR.b_channel_0/bid_fifo_0/bresp_push                                                 |                                                                                                                                                             |                1 |              2 |
|  frodoBD_i/processing_system7_0/inst/FCLK_CLK0 |                                                                                                                                                                                  | frodoBD_i/axi_fifo_mm_s_0/U0/COMP_IPIC2AXI_S/gtxd.COMP_TXD_FIFO/gfifo_gen.COMP_AXIS_FG_FIFO/COMP_FIFO/xpm_fifo_base_inst/xpm_fifo_rst_inst/rst_i            |                2 |              3 |
|  frodoBD_i/processing_system7_0/inst/FCLK_CLK0 |                                                                                                                                                                                  | frodoBD_i/axi_fifo_mm_s_0/U0/COMP_IPIC2AXI_S/grxd.COMP_RX_FIFO/gfifo_gen.COMP_AXIS_FG_FIFO/COMP_FIFO/xpm_fifo_base_inst/xpm_fifo_rst_inst/rst_i             |                2 |              3 |
|  frodoBD_i/processing_system7_0/inst/FCLK_CLK0 |                                                                                                                                                                                  | frodoBD_i/axi_fifo_mm_s_0/U0/COMP_IPIC2AXI_S/grxd.COMP_rx_len_fifo/xpm_fifo_base_inst/xpm_fifo_rst_inst/rst_i                                               |                1 |              3 |
|  frodoBD_i/processing_system7_0/inst/FCLK_CLK0 |                                                                                                                                                                                  | frodoBD_i/proc_sys_reset_0/U0/EXT_LPF/lpf_int                                                                                                               |                2 |              4 |
|  frodoBD_i/processing_system7_0/inst/FCLK_CLK0 | frodoBD_i/axi_gpio_0/U0/AXI_LITE_IPIF_I/I_SLAVE_ATTACHMENT/start2                                                                                                                | frodoBD_i/axi_gpio_0/U0/AXI_LITE_IPIF_I/I_SLAVE_ATTACHMENT/I_DECODER/cs_ce_clr                                                                              |                1 |              4 |
|  frodoBD_i/processing_system7_0/inst/FCLK_CLK0 | frodoBD_i/axi_gpio_1/U0/AXI_LITE_IPIF_I/I_SLAVE_ATTACHMENT/start2                                                                                                                | frodoBD_i/axi_gpio_1/U0/AXI_LITE_IPIF_I/I_SLAVE_ATTACHMENT/I_DECODER/cs_ce_clr                                                                              |                2 |              4 |
|  frodoBD_i/processing_system7_0/inst/FCLK_CLK0 |                                                                                                                                                                                  | frodoBD_i/axi_gpio_0/U0/AXI_LITE_IPIF_I/I_SLAVE_ATTACHMENT/clear                                                                                            |                1 |              4 |
|  frodoBD_i/processing_system7_0/inst/FCLK_CLK0 | frodoBD_i/axi_gpio_2/U0/AXI_LITE_IPIF_I/I_SLAVE_ATTACHMENT/start2                                                                                                                | frodoBD_i/axi_gpio_2/U0/AXI_LITE_IPIF_I/I_SLAVE_ATTACHMENT/I_DECODER/cs_ce_clr                                                                              |                1 |              4 |
|  frodoBD_i/processing_system7_0/inst/FCLK_CLK0 | frodoBD_i/axi_gpio_2/U0/AXI_LITE_IPIF_I/I_SLAVE_ATTACHMENT/bus2ip_addr_i[8]_i_1_n_0                                                                                              | frodoBD_i/axi_gpio_2/U0/AXI_LITE_IPIF_I/I_SLAVE_ATTACHMENT/SS[0]                                                                                            |                1 |              4 |
|  frodoBD_i/processing_system7_0/inst/FCLK_CLK0 | frodoBD_i/axi_gpio_1/U0/AXI_LITE_IPIF_I/I_SLAVE_ATTACHMENT/bus2ip_addr_i[8]_i_1_n_0                                                                                              | frodoBD_i/axi_gpio_1/U0/AXI_LITE_IPIF_I/I_SLAVE_ATTACHMENT/SR[0]                                                                                            |                1 |              4 |
|  frodoBD_i/processing_system7_0/inst/FCLK_CLK0 |                                                                                                                                                                                  | frodoBD_i/axi_gpio_1/U0/AXI_LITE_IPIF_I/I_SLAVE_ATTACHMENT/clear                                                                                            |                1 |              4 |
|  frodoBD_i/processing_system7_0/inst/FCLK_CLK0 |                                                                                                                                                                                  | frodoBD_i/axi_gpio_2/U0/AXI_LITE_IPIF_I/I_SLAVE_ATTACHMENT/clear                                                                                            |                1 |              4 |
|  frodoBD_i/processing_system7_0/inst/FCLK_CLK0 | frodoBD_i/axi_gpio_0/U0/AXI_LITE_IPIF_I/I_SLAVE_ATTACHMENT/bus2ip_addr_i[8]_i_1_n_0                                                                                              | frodoBD_i/axi_gpio_0/U0/AXI_LITE_IPIF_I/I_SLAVE_ATTACHMENT/SS[0]                                                                                            |                1 |              4 |
|  frodoBD_i/processing_system7_0/inst/FCLK_CLK0 |                                                                                                                                                                                  | frodoBD_i/axi_interconnect_0/s00_couplers/auto_pc/inst/gen_axilite.gen_b2s_conv.axilite_b2s/SI_REG/ar.ar_pipe/aresetn_d_reg[1]_inv_0                        |                4 |              4 |
|  frodoBD_i/processing_system7_0/inst/FCLK_CLK0 |                                                                                                                                                                                  | frodoBD_i/axi_interconnect_0/s00_couplers/auto_pc/inst/gen_axilite.gen_b2s_conv.axilite_b2s/SI_REG/aw.aw_pipe/aresetn_d_reg[0]_0                            |                4 |              4 |
|  frodoBD_i/processing_system7_0/inst/FCLK_CLK0 |                                                                                                                                                                                  | frodoBD_i/axi_fifo_mm_s_0/U0/COMP_IPIC2AXI_S/grxd.COMP_rx_len_fifo/xpm_fifo_base_inst/xpm_fifo_rst_inst/Q[0]                                                |                3 |              5 |
|  frodoBD_i/processing_system7_0/inst/FCLK_CLK0 | frodoBD_i/axi_fifo_mm_s_0/U0/COMP_IPIF/I_SLAVE_ATTACHMENT/start2_i_1_n_0                                                                                                         | frodoBD_i/axi_fifo_mm_s_0/U0/COMP_IPIF/I_SLAVE_ATTACHMENT/rst_0                                                                                             |                2 |              5 |
|  frodoBD_i/processing_system7_0/inst/FCLK_CLK0 | frodoBD_i/axi_interconnect_0/s00_couplers/auto_pc/inst/gen_axilite.gen_b2s_conv.axilite_b2s/RD.r_channel_0/transaction_fifo_0/E[0]                                               | frodoBD_i/axi_interconnect_0/s00_couplers/auto_pc/inst/gen_axilite.gen_b2s_conv.axilite_b2s/areset_d1                                                       |                2 |              5 |
|  frodoBD_i/processing_system7_0/inst/FCLK_CLK0 | frodoBD_i/axi_interconnect_0/s00_couplers/auto_pc/inst/gen_axilite.gen_b2s_conv.axilite_b2s/RD.r_channel_0/transaction_fifo_0/cnt_read[4]_i_1__0_n_0                             | frodoBD_i/axi_interconnect_0/s00_couplers/auto_pc/inst/gen_axilite.gen_b2s_conv.axilite_b2s/areset_d1                                                       |                1 |              5 |
|  frodoBD_i/processing_system7_0/inst/FCLK_CLK0 | frodoBD_i/proc_sys_reset_0/U0/SEQ/seq_cnt_en                                                                                                                                     | frodoBD_i/proc_sys_reset_0/U0/SEQ/SEQ_COUNTER/clear                                                                                                         |                1 |              6 |
|  frodoBD_i/processing_system7_0/inst/FCLK_CLK0 | frodoBD_i/keccak_f1600_ip_0/U0/keccak_f1600_ip_v1_0_M00_AXIS_inst/write_pointer[5]_i_2__0_n_0                                                                                    | frodoBD_i/keccak_f1600_ip_0/U0/keccak_f1600_ip_v1_0_M00_AXIS_inst/clear                                                                                     |                2 |              6 |
|  frodoBD_i/processing_system7_0/inst/FCLK_CLK0 | frodoBD_i/axi_interconnect_0/s00_couplers/auto_pc/inst/gen_axilite.gen_b2s_conv.axilite_b2s/WR.b_channel_0/mhandshake_r                                                          | frodoBD_i/axi_interconnect_0/s00_couplers/auto_pc/inst/gen_axilite.gen_b2s_conv.axilite_b2s/WR.b_channel_0/bid_fifo_0/SR[0]                                 |                3 |              8 |
|  frodoBD_i/processing_system7_0/inst/FCLK_CLK0 |                                                                                                                                                                                  | frodoBD_i/axi_fifo_mm_s_0/U0/COMP_IPIF/I_SLAVE_ATTACHMENT/rst_0                                                                                             |                4 |              8 |
|  frodoBD_i/processing_system7_0/inst/FCLK_CLK0 |                                                                                                                                                                                  | frodoBD_i/axi_fifo_mm_s_0/U0/COMP_IPIC2AXI_S/gtxd.COMP_TXD_FIFO/SR[0]                                                                                       |                3 |             10 |
|  frodoBD_i/processing_system7_0/inst/FCLK_CLK0 |                                                                                                                                                                                  | frodoBD_i/axi_interconnect_0/s00_couplers/auto_pc/inst/gen_axilite.gen_b2s_conv.axilite_b2s/areset_d1                                                       |                5 |             10 |
|  frodoBD_i/processing_system7_0/inst/FCLK_CLK0 | frodoBD_i/axi_interconnect_0/s00_couplers/auto_pc/inst/gen_axilite.gen_b2s_conv.axilite_b2s/WR.aw_channel_0/aw_cmd_fsm_0/state_reg[1]_3[0]                                       |                                                                                                                                                             |                5 |             12 |
|  frodoBD_i/processing_system7_0/inst/FCLK_CLK0 | frodoBD_i/axi_interconnect_0/s00_couplers/auto_pc/inst/gen_axilite.gen_b2s_conv.axilite_b2s/WR.aw_channel_0/cmd_translator_0/incr_cmd_0/axaddr_incr[11]_i_1_n_0                  |                                                                                                                                                             |                2 |             12 |
|  frodoBD_i/processing_system7_0/inst/FCLK_CLK0 | frodoBD_i/axi_interconnect_0/s00_couplers/auto_pc/inst/gen_axilite.gen_b2s_conv.axilite_b2s/RD.ar_channel_0/ar_cmd_fsm_0/sel_first_reg[0]                                        |                                                                                                                                                             |                3 |             12 |
|  frodoBD_i/processing_system7_0/inst/FCLK_CLK0 | frodoBD_i/axi_interconnect_0/s00_couplers/auto_pc/inst/gen_axilite.gen_b2s_conv.axilite_b2s/RD.ar_channel_0/ar_cmd_fsm_0/FSM_sequential_state_reg[0]_0[0]                        |                                                                                                                                                             |                7 |             12 |
|  frodoBD_i/processing_system7_0/inst/FCLK_CLK0 | frodoBD_i/axi_fifo_mm_s_0/U0/COMP_IPIF/I_SLAVE_ATTACHMENT/I_DECODER/E[0]                                                                                                         | frodoBD_i/axi_fifo_mm_s_0/U0/COMP_IPIC2AXI_S/sig_Bus2IP_Reset                                                                                               |                2 |             13 |
|  frodoBD_i/processing_system7_0/inst/FCLK_CLK0 | frodoBD_i/axi_fifo_mm_s_0/U0/COMP_IPIF/I_SLAVE_ATTACHMENT/start2_reg_0                                                                                                           | frodoBD_i/axi_fifo_mm_s_0/U0/COMP_IPIC2AXI_S/cs_ce_clr                                                                                                      |                5 |             13 |
|  frodoBD_i/processing_system7_0/inst/FCLK_CLK0 |                                                                                                                                                                                  | frodoBD_i/axi_interconnect_0/xbar/inst/gen_sasd.crossbar_sasd_0/addr_arbiter_inst/SR[0]                                                                     |                6 |             13 |
|  frodoBD_i/processing_system7_0/inst/FCLK_CLK0 | frodoBD_i/axi_interconnect_0/s00_couplers/auto_pc/inst/gen_axilite.gen_b2s_conv.axilite_b2s/RD.r_channel_0/r_push_r                                                              |                                                                                                                                                             |                5 |             13 |
|  frodoBD_i/processing_system7_0/inst/FCLK_CLK0 | frodoBD_i/axi_interconnect_0/s00_couplers/auto_pc/inst/gen_axilite.gen_b2s_conv.axilite_b2s/SI_REG/b.b_pipe/p_1_in                                                               |                                                                                                                                                             |                4 |             14 |
|  frodoBD_i/processing_system7_0/inst/FCLK_CLK0 | frodoBD_i/axi_fifo_mm_s_0/U0/COMP_IPIC2AXI_S/grxd.COMP_rx_len_fifo/xpm_fifo_base_inst/rdp_inst/enb                                                                               | frodoBD_i/axi_fifo_mm_s_0/U0/COMP_IPIC2AXI_S/grxd.COMP_rx_len_fifo/xpm_fifo_base_inst/xpm_fifo_rst_inst/Q[0]                                                |                5 |             14 |
|  frodoBD_i/processing_system7_0/inst/FCLK_CLK0 | frodoBD_i/axi_fifo_mm_s_0/U0/COMP_IPIC2AXI_S/grxd.COMP_rx_len_fifo/xpm_fifo_base_inst/xpm_fifo_rst_inst/E[0]                                                                     | frodoBD_i/axi_fifo_mm_s_0/U0/COMP_IPIC2AXI_S/grxd.COMP_rx_len_fifo/xpm_fifo_base_inst/xpm_fifo_rst_inst/Q[0]                                                |                3 |             14 |
|  frodoBD_i/processing_system7_0/inst/FCLK_CLK0 | frodoBD_i/axi_interconnect_0/s00_couplers/auto_pc/inst/gen_axilite.gen_b2s_conv.axilite_b2s/SI_REG/b.b_pipe/s_ready_i_reg_0                                                      |                                                                                                                                                             |                4 |             14 |
|  frodoBD_i/processing_system7_0/inst/FCLK_CLK0 | frodoBD_i/axi_interconnect_0/s00_couplers/auto_pc/inst/gen_axilite.gen_b2s_conv.axilite_b2s/WR.aw_channel_0/aw_cmd_fsm_0/b_push                                                  |                                                                                                                                                             |                3 |             16 |
|  frodoBD_i/processing_system7_0/inst/FCLK_CLK0 | frodoBD_i/axi_fifo_mm_s_0/U0/COMP_IPIC2AXI_S/grxd.COMP_RX_FIFO/gfifo_gen.COMP_AXIS_FG_FIFO/COMP_FIFO/xpm_fifo_base_inst/rdp_inst/FSM_sequential_gen_fwft.curr_fwft_state_reg[1]  | frodoBD_i/axi_fifo_mm_s_0/U0/COMP_IPIC2AXI_S/grxd.COMP_RX_FIFO/gfifo_gen.COMP_AXIS_FG_FIFO/COMP_FIFO/xpm_fifo_base_inst/xpm_fifo_rst_inst/Q[0]              |                6 |             19 |
|  frodoBD_i/processing_system7_0/inst/FCLK_CLK0 | frodoBD_i/axi_fifo_mm_s_0/U0/COMP_IPIC2AXI_S/gtxd.COMP_TXD_FIFO/gfifo_gen.COMP_AXIS_FG_FIFO/COMP_FIFO/xpm_fifo_base_inst/rdp_inst/FSM_sequential_gen_fwft.curr_fwft_state_reg[1] | frodoBD_i/axi_fifo_mm_s_0/U0/COMP_IPIC2AXI_S/gtxd.COMP_TXD_FIFO/gfifo_gen.COMP_AXIS_FG_FIFO/COMP_FIFO/xpm_fifo_base_inst/xpm_fifo_rst_inst/Q[0]             |                6 |             19 |
|  frodoBD_i/processing_system7_0/inst/FCLK_CLK0 | frodoBD_i/axi_fifo_mm_s_0/U0/COMP_IPIC2AXI_S/grxd.COMP_RX_FIFO/gfifo_gen.COMP_AXIS_FG_FIFO/COMP_FIFO/xpm_fifo_base_inst/xpm_fifo_rst_inst/ram_wr_en_pf                           | frodoBD_i/axi_fifo_mm_s_0/U0/COMP_IPIC2AXI_S/grxd.COMP_RX_FIFO/gfifo_gen.COMP_AXIS_FG_FIFO/COMP_FIFO/xpm_fifo_base_inst/xpm_fifo_rst_inst/Q[0]              |                7 |             19 |
|  frodoBD_i/processing_system7_0/inst/FCLK_CLK0 | frodoBD_i/axi_fifo_mm_s_0/U0/COMP_IPIC2AXI_S/grxd.COMP_RX_FIFO/gfifo_gen.COMP_AXIS_FG_FIFO/E[0]                                                                                  | frodoBD_i/axi_fifo_mm_s_0/U0/COMP_IPIC2AXI_S/grxd.COMP_RX_FIFO/gfifo_gen.COMP_AXIS_FG_FIFO/SR[0]                                                            |                3 |             20 |
|  frodoBD_i/processing_system7_0/inst/FCLK_CLK0 |                                                                                                                                                                                  | frodoBD_i/axi_gpio_2/U0/AXI_LITE_IPIF_I/I_SLAVE_ATTACHMENT/SS[0]                                                                                            |                6 |             21 |
|  frodoBD_i/processing_system7_0/inst/FCLK_CLK0 |                                                                                                                                                                                  | frodoBD_i/axi_gpio_0/U0/AXI_LITE_IPIF_I/I_SLAVE_ATTACHMENT/SS[0]                                                                                            |                6 |             21 |
|  frodoBD_i/processing_system7_0/inst/FCLK_CLK0 | frodoBD_i/axi_interconnect_0/xbar/inst/gen_sasd.crossbar_sasd_0/addr_arbiter_inst/p_0_in1_in                                                                                     | frodoBD_i/axi_interconnect_0/xbar/inst/gen_sasd.crossbar_sasd_0/addr_arbiter_inst/SR[0]                                                                     |                7 |             21 |
|  frodoBD_i/processing_system7_0/inst/FCLK_CLK0 | frodoBD_i/axi_fifo_mm_s_0/U0/COMP_IPIC2AXI_S/grxd.COMP_rx_len_fifo/xpm_fifo_base_inst/gen_fwft.ram_regout_en                                                                     | frodoBD_i/axi_fifo_mm_s_0/U0/COMP_IPIC2AXI_S/grxd.COMP_rx_len_fifo/xpm_fifo_base_inst/xpm_fifo_rst_inst/Q[0]                                                |                6 |             22 |
|  frodoBD_i/processing_system7_0/inst/FCLK_CLK0 |                                                                                                                                                                                  | frodoBD_i/axi_fifo_mm_s_0/U0/COMP_IPIC2AXI_S/sig_Bus2IP_Reset                                                                                               |               18 |             23 |
|  frodoBD_i/processing_system7_0/inst/FCLK_CLK0 | frodoBD_i/axi_interconnect_0/s00_couplers/auto_pc/inst/gen_axilite.gen_b2s_conv.axilite_b2s/RD.ar_channel_0/ar_cmd_fsm_0/E[0]                                                    |                                                                                                                                                             |               12 |             26 |
|  frodoBD_i/processing_system7_0/inst/FCLK_CLK0 | frodoBD_i/axi_interconnect_0/s00_couplers/auto_pc/inst/gen_axilite.gen_b2s_conv.axilite_b2s/WR.aw_channel_0/aw_cmd_fsm_0/E[0]                                                    |                                                                                                                                                             |                8 |             26 |
|  frodoBD_i/processing_system7_0/inst/FCLK_CLK0 | frodoBD_i/axi_fifo_mm_s_0/U0/COMP_IPIC2AXI_S/gtxd.COMP_TXD_FIFO/gfifo_gen.COMP_AXIS_FG_FIFO/COMP_FIFO/xpm_fifo_base_inst/xpm_fifo_rst_inst/ram_wr_en_pf                          | frodoBD_i/axi_fifo_mm_s_0/U0/COMP_IPIC2AXI_S/gtxd.COMP_TXD_FIFO/gfifo_gen.COMP_AXIS_FG_FIFO/COMP_FIFO/xpm_fifo_base_inst/xpm_fifo_rst_inst/Q[0]             |                9 |             28 |
|  frodoBD_i/processing_system7_0/inst/FCLK_CLK0 | frodoBD_i/axi_fifo_mm_s_0/U0/COMP_IPIC2AXI_S/grxd.COMP_rx_len_fifo/xpm_fifo_base_inst/gen_sdpram.xpm_memory_base_inst/gen_wr_a.gen_word_narrow.mem_reg_64_127_0_2_i_1_n_0        |                                                                                                                                                             |                8 |             30 |
|  frodoBD_i/processing_system7_0/inst/FCLK_CLK0 | frodoBD_i/axi_fifo_mm_s_0/U0/COMP_IPIC2AXI_S/grxd.COMP_rx_len_fifo/xpm_fifo_base_inst/gen_sdpram.xpm_memory_base_inst/gen_wr_a.gen_word_narrow.mem_reg_0_63_0_2_i_1_n_0          |                                                                                                                                                             |                8 |             30 |
|  frodoBD_i/processing_system7_0/inst/FCLK_CLK0 | frodoBD_i/axi_fifo_mm_s_0/U0/COMP_IPIC2AXI_S/txd_wr_en                                                                                                                           | frodoBD_i/axi_fifo_mm_s_0/U0/COMP_IPIC2AXI_S/gtxd.sig_txd_packet_size[0]_i_1_n_0                                                                            |                8 |             31 |
|  frodoBD_i/processing_system7_0/inst/FCLK_CLK0 | frodoBD_i/keccak_f1600_ip_0/U0/keccak_f1600_ip_v1_0_S00_AXIS_inst/stream_data_fifo[44]_51                                                                                        |                                                                                                                                                             |                9 |             32 |
|  frodoBD_i/processing_system7_0/inst/FCLK_CLK0 | frodoBD_i/keccak_f1600_ip_0/U0/keccak_f1600_ip_v1_0_S00_AXIS_inst/stream_data_fifo[47]_63                                                                                        |                                                                                                                                                             |                8 |             32 |
|  frodoBD_i/processing_system7_0/inst/FCLK_CLK0 | frodoBD_i/keccak_f1600_ip_0/U0/keccak_f1600_ip_v1_0_S00_AXIS_inst/stream_data_fifo[46]_64                                                                                        |                                                                                                                                                             |                7 |             32 |
|  frodoBD_i/processing_system7_0/inst/FCLK_CLK0 |                                                                                                                                                                                  | frodoBD_i/axi_gpio_1/U0/AXI_LITE_IPIF_I/I_SLAVE_ATTACHMENT/I_DECODER/bus2ip_rnw_i_reg_0                                                                     |               16 |             32 |
|  frodoBD_i/processing_system7_0/inst/FCLK_CLK0 | frodoBD_i/keccak_f1600_ip_0/U0/keccak_f1600_ip_v1_0_S00_AXIS_inst/stream_data_fifo[48]_50                                                                                        |                                                                                                                                                             |                8 |             32 |
|  frodoBD_i/processing_system7_0/inst/FCLK_CLK0 | frodoBD_i/axi_fifo_mm_s_0/U0/COMP_IPIC2AXI_S/gtxd.COMP_TXD_FIFO/gfifo_gen.COMP_AXIS_FG_FIFO/COMP_FIFO/gaxis_pkt_fifo_cc.axis_pkt_cnt[0]_i_1_n_0                                  | frodoBD_i/axi_fifo_mm_s_0/U0/COMP_IPIC2AXI_S/gtxd.COMP_TXD_FIFO/gfifo_gen.COMP_AXIS_FG_FIFO/COMP_FIFO/gaxis_rst_sync.xpm_cdc_sync_rst_inst/syncstages_ff[3] |                8 |             32 |
|  frodoBD_i/processing_system7_0/inst/FCLK_CLK0 | frodoBD_i/axi_fifo_mm_s_0/U0/COMP_IPIF/I_SLAVE_ATTACHMENT/I_DECODER/gwdc.wr_data_count_i_reg[7][0]                                                                               | frodoBD_i/axi_fifo_mm_s_0/U0/COMP_IPIC2AXI_S/sig_Bus2IP_Reset                                                                                               |                9 |             32 |
|  frodoBD_i/processing_system7_0/inst/FCLK_CLK0 | frodoBD_i/keccak_f1600_ip_0/U0/keccak_f1600_ip_v1_0_S00_AXIS_inst/stream_data_fifo[49]_99                                                                                        |                                                                                                                                                             |                7 |             32 |
|  frodoBD_i/processing_system7_0/inst/FCLK_CLK0 | frodoBD_i/keccak_f1600_ip_0/U0/keccak_f1600_ip_v1_0_S00_AXIS_inst/stream_data_fifo[5]_95                                                                                         |                                                                                                                                                             |                7 |             32 |
|  frodoBD_i/processing_system7_0/inst/FCLK_CLK0 | frodoBD_i/axi_fifo_mm_s_0/U0/COMP_IPIC2AXI_S/txd_wr_en                                                                                                                           | frodoBD_i/axi_fifo_mm_s_0/U0/COMP_IPIC2AXI_S/gtxd.COMP_TXD_FIFO/SR[0]                                                                                       |                9 |             32 |
|  frodoBD_i/processing_system7_0/inst/FCLK_CLK0 | frodoBD_i/axi_gpio_0/U0/gpio_core_1/gpio2_io_o[0]                                                                                                                                | frodoBD_i/axi_gpio_0/U0/gpio_core_1/gpio_io_o[0]                                                                                                            |                8 |             32 |
|  frodoBD_i/processing_system7_0/inst/FCLK_CLK0 | frodoBD_i/keccak_f1600_ip_0/U0/keccak_f1600_ip_v1_0_S00_AXIS_inst/stream_data_fifo[4]_61                                                                                         |                                                                                                                                                             |                7 |             32 |
|  frodoBD_i/processing_system7_0/inst/FCLK_CLK0 | frodoBD_i/axi_gpio_1/U0/AXI_LITE_IPIF_I/I_SLAVE_ATTACHMENT/I_DECODER/E[0]                                                                                                        | frodoBD_i/axi_gpio_1/U0/AXI_LITE_IPIF_I/I_SLAVE_ATTACHMENT/SR[0]                                                                                            |               14 |             32 |
|  frodoBD_i/processing_system7_0/inst/FCLK_CLK0 | frodoBD_i/axi_gpio_1/U0/AXI_LITE_IPIF_I/I_SLAVE_ATTACHMENT/s_axi_rresp_i                                                                                                         | frodoBD_i/axi_gpio_1/U0/AXI_LITE_IPIF_I/I_SLAVE_ATTACHMENT/SR[0]                                                                                            |                9 |             32 |
|  frodoBD_i/processing_system7_0/inst/FCLK_CLK0 | frodoBD_i/keccak_f1600_ip_0/U0/keccak_f1600_ip_v1_0_S00_AXIS_inst/stream_data_fifo[6]_94                                                                                         |                                                                                                                                                             |                6 |             32 |
|  frodoBD_i/processing_system7_0/inst/FCLK_CLK0 | frodoBD_i/keccak_f1600_ip_0/U0/keccak_f1600_ip_v1_0_S00_AXIS_inst/stream_data_fifo[7]_93                                                                                         |                                                                                                                                                             |                6 |             32 |
|  frodoBD_i/processing_system7_0/inst/FCLK_CLK0 | frodoBD_i/keccak_f1600_ip_0/U0/keccak_f1600_ip_v1_0_S00_AXIS_inst/stream_data_fifo[8]_60                                                                                         |                                                                                                                                                             |                6 |             32 |
|  frodoBD_i/processing_system7_0/inst/FCLK_CLK0 | frodoBD_i/keccak_f1600_ip_0/U0/keccak_f1600_ip_v1_0_S00_AXIS_inst/stream_data_fifo[9]_92                                                                                         |                                                                                                                                                             |                7 |             32 |
|  frodoBD_i/processing_system7_0/inst/FCLK_CLK0 | frodoBD_i/proc_sys_reset_0/U0/peripheral_aresetn[0]                                                                                                                              | frodoBD_i/keccak_f1600_ip_0/U0/keccak_f1600_ip_v1_0_M00_AXIS_inst/M_AXIS_TDATA[31]_i_1_n_0                                                                  |                4 |             32 |
|  frodoBD_i/processing_system7_0/inst/FCLK_CLK0 | frodoBD_i/proc_sys_reset_0/U0/peripheral_aresetn[0]                                                                                                                              | frodoBD_i/keccak_f1600_ip_0/U0/keccak_f1600_ip_v1_0_S00_AXIS_inst/data_o[31]_i_1_n_0                                                                        |               10 |             32 |
|  frodoBD_i/processing_system7_0/inst/FCLK_CLK0 | frodoBD_i/keccak_f1600_ip_0/U0/keccak_f1600_ip_v1_0_M00_AXIS_inst/stream_data_fifo[2]_161                                                                                        |                                                                                                                                                             |                8 |             32 |
|  frodoBD_i/processing_system7_0/inst/FCLK_CLK0 | frodoBD_i/keccak_f1600_ip_0/U0/keccak_f1600_ip_v1_0_M00_AXIS_inst/stream_data_fifo[33]_153                                                                                       |                                                                                                                                                             |               19 |             32 |
|  frodoBD_i/processing_system7_0/inst/FCLK_CLK0 | frodoBD_i/keccak_f1600_ip_0/U0/keccak_f1600_ip_v1_0_M00_AXIS_inst/stream_data_fifo[12]_191                                                                                       |                                                                                                                                                             |               11 |             32 |
|  frodoBD_i/processing_system7_0/inst/FCLK_CLK0 | frodoBD_i/keccak_f1600_ip_0/U0/keccak_f1600_ip_v1_0_M00_AXIS_inst/stream_data_fifo[22]_185                                                                                       |                                                                                                                                                             |               18 |             32 |
|  frodoBD_i/processing_system7_0/inst/FCLK_CLK0 | frodoBD_i/keccak_f1600_ip_0/U0/keccak_f1600_ip_v1_0_M00_AXIS_inst/stream_data_fifo[24]_183                                                                                       |                                                                                                                                                             |               20 |             32 |
|  frodoBD_i/processing_system7_0/inst/FCLK_CLK0 | frodoBD_i/keccak_f1600_ip_0/U0/keccak_f1600_ip_v1_0_M00_AXIS_inst/stream_data_fifo[35]_152                                                                                       |                                                                                                                                                             |               20 |             32 |
|  frodoBD_i/processing_system7_0/inst/FCLK_CLK0 | frodoBD_i/keccak_f1600_ip_0/U0/keccak_f1600_ip_v1_0_M00_AXIS_inst/stream_data_fifo[41]_170                                                                                       |                                                                                                                                                             |               21 |             32 |
|  frodoBD_i/processing_system7_0/inst/FCLK_CLK0 | frodoBD_i/keccak_f1600_ip_0/U0/keccak_f1600_ip_v1_0_M00_AXIS_inst/stream_data_fifo[43]_168                                                                                       |                                                                                                                                                             |               21 |             32 |
|  frodoBD_i/processing_system7_0/inst/FCLK_CLK0 | frodoBD_i/keccak_f1600_ip_0/U0/keccak_f1600_ip_v1_0_M00_AXIS_inst/stream_data_fifo[16]_159                                                                                       |                                                                                                                                                             |               16 |             32 |
|  frodoBD_i/processing_system7_0/inst/FCLK_CLK0 | frodoBD_i/keccak_f1600_ip_0/U0/keccak_f1600_ip_v1_0_M00_AXIS_inst/stream_data_fifo[18]_158                                                                                       |                                                                                                                                                             |               13 |             32 |
|  frodoBD_i/processing_system7_0/inst/FCLK_CLK0 | frodoBD_i/keccak_f1600_ip_0/U0/keccak_f1600_ip_v1_0_M00_AXIS_inst/stream_data_fifo[28]_179                                                                                       |                                                                                                                                                             |               19 |             32 |
|  frodoBD_i/processing_system7_0/inst/FCLK_CLK0 | frodoBD_i/keccak_f1600_ip_0/U0/keccak_f1600_ip_v1_0_M00_AXIS_inst/stream_data_fifo[23]_184                                                                                       |                                                                                                                                                             |               21 |             32 |
|  frodoBD_i/processing_system7_0/inst/FCLK_CLK0 | frodoBD_i/keccak_f1600_ip_0/U0/keccak_f1600_ip_v1_0_M00_AXIS_inst/stream_data_fifo[31]_176                                                                                       |                                                                                                                                                             |               23 |             32 |
|  frodoBD_i/processing_system7_0/inst/FCLK_CLK0 | frodoBD_i/keccak_f1600_ip_0/U0/keccak_f1600_ip_v1_0_M00_AXIS_inst/stream_data_fifo[15]_188                                                                                       |                                                                                                                                                             |               13 |             32 |
|  frodoBD_i/processing_system7_0/inst/FCLK_CLK0 | frodoBD_i/keccak_f1600_ip_0/U0/keccak_f1600_ip_v1_0_M00_AXIS_inst/stream_data_fifo[26]_181                                                                                       |                                                                                                                                                             |               23 |             32 |
|  frodoBD_i/processing_system7_0/inst/FCLK_CLK0 | frodoBD_i/keccak_f1600_ip_0/U0/keccak_f1600_ip_v1_0_M00_AXIS_inst/stream_data_fifo[42]_169                                                                                       |                                                                                                                                                             |               21 |             32 |
|  frodoBD_i/processing_system7_0/inst/FCLK_CLK0 | frodoBD_i/keccak_f1600_ip_0/U0/keccak_f1600_ip_v1_0_M00_AXIS_inst/stream_data_fifo[46]_165                                                                                       |                                                                                                                                                             |               20 |             32 |
|  frodoBD_i/processing_system7_0/inst/FCLK_CLK0 | frodoBD_i/keccak_f1600_ip_0/U0/keccak_f1600_ip_v1_0_M00_AXIS_inst/stream_data_fifo[25]_182                                                                                       |                                                                                                                                                             |               23 |             32 |
|  frodoBD_i/processing_system7_0/inst/FCLK_CLK0 | frodoBD_i/keccak_f1600_ip_0/U0/keccak_f1600_ip_v1_0_M00_AXIS_inst/stream_data_fifo[3]_160                                                                                        |                                                                                                                                                             |               12 |             32 |
|  frodoBD_i/processing_system7_0/inst/FCLK_CLK0 | frodoBD_i/keccak_f1600_ip_0/U0/keccak_f1600_ip_v1_0_M00_AXIS_inst/stream_data_fifo[4]_199                                                                                        |                                                                                                                                                             |                9 |             32 |
|  frodoBD_i/processing_system7_0/inst/FCLK_CLK0 | frodoBD_i/keccak_f1600_ip_0/U0/keccak_f1600_ip_v1_0_M00_AXIS_inst/stream_data_fifo[5]_198                                                                                        |                                                                                                                                                             |               12 |             32 |
|  frodoBD_i/processing_system7_0/inst/FCLK_CLK0 | frodoBD_i/keccak_f1600_ip_0/U0/keccak_f1600_ip_v1_0_M00_AXIS_inst/stream_data_fifo[20]_187                                                                                       |                                                                                                                                                             |               19 |             32 |
|  frodoBD_i/processing_system7_0/inst/FCLK_CLK0 | frodoBD_i/keccak_f1600_ip_0/U0/keccak_f1600_ip_v1_0_M00_AXIS_inst/stream_data_fifo[48]_151                                                                                       |                                                                                                                                                             |               20 |             32 |
|  frodoBD_i/processing_system7_0/inst/FCLK_CLK0 | frodoBD_i/keccak_f1600_ip_0/U0/keccak_f1600_ip_v1_0_M00_AXIS_inst/stream_data_fifo[30]_177                                                                                       |                                                                                                                                                             |               25 |             32 |
|  frodoBD_i/processing_system7_0/inst/FCLK_CLK0 | frodoBD_i/keccak_f1600_ip_0/U0/keccak_f1600_ip_v1_0_M00_AXIS_inst/stream_data_fifo[34]_154                                                                                       |                                                                                                                                                             |               19 |             32 |
|  frodoBD_i/processing_system7_0/inst/FCLK_CLK0 | frodoBD_i/keccak_f1600_ip_0/U0/keccak_f1600_ip_v1_0_M00_AXIS_inst/stream_data_fifo[6]_197                                                                                        |                                                                                                                                                             |               12 |             32 |
|  frodoBD_i/processing_system7_0/inst/FCLK_CLK0 | frodoBD_i/keccak_f1600_ip_0/U0/keccak_f1600_ip_v1_0_M00_AXIS_inst/stream_data_fifo[7]_196                                                                                        |                                                                                                                                                             |               13 |             32 |
|  frodoBD_i/processing_system7_0/inst/FCLK_CLK0 | frodoBD_i/keccak_f1600_ip_0/U0/keccak_f1600_ip_v1_0_M00_AXIS_inst/stream_data_fifo[8]_195                                                                                        |                                                                                                                                                             |               10 |             32 |
|  frodoBD_i/processing_system7_0/inst/FCLK_CLK0 | frodoBD_i/keccak_f1600_ip_0/U0/keccak_f1600_ip_v1_0_M00_AXIS_inst/stream_data_fifo[45]_166                                                                                       |                                                                                                                                                             |               21 |             32 |
|  frodoBD_i/processing_system7_0/inst/FCLK_CLK0 | frodoBD_i/keccak_f1600_ip_0/U0/keccak_f1600_ip_v1_0_M00_AXIS_inst/stream_data_fifo[49]_150                                                                                       |                                                                                                                                                             |               18 |             32 |
|  frodoBD_i/processing_system7_0/inst/FCLK_CLK0 | frodoBD_i/keccak_f1600_ip_0/U0/keccak_f1600_ip_v1_0_M00_AXIS_inst/stream_data_fifo[9]_194                                                                                        |                                                                                                                                                             |                8 |             32 |
|  frodoBD_i/processing_system7_0/inst/FCLK_CLK0 | frodoBD_i/keccak_f1600_ip_0/U0/keccak_f1600_ip_v1_0_M00_AXIS_inst/stream_data_fifo[27]_180                                                                                       |                                                                                                                                                             |               22 |             32 |
|  frodoBD_i/processing_system7_0/inst/FCLK_CLK0 | frodoBD_i/keccak_f1600_ip_0/U0/keccak_f1600_ip_v1_0_M00_AXIS_inst/stream_data_fifo[36]_175                                                                                       |                                                                                                                                                             |               20 |             32 |
|  frodoBD_i/processing_system7_0/inst/FCLK_CLK0 | frodoBD_i/keccak_f1600_ip_0/U0/keccak_f1600_ip_v1_0_M00_AXIS_inst/stream_data_fifo[11]_192                                                                                       |                                                                                                                                                             |               11 |             32 |
|  frodoBD_i/processing_system7_0/inst/FCLK_CLK0 | frodoBD_i/keccak_f1600_ip_0/U0/keccak_f1600_ip_v1_0_M00_AXIS_inst/stream_data_fifo[21]_186                                                                                       |                                                                                                                                                             |               20 |             32 |
|  frodoBD_i/processing_system7_0/inst/FCLK_CLK0 | frodoBD_i/keccak_f1600_ip_0/U0/keccak_f1600_ip_v1_0_M00_AXIS_inst/stream_data_fifo[17]_157                                                                                       |                                                                                                                                                             |               17 |             32 |
|  frodoBD_i/processing_system7_0/inst/FCLK_CLK0 | frodoBD_i/keccak_f1600_ip_0/U0/keccak_f1600_ip_v1_0_M00_AXIS_inst/stream_data_fifo[38]_173                                                                                       |                                                                                                                                                             |               21 |             32 |
|  frodoBD_i/processing_system7_0/inst/FCLK_CLK0 | frodoBD_i/keccak_f1600_ip_0/U0/keccak_f1600_ip_v1_0_M00_AXIS_inst/stream_data_fifo[47]_164                                                                                       |                                                                                                                                                             |               18 |             32 |
|  frodoBD_i/processing_system7_0/inst/FCLK_CLK0 | frodoBD_i/keccak_f1600_ip_0/U0/keccak_f1600_ip_v1_0_M00_AXIS_inst/stream_data_fifo[37]_174                                                                                       |                                                                                                                                                             |               24 |             32 |
|  frodoBD_i/processing_system7_0/inst/FCLK_CLK0 | frodoBD_i/keccak_f1600_ip_0/U0/keccak_f1600_ip_v1_0_M00_AXIS_inst/stream_data_fifo[39]_172                                                                                       |                                                                                                                                                             |               20 |             32 |
|  frodoBD_i/processing_system7_0/inst/FCLK_CLK0 | frodoBD_i/keccak_f1600_ip_0/U0/keccak_f1600_ip_v1_0_M00_AXIS_inst/stream_data_fifo[40]_171                                                                                       |                                                                                                                                                             |               19 |             32 |
|  frodoBD_i/processing_system7_0/inst/FCLK_CLK0 | frodoBD_i/keccak_f1600_ip_0/U0/keccak_f1600_ip_v1_0_M00_AXIS_inst/stream_data_fifo[44]_167                                                                                       |                                                                                                                                                             |               13 |             32 |
|  frodoBD_i/processing_system7_0/inst/FCLK_CLK0 | frodoBD_i/keccak_f1600_ip_0/U0/keccak_f1600_ip_v1_0_M00_AXIS_inst/stream_data_fifo[32]_155                                                                                       |                                                                                                                                                             |               15 |             32 |
|  frodoBD_i/processing_system7_0/inst/FCLK_CLK0 | frodoBD_i/keccak_f1600_ip_0/U0/keccak_f1600_ip_v1_0_M00_AXIS_inst/stream_data_fifo[14]_189                                                                                       |                                                                                                                                                             |               11 |             32 |
|  frodoBD_i/processing_system7_0/inst/FCLK_CLK0 | frodoBD_i/keccak_f1600_ip_0/U0/keccak_f1600_ip_v1_0_M00_AXIS_inst/stream_data_fifo[1]_162                                                                                        |                                                                                                                                                             |               11 |             32 |
|  frodoBD_i/processing_system7_0/inst/FCLK_CLK0 | frodoBD_i/keccak_f1600_ip_0/U0/keccak_f1600_ip_v1_0_M00_AXIS_inst/stream_data_fifo[29]_178                                                                                       |                                                                                                                                                             |               23 |             32 |
|  frodoBD_i/processing_system7_0/inst/FCLK_CLK0 | frodoBD_i/keccak_f1600_ip_0/U0/keccak_f1600_ip_v1_0_M00_AXIS_inst/stream_data_fifo[13]_190                                                                                       |                                                                                                                                                             |               18 |             32 |
|  frodoBD_i/processing_system7_0/inst/FCLK_CLK0 | frodoBD_i/keccak_f1600_ip_0/U0/keccak_f1600_ip_v1_0_M00_AXIS_inst/stream_data_fifo[0]_163                                                                                        |                                                                                                                                                             |                7 |             32 |
|  frodoBD_i/processing_system7_0/inst/FCLK_CLK0 | frodoBD_i/keccak_f1600_ip_0/U0/keccak_f1600_ip_v1_0_M00_AXIS_inst/stream_data_fifo[19]_156                                                                                       |                                                                                                                                                             |               18 |             32 |
|  frodoBD_i/processing_system7_0/inst/FCLK_CLK0 | frodoBD_i/keccak_f1600_ip_0/U0/keccak_f1600_ip_v1_0_M00_AXIS_inst/stream_data_fifo[10]_193                                                                                       |                                                                                                                                                             |               12 |             32 |
|  frodoBD_i/processing_system7_0/inst/FCLK_CLK0 | frodoBD_i/keccak_f1600_ip_0/U0/keccak_f1600_ip_v1_0_S00_AXIS_inst/stream_data_fifo[14]_88                                                                                        |                                                                                                                                                             |                9 |             32 |
|  frodoBD_i/processing_system7_0/inst/FCLK_CLK0 | frodoBD_i/keccak_f1600_ip_0/U0/keccak_f1600_ip_v1_0_S00_AXIS_inst/stream_data_fifo[13]_89                                                                                        |                                                                                                                                                             |                9 |             32 |
|  frodoBD_i/processing_system7_0/inst/FCLK_CLK0 | frodoBD_i/keccak_f1600_ip_0/U0/keccak_f1600_ip_v1_0_S00_AXIS_inst/stream_data_fifo[16]_58                                                                                        |                                                                                                                                                             |                6 |             32 |
|  frodoBD_i/processing_system7_0/inst/FCLK_CLK0 | frodoBD_i/keccak_f1600_ip_0/U0/keccak_f1600_ip_v1_0_S00_AXIS_inst/stream_data_fifo[15]_87                                                                                        |                                                                                                                                                             |                9 |             32 |
|  frodoBD_i/processing_system7_0/inst/FCLK_CLK0 | frodoBD_i/keccak_f1600_ip_0/U0/keccak_f1600_ip_v1_0_S00_AXIS_inst/stream_data_fifo[17]_86                                                                                        |                                                                                                                                                             |                7 |             32 |
|  frodoBD_i/processing_system7_0/inst/FCLK_CLK0 | frodoBD_i/keccak_f1600_ip_0/U0/keccak_f1600_ip_v1_0_S00_AXIS_inst/stream_data_fifo[18]_85                                                                                        |                                                                                                                                                             |                8 |             32 |
|  frodoBD_i/processing_system7_0/inst/FCLK_CLK0 | frodoBD_i/keccak_f1600_ip_0/U0/keccak_f1600_ip_v1_0_S00_AXIS_inst/stream_data_fifo[1]_98                                                                                         |                                                                                                                                                             |                7 |             32 |
|  frodoBD_i/processing_system7_0/inst/FCLK_CLK0 | frodoBD_i/keccak_f1600_ip_0/U0/keccak_f1600_ip_v1_0_S00_AXIS_inst/stream_data_fifo[19]_84                                                                                        |                                                                                                                                                             |                6 |             32 |
|  frodoBD_i/processing_system7_0/inst/FCLK_CLK0 | frodoBD_i/keccak_f1600_ip_0/U0/keccak_f1600_ip_v1_0_S00_AXIS_inst/stream_data_fifo[20]_57                                                                                        |                                                                                                                                                             |                7 |             32 |
|  frodoBD_i/processing_system7_0/inst/FCLK_CLK0 | frodoBD_i/keccak_f1600_ip_0/U0/keccak_f1600_ip_v1_0_S00_AXIS_inst/stream_data_fifo[21]_83                                                                                        |                                                                                                                                                             |                7 |             32 |
|  frodoBD_i/processing_system7_0/inst/FCLK_CLK0 | frodoBD_i/keccak_f1600_ip_0/U0/keccak_f1600_ip_v1_0_S00_AXIS_inst/stream_data_fifo[23]_81                                                                                        |                                                                                                                                                             |                7 |             32 |
|  frodoBD_i/processing_system7_0/inst/FCLK_CLK0 | frodoBD_i/keccak_f1600_ip_0/U0/keccak_f1600_ip_v1_0_S00_AXIS_inst/stream_data_fifo[22]_82                                                                                        |                                                                                                                                                             |                6 |             32 |
|  frodoBD_i/processing_system7_0/inst/FCLK_CLK0 | frodoBD_i/keccak_f1600_ip_0/U0/keccak_f1600_ip_v1_0_S00_AXIS_inst/stream_data_fifo[24]_56                                                                                        |                                                                                                                                                             |                7 |             32 |
|  frodoBD_i/processing_system7_0/inst/FCLK_CLK0 | frodoBD_i/keccak_f1600_ip_0/U0/keccak_f1600_ip_v1_0_S00_AXIS_inst/stream_data_fifo[25]_80                                                                                        |                                                                                                                                                             |                6 |             32 |
|  frodoBD_i/processing_system7_0/inst/FCLK_CLK0 | frodoBD_i/keccak_f1600_ip_0/U0/keccak_f1600_ip_v1_0_S00_AXIS_inst/stream_data_fifo[26]_79                                                                                        |                                                                                                                                                             |                5 |             32 |
|  frodoBD_i/processing_system7_0/inst/FCLK_CLK0 | frodoBD_i/keccak_f1600_ip_0/U0/keccak_f1600_ip_v1_0_S00_AXIS_inst/stream_data_fifo[28]_55                                                                                        |                                                                                                                                                             |                7 |             32 |
|  frodoBD_i/processing_system7_0/inst/FCLK_CLK0 | frodoBD_i/keccak_f1600_ip_0/U0/keccak_f1600_ip_v1_0_S00_AXIS_inst/stream_data_fifo[27]_78                                                                                        |                                                                                                                                                             |                6 |             32 |
|  frodoBD_i/processing_system7_0/inst/FCLK_CLK0 | frodoBD_i/keccak_f1600_ip_0/U0/keccak_f1600_ip_v1_0_S00_AXIS_inst/stream_data_fifo[2]_97                                                                                         |                                                                                                                                                             |                7 |             32 |
|  frodoBD_i/processing_system7_0/inst/FCLK_CLK0 | frodoBD_i/keccak_f1600_ip_0/U0/keccak_f1600_ip_v1_0_S00_AXIS_inst/stream_data_fifo[29]_77                                                                                        |                                                                                                                                                             |                8 |             32 |
|  frodoBD_i/processing_system7_0/inst/FCLK_CLK0 | frodoBD_i/keccak_f1600_ip_0/U0/keccak_f1600_ip_v1_0_S00_AXIS_inst/stream_data_fifo[30]_76                                                                                        |                                                                                                                                                             |                8 |             32 |
|  frodoBD_i/processing_system7_0/inst/FCLK_CLK0 | frodoBD_i/keccak_f1600_ip_0/U0/keccak_f1600_ip_v1_0_S00_AXIS_inst/stream_data_fifo[31]_75                                                                                        |                                                                                                                                                             |                6 |             32 |
|  frodoBD_i/processing_system7_0/inst/FCLK_CLK0 | frodoBD_i/keccak_f1600_ip_0/U0/keccak_f1600_ip_v1_0_S00_AXIS_inst/stream_data_fifo[33]_74                                                                                        |                                                                                                                                                             |                7 |             32 |
|  frodoBD_i/processing_system7_0/inst/FCLK_CLK0 | frodoBD_i/keccak_f1600_ip_0/U0/keccak_f1600_ip_v1_0_S00_AXIS_inst/stream_data_fifo[32]_54                                                                                        |                                                                                                                                                             |                7 |             32 |
|  frodoBD_i/processing_system7_0/inst/FCLK_CLK0 | frodoBD_i/keccak_f1600_ip_0/U0/keccak_f1600_ip_v1_0_S00_AXIS_inst/stream_data_fifo[34]_73                                                                                        |                                                                                                                                                             |                7 |             32 |
|  frodoBD_i/processing_system7_0/inst/FCLK_CLK0 | frodoBD_i/keccak_f1600_ip_0/U0/keccak_f1600_ip_v1_0_S00_AXIS_inst/stream_data_fifo[0]_62                                                                                         |                                                                                                                                                             |                7 |             32 |
|  frodoBD_i/processing_system7_0/inst/FCLK_CLK0 | frodoBD_i/keccak_f1600_ip_0/U0/keccak_f1600_ip_v1_0_S00_AXIS_inst/stream_data_fifo[10]_91                                                                                        |                                                                                                                                                             |                8 |             32 |
|  frodoBD_i/processing_system7_0/inst/FCLK_CLK0 | frodoBD_i/keccak_f1600_ip_0/U0/keccak_f1600_ip_v1_0_S00_AXIS_inst/stream_data_fifo[11]_90                                                                                        |                                                                                                                                                             |                7 |             32 |
|  frodoBD_i/processing_system7_0/inst/FCLK_CLK0 | frodoBD_i/keccak_f1600_ip_0/U0/keccak_f1600_ip_v1_0_S00_AXIS_inst/stream_data_fifo[12]_59                                                                                        |                                                                                                                                                             |                8 |             32 |
|  frodoBD_i/processing_system7_0/inst/FCLK_CLK0 | frodoBD_i/keccak_f1600_ip_0/U0/keccak_f1600_ip_v1_0_S00_AXIS_inst/stream_data_fifo[36]_53                                                                                        |                                                                                                                                                             |                6 |             32 |
|  frodoBD_i/processing_system7_0/inst/FCLK_CLK0 | frodoBD_i/keccak_f1600_ip_0/U0/keccak_f1600_ip_v1_0_S00_AXIS_inst/stream_data_fifo[35]_72                                                                                        |                                                                                                                                                             |                8 |             32 |
|  frodoBD_i/processing_system7_0/inst/FCLK_CLK0 | frodoBD_i/keccak_f1600_ip_0/U0/keccak_f1600_ip_v1_0_S00_AXIS_inst/stream_data_fifo[38]_70                                                                                        |                                                                                                                                                             |                8 |             32 |
|  frodoBD_i/processing_system7_0/inst/FCLK_CLK0 | frodoBD_i/keccak_f1600_ip_0/U0/keccak_f1600_ip_v1_0_S00_AXIS_inst/stream_data_fifo[37]_71                                                                                        |                                                                                                                                                             |                7 |             32 |
|  frodoBD_i/processing_system7_0/inst/FCLK_CLK0 | frodoBD_i/keccak_f1600_ip_0/U0/keccak_f1600_ip_v1_0_S00_AXIS_inst/stream_data_fifo[39]_69                                                                                        |                                                                                                                                                             |                9 |             32 |
|  frodoBD_i/processing_system7_0/inst/FCLK_CLK0 | frodoBD_i/keccak_f1600_ip_0/U0/keccak_f1600_ip_v1_0_S00_AXIS_inst/stream_data_fifo[3]_96                                                                                         |                                                                                                                                                             |                6 |             32 |
|  frodoBD_i/processing_system7_0/inst/FCLK_CLK0 | frodoBD_i/keccak_f1600_ip_0/U0/keccak_f1600_ip_v1_0_S00_AXIS_inst/stream_data_fifo[41]_68                                                                                        |                                                                                                                                                             |                9 |             32 |
|  frodoBD_i/processing_system7_0/inst/FCLK_CLK0 | frodoBD_i/keccak_f1600_ip_0/U0/keccak_f1600_ip_v1_0_S00_AXIS_inst/stream_data_fifo[40]_52                                                                                        |                                                                                                                                                             |                5 |             32 |
|  frodoBD_i/processing_system7_0/inst/FCLK_CLK0 | frodoBD_i/keccak_f1600_ip_0/U0/keccak_f1600_ip_v1_0_S00_AXIS_inst/stream_data_fifo[43]_66                                                                                        |                                                                                                                                                             |                8 |             32 |
|  frodoBD_i/processing_system7_0/inst/FCLK_CLK0 | frodoBD_i/keccak_f1600_ip_0/U0/keccak_f1600_ip_v1_0_S00_AXIS_inst/stream_data_fifo[42]_67                                                                                        |                                                                                                                                                             |                8 |             32 |
|  frodoBD_i/processing_system7_0/inst/FCLK_CLK0 | frodoBD_i/keccak_f1600_ip_0/U0/keccak_f1600_ip_v1_0_S00_AXIS_inst/stream_data_fifo[45]_65                                                                                        |                                                                                                                                                             |                7 |             32 |
|  frodoBD_i/processing_system7_0/inst/FCLK_CLK0 | frodoBD_i/axi_fifo_mm_s_0/U0/COMP_IPIF/I_SLAVE_ATTACHMENT/s_axi_rresp_i                                                                                                          | frodoBD_i/axi_fifo_mm_s_0/U0/COMP_IPIF/I_SLAVE_ATTACHMENT/rst_0                                                                                             |                7 |             33 |
|  frodoBD_i/processing_system7_0/inst/FCLK_CLK0 | frodoBD_i/axi_interconnect_0/s00_couplers/auto_pc/inst/gen_axilite.gen_b2s_conv.axilite_b2s/RD.r_channel_0/rd_data_fifo_0/wr_en0                                                 |                                                                                                                                                             |                9 |             34 |
|  frodoBD_i/processing_system7_0/inst/FCLK_CLK0 | frodoBD_i/axi_interconnect_0/xbar/inst/gen_sasd.crossbar_sasd_0/addr_arbiter_inst/E[0]                                                                                           |                                                                                                                                                             |                9 |             35 |
|  frodoBD_i/processing_system7_0/inst/FCLK_CLK0 |                                                                                                                                                                                  | frodoBD_i/axi_fifo_mm_s_0/U0/COMP_IPIF/I_SLAVE_ATTACHMENT/I_DECODER/MEM_DECODE_GEN[0].cs_out_i_reg[0]_1                                                     |               14 |             36 |
|  frodoBD_i/processing_system7_0/inst/FCLK_CLK0 |                                                                                                                                                                                  | frodoBD_i/axi_fifo_mm_s_0/U0/COMP_IPIC2AXI_S/gtxd.COMP_TXD_FIFO/gfifo_gen.COMP_AXIS_FG_FIFO/COMP_FIFO/xpm_fifo_base_inst/xpm_fifo_rst_inst/Q[0]             |               15 |             40 |
|  frodoBD_i/processing_system7_0/inst/FCLK_CLK0 |                                                                                                                                                                                  | frodoBD_i/axi_fifo_mm_s_0/U0/COMP_IPIC2AXI_S/grxd.COMP_RX_FIFO/gfifo_gen.COMP_AXIS_FG_FIFO/COMP_FIFO/xpm_fifo_base_inst/xpm_fifo_rst_inst/Q[0]              |               13 |             40 |
|  frodoBD_i/processing_system7_0/inst/FCLK_CLK0 | frodoBD_i/axi_fifo_mm_s_0/U0/COMP_IPIC2AXI_S/grxd.COMP_rx_len_fifo/xpm_fifo_base_inst/rdp_inst/enb                                                                               |                                                                                                                                                             |               17 |             45 |
|  frodoBD_i/processing_system7_0/inst/FCLK_CLK0 |                                                                                                                                                                                  | frodoBD_i/axi_gpio_1/U0/AXI_LITE_IPIF_I/I_SLAVE_ATTACHMENT/SR[0]                                                                                            |               18 |             47 |
|  frodoBD_i/processing_system7_0/inst/FCLK_CLK0 | frodoBD_i/axi_interconnect_0/s00_couplers/auto_pc/inst/gen_axilite.gen_b2s_conv.axilite_b2s/SI_REG/r.r_pipe/s_ready_i_reg_0                                                      |                                                                                                                                                             |               12 |             47 |
|  frodoBD_i/processing_system7_0/inst/FCLK_CLK0 | frodoBD_i/axi_interconnect_0/s00_couplers/auto_pc/inst/gen_axilite.gen_b2s_conv.axilite_b2s/SI_REG/r.r_pipe/p_1_in                                                               |                                                                                                                                                             |               10 |             47 |
|  frodoBD_i/processing_system7_0/inst/FCLK_CLK0 | frodoBD_i/axi_interconnect_0/s00_couplers/auto_pc/inst/gen_axilite.gen_b2s_conv.axilite_b2s/RD.ar_channel_0/ar_cmd_fsm_0/FSM_sequential_state_reg[1]_1[0]                        |                                                                                                                                                             |               10 |             48 |
|  frodoBD_i/processing_system7_0/inst/FCLK_CLK0 | frodoBD_i/axi_interconnect_0/s00_couplers/auto_pc/inst/gen_axilite.gen_b2s_conv.axilite_b2s/WR.aw_channel_0/aw_cmd_fsm_0/m_valid_i_reg[0]                                        |                                                                                                                                                             |               11 |             48 |
|  frodoBD_i/processing_system7_0/inst/FCLK_CLK0 | frodoBD_i/axi_interconnect_0/s00_couplers/auto_pc/inst/gen_axilite.gen_b2s_conv.axilite_b2s/SI_REG/ar.ar_pipe/s_ready_i_reg_0                                                    |                                                                                                                                                             |               11 |             48 |
|  frodoBD_i/processing_system7_0/inst/FCLK_CLK0 | frodoBD_i/axi_interconnect_0/s00_couplers/auto_pc/inst/gen_axilite.gen_b2s_conv.axilite_b2s/SI_REG/aw.aw_pipe/s_ready_i_reg_0                                                    |                                                                                                                                                             |               12 |             48 |
|  frodoBD_i/processing_system7_0/inst/FCLK_CLK0 |                                                                                                                                                                                  |                                                                                                                                                             |              115 |            395 |
+------------------------------------------------+----------------------------------------------------------------------------------------------------------------------------------------------------------------------------------+-------------------------------------------------------------------------------------------------------------------------------------------------------------+------------------+----------------+


