12:46:54 **** Incremental Build of configuration Debug for project frodo_sdk ****
make pre-build main-build 
a9-linaro-pre-build-step
 
Building file: ../src/include/keccak_f1600.c
Invoking: ARM v7 gcc compiler
arm-none-eabi-gcc -Wall -O0 -g3 -c -fmessage-length=0 -MT"src/include/keccak_f1600.o" -mcpu=cortex-a9 -mfpu=vfpv3 -mfloat-abi=hard -I../../frodo_sdk_bsp/ps7_cortexa9_0/include -MMD -MP -MF"src/include/keccak_f1600.d" -MT"src/include/keccak_f1600.o" -o "src/include/keccak_f1600.o" "../src/include/keccak_f1600.c"
In file included from ../src/include/keccak_f1600.h:16,
                 from ../src/include/keccak_f1600.c:9:
../src/include/keccak_f1600.c: In function 'KeccakF1600_StatePermute_HW_MM':
../src/include/keccak_f1600.c:164:32: warning: format '%lu' expects argument of type 'long unsigned int', but argument 2 has type 'int' [-Wformat=]
   print_debug(DEBUG_KECCAK_HW, "\tSent data %lu: 0x%lx\n", (i << 1), (u32)(state[i] & 0xffffffff));
                                ^~~~~~~~~~~~~~~~~~~~~~~~~~  ~~~~~~~~
../src/include/global_def.h:97:11: note: in definition of macro 'print_debug'
    printf(__VA_ARGS__); \
           ^~~~~~~~~~~
../src/include/keccak_f1600.c:167:32: warning: format '%lu' expects argument of type 'long unsigned int', but argument 2 has type 'int' [-Wformat=]
   print_debug(DEBUG_KECCAK_HW, "\tSent data %lu: 0x%lx\n", (i << 1) + 1, (u32)(state[i] >> 32));
                                ^~~~~~~~~~~~~~~~~~~~~~~~~~  ~~~~~~~~~~~~
../src/include/global_def.h:97:11: note: in definition of macro 'print_debug'
    printf(__VA_ARGS__); \
           ^~~~~~~~~~~
Finished building: ../src/include/keccak_f1600.c
 
Building target: frodo_sdk.elf
Invoking: ARM v7 gcc linker
arm-none-eabi-gcc -mcpu=cortex-a9 -mfpu=vfpv3 -mfloat-abi=hard -Wl,-build-id=none -specs=Xilinx.spec -Wl,-T -Wl,../src/lscript.ld -L../../frodo_sdk_bsp/ps7_cortexa9_0/lib -o "frodo_sdk.elf"  ./src/include/fips202.o ./src/include/frodo_macrify.o ./src/include/keccak_f1600.o ./src/include/kem.o ./src/include/noise.o ./src/include/random.o ./src/include/test_KEM640.o ./src/include/test_kem.o ./src/include/util.o  ./src/main.o ./src/platform.o   -Wl,--start-group,-lxil,-lgcc,-lc,--end-group
Finished building target: frodo_sdk.elf
 
Invoking: ARM v7 Print Size
arm-none-eabi-size frodo_sdk.elf  |tee "frodo_sdk.elf.size"
   text	   data	    bss	    dec	    hex	filename
 119728	   2704	2104272	2226704	 21fa10	frodo_sdk.elf
Finished building: frodo_sdk.elf.size
 

12:46:55 Build Finished (took 979ms)

