20:11:46 **** Incremental Build of configuration Debug for project frodo-server ****
make pre-build main-build 
a9-linaro-pre-build-step
 
Building file: ../src/tcp_perf_server.c
Invoking: ARM v7 gcc compiler
arm-none-eabi-gcc -Wall -O0 -g3 -c -fmessage-length=0 -MT"src/tcp_perf_server.o" -mcpu=cortex-a9 -mfpu=vfpv3 -mfloat-abi=hard -I../../frodo-server_bsp/ps7_cortexa9_0/include -MMD -MP -MF"src/tcp_perf_server.d" -MT"src/tcp_perf_server.o" -o "src/tcp_perf_server.o" "../src/tcp_perf_server.c"
In file included from ../src/include/aes256gcm.h:16,
                 from ../src/include/global_def.h:33,
                 from ../src/tcp_perf_server.c:32:
../src/include/global_def.h:356:1: warning: multi-line comment [-Wcomment]
 //#define print_debug(debugLevel, ...) \
 ^
In file included from ../src/tcp_perf_server.c:32:
../src/include/global_def.h:356:1: warning: multi-line comment [-Wcomment]
 //#define print_debug(debugLevel, ...) \
 ^
../src/tcp_perf_server.c:214:14: warning: 'tcp_recv_perf_traffic' defined but not used [-Wunused-function]
 static err_t tcp_recv_perf_traffic(void *arg, struct tcp_pcb *tpcb,
              ^~~~~~~~~~~~~~~~~~~~~
Finished building: ../src/tcp_perf_server.c
 
Building target: frodo-server.elf
Invoking: ARM v7 gcc linker
arm-none-eabi-gcc -mcpu=cortex-a9 -mfpu=vfpv3 -mfloat-abi=hard -Wl,-build-id=none -specs=Xilinx.spec -Wl,-T -Wl,../src/lscript.ld -L../../frodo-server_bsp/ps7_cortexa9_0/lib -o "frodo-server.elf"  ./src/include/aes256ctr.o ./src/include/aes256gcm.o ./src/include/fips202.o ./src/include/frodo_macrify.o ./src/include/global_func.o ./src/include/keccak_f1600.o ./src/include/kem.o ./src/include/noise.o ./src/include/random.o ./src/include/test_KEM640.o ./src/include/test_kem.o ./src/include/util.o ./src/include/weg_smw3000.o  ./src/i2c_access.o ./src/iic_phyreset.o ./src/main.o ./src/platform.o ./src/platform_mb.o ./src/platform_zynq.o ./src/platform_zynqmp.o ./src/sfp.o ./src/si5324.o ./src/tcp_perf_server.o   -Wl,--start-group,-lxil,-lgcc,-lc,--end-group -Wl,--start-group,-lxil,-llwip4,-lgcc,-lc,--end-group
Finished building target: frodo-server.elf
 
Invoking: ARM v7 Print Size
arm-none-eabi-size frodo-server.elf  |tee "frodo-server.elf.size"
   text	   data	    bss	    dec	    hex	filename
 255456	   3768	31578400	31837624	1e5cdb8	frodo-server.elf
Finished building: frodo-server.elf.size
 

20:11:51 Build Finished (took 4s.881ms)

