10:34:07 **** Incremental Build of configuration Debug for project frodo_sdk ****
make pre-build main-build 
a9-linaro-pre-build-step
 
Building file: ../src/include/test_kem.c
Invoking: ARM v7 gcc compiler
arm-none-eabi-gcc -Wall -O0 -g3 -c -fmessage-length=0 -MT"src/include/test_kem.o" -mcpu=cortex-a9 -mfpu=vfpv3 -mfloat-abi=hard -I../../frodo_sdk_bsp/ps7_cortexa9_0/include -MMD -MP -MF"src/include/test_kem.d" -MT"src/include/test_kem.o" -o "src/include/test_kem.o" "../src/include/test_kem.c"
../src/include/test_kem.c: In function 'frodo_mul_add_sa_plus_e':
../src/include/test_kem.c:364:59: warning: passing argument 5 of 'frodo_mul_add_sa_plus_e_SW' discards 'volatile' qualifier from pointer target type [-Wdiscarded-qualifiers]
   iReturn = frodo_mul_add_sa_plus_e_SW(out, s, e, seed_A, &t_matrix_sa_sw_acc, &iteration_sa_sw);
                                                           ^~~~~~~~~~~~~~~~~~~
In file included from ../src/include/fips202.h:14,
                 from ../src/include/frodo640.h:11,
                 from ../src/include/global_def.h:17,
                 from ../src/include/test_kem.c:9:
../src/include/frodo_macrify.h:23:118: note: expected 'uint32_t *' {aka 'long unsigned int *'} but argument is of type 'volatile uint32_t *' {aka 'volatile long unsigned int *'}
 int frodo_mul_add_sa_plus_e_SW(uint16_t *out, const uint16_t *s, const uint16_t *e, const uint8_t *seed_A, uint32_t *u32AccTime, uint32_t *u32ItCounter);
                                                                                                            ~~~~~~~~~~^~~~~~~~~~
../src/include/test_kem.c:364:80: warning: passing argument 6 of 'frodo_mul_add_sa_plus_e_SW' discards 'volatile' qualifier from pointer target type [-Wdiscarded-qualifiers]
   iReturn = frodo_mul_add_sa_plus_e_SW(out, s, e, seed_A, &t_matrix_sa_sw_acc, &iteration_sa_sw);
                                                                                ^~~~~~~~~~~~~~~~
In file included from ../src/include/fips202.h:14,
                 from ../src/include/frodo640.h:11,
                 from ../src/include/global_def.h:17,
                 from ../src/include/test_kem.c:9:
../src/include/frodo_macrify.h:23:140: note: expected 'uint32_t *' {aka 'long unsigned int *'} but argument is of type 'volatile uint32_t *' {aka 'volatile long unsigned int *'}
 int frodo_mul_add_sa_plus_e_SW(uint16_t *out, const uint16_t *s, const uint16_t *e, const uint8_t *seed_A, uint32_t *u32AccTime, uint32_t *u32ItCounter);
                                                                                                                                  ~~~~~~~~~~^~~~~~~~~~~~
../src/include/test_kem.c:368:59: warning: passing argument 5 of 'frodo_mul_add_sa_plus_e_HW' discards 'volatile' qualifier from pointer target type [-Wdiscarded-qualifiers]
   iReturn = frodo_mul_add_sa_plus_e_HW(out, s, e, seed_A, &t_matrix_sa_hw_acc, &iteration_sa_hw);
                                                           ^~~~~~~~~~~~~~~~~~~
In file included from ../src/include/fips202.h:14,
                 from ../src/include/frodo640.h:11,
                 from ../src/include/global_def.h:17,
                 from ../src/include/test_kem.c:9:
../src/include/frodo_macrify.h:24:118: note: expected 'uint32_t *' {aka 'long unsigned int *'} but argument is of type 'volatile uint32_t *' {aka 'volatile long unsigned int *'}
 int frodo_mul_add_sa_plus_e_HW(uint16_t *out, const uint16_t *s, const uint16_t *e, const uint8_t *seed_A, uint32_t *u32AccTime, uint32_t *u32ItCounter);
                                                                                                            ~~~~~~~~~~^~~~~~~~~~
../src/include/test_kem.c:368:80: warning: passing argument 6 of 'frodo_mul_add_sa_plus_e_HW' discards 'volatile' qualifier from pointer target type [-Wdiscarded-qualifiers]
   iReturn = frodo_mul_add_sa_plus_e_HW(out, s, e, seed_A, &t_matrix_sa_hw_acc, &iteration_sa_hw);
                                                                                ^~~~~~~~~~~~~~~~
In file included from ../src/include/fips202.h:14,
                 from ../src/include/frodo640.h:11,
                 from ../src/include/global_def.h:17,
                 from ../src/include/test_kem.c:9:
../src/include/frodo_macrify.h:24:140: note: expected 'uint32_t *' {aka 'long unsigned int *'} but argument is of type 'volatile uint32_t *' {aka 'volatile long unsigned int *'}
 int frodo_mul_add_sa_plus_e_HW(uint16_t *out, const uint16_t *s, const uint16_t *e, const uint8_t *seed_A, uint32_t *u32AccTime, uint32_t *u32ItCounter);
                                                                                                                                  ~~~~~~~~~~^~~~~~~~~~~~
In file included from ../src/include/test_kem.c:9:
../src/include/test_kem.c:380:28: warning: format '%d' expects argument of type 'int', but argument 4 has type 'u32' {aka 'long unsigned int'} [-Wformat=]
   print_debug(DEBUG_TIMER, "[TEST_KEM] Time took to process Matrix-SA: %lu.%03lu us (%d ticks)\n", whole, thousandths, readTimer);
                            ^~~~~~~~~~~~~~~~~~~~~~~~~~~~~~~~~~~~~~~~~~~~~~~~~~~~~~~~~~~~~~~~~~~~~~                      ~~~~~~~~~
../src/include/global_def.h:107:11: note: in definition of macro 'print_debug'
    printf(__VA_ARGS__); \
           ^~~~~~~~~~~
../src/include/test_kem.c:387:28: warning: format '%d' expects argument of type 'int', but argument 4 has type 'u32' {aka 'long unsigned int'} [-Wformat=]
   print_debug(DEBUG_TIMER, "[TEST_KEM] Time took to process Matrix-SA: %lu.%03lu us (%d ticks)\n", whole, thousandths, readTimer);
                            ^~~~~~~~~~~~~~~~~~~~~~~~~~~~~~~~~~~~~~~~~~~~~~~~~~~~~~~~~~~~~~~~~~~~~~                      ~~~~~~~~~
../src/include/global_def.h:107:11: note: in definition of macro 'print_debug'
    printf(__VA_ARGS__); \
           ^~~~~~~~~~~
../src/include/test_kem.c: In function 'frodo_mul_add_as_plus_e':
../src/include/test_kem.c:404:59: warning: passing argument 5 of 'frodo_mul_add_as_plus_e_SW' discards 'volatile' qualifier from pointer target type [-Wdiscarded-qualifiers]
   iReturn = frodo_mul_add_as_plus_e_SW(out, s, e, seed_A, &t_matrix_as_sw_acc, &iteration_as_sw);
                                                           ^~~~~~~~~~~~~~~~~~~
In file included from ../src/include/fips202.h:14,
                 from ../src/include/frodo640.h:11,
                 from ../src/include/global_def.h:17,
                 from ../src/include/test_kem.c:9:
../src/include/frodo_macrify.h:20:116: note: expected 'uint32_t *' {aka 'long unsigned int *'} but argument is of type 'volatile uint32_t *' {aka 'volatile long unsigned int *'}
 int frodo_mul_add_as_plus_e_SW(uint16_t *b, const uint16_t *s, const uint16_t *e, const uint8_t *seed_A, uint32_t *u32AccTime, uint32_t *u32ItCounter);
                                                                                                          ~~~~~~~~~~^~~~~~~~~~
../src/include/test_kem.c:404:80: warning: passing argument 6 of 'frodo_mul_add_as_plus_e_SW' discards 'volatile' qualifier from pointer target type [-Wdiscarded-qualifiers]
   iReturn = frodo_mul_add_as_plus_e_SW(out, s, e, seed_A, &t_matrix_as_sw_acc, &iteration_as_sw);
                                                                                ^~~~~~~~~~~~~~~~
In file included from ../src/include/fips202.h:14,
                 from ../src/include/frodo640.h:11,
                 from ../src/include/global_def.h:17,
                 from ../src/include/test_kem.c:9:
../src/include/frodo_macrify.h:20:138: note: expected 'uint32_t *' {aka 'long unsigned int *'} but argument is of type 'volatile uint32_t *' {aka 'volatile long unsigned int *'}
 int frodo_mul_add_as_plus_e_SW(uint16_t *b, const uint16_t *s, const uint16_t *e, const uint8_t *seed_A, uint32_t *u32AccTime, uint32_t *u32ItCounter);
                                                                                                                                ~~~~~~~~~~^~~~~~~~~~~~
../src/include/test_kem.c:408:59: warning: passing argument 5 of 'frodo_mul_add_as_plus_e_HW' discards 'volatile' qualifier from pointer target type [-Wdiscarded-qualifiers]
   iReturn = frodo_mul_add_as_plus_e_HW(out, s, e, seed_A, &t_matrix_as_hw_acc, &iteration_as_hw);
                                                           ^~~~~~~~~~~~~~~~~~~
In file included from ../src/include/fips202.h:14,
                 from ../src/include/frodo640.h:11,
                 from ../src/include/global_def.h:17,
                 from ../src/include/test_kem.c:9:
../src/include/frodo_macrify.h:21:116: note: expected 'uint32_t *' {aka 'long unsigned int *'} but argument is of type 'volatile uint32_t *' {aka 'volatile long unsigned int *'}
 int frodo_mul_add_as_plus_e_HW(uint16_t *b, const uint16_t *s, const uint16_t *e, const uint8_t *seed_A, uint32_t *u32AccTime, uint32_t *u32ItCounter);
                                                                                                          ~~~~~~~~~~^~~~~~~~~~
../src/include/test_kem.c:408:80: warning: passing argument 6 of 'frodo_mul_add_as_plus_e_HW' discards 'volatile' qualifier from pointer target type [-Wdiscarded-qualifiers]
   iReturn = frodo_mul_add_as_plus_e_HW(out, s, e, seed_A, &t_matrix_as_hw_acc, &iteration_as_hw);
                                                                                ^~~~~~~~~~~~~~~~
In file included from ../src/include/fips202.h:14,
                 from ../src/include/frodo640.h:11,
                 from ../src/include/global_def.h:17,
                 from ../src/include/test_kem.c:9:
../src/include/frodo_macrify.h:21:138: note: expected 'uint32_t *' {aka 'long unsigned int *'} but argument is of type 'volatile uint32_t *' {aka 'volatile long unsigned int *'}
 int frodo_mul_add_as_plus_e_HW(uint16_t *b, const uint16_t *s, const uint16_t *e, const uint8_t *seed_A, uint32_t *u32AccTime, uint32_t *u32ItCounter);
                                                                                                                                ~~~~~~~~~~^~~~~~~~~~~~
In file included from ../src/include/test_kem.c:9:
../src/include/test_kem.c:420:28: warning: format '%d' expects argument of type 'int', but argument 4 has type 'u32' {aka 'long unsigned int'} [-Wformat=]
   print_debug(DEBUG_TIMER, "[TEST_KEM] Time took to process Matrix-AS: %lu.%03lu us (%d ticks)\n", whole, thousandths, readTimer);
                            ^~~~~~~~~~~~~~~~~~~~~~~~~~~~~~~~~~~~~~~~~~~~~~~~~~~~~~~~~~~~~~~~~~~~~~                      ~~~~~~~~~
../src/include/global_def.h:107:11: note: in definition of macro 'print_debug'
    printf(__VA_ARGS__); \
           ^~~~~~~~~~~
../src/include/test_kem.c:427:28: warning: format '%d' expects argument of type 'int', but argument 4 has type 'u32' {aka 'long unsigned int'} [-Wformat=]
   print_debug(DEBUG_TIMER, "[TEST_KEM] Time took to process Matrix-AS: %lu.%03lu us (%d ticks)\n", whole, thousandths, readTimer);
                            ^~~~~~~~~~~~~~~~~~~~~~~~~~~~~~~~~~~~~~~~~~~~~~~~~~~~~~~~~~~~~~~~~~~~~~                      ~~~~~~~~~
../src/include/global_def.h:107:11: note: in definition of macro 'print_debug'
    printf(__VA_ARGS__); \
           ^~~~~~~~~~~
../src/include/test_kem.c: In function 'kem_test':
../src/include/test_kem.c:1003:31: warning: format '%d' expects argument of type 'int', but argument 2 has type 'uint32_t' {aka 'volatile long unsigned int'} [-Wformat=]
   print_debug(DEBUG_TEST_KEM, "\t   SHAKE128  \t|\t   %d   \t|\t\t   %d   \t\t\t|\t\t\t\t%d\t\t\t\t\t|\t\t\t%d  \t\t\t|\t\t\t\t\t%d\t\t\t\t|\t\t\t%lu.%03lu\n", iteration_shake128_sw, (t_shake128_sw_acc)/666, (t_shake128_sw_acc/iteration_shake128_sw)/666, (t_shake128_hw_acc)/666, (t_shake128_hw_acc/iteration_shake128_hw)/666, wholeShake128, thousandthsShake128);
                               ^~~~~~~~~~~~~~~~~~~~~~~~~~~~~~~~~~~~~~~~~~~~~~~~~~~~~~~~~~~~~~~~~~~~~~~~~~~~~~~~~~~~~~~~~~~~~~~~~~~~~~~~~~~~~~~~~~~~~~~~~~~~~~~~  ~~~~~~~~~~~~~~~~~~~~~
../src/include/global_def.h:107:11: note: in definition of macro 'print_debug'
    printf(__VA_ARGS__); \
           ^~~~~~~~~~~
../src/include/test_kem.c:1003:31: warning: format '%d' expects argument of type 'int', but argument 3 has type 'long unsigned int' [-Wformat=]
   print_debug(DEBUG_TEST_KEM, "\t   SHAKE128  \t|\t   %d   \t|\t\t   %d   \t\t\t|\t\t\t\t%d\t\t\t\t\t|\t\t\t%d  \t\t\t|\t\t\t\t\t%d\t\t\t\t|\t\t\t%lu.%03lu\n", iteration_shake128_sw, (t_shake128_sw_acc)/666, (t_shake128_sw_acc/iteration_shake128_sw)/666, (t_shake128_hw_acc)/666, (t_shake128_hw_acc/iteration_shake128_hw)/666, wholeShake128, thousandthsShake128);
                               ^~~~~~~~~~~~~~~~~~~~~~~~~~~~~~~~~~~~~~~~~~~~~~~~~~~~~~~~~~~~~~~~~~~~~~~~~~~~~~~~~~~~~~~~~~~~~~~~~~~~~~~~~~~~~~~~~~~~~~~~~~~~~~~~                         ~~~~~~~~~~~~~~~~~~~~~~~
../src/include/global_def.h:107:11: note: in definition of macro 'print_debug'
    printf(__VA_ARGS__); \
           ^~~~~~~~~~~
../src/include/test_kem.c:1003:31: warning: format '%d' expects argument of type 'int', but argument 4 has type 'long unsigned int' [-Wformat=]
   print_debug(DEBUG_TEST_KEM, "\t   SHAKE128  \t|\t   %d   \t|\t\t   %d   \t\t\t|\t\t\t\t%d\t\t\t\t\t|\t\t\t%d  \t\t\t|\t\t\t\t\t%d\t\t\t\t|\t\t\t%lu.%03lu\n", iteration_shake128_sw, (t_shake128_sw_acc)/666, (t_shake128_sw_acc/iteration_shake128_sw)/666, (t_shake128_hw_acc)/666, (t_shake128_hw_acc/iteration_shake128_hw)/666, wholeShake128, thousandthsShake128);
                               ^~~~~~~~~~~~~~~~~~~~~~~~~~~~~~~~~~~~~~~~~~~~~~~~~~~~~~~~~~~~~~~~~~~~~~~~~~~~~~~~~~~~~~~~~~~~~~~~~~~~~~~~~~~~~~~~~~~~~~~~~~~~~~~~                                                  ~~~~~~~~~~~~~~~~~~~~~~~~~~~~~~~~~~~~~~~~~~~~~
../src/include/global_def.h:107:11: note: in definition of macro 'print_debug'
    printf(__VA_ARGS__); \
           ^~~~~~~~~~~
../src/include/test_kem.c:1003:31: warning: format '%d' expects argument of type 'int', but argument 5 has type 'long unsigned int' [-Wformat=]
   print_debug(DEBUG_TEST_KEM, "\t   SHAKE128  \t|\t   %d   \t|\t\t   %d   \t\t\t|\t\t\t\t%d\t\t\t\t\t|\t\t\t%d  \t\t\t|\t\t\t\t\t%d\t\t\t\t|\t\t\t%lu.%03lu\n", iteration_shake128_sw, (t_shake128_sw_acc)/666, (t_shake128_sw_acc/iteration_shake128_sw)/666, (t_shake128_hw_acc)/666, (t_shake128_hw_acc/iteration_shake128_hw)/666, wholeShake128, thousandthsShake128);
                               ^~~~~~~~~~~~~~~~~~~~~~~~~~~~~~~~~~~~~~~~~~~~~~~~~~~~~~~~~~~~~~~~~~~~~~~~~~~~~~~~~~~~~~~~~~~~~~~~~~~~~~~~~~~~~~~~~~~~~~~~~~~~~~~~                                                                                                 ~~~~~~~~~~~~~~~~~~~~~~~
../src/include/global_def.h:107:11: note: in definition of macro 'print_debug'
    printf(__VA_ARGS__); \
           ^~~~~~~~~~~
../src/include/test_kem.c:1003:31: warning: format '%d' expects argument of type 'int', but argument 6 has type 'long unsigned int' [-Wformat=]
   print_debug(DEBUG_TEST_KEM, "\t   SHAKE128  \t|\t   %d   \t|\t\t   %d   \t\t\t|\t\t\t\t%d\t\t\t\t\t|\t\t\t%d  \t\t\t|\t\t\t\t\t%d\t\t\t\t|\t\t\t%lu.%03lu\n", iteration_shake128_sw, (t_shake128_sw_acc)/666, (t_shake128_sw_acc/iteration_shake128_sw)/666, (t_shake128_hw_acc)/666, (t_shake128_hw_acc/iteration_shake128_hw)/666, wholeShake128, thousandthsShake128);
                               ^~~~~~~~~~~~~~~~~~~~~~~~~~~~~~~~~~~~~~~~~~~~~~~~~~~~~~~~~~~~~~~~~~~~~~~~~~~~~~~~~~~~~~~~~~~~~~~~~~~~~~~~~~~~~~~~~~~~~~~~~~~~~~~~                                                                                                                          ~~~~~~~~~~~~~~~~~~~~~~~~~~~~~~~~~~~~~~~~~~~~~
../src/include/global_def.h:107:11: note: in definition of macro 'print_debug'
    printf(__VA_ARGS__); \
           ^~~~~~~~~~~
../src/include/test_kem.c:1005:31: warning: format '%d' expects argument of type 'int', but argument 2 has type 'uint32_t' {aka 'volatile long unsigned int'} [-Wformat=]
   print_debug(DEBUG_TEST_KEM, "\t\t Matrix SA\t\t|\t\t   %d   \t\t|\t\t   %d   \t\t\t|\t\t\t%d  \t\t\t\t|\t\t\t%d  \t\t\t|\t\t\t\t%d  \t\t\t|\t\t\t%lu.%03lu\n", iteration_sa_sw, (t_matrix_sa_sw_acc)/666, (t_matrix_sa_sw_acc/iteration_sa_sw)/666, (t_matrix_sa_hw_acc)/666, (t_matrix_sa_hw_acc/iteration_sa_hw)/666, wholeMatrixSa, thousandthsMatrixSa);
                               ^~~~~~~~~~~~~~~~~~~~~~~~~~~~~~~~~~~~~~~~~~~~~~~~~~~~~~~~~~~~~~~~~~~~~~~~~~~~~~~~~~~~~~~~~~~~~~~~~~~~~~~~~~~~~~~~~~~~~~~~~~~~~~~~~  ~~~~~~~~~~~~~~~
../src/include/global_def.h:107:11: note: in definition of macro 'print_debug'
    printf(__VA_ARGS__); \
           ^~~~~~~~~~~
../src/include/test_kem.c:1005:31: warning: format '%d' expects argument of type 'int', but argument 3 has type 'long unsigned int' [-Wformat=]
   print_debug(DEBUG_TEST_KEM, "\t\t Matrix SA\t\t|\t\t   %d   \t\t|\t\t   %d   \t\t\t|\t\t\t%d  \t\t\t\t|\t\t\t%d  \t\t\t|\t\t\t\t%d  \t\t\t|\t\t\t%lu.%03lu\n", iteration_sa_sw, (t_matrix_sa_sw_acc)/666, (t_matrix_sa_sw_acc/iteration_sa_sw)/666, (t_matrix_sa_hw_acc)/666, (t_matrix_sa_hw_acc/iteration_sa_hw)/666, wholeMatrixSa, thousandthsMatrixSa);
                               ^~~~~~~~~~~~~~~~~~~~~~~~~~~~~~~~~~~~~~~~~~~~~~~~~~~~~~~~~~~~~~~~~~~~~~~~~~~~~~~~~~~~~~~~~~~~~~~~~~~~~~~~~~~~~~~~~~~~~~~~~~~~~~~~~                   ~~~~~~~~~~~~~~~~~~~~~~~~
../src/include/global_def.h:107:11: note: in definition of macro 'print_debug'
    printf(__VA_ARGS__); \
           ^~~~~~~~~~~
../src/include/test_kem.c:1005:31: warning: format '%d' expects argument of type 'int', but argument 4 has type 'long unsigned int' [-Wformat=]
   print_debug(DEBUG_TEST_KEM, "\t\t Matrix SA\t\t|\t\t   %d   \t\t|\t\t   %d   \t\t\t|\t\t\t%d  \t\t\t\t|\t\t\t%d  \t\t\t|\t\t\t\t%d  \t\t\t|\t\t\t%lu.%03lu\n", iteration_sa_sw, (t_matrix_sa_sw_acc)/666, (t_matrix_sa_sw_acc/iteration_sa_sw)/666, (t_matrix_sa_hw_acc)/666, (t_matrix_sa_hw_acc/iteration_sa_hw)/666, wholeMatrixSa, thousandthsMatrixSa);
                               ^~~~~~~~~~~~~~~~~~~~~~~~~~~~~~~~~~~~~~~~~~~~~~~~~~~~~~~~~~~~~~~~~~~~~~~~~~~~~~~~~~~~~~~~~~~~~~~~~~~~~~~~~~~~~~~~~~~~~~~~~~~~~~~~~                                             ~~~~~~~~~~~~~~~~~~~~~~~~~~~~~~~~~~~~~~~~
../src/include/global_def.h:107:11: note: in definition of macro 'print_debug'
    printf(__VA_ARGS__); \
           ^~~~~~~~~~~
../src/include/test_kem.c:1005:31: warning: format '%d' expects argument of type 'int', but argument 5 has type 'long unsigned int' [-Wformat=]
   print_debug(DEBUG_TEST_KEM, "\t\t Matrix SA\t\t|\t\t   %d   \t\t|\t\t   %d   \t\t\t|\t\t\t%d  \t\t\t\t|\t\t\t%d  \t\t\t|\t\t\t\t%d  \t\t\t|\t\t\t%lu.%03lu\n", iteration_sa_sw, (t_matrix_sa_sw_acc)/666, (t_matrix_sa_sw_acc/iteration_sa_sw)/666, (t_matrix_sa_hw_acc)/666, (t_matrix_sa_hw_acc/iteration_sa_hw)/666, wholeMatrixSa, thousandthsMatrixSa);
                               ^~~~~~~~~~~~~~~~~~~~~~~~~~~~~~~~~~~~~~~~~~~~~~~~~~~~~~~~~~~~~~~~~~~~~~~~~~~~~~~~~~~~~~~~~~~~~~~~~~~~~~~~~~~~~~~~~~~~~~~~~~~~~~~~~                                                                                       ~~~~~~~~~~~~~~~~~~~~~~~~
../src/include/global_def.h:107:11: note: in definition of macro 'print_debug'
    printf(__VA_ARGS__); \
           ^~~~~~~~~~~
../src/include/test_kem.c:1005:31: warning: format '%d' expects argument of type 'int', but argument 6 has type 'long unsigned int' [-Wformat=]
   print_debug(DEBUG_TEST_KEM, "\t\t Matrix SA\t\t|\t\t   %d   \t\t|\t\t   %d   \t\t\t|\t\t\t%d  \t\t\t\t|\t\t\t%d  \t\t\t|\t\t\t\t%d  \t\t\t|\t\t\t%lu.%03lu\n", iteration_sa_sw, (t_matrix_sa_sw_acc)/666, (t_matrix_sa_sw_acc/iteration_sa_sw)/666, (t_matrix_sa_hw_acc)/666, (t_matrix_sa_hw_acc/iteration_sa_hw)/666, wholeMatrixSa, thousandthsMatrixSa);
                               ^~~~~~~~~~~~~~~~~~~~~~~~~~~~~~~~~~~~~~~~~~~~~~~~~~~~~~~~~~~~~~~~~~~~~~~~~~~~~~~~~~~~~~~~~~~~~~~~~~~~~~~~~~~~~~~~~~~~~~~~~~~~~~~~~                                                                                                                 ~~~~~~~~~~~~~~~~~~~~~~~~~~~~~~~~~~~~~~~~
../src/include/global_def.h:107:11: note: in definition of macro 'print_debug'
    printf(__VA_ARGS__); \
           ^~~~~~~~~~~
../src/include/test_kem.c:1007:31: warning: format '%d' expects argument of type 'int', but argument 2 has type 'uint32_t' {aka 'volatile long unsigned int'} [-Wformat=]
   print_debug(DEBUG_TEST_KEM, "\t\t Matrix AS\t\t|\t\t   %d   \t\t|\t\t   %d   \t\t\t|\t\t\t%d  \t\t\t\t|\t\t\t%d  \t\t\t|\t\t\t\t%d  \t\t\t\t|\t\t\t%lu.%03lu\n", iteration_as_sw, (t_matrix_as_sw_acc)/666, (t_matrix_as_sw_acc/iteration_as_sw)/666, (t_matrix_as_hw_acc)/666, (t_matrix_as_hw_acc/iteration_as_hw)/666, wholeMatrixAs, thousandthsMatrixAs);
                               ^~~~~~~~~~~~~~~~~~~~~~~~~~~~~~~~~~~~~~~~~~~~~~~~~~~~~~~~~~~~~~~~~~~~~~~~~~~~~~~~~~~~~~~~~~~~~~~~~~~~~~~~~~~~~~~~~~~~~~~~~~~~~~~~~~~  ~~~~~~~~~~~~~~~
../src/include/global_def.h:107:11: note: in definition of macro 'print_debug'
    printf(__VA_ARGS__); \
           ^~~~~~~~~~~
../src/include/test_kem.c:1007:31: warning: format '%d' expects argument of type 'int', but argument 3 has type 'long unsigned int' [-Wformat=]
   print_debug(DEBUG_TEST_KEM, "\t\t Matrix AS\t\t|\t\t   %d   \t\t|\t\t   %d   \t\t\t|\t\t\t%d  \t\t\t\t|\t\t\t%d  \t\t\t|\t\t\t\t%d  \t\t\t\t|\t\t\t%lu.%03lu\n", iteration_as_sw, (t_matrix_as_sw_acc)/666, (t_matrix_as_sw_acc/iteration_as_sw)/666, (t_matrix_as_hw_acc)/666, (t_matrix_as_hw_acc/iteration_as_hw)/666, wholeMatrixAs, thousandthsMatrixAs);
                               ^~~~~~~~~~~~~~~~~~~~~~~~~~~~~~~~~~~~~~~~~~~~~~~~~~~~~~~~~~~~~~~~~~~~~~~~~~~~~~~~~~~~~~~~~~~~~~~~~~~~~~~~~~~~~~~~~~~~~~~~~~~~~~~~~~~                   ~~~~~~~~~~~~~~~~~~~~~~~~
../src/include/global_def.h:107:11: note: in definition of macro 'print_debug'
    printf(__VA_ARGS__); \
           ^~~~~~~~~~~
../src/include/test_kem.c:1007:31: warning: format '%d' expects argument of type 'int', but argument 4 has type 'long unsigned int' [-Wformat=]
   print_debug(DEBUG_TEST_KEM, "\t\t Matrix AS\t\t|\t\t   %d   \t\t|\t\t   %d   \t\t\t|\t\t\t%d  \t\t\t\t|\t\t\t%d  \t\t\t|\t\t\t\t%d  \t\t\t\t|\t\t\t%lu.%03lu\n", iteration_as_sw, (t_matrix_as_sw_acc)/666, (t_matrix_as_sw_acc/iteration_as_sw)/666, (t_matrix_as_hw_acc)/666, (t_matrix_as_hw_acc/iteration_as_hw)/666, wholeMatrixAs, thousandthsMatrixAs);
                               ^~~~~~~~~~~~~~~~~~~~~~~~~~~~~~~~~~~~~~~~~~~~~~~~~~~~~~~~~~~~~~~~~~~~~~~~~~~~~~~~~~~~~~~~~~~~~~~~~~~~~~~~~~~~~~~~~~~~~~~~~~~~~~~~~~~                                             ~~~~~~~~~~~~~~~~~~~~~~~~~~~~~~~~~~~~~~~~
../src/include/global_def.h:107:11: note: in definition of macro 'print_debug'
    printf(__VA_ARGS__); \
           ^~~~~~~~~~~
../src/include/test_kem.c:1007:31: warning: format '%d' expects argument of type 'int', but argument 5 has type 'long unsigned int' [-Wformat=]
   print_debug(DEBUG_TEST_KEM, "\t\t Matrix AS\t\t|\t\t   %d   \t\t|\t\t   %d   \t\t\t|\t\t\t%d  \t\t\t\t|\t\t\t%d  \t\t\t|\t\t\t\t%d  \t\t\t\t|\t\t\t%lu.%03lu\n", iteration_as_sw, (t_matrix_as_sw_acc)/666, (t_matrix_as_sw_acc/iteration_as_sw)/666, (t_matrix_as_hw_acc)/666, (t_matrix_as_hw_acc/iteration_as_hw)/666, wholeMatrixAs, thousandthsMatrixAs);
                               ^~~~~~~~~~~~~~~~~~~~~~~~~~~~~~~~~~~~~~~~~~~~~~~~~~~~~~~~~~~~~~~~~~~~~~~~~~~~~~~~~~~~~~~~~~~~~~~~~~~~~~~~~~~~~~~~~~~~~~~~~~~~~~~~~~~                                                                                       ~~~~~~~~~~~~~~~~~~~~~~~~
../src/include/global_def.h:107:11: note: in definition of macro 'print_debug'
    printf(__VA_ARGS__); \
           ^~~~~~~~~~~
../src/include/test_kem.c:1007:31: warning: format '%d' expects argument of type 'int', but argument 6 has type 'long unsigned int' [-Wformat=]
   print_debug(DEBUG_TEST_KEM, "\t\t Matrix AS\t\t|\t\t   %d   \t\t|\t\t   %d   \t\t\t|\t\t\t%d  \t\t\t\t|\t\t\t%d  \t\t\t|\t\t\t\t%d  \t\t\t\t|\t\t\t%lu.%03lu\n", iteration_as_sw, (t_matrix_as_sw_acc)/666, (t_matrix_as_sw_acc/iteration_as_sw)/666, (t_matrix_as_hw_acc)/666, (t_matrix_as_hw_acc/iteration_as_hw)/666, wholeMatrixAs, thousandthsMatrixAs);
                               ^~~~~~~~~~~~~~~~~~~~~~~~~~~~~~~~~~~~~~~~~~~~~~~~~~~~~~~~~~~~~~~~~~~~~~~~~~~~~~~~~~~~~~~~~~~~~~~~~~~~~~~~~~~~~~~~~~~~~~~~~~~~~~~~~~~                                                                                                                 ~~~~~~~~~~~~~~~~~~~~~~~~~~~~~~~~~~~~~~~~
../src/include/global_def.h:107:11: note: in definition of macro 'print_debug'
    printf(__VA_ARGS__); \
           ^~~~~~~~~~~
../src/include/test_kem.c:1032:31: warning: format '%d' expects argument of type 'int', but argument 2 has type 'u32' {aka 'long unsigned int'} [-Wformat=]
   print_debug(DEBUG_TEST_KEM, "\t\t  Shake128  \t\t|\t\t\t\t   %d   \t\t\t\t|\t\t\t\t\t%d  \t\t\t\t|\t\t\t%lu.%03lu\n", (readTimerShake128Total/countShake128), (readTimerShake128Proc/countShake128), wholeShake128HW, thousandthsShake128HW);
                               ^~~~~~~~~~~~~~~~~~~~~~~~~~~~~~~~~~~~~~~~~~~~~~~~~~~~~~~~~~~~~~~~~~~~~~~~~~~~~~~~~~~~~~~~  ~~~~~~~~~~~~~~~~~~~~~~~~~~~~~~~~~~~~~~
../src/include/global_def.h:107:11: note: in definition of macro 'print_debug'
    printf(__VA_ARGS__); \
           ^~~~~~~~~~~
../src/include/test_kem.c:1032:31: warning: format '%d' expects argument of type 'int', but argument 3 has type 'u32' {aka 'long unsigned int'} [-Wformat=]
   print_debug(DEBUG_TEST_KEM, "\t\t  Shake128  \t\t|\t\t\t\t   %d   \t\t\t\t|\t\t\t\t\t%d  \t\t\t\t|\t\t\t%lu.%03lu\n", (readTimerShake128Total/countShake128), (readTimerShake128Proc/countShake128), wholeShake128HW, thousandthsShake128HW);
                               ^~~~~~~~~~~~~~~~~~~~~~~~~~~~~~~~~~~~~~~~~~~~~~~~~~~~~~~~~~~~~~~~~~~~~~~~~~~~~~~~~~~~~~~~                                          ~~~~~~~~~~~~~~~~~~~~~~~~~~~~~~~~~~~~~
../src/include/global_def.h:107:11: note: in definition of macro 'print_debug'
    printf(__VA_ARGS__); \
           ^~~~~~~~~~~
../src/include/test_kem.c:1034:31: warning: format '%d' expects argument of type 'int', but argument 2 has type 'u32' {aka 'long unsigned int'} [-Wformat=]
   print_debug(DEBUG_TEST_KEM, "\t\t Matrix SA\t\t|\t\t\t   %d   \t\t\t|\t\t\t\t%d  \t\t\t|\t\t\t%lu.%03lu\n", (readTimerMatrixSaTotal/countMatrixSa), (readTimerMatrixSaProc/countMatrixSa), wholeMatrixSaHW, thousandthsMatrixSaHW);
                               ^~~~~~~~~~~~~~~~~~~~~~~~~~~~~~~~~~~~~~~~~~~~~~~~~~~~~~~~~~~~~~~~~~~~~~~~~~~~~~  ~~~~~~~~~~~~~~~~~~~~~~~~~~~~~~~~~~~~~~
../src/include/global_def.h:107:11: note: in definition of macro 'print_debug'
    printf(__VA_ARGS__); \
           ^~~~~~~~~~~
../src/include/test_kem.c:1034:31: warning: format '%d' expects argument of type 'int', but argument 3 has type 'u32' {aka 'long unsigned int'} [-Wformat=]
   print_debug(DEBUG_TEST_KEM, "\t\t Matrix SA\t\t|\t\t\t   %d   \t\t\t|\t\t\t\t%d  \t\t\t|\t\t\t%lu.%03lu\n", (readTimerMatrixSaTotal/countMatrixSa), (readTimerMatrixSaProc/countMatrixSa), wholeMatrixSaHW, thousandthsMatrixSaHW);
                               ^~~~~~~~~~~~~~~~~~~~~~~~~~~~~~~~~~~~~~~~~~~~~~~~~~~~~~~~~~~~~~~~~~~~~~~~~~~~~~                                          ~~~~~~~~~~~~~~~~~~~~~~~~~~~~~~~~~~~~~
../src/include/global_def.h:107:11: note: in definition of macro 'print_debug'
    printf(__VA_ARGS__); \
           ^~~~~~~~~~~
../src/include/test_kem.c:1036:31: warning: format '%d' expects argument of type 'int', but argument 2 has type 'u32' {aka 'long unsigned int'} [-Wformat=]
   print_debug(DEBUG_TEST_KEM, "\t\t Matrix AS\t\t|\t\t\t   %d   \t\t\t|\t\t\t\t%d  \t\t\t|\t\t\t%lu.%03lu\n", (readTimerMatrixAsTotal/countMatrixAs), (readTimerMatrixAsProc/countMatrixAs), wholeMatrixAsHW, thousandthsMatrixAsHW);
                               ^~~~~~~~~~~~~~~~~~~~~~~~~~~~~~~~~~~~~~~~~~~~~~~~~~~~~~~~~~~~~~~~~~~~~~~~~~~~~~  ~~~~~~~~~~~~~~~~~~~~~~~~~~~~~~~~~~~~~~
../src/include/global_def.h:107:11: note: in definition of macro 'print_debug'
    printf(__VA_ARGS__); \
           ^~~~~~~~~~~
../src/include/test_kem.c:1036:31: warning: format '%d' expects argument of type 'int', but argument 3 has type 'u32' {aka 'long unsigned int'} [-Wformat=]
   print_debug(DEBUG_TEST_KEM, "\t\t Matrix AS\t\t|\t\t\t   %d   \t\t\t|\t\t\t\t%d  \t\t\t|\t\t\t%lu.%03lu\n", (readTimerMatrixAsTotal/countMatrixAs), (readTimerMatrixAsProc/countMatrixAs), wholeMatrixAsHW, thousandthsMatrixAsHW);
                               ^~~~~~~~~~~~~~~~~~~~~~~~~~~~~~~~~~~~~~~~~~~~~~~~~~~~~~~~~~~~~~~~~~~~~~~~~~~~~~                                          ~~~~~~~~~~~~~~~~~~~~~~~~~~~~~~~~~~~~~
../src/include/global_def.h:107:11: note: in definition of macro 'print_debug'
    printf(__VA_ARGS__); \
           ^~~~~~~~~~~
Finished building: ../src/include/test_kem.c
 
Building file: ../src/include/util.c
Invoking: ARM v7 gcc compiler
arm-none-eabi-gcc -Wall -O0 -g3 -c -fmessage-length=0 -MT"src/include/util.o" -mcpu=cortex-a9 -mfpu=vfpv3 -mfloat-abi=hard -I../../frodo_sdk_bsp/ps7_cortexa9_0/include -MMD -MP -MF"src/include/util.d" -MT"src/include/util.o" -o "src/include/util.o" "../src/include/util.c"
Finished building: ../src/include/util.c
 
Building file: ../src/main.c
Invoking: ARM v7 gcc compiler
arm-none-eabi-gcc -Wall -O0 -g3 -c -fmessage-length=0 -MT"src/main.o" -mcpu=cortex-a9 -mfpu=vfpv3 -mfloat-abi=hard -I../../frodo_sdk_bsp/ps7_cortexa9_0/include -MMD -MP -MF"src/main.d" -MT"src/main.o" -o "src/main.o" "../src/main.c"
Finished building: ../src/main.c
 
Building target: frodo_sdk.elf
Invoking: ARM v7 gcc linker
arm-none-eabi-gcc -mcpu=cortex-a9 -mfpu=vfpv3 -mfloat-abi=hard -Wl,-build-id=none -specs=Xilinx.spec -Wl,-T -Wl,../src/lscript.ld -L../../frodo_sdk_bsp/ps7_cortexa9_0/lib -o "frodo_sdk.elf"  ./src/include/fips202.o ./src/include/frodo_macrify.o ./src/include/keccak_f1600.o ./src/include/kem.o ./src/include/noise.o ./src/include/random.o ./src/include/test_KEM640.o ./src/include/test_kem.o ./src/include/util.o  ./src/main.o ./src/platform.o   -Wl,--start-group,-lxil,-lgcc,-lc,--end-group
Finished building target: frodo_sdk.elf
 
Invoking: ARM v7 Print Size
arm-none-eabi-size frodo_sdk.elf  |tee "frodo_sdk.elf.size"
   text	   data	    bss	    dec	    hex	filename
 127616	   2760	2104448	2234824	 2219c8	frodo_sdk.elf
Finished building: frodo_sdk.elf.size
 
10:34:21 **** Incremental Build of configuration Debug for project frodo_sdk ****
make pre-build main-build 
a9-linaro-pre-build-step
 
make: Nothing to be done for 'main-build'.
10:57:36 **** Incremental Build of configuration Debug for project frodo_sdk ****
make pre-build main-build 
a9-linaro-pre-build-step
 
Building file: ../src/include/test_kem.c
Invoking: ARM v7 gcc compiler
arm-none-eabi-gcc -Wall -O0 -g3 -c -fmessage-length=0 -MT"src/include/test_kem.o" -mcpu=cortex-a9 -mfpu=vfpv3 -mfloat-abi=hard -I../../frodo_sdk_bsp/ps7_cortexa9_0/include -MMD -MP -MF"src/include/test_kem.d" -MT"src/include/test_kem.o" -o "src/include/test_kem.o" "../src/include/test_kem.c"
../src/include/test_kem.c: In function 'frodo_mul_add_sa_plus_e':
../src/include/test_kem.c:364:59: warning: passing argument 5 of 'frodo_mul_add_sa_plus_e_SW' discards 'volatile' qualifier from pointer target type [-Wdiscarded-qualifiers]
   iReturn = frodo_mul_add_sa_plus_e_SW(out, s, e, seed_A, &t_matrix_sa_sw_acc, &iteration_sa_sw);
                                                           ^~~~~~~~~~~~~~~~~~~
In file included from ../src/include/fips202.h:14,
                 from ../src/include/frodo640.h:11,
                 from ../src/include/global_def.h:17,
                 from ../src/include/test_kem.c:9:
../src/include/frodo_macrify.h:23:118: note: expected 'uint32_t *' {aka 'long unsigned int *'} but argument is of type 'volatile uint32_t *' {aka 'volatile long unsigned int *'}
 int frodo_mul_add_sa_plus_e_SW(uint16_t *out, const uint16_t *s, const uint16_t *e, const uint8_t *seed_A, uint32_t *u32AccTime, uint32_t *u32ItCounter);
                                                                                                            ~~~~~~~~~~^~~~~~~~~~
../src/include/test_kem.c:364:80: warning: passing argument 6 of 'frodo_mul_add_sa_plus_e_SW' discards 'volatile' qualifier from pointer target type [-Wdiscarded-qualifiers]
   iReturn = frodo_mul_add_sa_plus_e_SW(out, s, e, seed_A, &t_matrix_sa_sw_acc, &iteration_sa_sw);
                                                                                ^~~~~~~~~~~~~~~~
In file included from ../src/include/fips202.h:14,
                 from ../src/include/frodo640.h:11,
                 from ../src/include/global_def.h:17,
                 from ../src/include/test_kem.c:9:
../src/include/frodo_macrify.h:23:140: note: expected 'uint32_t *' {aka 'long unsigned int *'} but argument is of type 'volatile uint32_t *' {aka 'volatile long unsigned int *'}
 int frodo_mul_add_sa_plus_e_SW(uint16_t *out, const uint16_t *s, const uint16_t *e, const uint8_t *seed_A, uint32_t *u32AccTime, uint32_t *u32ItCounter);
                                                                                                                                  ~~~~~~~~~~^~~~~~~~~~~~
../src/include/test_kem.c:368:59: warning: passing argument 5 of 'frodo_mul_add_sa_plus_e_HW' discards 'volatile' qualifier from pointer target type [-Wdiscarded-qualifiers]
   iReturn = frodo_mul_add_sa_plus_e_HW(out, s, e, seed_A, &t_matrix_sa_hw_acc, &iteration_sa_hw);
                                                           ^~~~~~~~~~~~~~~~~~~
In file included from ../src/include/fips202.h:14,
                 from ../src/include/frodo640.h:11,
                 from ../src/include/global_def.h:17,
                 from ../src/include/test_kem.c:9:
../src/include/frodo_macrify.h:24:118: note: expected 'uint32_t *' {aka 'long unsigned int *'} but argument is of type 'volatile uint32_t *' {aka 'volatile long unsigned int *'}
 int frodo_mul_add_sa_plus_e_HW(uint16_t *out, const uint16_t *s, const uint16_t *e, const uint8_t *seed_A, uint32_t *u32AccTime, uint32_t *u32ItCounter);
                                                                                                            ~~~~~~~~~~^~~~~~~~~~
../src/include/test_kem.c:368:80: warning: passing argument 6 of 'frodo_mul_add_sa_plus_e_HW' discards 'volatile' qualifier from pointer target type [-Wdiscarded-qualifiers]
   iReturn = frodo_mul_add_sa_plus_e_HW(out, s, e, seed_A, &t_matrix_sa_hw_acc, &iteration_sa_hw);
                                                                                ^~~~~~~~~~~~~~~~
In file included from ../src/include/fips202.h:14,
                 from ../src/include/frodo640.h:11,
                 from ../src/include/global_def.h:17,
                 from ../src/include/test_kem.c:9:
../src/include/frodo_macrify.h:24:140: note: expected 'uint32_t *' {aka 'long unsigned int *'} but argument is of type 'volatile uint32_t *' {aka 'volatile long unsigned int *'}
 int frodo_mul_add_sa_plus_e_HW(uint16_t *out, const uint16_t *s, const uint16_t *e, const uint8_t *seed_A, uint32_t *u32AccTime, uint32_t *u32ItCounter);
                                                                                                                                  ~~~~~~~~~~^~~~~~~~~~~~
In file included from ../src/include/test_kem.c:9:
../src/include/test_kem.c:380:28: warning: format '%d' expects argument of type 'int', but argument 4 has type 'u32' {aka 'long unsigned int'} [-Wformat=]
   print_debug(DEBUG_TIMER, "[TEST_KEM] Time took to process Matrix-SA: %lu.%03lu us (%d ticks)\n", whole, thousandths, readTimer);
                            ^~~~~~~~~~~~~~~~~~~~~~~~~~~~~~~~~~~~~~~~~~~~~~~~~~~~~~~~~~~~~~~~~~~~~~                      ~~~~~~~~~
../src/include/global_def.h:107:11: note: in definition of macro 'print_debug'
    printf(__VA_ARGS__); \
           ^~~~~~~~~~~
../src/include/test_kem.c:387:28: warning: format '%d' expects argument of type 'int', but argument 4 has type 'u32' {aka 'long unsigned int'} [-Wformat=]
   print_debug(DEBUG_TIMER, "[TEST_KEM] Time took to process Matrix-SA: %lu.%03lu us (%d ticks)\n", whole, thousandths, readTimer);
                            ^~~~~~~~~~~~~~~~~~~~~~~~~~~~~~~~~~~~~~~~~~~~~~~~~~~~~~~~~~~~~~~~~~~~~~                      ~~~~~~~~~
../src/include/global_def.h:107:11: note: in definition of macro 'print_debug'
    printf(__VA_ARGS__); \
           ^~~~~~~~~~~
../src/include/test_kem.c: In function 'frodo_mul_add_as_plus_e':
../src/include/test_kem.c:404:59: warning: passing argument 5 of 'frodo_mul_add_as_plus_e_SW' discards 'volatile' qualifier from pointer target type [-Wdiscarded-qualifiers]
   iReturn = frodo_mul_add_as_plus_e_SW(out, s, e, seed_A, &t_matrix_as_sw_acc, &iteration_as_sw);
                                                           ^~~~~~~~~~~~~~~~~~~
In file included from ../src/include/fips202.h:14,
                 from ../src/include/frodo640.h:11,
                 from ../src/include/global_def.h:17,
                 from ../src/include/test_kem.c:9:
../src/include/frodo_macrify.h:20:116: note: expected 'uint32_t *' {aka 'long unsigned int *'} but argument is of type 'volatile uint32_t *' {aka 'volatile long unsigned int *'}
 int frodo_mul_add_as_plus_e_SW(uint16_t *b, const uint16_t *s, const uint16_t *e, const uint8_t *seed_A, uint32_t *u32AccTime, uint32_t *u32ItCounter);
                                                                                                          ~~~~~~~~~~^~~~~~~~~~
../src/include/test_kem.c:404:80: warning: passing argument 6 of 'frodo_mul_add_as_plus_e_SW' discards 'volatile' qualifier from pointer target type [-Wdiscarded-qualifiers]
   iReturn = frodo_mul_add_as_plus_e_SW(out, s, e, seed_A, &t_matrix_as_sw_acc, &iteration_as_sw);
                                                                                ^~~~~~~~~~~~~~~~
In file included from ../src/include/fips202.h:14,
                 from ../src/include/frodo640.h:11,
                 from ../src/include/global_def.h:17,
                 from ../src/include/test_kem.c:9:
../src/include/frodo_macrify.h:20:138: note: expected 'uint32_t *' {aka 'long unsigned int *'} but argument is of type 'volatile uint32_t *' {aka 'volatile long unsigned int *'}
 int frodo_mul_add_as_plus_e_SW(uint16_t *b, const uint16_t *s, const uint16_t *e, const uint8_t *seed_A, uint32_t *u32AccTime, uint32_t *u32ItCounter);
                                                                                                                                ~~~~~~~~~~^~~~~~~~~~~~
../src/include/test_kem.c:408:59: warning: passing argument 5 of 'frodo_mul_add_as_plus_e_HW' discards 'volatile' qualifier from pointer target type [-Wdiscarded-qualifiers]
   iReturn = frodo_mul_add_as_plus_e_HW(out, s, e, seed_A, &t_matrix_as_hw_acc, &iteration_as_hw);
                                                           ^~~~~~~~~~~~~~~~~~~
In file included from ../src/include/fips202.h:14,
                 from ../src/include/frodo640.h:11,
                 from ../src/include/global_def.h:17,
                 from ../src/include/test_kem.c:9:
../src/include/frodo_macrify.h:21:116: note: expected 'uint32_t *' {aka 'long unsigned int *'} but argument is of type 'volatile uint32_t *' {aka 'volatile long unsigned int *'}
 int frodo_mul_add_as_plus_e_HW(uint16_t *b, const uint16_t *s, const uint16_t *e, const uint8_t *seed_A, uint32_t *u32AccTime, uint32_t *u32ItCounter);
                                                                                                          ~~~~~~~~~~^~~~~~~~~~
../src/include/test_kem.c:408:80: warning: passing argument 6 of 'frodo_mul_add_as_plus_e_HW' discards 'volatile' qualifier from pointer target type [-Wdiscarded-qualifiers]
   iReturn = frodo_mul_add_as_plus_e_HW(out, s, e, seed_A, &t_matrix_as_hw_acc, &iteration_as_hw);
                                                                                ^~~~~~~~~~~~~~~~
In file included from ../src/include/fips202.h:14,
                 from ../src/include/frodo640.h:11,
                 from ../src/include/global_def.h:17,
                 from ../src/include/test_kem.c:9:
../src/include/frodo_macrify.h:21:138: note: expected 'uint32_t *' {aka 'long unsigned int *'} but argument is of type 'volatile uint32_t *' {aka 'volatile long unsigned int *'}
 int frodo_mul_add_as_plus_e_HW(uint16_t *b, const uint16_t *s, const uint16_t *e, const uint8_t *seed_A, uint32_t *u32AccTime, uint32_t *u32ItCounter);
                                                                                                                                ~~~~~~~~~~^~~~~~~~~~~~
In file included from ../src/include/test_kem.c:9:
../src/include/test_kem.c:420:28: warning: format '%d' expects argument of type 'int', but argument 4 has type 'u32' {aka 'long unsigned int'} [-Wformat=]
   print_debug(DEBUG_TIMER, "[TEST_KEM] Time took to process Matrix-AS: %lu.%03lu us (%d ticks)\n", whole, thousandths, readTimer);
                            ^~~~~~~~~~~~~~~~~~~~~~~~~~~~~~~~~~~~~~~~~~~~~~~~~~~~~~~~~~~~~~~~~~~~~~                      ~~~~~~~~~
../src/include/global_def.h:107:11: note: in definition of macro 'print_debug'
    printf(__VA_ARGS__); \
           ^~~~~~~~~~~
../src/include/test_kem.c:427:28: warning: format '%d' expects argument of type 'int', but argument 4 has type 'u32' {aka 'long unsigned int'} [-Wformat=]
   print_debug(DEBUG_TIMER, "[TEST_KEM] Time took to process Matrix-AS: %lu.%03lu us (%d ticks)\n", whole, thousandths, readTimer);
                            ^~~~~~~~~~~~~~~~~~~~~~~~~~~~~~~~~~~~~~~~~~~~~~~~~~~~~~~~~~~~~~~~~~~~~~                      ~~~~~~~~~
../src/include/global_def.h:107:11: note: in definition of macro 'print_debug'
    printf(__VA_ARGS__); \
           ^~~~~~~~~~~
../src/include/test_kem.c: In function 'kem_test':
../src/include/test_kem.c:1003:31: warning: format '%d' expects argument of type 'int', but argument 2 has type 'uint32_t' {aka 'volatile long unsigned int'} [-Wformat=]
   print_debug(DEBUG_TEST_KEM, "\t   SHAKE128  \t|\t   %d   \t|\t\t   %d   \t\t\t|\t\t\t\t%d\t\t\t\t\t|\t\t\t%d  \t\t\t|\t\t\t\t\t%d\t\t\t\t|\t\t\t%lu.%03lu\n", iteration_shake128_sw, (t_shake128_sw_acc)/666, (t_shake128_sw_acc/iteration_shake128_sw)/666, (t_shake128_hw_acc)/666, (t_shake128_hw_acc/iteration_shake128_hw)/666, wholeShake128, thousandthsShake128);
                               ^~~~~~~~~~~~~~~~~~~~~~~~~~~~~~~~~~~~~~~~~~~~~~~~~~~~~~~~~~~~~~~~~~~~~~~~~~~~~~~~~~~~~~~~~~~~~~~~~~~~~~~~~~~~~~~~~~~~~~~~~~~~~~~~  ~~~~~~~~~~~~~~~~~~~~~
../src/include/global_def.h:107:11: note: in definition of macro 'print_debug'
    printf(__VA_ARGS__); \
           ^~~~~~~~~~~
../src/include/test_kem.c:1003:31: warning: format '%d' expects argument of type 'int', but argument 3 has type 'long unsigned int' [-Wformat=]
   print_debug(DEBUG_TEST_KEM, "\t   SHAKE128  \t|\t   %d   \t|\t\t   %d   \t\t\t|\t\t\t\t%d\t\t\t\t\t|\t\t\t%d  \t\t\t|\t\t\t\t\t%d\t\t\t\t|\t\t\t%lu.%03lu\n", iteration_shake128_sw, (t_shake128_sw_acc)/666, (t_shake128_sw_acc/iteration_shake128_sw)/666, (t_shake128_hw_acc)/666, (t_shake128_hw_acc/iteration_shake128_hw)/666, wholeShake128, thousandthsShake128);
                               ^~~~~~~~~~~~~~~~~~~~~~~~~~~~~~~~~~~~~~~~~~~~~~~~~~~~~~~~~~~~~~~~~~~~~~~~~~~~~~~~~~~~~~~~~~~~~~~~~~~~~~~~~~~~~~~~~~~~~~~~~~~~~~~~                         ~~~~~~~~~~~~~~~~~~~~~~~
../src/include/global_def.h:107:11: note: in definition of macro 'print_debug'
    printf(__VA_ARGS__); \
           ^~~~~~~~~~~
../src/include/test_kem.c:1003:31: warning: format '%d' expects argument of type 'int', but argument 4 has type 'long unsigned int' [-Wformat=]
   print_debug(DEBUG_TEST_KEM, "\t   SHAKE128  \t|\t   %d   \t|\t\t   %d   \t\t\t|\t\t\t\t%d\t\t\t\t\t|\t\t\t%d  \t\t\t|\t\t\t\t\t%d\t\t\t\t|\t\t\t%lu.%03lu\n", iteration_shake128_sw, (t_shake128_sw_acc)/666, (t_shake128_sw_acc/iteration_shake128_sw)/666, (t_shake128_hw_acc)/666, (t_shake128_hw_acc/iteration_shake128_hw)/666, wholeShake128, thousandthsShake128);
                               ^~~~~~~~~~~~~~~~~~~~~~~~~~~~~~~~~~~~~~~~~~~~~~~~~~~~~~~~~~~~~~~~~~~~~~~~~~~~~~~~~~~~~~~~~~~~~~~~~~~~~~~~~~~~~~~~~~~~~~~~~~~~~~~~                                                  ~~~~~~~~~~~~~~~~~~~~~~~~~~~~~~~~~~~~~~~~~~~~~
../src/include/global_def.h:107:11: note: in definition of macro 'print_debug'
    printf(__VA_ARGS__); \
           ^~~~~~~~~~~
../src/include/test_kem.c:1003:31: warning: format '%d' expects argument of type 'int', but argument 5 has type 'long unsigned int' [-Wformat=]
   print_debug(DEBUG_TEST_KEM, "\t   SHAKE128  \t|\t   %d   \t|\t\t   %d   \t\t\t|\t\t\t\t%d\t\t\t\t\t|\t\t\t%d  \t\t\t|\t\t\t\t\t%d\t\t\t\t|\t\t\t%lu.%03lu\n", iteration_shake128_sw, (t_shake128_sw_acc)/666, (t_shake128_sw_acc/iteration_shake128_sw)/666, (t_shake128_hw_acc)/666, (t_shake128_hw_acc/iteration_shake128_hw)/666, wholeShake128, thousandthsShake128);
                               ^~~~~~~~~~~~~~~~~~~~~~~~~~~~~~~~~~~~~~~~~~~~~~~~~~~~~~~~~~~~~~~~~~~~~~~~~~~~~~~~~~~~~~~~~~~~~~~~~~~~~~~~~~~~~~~~~~~~~~~~~~~~~~~~                                                                                                 ~~~~~~~~~~~~~~~~~~~~~~~
../src/include/global_def.h:107:11: note: in definition of macro 'print_debug'
    printf(__VA_ARGS__); \
           ^~~~~~~~~~~
../src/include/test_kem.c:1003:31: warning: format '%d' expects argument of type 'int', but argument 6 has type 'long unsigned int' [-Wformat=]
   print_debug(DEBUG_TEST_KEM, "\t   SHAKE128  \t|\t   %d   \t|\t\t   %d   \t\t\t|\t\t\t\t%d\t\t\t\t\t|\t\t\t%d  \t\t\t|\t\t\t\t\t%d\t\t\t\t|\t\t\t%lu.%03lu\n", iteration_shake128_sw, (t_shake128_sw_acc)/666, (t_shake128_sw_acc/iteration_shake128_sw)/666, (t_shake128_hw_acc)/666, (t_shake128_hw_acc/iteration_shake128_hw)/666, wholeShake128, thousandthsShake128);
                               ^~~~~~~~~~~~~~~~~~~~~~~~~~~~~~~~~~~~~~~~~~~~~~~~~~~~~~~~~~~~~~~~~~~~~~~~~~~~~~~~~~~~~~~~~~~~~~~~~~~~~~~~~~~~~~~~~~~~~~~~~~~~~~~~                                                                                                                          ~~~~~~~~~~~~~~~~~~~~~~~~~~~~~~~~~~~~~~~~~~~~~
../src/include/global_def.h:107:11: note: in definition of macro 'print_debug'
    printf(__VA_ARGS__); \
           ^~~~~~~~~~~
../src/include/test_kem.c:1005:31: warning: format '%d' expects argument of type 'int', but argument 2 has type 'uint32_t' {aka 'volatile long unsigned int'} [-Wformat=]
   print_debug(DEBUG_TEST_KEM, "\t\t Matrix SA\t\t|\t\t   %d   \t\t|\t\t   %d   \t\t\t|\t\t\t%d  \t\t\t\t|\t\t\t%d  \t\t\t|\t\t\t\t%d  \t\t\t|\t\t\t%lu.%03lu\n", iteration_sa_sw, (t_matrix_sa_sw_acc)/666, (t_matrix_sa_sw_acc/iteration_sa_sw)/666, (t_matrix_sa_hw_acc)/666, (t_matrix_sa_hw_acc/iteration_sa_hw)/666, wholeMatrixSa, thousandthsMatrixSa);
                               ^~~~~~~~~~~~~~~~~~~~~~~~~~~~~~~~~~~~~~~~~~~~~~~~~~~~~~~~~~~~~~~~~~~~~~~~~~~~~~~~~~~~~~~~~~~~~~~~~~~~~~~~~~~~~~~~~~~~~~~~~~~~~~~~~  ~~~~~~~~~~~~~~~
../src/include/global_def.h:107:11: note: in definition of macro 'print_debug'
    printf(__VA_ARGS__); \
           ^~~~~~~~~~~
../src/include/test_kem.c:1005:31: warning: format '%d' expects argument of type 'int', but argument 3 has type 'long unsigned int' [-Wformat=]
   print_debug(DEBUG_TEST_KEM, "\t\t Matrix SA\t\t|\t\t   %d   \t\t|\t\t   %d   \t\t\t|\t\t\t%d  \t\t\t\t|\t\t\t%d  \t\t\t|\t\t\t\t%d  \t\t\t|\t\t\t%lu.%03lu\n", iteration_sa_sw, (t_matrix_sa_sw_acc)/666, (t_matrix_sa_sw_acc/iteration_sa_sw)/666, (t_matrix_sa_hw_acc)/666, (t_matrix_sa_hw_acc/iteration_sa_hw)/666, wholeMatrixSa, thousandthsMatrixSa);
                               ^~~~~~~~~~~~~~~~~~~~~~~~~~~~~~~~~~~~~~~~~~~~~~~~~~~~~~~~~~~~~~~~~~~~~~~~~~~~~~~~~~~~~~~~~~~~~~~~~~~~~~~~~~~~~~~~~~~~~~~~~~~~~~~~~                   ~~~~~~~~~~~~~~~~~~~~~~~~
../src/include/global_def.h:107:11: note: in definition of macro 'print_debug'
    printf(__VA_ARGS__); \
           ^~~~~~~~~~~
../src/include/test_kem.c:1005:31: warning: format '%d' expects argument of type 'int', but argument 4 has type 'long unsigned int' [-Wformat=]
   print_debug(DEBUG_TEST_KEM, "\t\t Matrix SA\t\t|\t\t   %d   \t\t|\t\t   %d   \t\t\t|\t\t\t%d  \t\t\t\t|\t\t\t%d  \t\t\t|\t\t\t\t%d  \t\t\t|\t\t\t%lu.%03lu\n", iteration_sa_sw, (t_matrix_sa_sw_acc)/666, (t_matrix_sa_sw_acc/iteration_sa_sw)/666, (t_matrix_sa_hw_acc)/666, (t_matrix_sa_hw_acc/iteration_sa_hw)/666, wholeMatrixSa, thousandthsMatrixSa);
                               ^~~~~~~~~~~~~~~~~~~~~~~~~~~~~~~~~~~~~~~~~~~~~~~~~~~~~~~~~~~~~~~~~~~~~~~~~~~~~~~~~~~~~~~~~~~~~~~~~~~~~~~~~~~~~~~~~~~~~~~~~~~~~~~~~                                             ~~~~~~~~~~~~~~~~~~~~~~~~~~~~~~~~~~~~~~~~
../src/include/global_def.h:107:11: note: in definition of macro 'print_debug'
    printf(__VA_ARGS__); \
           ^~~~~~~~~~~
../src/include/test_kem.c:1005:31: warning: format '%d' expects argument of type 'int', but argument 5 has type 'long unsigned int' [-Wformat=]
   print_debug(DEBUG_TEST_KEM, "\t\t Matrix SA\t\t|\t\t   %d   \t\t|\t\t   %d   \t\t\t|\t\t\t%d  \t\t\t\t|\t\t\t%d  \t\t\t|\t\t\t\t%d  \t\t\t|\t\t\t%lu.%03lu\n", iteration_sa_sw, (t_matrix_sa_sw_acc)/666, (t_matrix_sa_sw_acc/iteration_sa_sw)/666, (t_matrix_sa_hw_acc)/666, (t_matrix_sa_hw_acc/iteration_sa_hw)/666, wholeMatrixSa, thousandthsMatrixSa);
                               ^~~~~~~~~~~~~~~~~~~~~~~~~~~~~~~~~~~~~~~~~~~~~~~~~~~~~~~~~~~~~~~~~~~~~~~~~~~~~~~~~~~~~~~~~~~~~~~~~~~~~~~~~~~~~~~~~~~~~~~~~~~~~~~~~                                                                                       ~~~~~~~~~~~~~~~~~~~~~~~~
../src/include/global_def.h:107:11: note: in definition of macro 'print_debug'
    printf(__VA_ARGS__); \
           ^~~~~~~~~~~
../src/include/test_kem.c:1005:31: warning: format '%d' expects argument of type 'int', but argument 6 has type 'long unsigned int' [-Wformat=]
   print_debug(DEBUG_TEST_KEM, "\t\t Matrix SA\t\t|\t\t   %d   \t\t|\t\t   %d   \t\t\t|\t\t\t%d  \t\t\t\t|\t\t\t%d  \t\t\t|\t\t\t\t%d  \t\t\t|\t\t\t%lu.%03lu\n", iteration_sa_sw, (t_matrix_sa_sw_acc)/666, (t_matrix_sa_sw_acc/iteration_sa_sw)/666, (t_matrix_sa_hw_acc)/666, (t_matrix_sa_hw_acc/iteration_sa_hw)/666, wholeMatrixSa, thousandthsMatrixSa);
                               ^~~~~~~~~~~~~~~~~~~~~~~~~~~~~~~~~~~~~~~~~~~~~~~~~~~~~~~~~~~~~~~~~~~~~~~~~~~~~~~~~~~~~~~~~~~~~~~~~~~~~~~~~~~~~~~~~~~~~~~~~~~~~~~~~                                                                                                                 ~~~~~~~~~~~~~~~~~~~~~~~~~~~~~~~~~~~~~~~~
../src/include/global_def.h:107:11: note: in definition of macro 'print_debug'
    printf(__VA_ARGS__); \
           ^~~~~~~~~~~
../src/include/test_kem.c:1007:31: warning: format '%d' expects argument of type 'int', but argument 2 has type 'uint32_t' {aka 'volatile long unsigned int'} [-Wformat=]
   print_debug(DEBUG_TEST_KEM, "\t\t Matrix AS\t\t|\t\t   %d   \t\t|\t\t   %d   \t\t\t|\t\t\t%d  \t\t\t\t|\t\t\t%d  \t\t\t|\t\t\t\t%d  \t\t\t\t|\t\t\t%lu.%03lu\n", iteration_as_sw, (t_matrix_as_sw_acc)/666, (t_matrix_as_sw_acc/iteration_as_sw)/666, (t_matrix_as_hw_acc)/666, (t_matrix_as_hw_acc/iteration_as_hw)/666, wholeMatrixAs, thousandthsMatrixAs);
                               ^~~~~~~~~~~~~~~~~~~~~~~~~~~~~~~~~~~~~~~~~~~~~~~~~~~~~~~~~~~~~~~~~~~~~~~~~~~~~~~~~~~~~~~~~~~~~~~~~~~~~~~~~~~~~~~~~~~~~~~~~~~~~~~~~~~  ~~~~~~~~~~~~~~~
../src/include/global_def.h:107:11: note: in definition of macro 'print_debug'
    printf(__VA_ARGS__); \
           ^~~~~~~~~~~
../src/include/test_kem.c:1007:31: warning: format '%d' expects argument of type 'int', but argument 3 has type 'long unsigned int' [-Wformat=]
   print_debug(DEBUG_TEST_KEM, "\t\t Matrix AS\t\t|\t\t   %d   \t\t|\t\t   %d   \t\t\t|\t\t\t%d  \t\t\t\t|\t\t\t%d  \t\t\t|\t\t\t\t%d  \t\t\t\t|\t\t\t%lu.%03lu\n", iteration_as_sw, (t_matrix_as_sw_acc)/666, (t_matrix_as_sw_acc/iteration_as_sw)/666, (t_matrix_as_hw_acc)/666, (t_matrix_as_hw_acc/iteration_as_hw)/666, wholeMatrixAs, thousandthsMatrixAs);
                               ^~~~~~~~~~~~~~~~~~~~~~~~~~~~~~~~~~~~~~~~~~~~~~~~~~~~~~~~~~~~~~~~~~~~~~~~~~~~~~~~~~~~~~~~~~~~~~~~~~~~~~~~~~~~~~~~~~~~~~~~~~~~~~~~~~~                   ~~~~~~~~~~~~~~~~~~~~~~~~
../src/include/global_def.h:107:11: note: in definition of macro 'print_debug'
    printf(__VA_ARGS__); \
           ^~~~~~~~~~~
../src/include/test_kem.c:1007:31: warning: format '%d' expects argument of type 'int', but argument 4 has type 'long unsigned int' [-Wformat=]
   print_debug(DEBUG_TEST_KEM, "\t\t Matrix AS\t\t|\t\t   %d   \t\t|\t\t   %d   \t\t\t|\t\t\t%d  \t\t\t\t|\t\t\t%d  \t\t\t|\t\t\t\t%d  \t\t\t\t|\t\t\t%lu.%03lu\n", iteration_as_sw, (t_matrix_as_sw_acc)/666, (t_matrix_as_sw_acc/iteration_as_sw)/666, (t_matrix_as_hw_acc)/666, (t_matrix_as_hw_acc/iteration_as_hw)/666, wholeMatrixAs, thousandthsMatrixAs);
                               ^~~~~~~~~~~~~~~~~~~~~~~~~~~~~~~~~~~~~~~~~~~~~~~~~~~~~~~~~~~~~~~~~~~~~~~~~~~~~~~~~~~~~~~~~~~~~~~~~~~~~~~~~~~~~~~~~~~~~~~~~~~~~~~~~~~                                             ~~~~~~~~~~~~~~~~~~~~~~~~~~~~~~~~~~~~~~~~
../src/include/global_def.h:107:11: note: in definition of macro 'print_debug'
    printf(__VA_ARGS__); \
           ^~~~~~~~~~~
../src/include/test_kem.c:1007:31: warning: format '%d' expects argument of type 'int', but argument 5 has type 'long unsigned int' [-Wformat=]
   print_debug(DEBUG_TEST_KEM, "\t\t Matrix AS\t\t|\t\t   %d   \t\t|\t\t   %d   \t\t\t|\t\t\t%d  \t\t\t\t|\t\t\t%d  \t\t\t|\t\t\t\t%d  \t\t\t\t|\t\t\t%lu.%03lu\n", iteration_as_sw, (t_matrix_as_sw_acc)/666, (t_matrix_as_sw_acc/iteration_as_sw)/666, (t_matrix_as_hw_acc)/666, (t_matrix_as_hw_acc/iteration_as_hw)/666, wholeMatrixAs, thousandthsMatrixAs);
                               ^~~~~~~~~~~~~~~~~~~~~~~~~~~~~~~~~~~~~~~~~~~~~~~~~~~~~~~~~~~~~~~~~~~~~~~~~~~~~~~~~~~~~~~~~~~~~~~~~~~~~~~~~~~~~~~~~~~~~~~~~~~~~~~~~~~                                                                                       ~~~~~~~~~~~~~~~~~~~~~~~~
../src/include/global_def.h:107:11: note: in definition of macro 'print_debug'
    printf(__VA_ARGS__); \
           ^~~~~~~~~~~
../src/include/test_kem.c:1007:31: warning: format '%d' expects argument of type 'int', but argument 6 has type 'long unsigned int' [-Wformat=]
   print_debug(DEBUG_TEST_KEM, "\t\t Matrix AS\t\t|\t\t   %d   \t\t|\t\t   %d   \t\t\t|\t\t\t%d  \t\t\t\t|\t\t\t%d  \t\t\t|\t\t\t\t%d  \t\t\t\t|\t\t\t%lu.%03lu\n", iteration_as_sw, (t_matrix_as_sw_acc)/666, (t_matrix_as_sw_acc/iteration_as_sw)/666, (t_matrix_as_hw_acc)/666, (t_matrix_as_hw_acc/iteration_as_hw)/666, wholeMatrixAs, thousandthsMatrixAs);
                               ^~~~~~~~~~~~~~~~~~~~~~~~~~~~~~~~~~~~~~~~~~~~~~~~~~~~~~~~~~~~~~~~~~~~~~~~~~~~~~~~~~~~~~~~~~~~~~~~~~~~~~~~~~~~~~~~~~~~~~~~~~~~~~~~~~~                                                                                                                 ~~~~~~~~~~~~~~~~~~~~~~~~~~~~~~~~~~~~~~~~
../src/include/global_def.h:107:11: note: in definition of macro 'print_debug'
    printf(__VA_ARGS__); \
           ^~~~~~~~~~~
../src/include/test_kem.c:1032:31: warning: format '%d' expects argument of type 'int', but argument 2 has type 'u32' {aka 'long unsigned int'} [-Wformat=]
   print_debug(DEBUG_TEST_KEM, "\t\t  Shake128  \t|\t\t\t\t   %d   \t\t\t\t|\t\t\t\t   %d   \t\t\t\t|\t\t\t\t   %d   \t\t\t\t|\t\t\t\t   %d   \t\t\t\t|\t\t\t\t\t%d  \t\t\t\t|\t\t\t%lu.%03lu\n", countShake128, readTimerShake128Total, (readTimerShake128Total/countShake128), readTimerShake128Proc, (readTimerShake128Proc/countShake128), wholeShake128HW, thousandthsShake128HW);
                               ^~~~~~~~~~~~~~~~~~~~~~~~~~~~~~~~~~~~~~~~~~~~~~~~~~~~~~~~~~~~~~~~~~~~~~~~~~~~~~~~~~~~~~~~~~~~~~~~~~~~~~~~~~~~~~~~~~~~~~~~~~~~~~~~~~~~~~~~~~~~~~~~~~~~~~~~~~~~~~~~~  ~~~~~~~~~~~~~
../src/include/global_def.h:107:11: note: in definition of macro 'print_debug'
    printf(__VA_ARGS__); \
           ^~~~~~~~~~~
../src/include/test_kem.c:1032:31: warning: format '%d' expects argument of type 'int', but argument 3 has type 'u32' {aka 'long unsigned int'} [-Wformat=]
   print_debug(DEBUG_TEST_KEM, "\t\t  Shake128  \t|\t\t\t\t   %d   \t\t\t\t|\t\t\t\t   %d   \t\t\t\t|\t\t\t\t   %d   \t\t\t\t|\t\t\t\t   %d   \t\t\t\t|\t\t\t\t\t%d  \t\t\t\t|\t\t\t%lu.%03lu\n", countShake128, readTimerShake128Total, (readTimerShake128Total/countShake128), readTimerShake128Proc, (readTimerShake128Proc/countShake128), wholeShake128HW, thousandthsShake128HW);
                               ^~~~~~~~~~~~~~~~~~~~~~~~~~~~~~~~~~~~~~~~~~~~~~~~~~~~~~~~~~~~~~~~~~~~~~~~~~~~~~~~~~~~~~~~~~~~~~~~~~~~~~~~~~~~~~~~~~~~~~~~~~~~~~~~~~~~~~~~~~~~~~~~~~~~~~~~~~~~~~~~~                 ~~~~~~~~~~~~~~~~~~~~~~
../src/include/global_def.h:107:11: note: in definition of macro 'print_debug'
    printf(__VA_ARGS__); \
           ^~~~~~~~~~~
../src/include/test_kem.c:1032:31: warning: format '%d' expects argument of type 'int', but argument 4 has type 'u32' {aka 'long unsigned int'} [-Wformat=]
   print_debug(DEBUG_TEST_KEM, "\t\t  Shake128  \t|\t\t\t\t   %d   \t\t\t\t|\t\t\t\t   %d   \t\t\t\t|\t\t\t\t   %d   \t\t\t\t|\t\t\t\t   %d   \t\t\t\t|\t\t\t\t\t%d  \t\t\t\t|\t\t\t%lu.%03lu\n", countShake128, readTimerShake128Total, (readTimerShake128Total/countShake128), readTimerShake128Proc, (readTimerShake128Proc/countShake128), wholeShake128HW, thousandthsShake128HW);
                               ^~~~~~~~~~~~~~~~~~~~~~~~~~~~~~~~~~~~~~~~~~~~~~~~~~~~~~~~~~~~~~~~~~~~~~~~~~~~~~~~~~~~~~~~~~~~~~~~~~~~~~~~~~~~~~~~~~~~~~~~~~~~~~~~~~~~~~~~~~~~~~~~~~~~~~~~~~~~~~~~~                                         ~~~~~~~~~~~~~~~~~~~~~~~~~~~~~~~~~~~~~~
../src/include/global_def.h:107:11: note: in definition of macro 'print_debug'
    printf(__VA_ARGS__); \
           ^~~~~~~~~~~
../src/include/test_kem.c:1032:31: warning: format '%d' expects argument of type 'int', but argument 5 has type 'u32' {aka 'long unsigned int'} [-Wformat=]
   print_debug(DEBUG_TEST_KEM, "\t\t  Shake128  \t|\t\t\t\t   %d   \t\t\t\t|\t\t\t\t   %d   \t\t\t\t|\t\t\t\t   %d   \t\t\t\t|\t\t\t\t   %d   \t\t\t\t|\t\t\t\t\t%d  \t\t\t\t|\t\t\t%lu.%03lu\n", countShake128, readTimerShake128Total, (readTimerShake128Total/countShake128), readTimerShake128Proc, (readTimerShake128Proc/countShake128), wholeShake128HW, thousandthsShake128HW);
                               ^~~~~~~~~~~~~~~~~~~~~~~~~~~~~~~~~~~~~~~~~~~~~~~~~~~~~~~~~~~~~~~~~~~~~~~~~~~~~~~~~~~~~~~~~~~~~~~~~~~~~~~~~~~~~~~~~~~~~~~~~~~~~~~~~~~~~~~~~~~~~~~~~~~~~~~~~~~~~~~~~                                                                                 ~~~~~~~~~~~~~~~~~~~~~
../src/include/global_def.h:107:11: note: in definition of macro 'print_debug'
    printf(__VA_ARGS__); \
           ^~~~~~~~~~~
../src/include/test_kem.c:1032:31: warning: format '%d' expects argument of type 'int', but argument 6 has type 'u32' {aka 'long unsigned int'} [-Wformat=]
   print_debug(DEBUG_TEST_KEM, "\t\t  Shake128  \t|\t\t\t\t   %d   \t\t\t\t|\t\t\t\t   %d   \t\t\t\t|\t\t\t\t   %d   \t\t\t\t|\t\t\t\t   %d   \t\t\t\t|\t\t\t\t\t%d  \t\t\t\t|\t\t\t%lu.%03lu\n", countShake128, readTimerShake128Total, (readTimerShake128Total/countShake128), readTimerShake128Proc, (readTimerShake128Proc/countShake128), wholeShake128HW, thousandthsShake128HW);
                               ^~~~~~~~~~~~~~~~~~~~~~~~~~~~~~~~~~~~~~~~~~~~~~~~~~~~~~~~~~~~~~~~~~~~~~~~~~~~~~~~~~~~~~~~~~~~~~~~~~~~~~~~~~~~~~~~~~~~~~~~~~~~~~~~~~~~~~~~~~~~~~~~~~~~~~~~~~~~~~~~~                                                                                                        ~~~~~~~~~~~~~~~~~~~~~~~~~~~~~~~~~~~~~
../src/include/global_def.h:107:11: note: in definition of macro 'print_debug'
    printf(__VA_ARGS__); \
           ^~~~~~~~~~~
../src/include/test_kem.c:1034:31: warning: format '%d' expects argument of type 'int', but argument 2 has type 'u32' {aka 'long unsigned int'} [-Wformat=]
   print_debug(DEBUG_TEST_KEM, "\t\t Matrix SA\t\t|\t\t\t\t   %d   \t\t\t\t|\t\t\t\t   %d   \t\t\t\t|\t\t\t\t   %d   \t\t\t\t|\t\t\t   %d   \t\t\t|\t\t\t\t%d  \t\t\t|\t\t\t%lu.%03lu\n", countMatrixSa, readTimerMatrixSaTotal, (readTimerMatrixSaTotal/countMatrixSa), readTimerMatrixSaProc, (readTimerMatrixSaProc/countMatrixSa), wholeMatrixSaHW, thousandthsMatrixSaHW);
                               ^~~~~~~~~~~~~~~~~~~~~~~~~~~~~~~~~~~~~~~~~~~~~~~~~~~~~~~~~~~~~~~~~~~~~~~~~~~~~~~~~~~~~~~~~~~~~~~~~~~~~~~~~~~~~~~~~~~~~~~~~~~~~~~~~~~~~~~~~~~~~~~~~~~~~~~~~  ~~~~~~~~~~~~~
../src/include/global_def.h:107:11: note: in definition of macro 'print_debug'
    printf(__VA_ARGS__); \
           ^~~~~~~~~~~
../src/include/test_kem.c:1034:31: warning: format '%d' expects argument of type 'int', but argument 3 has type 'u32' {aka 'long unsigned int'} [-Wformat=]
   print_debug(DEBUG_TEST_KEM, "\t\t Matrix SA\t\t|\t\t\t\t   %d   \t\t\t\t|\t\t\t\t   %d   \t\t\t\t|\t\t\t\t   %d   \t\t\t\t|\t\t\t   %d   \t\t\t|\t\t\t\t%d  \t\t\t|\t\t\t%lu.%03lu\n", countMatrixSa, readTimerMatrixSaTotal, (readTimerMatrixSaTotal/countMatrixSa), readTimerMatrixSaProc, (readTimerMatrixSaProc/countMatrixSa), wholeMatrixSaHW, thousandthsMatrixSaHW);
                               ^~~~~~~~~~~~~~~~~~~~~~~~~~~~~~~~~~~~~~~~~~~~~~~~~~~~~~~~~~~~~~~~~~~~~~~~~~~~~~~~~~~~~~~~~~~~~~~~~~~~~~~~~~~~~~~~~~~~~~~~~~~~~~~~~~~~~~~~~~~~~~~~~~~~~~~~~                 ~~~~~~~~~~~~~~~~~~~~~~
../src/include/global_def.h:107:11: note: in definition of macro 'print_debug'
    printf(__VA_ARGS__); \
           ^~~~~~~~~~~
../src/include/test_kem.c:1034:31: warning: format '%d' expects argument of type 'int', but argument 4 has type 'u32' {aka 'long unsigned int'} [-Wformat=]
   print_debug(DEBUG_TEST_KEM, "\t\t Matrix SA\t\t|\t\t\t\t   %d   \t\t\t\t|\t\t\t\t   %d   \t\t\t\t|\t\t\t\t   %d   \t\t\t\t|\t\t\t   %d   \t\t\t|\t\t\t\t%d  \t\t\t|\t\t\t%lu.%03lu\n", countMatrixSa, readTimerMatrixSaTotal, (readTimerMatrixSaTotal/countMatrixSa), readTimerMatrixSaProc, (readTimerMatrixSaProc/countMatrixSa), wholeMatrixSaHW, thousandthsMatrixSaHW);
                               ^~~~~~~~~~~~~~~~~~~~~~~~~~~~~~~~~~~~~~~~~~~~~~~~~~~~~~~~~~~~~~~~~~~~~~~~~~~~~~~~~~~~~~~~~~~~~~~~~~~~~~~~~~~~~~~~~~~~~~~~~~~~~~~~~~~~~~~~~~~~~~~~~~~~~~~~~                                         ~~~~~~~~~~~~~~~~~~~~~~~~~~~~~~~~~~~~~~
../src/include/global_def.h:107:11: note: in definition of macro 'print_debug'
    printf(__VA_ARGS__); \
           ^~~~~~~~~~~
../src/include/test_kem.c:1034:31: warning: format '%d' expects argument of type 'int', but argument 5 has type 'u32' {aka 'long unsigned int'} [-Wformat=]
   print_debug(DEBUG_TEST_KEM, "\t\t Matrix SA\t\t|\t\t\t\t   %d   \t\t\t\t|\t\t\t\t   %d   \t\t\t\t|\t\t\t\t   %d   \t\t\t\t|\t\t\t   %d   \t\t\t|\t\t\t\t%d  \t\t\t|\t\t\t%lu.%03lu\n", countMatrixSa, readTimerMatrixSaTotal, (readTimerMatrixSaTotal/countMatrixSa), readTimerMatrixSaProc, (readTimerMatrixSaProc/countMatrixSa), wholeMatrixSaHW, thousandthsMatrixSaHW);
                               ^~~~~~~~~~~~~~~~~~~~~~~~~~~~~~~~~~~~~~~~~~~~~~~~~~~~~~~~~~~~~~~~~~~~~~~~~~~~~~~~~~~~~~~~~~~~~~~~~~~~~~~~~~~~~~~~~~~~~~~~~~~~~~~~~~~~~~~~~~~~~~~~~~~~~~~~~                                                                                 ~~~~~~~~~~~~~~~~~~~~~
../src/include/global_def.h:107:11: note: in definition of macro 'print_debug'
    printf(__VA_ARGS__); \
           ^~~~~~~~~~~
../src/include/test_kem.c:1034:31: warning: format '%d' expects argument of type 'int', but argument 6 has type 'u32' {aka 'long unsigned int'} [-Wformat=]
   print_debug(DEBUG_TEST_KEM, "\t\t Matrix SA\t\t|\t\t\t\t   %d   \t\t\t\t|\t\t\t\t   %d   \t\t\t\t|\t\t\t\t   %d   \t\t\t\t|\t\t\t   %d   \t\t\t|\t\t\t\t%d  \t\t\t|\t\t\t%lu.%03lu\n", countMatrixSa, readTimerMatrixSaTotal, (readTimerMatrixSaTotal/countMatrixSa), readTimerMatrixSaProc, (readTimerMatrixSaProc/countMatrixSa), wholeMatrixSaHW, thousandthsMatrixSaHW);
                               ^~~~~~~~~~~~~~~~~~~~~~~~~~~~~~~~~~~~~~~~~~~~~~~~~~~~~~~~~~~~~~~~~~~~~~~~~~~~~~~~~~~~~~~~~~~~~~~~~~~~~~~~~~~~~~~~~~~~~~~~~~~~~~~~~~~~~~~~~~~~~~~~~~~~~~~~~                                                                                                        ~~~~~~~~~~~~~~~~~~~~~~~~~~~~~~~~~~~~~
../src/include/global_def.h:107:11: note: in definition of macro 'print_debug'
    printf(__VA_ARGS__); \
           ^~~~~~~~~~~
../src/include/test_kem.c:1036:31: warning: format '%d' expects argument of type 'int', but argument 2 has type 'u32' {aka 'long unsigned int'} [-Wformat=]
   print_debug(DEBUG_TEST_KEM, "\t\t Matrix AS\t\t|\t\t\t\t   %d   \t\t\t\t|\t\t\t\t   %d   \t\t\t\t|\t\t\t\t   %d   \t\t\t\t|\t\t\t   %d   \t\t\t|\t\t\t\t%d  \t\t\t|\t\t\t%lu.%03lu\n", countMatrixAs, readTimerMatrixAsTotal, (readTimerMatrixAsTotal/countMatrixAs), readTimerMatrixAsProc, (readTimerMatrixAsProc/countMatrixAs), wholeMatrixAsHW, thousandthsMatrixAsHW);
                               ^~~~~~~~~~~~~~~~~~~~~~~~~~~~~~~~~~~~~~~~~~~~~~~~~~~~~~~~~~~~~~~~~~~~~~~~~~~~~~~~~~~~~~~~~~~~~~~~~~~~~~~~~~~~~~~~~~~~~~~~~~~~~~~~~~~~~~~~~~~~~~~~~~~~~~~~~  ~~~~~~~~~~~~~
../src/include/global_def.h:107:11: note: in definition of macro 'print_debug'
    printf(__VA_ARGS__); \
           ^~~~~~~~~~~
../src/include/test_kem.c:1036:31: warning: format '%d' expects argument of type 'int', but argument 3 has type 'u32' {aka 'long unsigned int'} [-Wformat=]
   print_debug(DEBUG_TEST_KEM, "\t\t Matrix AS\t\t|\t\t\t\t   %d   \t\t\t\t|\t\t\t\t   %d   \t\t\t\t|\t\t\t\t   %d   \t\t\t\t|\t\t\t   %d   \t\t\t|\t\t\t\t%d  \t\t\t|\t\t\t%lu.%03lu\n", countMatrixAs, readTimerMatrixAsTotal, (readTimerMatrixAsTotal/countMatrixAs), readTimerMatrixAsProc, (readTimerMatrixAsProc/countMatrixAs), wholeMatrixAsHW, thousandthsMatrixAsHW);
                               ^~~~~~~~~~~~~~~~~~~~~~~~~~~~~~~~~~~~~~~~~~~~~~~~~~~~~~~~~~~~~~~~~~~~~~~~~~~~~~~~~~~~~~~~~~~~~~~~~~~~~~~~~~~~~~~~~~~~~~~~~~~~~~~~~~~~~~~~~~~~~~~~~~~~~~~~~                 ~~~~~~~~~~~~~~~~~~~~~~
../src/include/global_def.h:107:11: note: in definition of macro 'print_debug'
    printf(__VA_ARGS__); \
           ^~~~~~~~~~~
../src/include/test_kem.c:1036:31: warning: format '%d' expects argument of type 'int', but argument 4 has type 'u32' {aka 'long unsigned int'} [-Wformat=]
   print_debug(DEBUG_TEST_KEM, "\t\t Matrix AS\t\t|\t\t\t\t   %d   \t\t\t\t|\t\t\t\t   %d   \t\t\t\t|\t\t\t\t   %d   \t\t\t\t|\t\t\t   %d   \t\t\t|\t\t\t\t%d  \t\t\t|\t\t\t%lu.%03lu\n", countMatrixAs, readTimerMatrixAsTotal, (readTimerMatrixAsTotal/countMatrixAs), readTimerMatrixAsProc, (readTimerMatrixAsProc/countMatrixAs), wholeMatrixAsHW, thousandthsMatrixAsHW);
                               ^~~~~~~~~~~~~~~~~~~~~~~~~~~~~~~~~~~~~~~~~~~~~~~~~~~~~~~~~~~~~~~~~~~~~~~~~~~~~~~~~~~~~~~~~~~~~~~~~~~~~~~~~~~~~~~~~~~~~~~~~~~~~~~~~~~~~~~~~~~~~~~~~~~~~~~~~                                         ~~~~~~~~~~~~~~~~~~~~~~~~~~~~~~~~~~~~~~
../src/include/global_def.h:107:11: note: in definition of macro 'print_debug'
    printf(__VA_ARGS__); \
           ^~~~~~~~~~~
../src/include/test_kem.c:1036:31: warning: format '%d' expects argument of type 'int', but argument 5 has type 'u32' {aka 'long unsigned int'} [-Wformat=]
   print_debug(DEBUG_TEST_KEM, "\t\t Matrix AS\t\t|\t\t\t\t   %d   \t\t\t\t|\t\t\t\t   %d   \t\t\t\t|\t\t\t\t   %d   \t\t\t\t|\t\t\t   %d   \t\t\t|\t\t\t\t%d  \t\t\t|\t\t\t%lu.%03lu\n", countMatrixAs, readTimerMatrixAsTotal, (readTimerMatrixAsTotal/countMatrixAs), readTimerMatrixAsProc, (readTimerMatrixAsProc/countMatrixAs), wholeMatrixAsHW, thousandthsMatrixAsHW);
                               ^~~~~~~~~~~~~~~~~~~~~~~~~~~~~~~~~~~~~~~~~~~~~~~~~~~~~~~~~~~~~~~~~~~~~~~~~~~~~~~~~~~~~~~~~~~~~~~~~~~~~~~~~~~~~~~~~~~~~~~~~~~~~~~~~~~~~~~~~~~~~~~~~~~~~~~~~                                                                                 ~~~~~~~~~~~~~~~~~~~~~
../src/include/global_def.h:107:11: note: in definition of macro 'print_debug'
    printf(__VA_ARGS__); \
           ^~~~~~~~~~~
../src/include/test_kem.c:1036:31: warning: format '%d' expects argument of type 'int', but argument 6 has type 'u32' {aka 'long unsigned int'} [-Wformat=]
   print_debug(DEBUG_TEST_KEM, "\t\t Matrix AS\t\t|\t\t\t\t   %d   \t\t\t\t|\t\t\t\t   %d   \t\t\t\t|\t\t\t\t   %d   \t\t\t\t|\t\t\t   %d   \t\t\t|\t\t\t\t%d  \t\t\t|\t\t\t%lu.%03lu\n", countMatrixAs, readTimerMatrixAsTotal, (readTimerMatrixAsTotal/countMatrixAs), readTimerMatrixAsProc, (readTimerMatrixAsProc/countMatrixAs), wholeMatrixAsHW, thousandthsMatrixAsHW);
                               ^~~~~~~~~~~~~~~~~~~~~~~~~~~~~~~~~~~~~~~~~~~~~~~~~~~~~~~~~~~~~~~~~~~~~~~~~~~~~~~~~~~~~~~~~~~~~~~~~~~~~~~~~~~~~~~~~~~~~~~~~~~~~~~~~~~~~~~~~~~~~~~~~~~~~~~~~                                                                                                        ~~~~~~~~~~~~~~~~~~~~~~~~~~~~~~~~~~~~~
../src/include/global_def.h:107:11: note: in definition of macro 'print_debug'
    printf(__VA_ARGS__); \
           ^~~~~~~~~~~
Finished building: ../src/include/test_kem.c
 
Building target: frodo_sdk.elf
Invoking: ARM v7 gcc linker
arm-none-eabi-gcc -mcpu=cortex-a9 -mfpu=vfpv3 -mfloat-abi=hard -Wl,-build-id=none -specs=Xilinx.spec -Wl,-T -Wl,../src/lscript.ld -L../../frodo_sdk_bsp/ps7_cortexa9_0/lib -o "frodo_sdk.elf"  ./src/include/fips202.o ./src/include/frodo_macrify.o ./src/include/keccak_f1600.o ./src/include/kem.o ./src/include/noise.o ./src/include/random.o ./src/include/test_KEM640.o ./src/include/test_kem.o ./src/include/util.o  ./src/main.o ./src/platform.o   -Wl,--start-group,-lxil,-lgcc,-lc,--end-group
Finished building target: frodo_sdk.elf
 
Invoking: ARM v7 Print Size
arm-none-eabi-size frodo_sdk.elf  |tee "frodo_sdk.elf.size"
   text	   data	    bss	    dec	    hex	filename
 128024	   2760	2104448	2235232	 221b60	frodo_sdk.elf
Finished building: frodo_sdk.elf.size
 
11:00:21 **** Incremental Build of configuration Debug for project frodo_sdk ****
make pre-build main-build 
a9-linaro-pre-build-step
 
Building file: ../src/include/test_kem.c
Invoking: ARM v7 gcc compiler
arm-none-eabi-gcc -Wall -O0 -g3 -c -fmessage-length=0 -MT"src/include/test_kem.o" -mcpu=cortex-a9 -mfpu=vfpv3 -mfloat-abi=hard -I../../frodo_sdk_bsp/ps7_cortexa9_0/include -MMD -MP -MF"src/include/test_kem.d" -MT"src/include/test_kem.o" -o "src/include/test_kem.o" "../src/include/test_kem.c"
../src/include/test_kem.c: In function 'frodo_mul_add_sa_plus_e':
../src/include/test_kem.c:364:59: warning: passing argument 5 of 'frodo_mul_add_sa_plus_e_SW' discards 'volatile' qualifier from pointer target type [-Wdiscarded-qualifiers]
   iReturn = frodo_mul_add_sa_plus_e_SW(out, s, e, seed_A, &t_matrix_sa_sw_acc, &iteration_sa_sw);
                                                           ^~~~~~~~~~~~~~~~~~~
In file included from ../src/include/fips202.h:14,
                 from ../src/include/frodo640.h:11,
                 from ../src/include/global_def.h:17,
                 from ../src/include/test_kem.c:9:
../src/include/frodo_macrify.h:23:118: note: expected 'uint32_t *' {aka 'long unsigned int *'} but argument is of type 'volatile uint32_t *' {aka 'volatile long unsigned int *'}
 int frodo_mul_add_sa_plus_e_SW(uint16_t *out, const uint16_t *s, const uint16_t *e, const uint8_t *seed_A, uint32_t *u32AccTime, uint32_t *u32ItCounter);
                                                                                                            ~~~~~~~~~~^~~~~~~~~~
../src/include/test_kem.c:364:80: warning: passing argument 6 of 'frodo_mul_add_sa_plus_e_SW' discards 'volatile' qualifier from pointer target type [-Wdiscarded-qualifiers]
   iReturn = frodo_mul_add_sa_plus_e_SW(out, s, e, seed_A, &t_matrix_sa_sw_acc, &iteration_sa_sw);
                                                                                ^~~~~~~~~~~~~~~~
In file included from ../src/include/fips202.h:14,
                 from ../src/include/frodo640.h:11,
                 from ../src/include/global_def.h:17,
                 from ../src/include/test_kem.c:9:
../src/include/frodo_macrify.h:23:140: note: expected 'uint32_t *' {aka 'long unsigned int *'} but argument is of type 'volatile uint32_t *' {aka 'volatile long unsigned int *'}
 int frodo_mul_add_sa_plus_e_SW(uint16_t *out, const uint16_t *s, const uint16_t *e, const uint8_t *seed_A, uint32_t *u32AccTime, uint32_t *u32ItCounter);
                                                                                                                                  ~~~~~~~~~~^~~~~~~~~~~~
../src/include/test_kem.c:368:59: warning: passing argument 5 of 'frodo_mul_add_sa_plus_e_HW' discards 'volatile' qualifier from pointer target type [-Wdiscarded-qualifiers]
   iReturn = frodo_mul_add_sa_plus_e_HW(out, s, e, seed_A, &t_matrix_sa_hw_acc, &iteration_sa_hw);
                                                           ^~~~~~~~~~~~~~~~~~~
In file included from ../src/include/fips202.h:14,
                 from ../src/include/frodo640.h:11,
                 from ../src/include/global_def.h:17,
                 from ../src/include/test_kem.c:9:
../src/include/frodo_macrify.h:24:118: note: expected 'uint32_t *' {aka 'long unsigned int *'} but argument is of type 'volatile uint32_t *' {aka 'volatile long unsigned int *'}
 int frodo_mul_add_sa_plus_e_HW(uint16_t *out, const uint16_t *s, const uint16_t *e, const uint8_t *seed_A, uint32_t *u32AccTime, uint32_t *u32ItCounter);
                                                                                                            ~~~~~~~~~~^~~~~~~~~~
../src/include/test_kem.c:368:80: warning: passing argument 6 of 'frodo_mul_add_sa_plus_e_HW' discards 'volatile' qualifier from pointer target type [-Wdiscarded-qualifiers]
   iReturn = frodo_mul_add_sa_plus_e_HW(out, s, e, seed_A, &t_matrix_sa_hw_acc, &iteration_sa_hw);
                                                                                ^~~~~~~~~~~~~~~~
In file included from ../src/include/fips202.h:14,
                 from ../src/include/frodo640.h:11,
                 from ../src/include/global_def.h:17,
                 from ../src/include/test_kem.c:9:
../src/include/frodo_macrify.h:24:140: note: expected 'uint32_t *' {aka 'long unsigned int *'} but argument is of type 'volatile uint32_t *' {aka 'volatile long unsigned int *'}
 int frodo_mul_add_sa_plus_e_HW(uint16_t *out, const uint16_t *s, const uint16_t *e, const uint8_t *seed_A, uint32_t *u32AccTime, uint32_t *u32ItCounter);
                                                                                                                                  ~~~~~~~~~~^~~~~~~~~~~~
In file included from ../src/include/test_kem.c:9:
../src/include/test_kem.c:380:28: warning: format '%d' expects argument of type 'int', but argument 4 has type 'u32' {aka 'long unsigned int'} [-Wformat=]
   print_debug(DEBUG_TIMER, "[TEST_KEM] Time took to process Matrix-SA: %lu.%03lu us (%d ticks)\n", whole, thousandths, readTimer);
                            ^~~~~~~~~~~~~~~~~~~~~~~~~~~~~~~~~~~~~~~~~~~~~~~~~~~~~~~~~~~~~~~~~~~~~~                      ~~~~~~~~~
../src/include/global_def.h:107:11: note: in definition of macro 'print_debug'
    printf(__VA_ARGS__); \
           ^~~~~~~~~~~
../src/include/test_kem.c:387:28: warning: format '%d' expects argument of type 'int', but argument 4 has type 'u32' {aka 'long unsigned int'} [-Wformat=]
   print_debug(DEBUG_TIMER, "[TEST_KEM] Time took to process Matrix-SA: %lu.%03lu us (%d ticks)\n", whole, thousandths, readTimer);
                            ^~~~~~~~~~~~~~~~~~~~~~~~~~~~~~~~~~~~~~~~~~~~~~~~~~~~~~~~~~~~~~~~~~~~~~                      ~~~~~~~~~
../src/include/global_def.h:107:11: note: in definition of macro 'print_debug'
    printf(__VA_ARGS__); \
           ^~~~~~~~~~~
../src/include/test_kem.c: In function 'frodo_mul_add_as_plus_e':
../src/include/test_kem.c:404:59: warning: passing argument 5 of 'frodo_mul_add_as_plus_e_SW' discards 'volatile' qualifier from pointer target type [-Wdiscarded-qualifiers]
   iReturn = frodo_mul_add_as_plus_e_SW(out, s, e, seed_A, &t_matrix_as_sw_acc, &iteration_as_sw);
                                                           ^~~~~~~~~~~~~~~~~~~
In file included from ../src/include/fips202.h:14,
                 from ../src/include/frodo640.h:11,
                 from ../src/include/global_def.h:17,
                 from ../src/include/test_kem.c:9:
../src/include/frodo_macrify.h:20:116: note: expected 'uint32_t *' {aka 'long unsigned int *'} but argument is of type 'volatile uint32_t *' {aka 'volatile long unsigned int *'}
 int frodo_mul_add_as_plus_e_SW(uint16_t *b, const uint16_t *s, const uint16_t *e, const uint8_t *seed_A, uint32_t *u32AccTime, uint32_t *u32ItCounter);
                                                                                                          ~~~~~~~~~~^~~~~~~~~~
../src/include/test_kem.c:404:80: warning: passing argument 6 of 'frodo_mul_add_as_plus_e_SW' discards 'volatile' qualifier from pointer target type [-Wdiscarded-qualifiers]
   iReturn = frodo_mul_add_as_plus_e_SW(out, s, e, seed_A, &t_matrix_as_sw_acc, &iteration_as_sw);
                                                                                ^~~~~~~~~~~~~~~~
In file included from ../src/include/fips202.h:14,
                 from ../src/include/frodo640.h:11,
                 from ../src/include/global_def.h:17,
                 from ../src/include/test_kem.c:9:
../src/include/frodo_macrify.h:20:138: note: expected 'uint32_t *' {aka 'long unsigned int *'} but argument is of type 'volatile uint32_t *' {aka 'volatile long unsigned int *'}
 int frodo_mul_add_as_plus_e_SW(uint16_t *b, const uint16_t *s, const uint16_t *e, const uint8_t *seed_A, uint32_t *u32AccTime, uint32_t *u32ItCounter);
                                                                                                                                ~~~~~~~~~~^~~~~~~~~~~~
../src/include/test_kem.c:408:59: warning: passing argument 5 of 'frodo_mul_add_as_plus_e_HW' discards 'volatile' qualifier from pointer target type [-Wdiscarded-qualifiers]
   iReturn = frodo_mul_add_as_plus_e_HW(out, s, e, seed_A, &t_matrix_as_hw_acc, &iteration_as_hw);
                                                           ^~~~~~~~~~~~~~~~~~~
In file included from ../src/include/fips202.h:14,
                 from ../src/include/frodo640.h:11,
                 from ../src/include/global_def.h:17,
                 from ../src/include/test_kem.c:9:
../src/include/frodo_macrify.h:21:116: note: expected 'uint32_t *' {aka 'long unsigned int *'} but argument is of type 'volatile uint32_t *' {aka 'volatile long unsigned int *'}
 int frodo_mul_add_as_plus_e_HW(uint16_t *b, const uint16_t *s, const uint16_t *e, const uint8_t *seed_A, uint32_t *u32AccTime, uint32_t *u32ItCounter);
                                                                                                          ~~~~~~~~~~^~~~~~~~~~
../src/include/test_kem.c:408:80: warning: passing argument 6 of 'frodo_mul_add_as_plus_e_HW' discards 'volatile' qualifier from pointer target type [-Wdiscarded-qualifiers]
   iReturn = frodo_mul_add_as_plus_e_HW(out, s, e, seed_A, &t_matrix_as_hw_acc, &iteration_as_hw);
                                                                                ^~~~~~~~~~~~~~~~
In file included from ../src/include/fips202.h:14,
                 from ../src/include/frodo640.h:11,
                 from ../src/include/global_def.h:17,
                 from ../src/include/test_kem.c:9:
../src/include/frodo_macrify.h:21:138: note: expected 'uint32_t *' {aka 'long unsigned int *'} but argument is of type 'volatile uint32_t *' {aka 'volatile long unsigned int *'}
 int frodo_mul_add_as_plus_e_HW(uint16_t *b, const uint16_t *s, const uint16_t *e, const uint8_t *seed_A, uint32_t *u32AccTime, uint32_t *u32ItCounter);
                                                                                                                                ~~~~~~~~~~^~~~~~~~~~~~
In file included from ../src/include/test_kem.c:9:
../src/include/test_kem.c:420:28: warning: format '%d' expects argument of type 'int', but argument 4 has type 'u32' {aka 'long unsigned int'} [-Wformat=]
[...]
../src/include/global_def.h:107:11: note: in definition of macro 'print_debug'
    printf(__VA_ARGS__); \
           ^~~~~~~~~~~
../src/include/test_kem.c:1005:31: warning: format '%d' expects argument of type 'int', but argument 5 has type 'long unsigned int' [-Wformat=]
   print_debug(DEBUG_TEST_KEM, "\t\t Matrix SA\t\t|\t\t   %d   \t\t|\t\t   %d   \t\t\t|\t\t\t%d  \t\t\t\t|\t\t\t%d  \t\t\t|\t\t\t\t%d  \t\t\t|\t\t\t%lu.%03lu\n", iteration_sa_sw, (t_matrix_sa_sw_acc)/666, (t_matrix_sa_sw_acc/iteration_sa_sw)/666, (t_matrix_sa_hw_acc)/666, (t_matrix_sa_hw_acc/iteration_sa_hw)/666, wholeMatrixSa, thousandthsMatrixSa);
                               ^~~~~~~~~~~~~~~~~~~~~~~~~~~~~~~~~~~~~~~~~~~~~~~~~~~~~~~~~~~~~~~~~~~~~~~~~~~~~~~~~~~~~~~~~~~~~~~~~~~~~~~~~~~~~~~~~~~~~~~~~~~~~~~~~                                                                                       ~~~~~~~~~~~~~~~~~~~~~~~~
../src/include/global_def.h:107:11: note: in definition of macro 'print_debug'
    printf(__VA_ARGS__); \
           ^~~~~~~~~~~
../src/include/test_kem.c:1005:31: warning: format '%d' expects argument of type 'int', but argument 6 has type 'long unsigned int' [-Wformat=]
   print_debug(DEBUG_TEST_KEM, "\t\t Matrix SA\t\t|\t\t   %d   \t\t|\t\t   %d   \t\t\t|\t\t\t%d  \t\t\t\t|\t\t\t%d  \t\t\t|\t\t\t\t%d  \t\t\t|\t\t\t%lu.%03lu\n", iteration_sa_sw, (t_matrix_sa_sw_acc)/666, (t_matrix_sa_sw_acc/iteration_sa_sw)/666, (t_matrix_sa_hw_acc)/666, (t_matrix_sa_hw_acc/iteration_sa_hw)/666, wholeMatrixSa, thousandthsMatrixSa);
                               ^~~~~~~~~~~~~~~~~~~~~~~~~~~~~~~~~~~~~~~~~~~~~~~~~~~~~~~~~~~~~~~~~~~~~~~~~~~~~~~~~~~~~~~~~~~~~~~~~~~~~~~~~~~~~~~~~~~~~~~~~~~~~~~~~                                                                                                                 ~~~~~~~~~~~~~~~~~~~~~~~~~~~~~~~~~~~~~~~~
../src/include/global_def.h:107:11: note: in definition of macro 'print_debug'
    printf(__VA_ARGS__); \
           ^~~~~~~~~~~
../src/include/test_kem.c:1007:31: warning: format '%d' expects argument of type 'int', but argument 2 has type 'uint32_t' {aka 'volatile long unsigned int'} [-Wformat=]
   print_debug(DEBUG_TEST_KEM, "\t\t Matrix AS\t\t|\t\t   %d   \t\t|\t\t   %d   \t\t\t|\t\t\t%d  \t\t\t\t|\t\t\t%d  \t\t\t|\t\t\t\t%d  \t\t\t\t|\t\t\t%lu.%03lu\n", iteration_as_sw, (t_matrix_as_sw_acc)/666, (t_matrix_as_sw_acc/iteration_as_sw)/666, (t_matrix_as_hw_acc)/666, (t_matrix_as_hw_acc/iteration_as_hw)/666, wholeMatrixAs, thousandthsMatrixAs);
                               ^~~~~~~~~~~~~~~~~~~~~~~~~~~~~~~~~~~~~~~~~~~~~~~~~~~~~~~~~~~~~~~~~~~~~~~~~~~~~~~~~~~~~~~~~~~~~~~~~~~~~~~~~~~~~~~~~~~~~~~~~~~~~~~~~~~  ~~~~~~~~~~~~~~~
../src/include/global_def.h:107:11: note: in definition of macro 'print_debug'
    printf(__VA_ARGS__); \
           ^~~~~~~~~~~
../src/include/test_kem.c:1007:31: warning: format '%d' expects argument of type 'int', but argument 3 has type 'long unsigned int' [-Wformat=]
   print_debug(DEBUG_TEST_KEM, "\t\t Matrix AS\t\t|\t\t   %d   \t\t|\t\t   %d   \t\t\t|\t\t\t%d  \t\t\t\t|\t\t\t%d  \t\t\t|\t\t\t\t%d  \t\t\t\t|\t\t\t%lu.%03lu\n", iteration_as_sw, (t_matrix_as_sw_acc)/666, (t_matrix_as_sw_acc/iteration_as_sw)/666, (t_matrix_as_hw_acc)/666, (t_matrix_as_hw_acc/iteration_as_hw)/666, wholeMatrixAs, thousandthsMatrixAs);
                               ^~~~~~~~~~~~~~~~~~~~~~~~~~~~~~~~~~~~~~~~~~~~~~~~~~~~~~~~~~~~~~~~~~~~~~~~~~~~~~~~~~~~~~~~~~~~~~~~~~~~~~~~~~~~~~~~~~~~~~~~~~~~~~~~~~~                   ~~~~~~~~~~~~~~~~~~~~~~~~
../src/include/global_def.h:107:11: note: in definition of macro 'print_debug'
    printf(__VA_ARGS__); \
           ^~~~~~~~~~~
../src/include/test_kem.c:1007:31: warning: format '%d' expects argument of type 'int', but argument 4 has type 'long unsigned int' [-Wformat=]
   print_debug(DEBUG_TEST_KEM, "\t\t Matrix AS\t\t|\t\t   %d   \t\t|\t\t   %d   \t\t\t|\t\t\t%d  \t\t\t\t|\t\t\t%d  \t\t\t|\t\t\t\t%d  \t\t\t\t|\t\t\t%lu.%03lu\n", iteration_as_sw, (t_matrix_as_sw_acc)/666, (t_matrix_as_sw_acc/iteration_as_sw)/666, (t_matrix_as_hw_acc)/666, (t_matrix_as_hw_acc/iteration_as_hw)/666, wholeMatrixAs, thousandthsMatrixAs);
                               ^~~~~~~~~~~~~~~~~~~~~~~~~~~~~~~~~~~~~~~~~~~~~~~~~~~~~~~~~~~~~~~~~~~~~~~~~~~~~~~~~~~~~~~~~~~~~~~~~~~~~~~~~~~~~~~~~~~~~~~~~~~~~~~~~~~                                             ~~~~~~~~~~~~~~~~~~~~~~~~~~~~~~~~~~~~~~~~
../src/include/global_def.h:107:11: note: in definition of macro 'print_debug'
    printf(__VA_ARGS__); \
           ^~~~~~~~~~~
../src/include/test_kem.c:1007:31: warning: format '%d' expects argument of type 'int', but argument 5 has type 'long unsigned int' [-Wformat=]
   print_debug(DEBUG_TEST_KEM, "\t\t Matrix AS\t\t|\t\t   %d   \t\t|\t\t   %d   \t\t\t|\t\t\t%d  \t\t\t\t|\t\t\t%d  \t\t\t|\t\t\t\t%d  \t\t\t\t|\t\t\t%lu.%03lu\n", iteration_as_sw, (t_matrix_as_sw_acc)/666, (t_matrix_as_sw_acc/iteration_as_sw)/666, (t_matrix_as_hw_acc)/666, (t_matrix_as_hw_acc/iteration_as_hw)/666, wholeMatrixAs, thousandthsMatrixAs);
                               ^~~~~~~~~~~~~~~~~~~~~~~~~~~~~~~~~~~~~~~~~~~~~~~~~~~~~~~~~~~~~~~~~~~~~~~~~~~~~~~~~~~~~~~~~~~~~~~~~~~~~~~~~~~~~~~~~~~~~~~~~~~~~~~~~~~                                                                                       ~~~~~~~~~~~~~~~~~~~~~~~~
../src/include/global_def.h:107:11: note: in definition of macro 'print_debug'
    printf(__VA_ARGS__); \
           ^~~~~~~~~~~
../src/include/test_kem.c:1007:31: warning: format '%d' expects argument of type 'int', but argument 6 has type 'long unsigned int' [-Wformat=]
   print_debug(DEBUG_TEST_KEM, "\t\t Matrix AS\t\t|\t\t   %d   \t\t|\t\t   %d   \t\t\t|\t\t\t%d  \t\t\t\t|\t\t\t%d  \t\t\t|\t\t\t\t%d  \t\t\t\t|\t\t\t%lu.%03lu\n", iteration_as_sw, (t_matrix_as_sw_acc)/666, (t_matrix_as_sw_acc/iteration_as_sw)/666, (t_matrix_as_hw_acc)/666, (t_matrix_as_hw_acc/iteration_as_hw)/666, wholeMatrixAs, thousandthsMatrixAs);
                               ^~~~~~~~~~~~~~~~~~~~~~~~~~~~~~~~~~~~~~~~~~~~~~~~~~~~~~~~~~~~~~~~~~~~~~~~~~~~~~~~~~~~~~~~~~~~~~~~~~~~~~~~~~~~~~~~~~~~~~~~~~~~~~~~~~~                                                                                                                 ~~~~~~~~~~~~~~~~~~~~~~~~~~~~~~~~~~~~~~~~
../src/include/global_def.h:107:11: note: in definition of macro 'print_debug'
    printf(__VA_ARGS__); \
           ^~~~~~~~~~~
../src/include/test_kem.c:1032:31: warning: format '%d' expects argument of type 'int', but argument 2 has type 'u32' {aka 'long unsigned int'} [-Wformat=]
   print_debug(DEBUG_TEST_KEM, "\t\t  Shake128  \t|\t\t   %d   \t\t\t|\t   %d   \t|\t\t   %d   \t\t|\t   %d   \t\t|\t\t\t%d  \t\t\t|\t\t\t%lu.%03lu\n", countShake128, readTimerShake128Total, (readTimerShake128Total/countShake128), readTimerShake128Proc, (readTimerShake128Proc/countShake128), wholeShake128HW, thousandthsShake128HW);
                               ^~~~~~~~~~~~~~~~~~~~~~~~~~~~~~~~~~~~~~~~~~~~~~~~~~~~~~~~~~~~~~~~~~~~~~~~~~~~~~~~~~~~~~~~~~~~~~~~~~~~~~~~~~~~~~~~~~~~~~~  ~~~~~~~~~~~~~
../src/include/global_def.h:107:11: note: in definition of macro 'print_debug'
    printf(__VA_ARGS__); \
           ^~~~~~~~~~~
../src/include/test_kem.c:1032:31: warning: format '%d' expects argument of type 'int', but argument 3 has type 'u32' {aka 'long unsigned int'} [-Wformat=]
   print_debug(DEBUG_TEST_KEM, "\t\t  Shake128  \t|\t\t   %d   \t\t\t|\t   %d   \t|\t\t   %d   \t\t|\t   %d   \t\t|\t\t\t%d  \t\t\t|\t\t\t%lu.%03lu\n", countShake128, readTimerShake128Total, (readTimerShake128Total/countShake128), readTimerShake128Proc, (readTimerShake128Proc/countShake128), wholeShake128HW, thousandthsShake128HW);
                               ^~~~~~~~~~~~~~~~~~~~~~~~~~~~~~~~~~~~~~~~~~~~~~~~~~~~~~~~~~~~~~~~~~~~~~~~~~~~~~~~~~~~~~~~~~~~~~~~~~~~~~~~~~~~~~~~~~~~~~~                 ~~~~~~~~~~~~~~~~~~~~~~
../src/include/global_def.h:107:11: note: in definition of macro 'print_debug'
    printf(__VA_ARGS__); \
           ^~~~~~~~~~~
../src/include/test_kem.c:1032:31: warning: format '%d' expects argument of type 'int', but argument 4 has type 'u32' {aka 'long unsigned int'} [-Wformat=]
   print_debug(DEBUG_TEST_KEM, "\t\t  Shake128  \t|\t\t   %d   \t\t\t|\t   %d   \t|\t\t   %d   \t\t|\t   %d   \t\t|\t\t\t%d  \t\t\t|\t\t\t%lu.%03lu\n", countShake128, readTimerShake128Total, (readTimerShake128Total/countShake128), readTimerShake128Proc, (readTimerShake128Proc/countShake128), wholeShake128HW, thousandthsShake128HW);
                               ^~~~~~~~~~~~~~~~~~~~~~~~~~~~~~~~~~~~~~~~~~~~~~~~~~~~~~~~~~~~~~~~~~~~~~~~~~~~~~~~~~~~~~~~~~~~~~~~~~~~~~~~~~~~~~~~~~~~~~~                                         ~~~~~~~~~~~~~~~~~~~~~~~~~~~~~~~~~~~~~~
../src/include/global_def.h:107:11: note: in definition of macro 'print_debug'
    printf(__VA_ARGS__); \
           ^~~~~~~~~~~
../src/include/test_kem.c:1032:31: warning: format '%d' expects argument of type 'int', but argument 5 has type 'u32' {aka 'long unsigned int'} [-Wformat=]
   print_debug(DEBUG_TEST_KEM, "\t\t  Shake128  \t|\t\t   %d   \t\t\t|\t   %d   \t|\t\t   %d   \t\t|\t   %d   \t\t|\t\t\t%d  \t\t\t|\t\t\t%lu.%03lu\n", countShake128, readTimerShake128Total, (readTimerShake128Total/countShake128), readTimerShake128Proc, (readTimerShake128Proc/countShake128), wholeShake128HW, thousandthsShake128HW);
                               ^~~~~~~~~~~~~~~~~~~~~~~~~~~~~~~~~~~~~~~~~~~~~~~~~~~~~~~~~~~~~~~~~~~~~~~~~~~~~~~~~~~~~~~~~~~~~~~~~~~~~~~~~~~~~~~~~~~~~~~                                                                                 ~~~~~~~~~~~~~~~~~~~~~
../src/include/global_def.h:107:11: note: in definition of macro 'print_debug'
    printf(__VA_ARGS__); \
           ^~~~~~~~~~~
../src/include/test_kem.c:1032:31: warning: format '%d' expects argument of type 'int', but argument 6 has type 'u32' {aka 'long unsigned int'} [-Wformat=]
   print_debug(DEBUG_TEST_KEM, "\t\t  Shake128  \t|\t\t   %d   \t\t\t|\t   %d   \t|\t\t   %d   \t\t|\t   %d   \t\t|\t\t\t%d  \t\t\t|\t\t\t%lu.%03lu\n", countShake128, readTimerShake128Total, (readTimerShake128Total/countShake128), readTimerShake128Proc, (readTimerShake128Proc/countShake128), wholeShake128HW, thousandthsShake128HW);
                               ^~~~~~~~~~~~~~~~~~~~~~~~~~~~~~~~~~~~~~~~~~~~~~~~~~~~~~~~~~~~~~~~~~~~~~~~~~~~~~~~~~~~~~~~~~~~~~~~~~~~~~~~~~~~~~~~~~~~~~~                                                                                                        ~~~~~~~~~~~~~~~~~~~~~~~~~~~~~~~~~~~~~
../src/include/global_def.h:107:11: note: in definition of macro 'print_debug'
    printf(__VA_ARGS__); \
           ^~~~~~~~~~~
../src/include/test_kem.c:1034:31: warning: format '%d' expects argument of type 'int', but argument 2 has type 'u32' {aka 'long unsigned int'} [-Wformat=]
   print_debug(DEBUG_TEST_KEM, "\t\t Matrix SA\t\t|\t\t   %d   \t\t\t|\t   %d   \t|\t\t   %d   \t\t|\t   %d   \t\t|\t\t\t%d  \t\t\t|\t\t\t%lu.%03lu\n", countMatrixSa, readTimerMatrixSaTotal, (readTimerMatrixSaTotal/countMatrixSa), readTimerMatrixSaProc, (readTimerMatrixSaProc/countMatrixSa), wholeMatrixSaHW, thousandthsMatrixSaHW);
                               ^~~~~~~~~~~~~~~~~~~~~~~~~~~~~~~~~~~~~~~~~~~~~~~~~~~~~~~~~~~~~~~~~~~~~~~~~~~~~~~~~~~~~~~~~~~~~~~~~~~~~~~~~~~~~~~~~~~~~~~  ~~~~~~~~~~~~~
../src/include/global_def.h:107:11: note: in definition of macro 'print_debug'
    printf(__VA_ARGS__); \
           ^~~~~~~~~~~
../src/include/test_kem.c:1034:31: warning: format '%d' expects argument of type 'int', but argument 3 has type 'u32' {aka 'long unsigned int'} [-Wformat=]
   print_debug(DEBUG_TEST_KEM, "\t\t Matrix SA\t\t|\t\t   %d   \t\t\t|\t   %d   \t|\t\t   %d   \t\t|\t   %d   \t\t|\t\t\t%d  \t\t\t|\t\t\t%lu.%03lu\n", countMatrixSa, readTimerMatrixSaTotal, (readTimerMatrixSaTotal/countMatrixSa), readTimerMatrixSaProc, (readTimerMatrixSaProc/countMatrixSa), wholeMatrixSaHW, thousandthsMatrixSaHW);
                               ^~~~~~~~~~~~~~~~~~~~~~~~~~~~~~~~~~~~~~~~~~~~~~~~~~~~~~~~~~~~~~~~~~~~~~~~~~~~~~~~~~~~~~~~~~~~~~~~~~~~~~~~~~~~~~~~~~~~~~~                 ~~~~~~~~~~~~~~~~~~~~~~
../src/include/global_def.h:107:11: note: in definition of macro 'print_debug'
    printf(__VA_ARGS__); \
           ^~~~~~~~~~~
../src/include/test_kem.c:1034:31: warning: format '%d' expects argument of type 'int', but argument 4 has type 'u32' {aka 'long unsigned int'} [-Wformat=]
   print_debug(DEBUG_TEST_KEM, "\t\t Matrix SA\t\t|\t\t   %d   \t\t\t|\t   %d   \t|\t\t   %d   \t\t|\t   %d   \t\t|\t\t\t%d  \t\t\t|\t\t\t%lu.%03lu\n", countMatrixSa, readTimerMatrixSaTotal, (readTimerMatrixSaTotal/countMatrixSa), readTimerMatrixSaProc, (readTimerMatrixSaProc/countMatrixSa), wholeMatrixSaHW, thousandthsMatrixSaHW);
                               ^~~~~~~~~~~~~~~~~~~~~~~~~~~~~~~~~~~~~~~~~~~~~~~~~~~~~~~~~~~~~~~~~~~~~~~~~~~~~~~~~~~~~~~~~~~~~~~~~~~~~~~~~~~~~~~~~~~~~~~                                         ~~~~~~~~~~~~~~~~~~~~~~~~~~~~~~~~~~~~~~
../src/include/global_def.h:107:11: note: in definition of macro 'print_debug'
    printf(__VA_ARGS__); \
           ^~~~~~~~~~~
../src/include/test_kem.c:1034:31: warning: format '%d' expects argument of type 'int', but argument 5 has type 'u32' {aka 'long unsigned int'} [-Wformat=]
   print_debug(DEBUG_TEST_KEM, "\t\t Matrix SA\t\t|\t\t   %d   \t\t\t|\t   %d   \t|\t\t   %d   \t\t|\t   %d   \t\t|\t\t\t%d  \t\t\t|\t\t\t%lu.%03lu\n", countMatrixSa, readTimerMatrixSaTotal, (readTimerMatrixSaTotal/countMatrixSa), readTimerMatrixSaProc, (readTimerMatrixSaProc/countMatrixSa), wholeMatrixSaHW, thousandthsMatrixSaHW);
                               ^~~~~~~~~~~~~~~~~~~~~~~~~~~~~~~~~~~~~~~~~~~~~~~~~~~~~~~~~~~~~~~~~~~~~~~~~~~~~~~~~~~~~~~~~~~~~~~~~~~~~~~~~~~~~~~~~~~~~~~                                                                                 ~~~~~~~~~~~~~~~~~~~~~
../src/include/global_def.h:107:11: note: in definition of macro 'print_debug'
    printf(__VA_ARGS__); \
           ^~~~~~~~~~~
../src/include/test_kem.c:1034:31: warning: format '%d' expects argument of type 'int', but argument 6 has type 'u32' {aka 'long unsigned int'} [-Wformat=]
   print_debug(DEBUG_TEST_KEM, "\t\t Matrix SA\t\t|\t\t   %d   \t\t\t|\t   %d   \t|\t\t   %d   \t\t|\t   %d   \t\t|\t\t\t%d  \t\t\t|\t\t\t%lu.%03lu\n", countMatrixSa, readTimerMatrixSaTotal, (readTimerMatrixSaTotal/countMatrixSa), readTimerMatrixSaProc, (readTimerMatrixSaProc/countMatrixSa), wholeMatrixSaHW, thousandthsMatrixSaHW);
                               ^~~~~~~~~~~~~~~~~~~~~~~~~~~~~~~~~~~~~~~~~~~~~~~~~~~~~~~~~~~~~~~~~~~~~~~~~~~~~~~~~~~~~~~~~~~~~~~~~~~~~~~~~~~~~~~~~~~~~~~                                                                                                        ~~~~~~~~~~~~~~~~~~~~~~~~~~~~~~~~~~~~~
../src/include/global_def.h:107:11: note: in definition of macro 'print_debug'
    printf(__VA_ARGS__); \
           ^~~~~~~~~~~
../src/include/test_kem.c:1036:31: warning: format '%d' expects argument of type 'int', but argument 2 has type 'u32' {aka 'long unsigned int'} [-Wformat=]
   print_debug(DEBUG_TEST_KEM, "\t\t Matrix AS\t\t|\t\t   %d   \t\t\t|\t   %d   \t|\t\t   %d   \t\t|\t   %d   \t\t|\t\t\t%d  \t\t\t|\t\t\t%lu.%03lu\n", countMatrixAs, readTimerMatrixAsTotal, (readTimerMatrixAsTotal/countMatrixAs), readTimerMatrixAsProc, (readTimerMatrixAsProc/countMatrixAs), wholeMatrixAsHW, thousandthsMatrixAsHW);
                               ^~~~~~~~~~~~~~~~~~~~~~~~~~~~~~~~~~~~~~~~~~~~~~~~~~~~~~~~~~~~~~~~~~~~~~~~~~~~~~~~~~~~~~~~~~~~~~~~~~~~~~~~~~~~~~~~~~~~~~~  ~~~~~~~~~~~~~
../src/include/global_def.h:107:11: note: in definition of macro 'print_debug'
    printf(__VA_ARGS__); \
           ^~~~~~~~~~~
../src/include/test_kem.c:1036:31: warning: format '%d' expects argument of type 'int', but argument 3 has type 'u32' {aka 'long unsigned int'} [-Wformat=]
   print_debug(DEBUG_TEST_KEM, "\t\t Matrix AS\t\t|\t\t   %d   \t\t\t|\t   %d   \t|\t\t   %d   \t\t|\t   %d   \t\t|\t\t\t%d  \t\t\t|\t\t\t%lu.%03lu\n", countMatrixAs, readTimerMatrixAsTotal, (readTimerMatrixAsTotal/countMatrixAs), readTimerMatrixAsProc, (readTimerMatrixAsProc/countMatrixAs), wholeMatrixAsHW, thousandthsMatrixAsHW);
                               ^~~~~~~~~~~~~~~~~~~~~~~~~~~~~~~~~~~~~~~~~~~~~~~~~~~~~~~~~~~~~~~~~~~~~~~~~~~~~~~~~~~~~~~~~~~~~~~~~~~~~~~~~~~~~~~~~~~~~~~                 ~~~~~~~~~~~~~~~~~~~~~~
../src/include/global_def.h:107:11: note: in definition of macro 'print_debug'
    printf(__VA_ARGS__); \
           ^~~~~~~~~~~
../src/include/test_kem.c:1036:31: warning: format '%d' expects argument of type 'int', but argument 4 has type 'u32' {aka 'long unsigned int'} [-Wformat=]
   print_debug(DEBUG_TEST_KEM, "\t\t Matrix AS\t\t|\t\t   %d   \t\t\t|\t   %d   \t|\t\t   %d   \t\t|\t   %d   \t\t|\t\t\t%d  \t\t\t|\t\t\t%lu.%03lu\n", countMatrixAs, readTimerMatrixAsTotal, (readTimerMatrixAsTotal/countMatrixAs), readTimerMatrixAsProc, (readTimerMatrixAsProc/countMatrixAs), wholeMatrixAsHW, thousandthsMatrixAsHW);
                               ^~~~~~~~~~~~~~~~~~~~~~~~~~~~~~~~~~~~~~~~~~~~~~~~~~~~~~~~~~~~~~~~~~~~~~~~~~~~~~~~~~~~~~~~~~~~~~~~~~~~~~~~~~~~~~~~~~~~~~~                                         ~~~~~~~~~~~~~~~~~~~~~~~~~~~~~~~~~~~~~~
../src/include/global_def.h:107:11: note: in definition of macro 'print_debug'
    printf(__VA_ARGS__); \
           ^~~~~~~~~~~
../src/include/test_kem.c:1036:31: warning: format '%d' expects argument of type 'int', but argument 5 has type 'u32' {aka 'long unsigned int'} [-Wformat=]
   print_debug(DEBUG_TEST_KEM, "\t\t Matrix AS\t\t|\t\t   %d   \t\t\t|\t   %d   \t|\t\t   %d   \t\t|\t   %d   \t\t|\t\t\t%d  \t\t\t|\t\t\t%lu.%03lu\n", countMatrixAs, readTimerMatrixAsTotal, (readTimerMatrixAsTotal/countMatrixAs), readTimerMatrixAsProc, (readTimerMatrixAsProc/countMatrixAs), wholeMatrixAsHW, thousandthsMatrixAsHW);
                               ^~~~~~~~~~~~~~~~~~~~~~~~~~~~~~~~~~~~~~~~~~~~~~~~~~~~~~~~~~~~~~~~~~~~~~~~~~~~~~~~~~~~~~~~~~~~~~~~~~~~~~~~~~~~~~~~~~~~~~~                                                                                 ~~~~~~~~~~~~~~~~~~~~~
../src/include/global_def.h:107:11: note: in definition of macro 'print_debug'
    printf(__VA_ARGS__); \
           ^~~~~~~~~~~
../src/include/test_kem.c:1036:31: warning: format '%d' expects argument of type 'int', but argument 6 has type 'u32' {aka 'long unsigned int'} [-Wformat=]
   print_debug(DEBUG_TEST_KEM, "\t\t Matrix AS\t\t|\t\t   %d   \t\t\t|\t   %d   \t|\t\t   %d   \t\t|\t   %d   \t\t|\t\t\t%d  \t\t\t|\t\t\t%lu.%03lu\n", countMatrixAs, readTimerMatrixAsTotal, (readTimerMatrixAsTotal/countMatrixAs), readTimerMatrixAsProc, (readTimerMatrixAsProc/countMatrixAs), wholeMatrixAsHW, thousandthsMatrixAsHW);
                               ^~~~~~~~~~~~~~~~~~~~~~~~~~~~~~~~~~~~~~~~~~~~~~~~~~~~~~~~~~~~~~~~~~~~~~~~~~~~~~~~~~~~~~~~~~~~~~~~~~~~~~~~~~~~~~~~~~~~~~~                                                                                                        ~~~~~~~~~~~~~~~~~~~~~~~~~~~~~~~~~~~~~
../src/include/global_def.h:107:11: note: in definition of macro 'print_debug'
    printf(__VA_ARGS__); \
           ^~~~~~~~~~~
Finished building: ../src/include/test_kem.c
 
Building target: frodo_sdk.elf
Invoking: ARM v7 gcc linker
arm-none-eabi-gcc -mcpu=cortex-a9 -mfpu=vfpv3 -mfloat-abi=hard -Wl,-build-id=none -specs=Xilinx.spec -Wl,-T -Wl,../src/lscript.ld -L../../frodo_sdk_bsp/ps7_cortexa9_0/lib -o "frodo_sdk.elf"  ./src/include/fips202.o ./src/include/frodo_macrify.o ./src/include/keccak_f1600.o ./src/include/kem.o ./src/include/noise.o ./src/include/random.o ./src/include/test_KEM640.o ./src/include/test_kem.o ./src/include/util.o  ./src/main.o ./src/platform.o   -Wl,--start-group,-lxil,-lgcc,-lc,--end-group
Finished building target: frodo_sdk.elf
 
Invoking: ARM v7 Print Size
arm-none-eabi-size frodo_sdk.elf  |tee "frodo_sdk.elf.size"
   text	   data	    bss	    dec	    hex	filename
 127952	   2760	2104448	2235160	 221b18	frodo_sdk.elf
Finished building: frodo_sdk.elf.size
 
