21:46:26 **** Incremental Build of configuration Debug for project frodo-server ****
make pre-build main-build 
a9-linaro-pre-build-step
 
Building file: ../src/tcp_perf_server.c
Invoking: ARM v7 gcc compiler
arm-none-eabi-gcc -Wall -O0 -g3 -c -fmessage-length=0 -MT"src/tcp_perf_server.o" -mcpu=cortex-a9 -mfpu=vfpv3 -mfloat-abi=hard -I../../frodo-server_bsp/ps7_cortexa9_0/include -MMD -MP -MF"src/tcp_perf_server.d" -MT"src/tcp_perf_server.o" -o "src/tcp_perf_server.o" "../src/tcp_perf_server.c"
In file included from ../src/include/aes256gcm.h:16,
                 from ../src/include/global_def.h:33,
                 from ../src/tcp_perf_server.c:32:
../src/include/global_def.h:356:1: warning: multi-line comment [-Wcomment]
 //#define print_debug(debugLevel, ...) \
 ^
In file included from ../src/tcp_perf_server.c:32:
../src/include/global_def.h:356:1: warning: multi-line comment [-Wcomment]
 //#define print_debug(debugLevel, ...) \
 ^
../src/tcp_perf_server.c:209:14: warning: 'tcp_recv_perf_traffic' defined but not used [-Wunused-function]
 static err_t tcp_recv_perf_traffic(void *arg, struct tcp_pcb *tpcb,
              ^~~~~~~~~~~~~~~~~~~~~
Finished building: ../src/tcp_perf_server.c
 
Building target: frodo-server.elf
Invoking: ARM v7 gcc linker
arm-none-eabi-gcc -mcpu=cortex-a9 -mfpu=vfpv3 -mfloat-abi=hard -Wl,-build-id=none -specs=Xilinx.spec -Wl,-T -Wl,../src/lscript.ld -L../../frodo-server_bsp/ps7_cortexa9_0/lib -o "frodo-server.elf"  ./src/include/aes256ctr.o ./src/include/aes256gcm.o ./src/include/fips202.o ./src/include/frodo_macrify.o ./src/include/global_func.o ./src/include/keccak_f1600.o ./src/include/kem.o ./src/include/noise.o ./src/include/random.o ./src/include/test_KEM640.o ./src/include/test_kem.o ./src/include/util.o ./src/include/weg_smw3000.o  ./src/i2c_access.o ./src/iic_phyreset.o ./src/main.o ./src/platform.o ./src/platform_mb.o ./src/platform_zynq.o ./src/platform_zynqmp.o ./src/sfp.o ./src/si5324.o ./src/tcp_perf_server.o   -Wl,--start-group,-lxil,-lgcc,-lc,--end-group -Wl,--start-group,-lxil,-llwip4,-lgcc,-lc,--end-group
Finished building target: frodo-server.elf
 
Invoking: ARM v7 Print Size
arm-none-eabi-size frodo-server.elf  |tee "frodo-server.elf.size"
   text	   data	    bss	    dec	    hex	filename
 259664	   3768	31578400	31841832	1e5de28	frodo-server.elf
Finished building: frodo-server.elf.size
 
22:13:38 **** Incremental Build of configuration Debug for project frodo-server ****
make pre-build main-build 
a9-linaro-pre-build-step
 
make: Nothing to be done for 'main-build'.
22:14:02 **** Incremental Build of configuration Debug for project frodo-client ****
make pre-build main-build 
a9-linaro-pre-build-step
 
Building file: ../src/include/aes256ctr.c
Invoking: ARM v7 gcc compiler
arm-none-eabi-gcc -Wall -O0 -g3 -c -fmessage-length=0 -MT"src/include/aes256ctr.o" -mcpu=cortex-a9 -mfpu=vfpv3 -mfloat-abi=hard -I../../frodo-client_bsp/ps7_cortexa9_0/include -MMD -MP -MF"src/include/aes256ctr.d" -MT"src/include/aes256ctr.o" -o "src/include/aes256ctr.o" "../src/include/aes256ctr.c"
In file included from ../src/include/aes256gcm.h:16,
                 from ../src/include/global_def.h:33,
                 from ../src/include/aes256ctr.c:28:
../src/include/global_def.h:360:1: warning: multi-line comment [-Wcomment]
 //#define print_debug(debugLevel, ...) \
 ^
In file included from ../src/include/aes256ctr.c:28:
../src/include/global_def.h:360:1: warning: multi-line comment [-Wcomment]
 //#define print_debug(debugLevel, ...) \
 ^
Finished building: ../src/include/aes256ctr.c
 
Building file: ../src/include/aes256gcm.c
Invoking: ARM v7 gcc compiler
arm-none-eabi-gcc -Wall -O0 -g3 -c -fmessage-length=0 -MT"src/include/aes256gcm.o" -mcpu=cortex-a9 -mfpu=vfpv3 -mfloat-abi=hard -I../../frodo-client_bsp/ps7_cortexa9_0/include -MMD -MP -MF"src/include/aes256gcm.d" -MT"src/include/aes256gcm.o" -o "src/include/aes256gcm.o" "../src/include/aes256gcm.c"
In file included from ../src/include/weg_smw3000.h:11,
                 from ../src/include/global_def.h:35,
                 from ../src/include/aes256gcm.h:16,
                 from ../src/include/aes256gcm.c:8:
../src/include/global_def.h:360:1: warning: multi-line comment [-Wcomment]
 //#define print_debug(debugLevel, ...) \
 ^
In file included from ../src/include/aes256gcm.h:16,
                 from ../src/include/aes256gcm.c:8:
../src/include/global_def.h:360:1: warning: multi-line comment [-Wcomment]
 //#define print_debug(debugLevel, ...) \
 ^
Finished building: ../src/include/aes256gcm.c
 
Building file: ../src/include/fips202.c
Invoking: ARM v7 gcc compiler
arm-none-eabi-gcc -Wall -O0 -g3 -c -fmessage-length=0 -MT"src/include/fips202.o" -mcpu=cortex-a9 -mfpu=vfpv3 -mfloat-abi=hard -I../../frodo-client_bsp/ps7_cortexa9_0/include -MMD -MP -MF"src/include/fips202.d" -MT"src/include/fips202.o" -o "src/include/fips202.o" "../src/include/fips202.c"
In file included from ../src/include/aes256gcm.h:16,
                 from ../src/include/global_def.h:33,
                 from ../src/include/fips202.h:11,
                 from ../src/include/fips202.c:11:
../src/include/global_def.h:360:1: warning: multi-line comment [-Wcomment]
 //#define print_debug(debugLevel, ...) \
 ^
In file included from ../src/include/fips202.h:11,
                 from ../src/include/fips202.c:11:
../src/include/global_def.h:360:1: warning: multi-line comment [-Wcomment]
 //#define print_debug(debugLevel, ...) \
 ^
../src/include/fips202.c: In function 'shake128_hw':
../src/include/global_def.h:369:11: warning: format '%d' expects argument of type 'int', but argument 5 has type 'u32' {aka 'long unsigned int'} [-Wformat=]
    printf("%s:%d:%s() | " fmt, __FILE__, __LINE__, __func__, ## __VA_ARGS__); \
           ^~~~~~~~~~~~~~~
../src/include/fips202.c:476:2: note: in expansion of macro 'print_debug'
  print_debug(DEBUG_SHAKE_MM, "[SHAKE] u32InWords: %d\n", u32InWords);
  ^~~~~~~~~~~
../src/include/fips202.c:476:52: note: format string is defined here
  print_debug(DEBUG_SHAKE_MM, "[SHAKE] u32InWords: %d\n", u32InWords);
                                                   ~^
                                                   %ld
In file included from ../src/include/fips202.h:11,
                 from ../src/include/fips202.c:11:
../src/include/global_def.h:369:11: warning: format '%d' expects argument of type 'int', but argument 5 has type 'u32' {aka 'long unsigned int'} [-Wformat=]
    printf("%s:%d:%s() | " fmt, __FILE__, __LINE__, __func__, ## __VA_ARGS__); \
           ^~~~~~~~~~~~~~~
../src/include/fips202.c:478:2: note: in expansion of macro 'print_debug'
  print_debug(DEBUG_SHAKE_MM, "[SHAKE] u32OutWords: %d\n", u32OutWords);
  ^~~~~~~~~~~
../src/include/fips202.c:478:53: note: format string is defined here
  print_debug(DEBUG_SHAKE_MM, "[SHAKE] u32OutWords: %d\n", u32OutWords);
                                                    ~^
                                                    %ld
In file included from ../src/include/fips202.h:11,
                 from ../src/include/fips202.c:11:
../src/include/global_def.h:369:11: warning: format '%x' expects argument of type 'unsigned int', but argument 6 has type 'u32' {aka 'long unsigned int'} [-Wformat=]
    printf("%s:%d:%s() | " fmt, __FILE__, __LINE__, __func__, ## __VA_ARGS__); \
           ^~~~~~~~~~~~~~~
../src/include/fips202.c:498:3: note: in expansion of macro 'print_debug'
   print_debug(DEBUG_SHAKE_MM, "[SHAKE] memoryMMshake[%d]: 0x%08x\n", i, m[i]);
   ^~~~~~~~~~~
../src/include/fips202.c:498:64: note: format string is defined here
   print_debug(DEBUG_SHAKE_MM, "[SHAKE] memoryMMshake[%d]: 0x%08x\n", i, m[i]);
                                                             ~~~^
                                                             %08lx
In file included from ../src/include/fips202.h:11,
                 from ../src/include/fips202.c:11:
../src/include/global_def.h:369:11: warning: format '%d' expects argument of type 'int', but argument 5 has type 'long unsigned int' [-Wformat=]
    printf("%s:%d:%s() | " fmt, __FILE__, __LINE__, __func__, ## __VA_ARGS__); \
           ^~~~~~~~~~~~~~~
../src/include/fips202.c:506:4: note: in expansion of macro 'print_debug'
    print_debug(DEBUG_SHAKE_MM, "[SHAKE] memoryMMshake[%d]: 0x%08x\n", u32InWords - 1, m[u32InWords - 1]);
    ^~~~~~~~~~~
../src/include/fips202.c:506:56: note: format string is defined here
    print_debug(DEBUG_SHAKE_MM, "[SHAKE] memoryMMshake[%d]: 0x%08x\n", u32InWords - 1, m[u32InWords - 1]);
                                                       ~^
                                                       %ld
In file included from ../src/include/fips202.h:11,
                 from ../src/include/fips202.c:11:
../src/include/global_def.h:369:11: warning: format '%x' expects argument of type 'unsigned int', but argument 6 has type 'u32' {aka 'long unsigned int'} [-Wformat=]
    printf("%s:%d:%s() | " fmt, __FILE__, __LINE__, __func__, ## __VA_ARGS__); \
           ^~~~~~~~~~~~~~~
../src/include/fips202.c:506:4: note: in expansion of macro 'print_debug'
    print_debug(DEBUG_SHAKE_MM, "[SHAKE] memoryMMshake[%d]: 0x%08x\n", u32InWords - 1, m[u32InWords - 1]);
    ^~~~~~~~~~~
../src/include/fips202.c:506:65: note: format string is defined here
    print_debug(DEBUG_SHAKE_MM, "[SHAKE] memoryMMshake[%d]: 0x%08x\n", u32InWords - 1, m[u32InWords - 1]);
                                                              ~~~^
                                                              %08lx
In file included from ../src/include/fips202.h:11,
                 from ../src/include/fips202.c:11:
../src/include/global_def.h:369:11: warning: format '%d' expects argument of type 'int', but argument 5 has type 'long unsigned int' [-Wformat=]
    printf("%s:%d:%s() | " fmt, __FILE__, __LINE__, __func__, ## __VA_ARGS__); \
           ^~~~~~~~~~~~~~~
../src/include/fips202.c:510:4: note: in expansion of macro 'print_debug'
    print_debug(DEBUG_SHAKE_MM, "[SHAKE] memoryMMshake[%d]: 0x%08x\n", u32InWords - 1, m[u32InWords - 1] & 0xff);
    ^~~~~~~~~~~
../src/include/fips202.c:510:56: note: format string is defined here
    print_debug(DEBUG_SHAKE_MM, "[SHAKE] memoryMMshake[%d]: 0x%08x\n", u32InWords - 1, m[u32InWords - 1] & 0xff);
                                                       ~^
                                                       %ld
In file included from ../src/include/fips202.h:11,
                 from ../src/include/fips202.c:11:
../src/include/global_def.h:369:11: warning: format '%x' expects argument of type 'unsigned int', but argument 6 has type 'long unsigned int' [-Wformat=]
    printf("%s:%d:%s() | " fmt, __FILE__, __LINE__, __func__, ## __VA_ARGS__); \
           ^~~~~~~~~~~~~~~
../src/include/fips202.c:510:4: note: in expansion of macro 'print_debug'
    print_debug(DEBUG_SHAKE_MM, "[SHAKE] memoryMMshake[%d]: 0x%08x\n", u32InWords - 1, m[u32InWords - 1] & 0xff);
    ^~~~~~~~~~~
../src/include/fips202.c:510:65: note: format string is defined here
    print_debug(DEBUG_SHAKE_MM, "[SHAKE] memoryMMshake[%d]: 0x%08x\n", u32InWords - 1, m[u32InWords - 1] & 0xff);
                                                              ~~~^
                                                              %08lx
In file included from ../src/include/fips202.h:11,
                 from ../src/include/fips202.c:11:
../src/include/global_def.h:369:11: warning: format '%d' expects argument of type 'int', but argument 5 has type 'long unsigned int' [-Wformat=]
    printf("%s:%d:%s() | " fmt, __FILE__, __LINE__, __func__, ## __VA_ARGS__); \
           ^~~~~~~~~~~~~~~
../src/include/fips202.c:514:4: note: in expansion of macro 'print_debug'
    print_debug(DEBUG_SHAKE_MM, "[SHAKE] memoryMMshake[%d]: 0x%08x\n", u32InWords - 1, m[u32InWords - 1] & 0xffff);
    ^~~~~~~~~~~
../src/include/fips202.c:514:56: note: format string is defined here
    print_debug(DEBUG_SHAKE_MM, "[SHAKE] memoryMMshake[%d]: 0x%08x\n", u32InWords - 1, m[u32InWords - 1] & 0xffff);
                                                       ~^
                                                       %ld
In file included from ../src/include/fips202.h:11,
                 from ../src/include/fips202.c:11:
../src/include/global_def.h:369:11: warning: format '%x' expects argument of type 'unsigned int', but argument 6 has type 'long unsigned int' [-Wformat=]
    printf("%s:%d:%s() | " fmt, __FILE__, __LINE__, __func__, ## __VA_ARGS__); \
           ^~~~~~~~~~~~~~~
../src/include/fips202.c:514:4: note: in expansion of macro 'print_debug'
    print_debug(DEBUG_SHAKE_MM, "[SHAKE] memoryMMshake[%d]: 0x%08x\n", u32InWords - 1, m[u32InWords - 1] & 0xffff);
    ^~~~~~~~~~~
../src/include/fips202.c:514:65: note: format string is defined here
    print_debug(DEBUG_SHAKE_MM, "[SHAKE] memoryMMshake[%d]: 0x%08x\n", u32InWords - 1, m[u32InWords - 1] & 0xffff);
                                                              ~~~^
                                                              %08lx
In file included from ../src/include/fips202.h:11,
                 from ../src/include/fips202.c:11:
../src/include/global_def.h:369:11: warning: format '%d' expects argument of type 'int', but argument 5 has type 'long unsigned int' [-Wformat=]
    printf("%s:%d:%s() | " fmt, __FILE__, __LINE__, __func__, ## __VA_ARGS__); \
           ^~~~~~~~~~~~~~~
../src/include/fips202.c:518:4: note: in expansion of macro 'print_debug'
    print_debug(DEBUG_SHAKE_MM, "[SHAKE] memoryMMshake[%d]: 0x%08x\n", u32InWords - 1, m[u32InWords - 1] & 0xffffff);
    ^~~~~~~~~~~
../src/include/fips202.c:518:56: note: format string is defined here
    print_debug(DEBUG_SHAKE_MM, "[SHAKE] memoryMMshake[%d]: 0x%08x\n", u32InWords - 1, m[u32InWords - 1] & 0xffffff);
                                                       ~^
                                                       %ld
In file included from ../src/include/fips202.h:11,
                 from ../src/include/fips202.c:11:
../src/include/global_def.h:369:11: warning: format '%x' expects argument of type 'unsigned int', but argument 6 has type 'long unsigned int' [-Wformat=]
    printf("%s:%d:%s() | " fmt, __FILE__, __LINE__, __func__, ## __VA_ARGS__); \
           ^~~~~~~~~~~~~~~
../src/include/fips202.c:518:4: note: in expansion of macro 'print_debug'
    print_debug(DEBUG_SHAKE_MM, "[SHAKE] memoryMMshake[%d]: 0x%08x\n", u32InWords - 1, m[u32InWords - 1] & 0xffffff);
    ^~~~~~~~~~~
../src/include/fips202.c:518:65: note: format string is defined here
    print_debug(DEBUG_SHAKE_MM, "[SHAKE] memoryMMshake[%d]: 0x%08x\n", u32InWords - 1, m[u32InWords - 1] & 0xffffff);
                                                              ~~~^
                                                              %08lx
Finished building: ../src/include/fips202.c
 
Building file: ../src/include/frodo_macrify.c
Invoking: ARM v7 gcc compiler
arm-none-eabi-gcc -Wall -O0 -g3 -c -fmessage-length=0 -MT"src/include/frodo_macrify.o" -mcpu=cortex-a9 -mfpu=vfpv3 -mfloat-abi=hard -I../../frodo-client_bsp/ps7_cortexa9_0/include -MMD -MP -MF"src/include/frodo_macrify.d" -MT"src/include/frodo_macrify.o" -o "src/include/frodo_macrify.o" "../src/include/frodo_macrify.c"
In file included from ../src/include/aes256gcm.h:16,
                 from ../src/include/global_def.h:33,
                 from ../src/include/frodo_macrify.c:9:
../src/include/global_def.h:360:1: warning: multi-line comment [-Wcomment]
 //#define print_debug(debugLevel, ...) \
 ^
In file included from ../src/include/frodo_macrify.c:9:
../src/include/global_def.h:360:1: warning: multi-line comment [-Wcomment]
 //#define print_debug(debugLevel, ...) \
 ^
Finished building: ../src/include/frodo_macrify.c
 
Building file: ../src/include/global_func.c
Invoking: ARM v7 gcc compiler
arm-none-eabi-gcc -Wall -O0 -g3 -c -fmessage-length=0 -MT"src/include/global_func.o" -mcpu=cortex-a9 -mfpu=vfpv3 -mfloat-abi=hard -I../../frodo-client_bsp/ps7_cortexa9_0/include -MMD -MP -MF"src/include/global_func.d" -MT"src/include/global_func.o" -o "src/include/global_func.o" "../src/include/global_func.c"
In file included from ../src/include/aes256gcm.h:16,
                 from ../src/include/global_def.h:33,
                 from ../src/include/global_func.c:8:
../src/include/global_def.h:360:1: warning: multi-line comment [-Wcomment]
 //#define print_debug(debugLevel, ...) \
 ^
In file included from ../src/include/global_func.c:8:
../src/include/global_def.h:360:1: warning: multi-line comment [-Wcomment]
 //#define print_debug(debugLevel, ...) \
 ^
../src/include/global_func.c: In function 'getChipTemperature':
../src/include/global_func.c:37:8: warning: variable 'TempData' set but not used [-Wunused-but-set-variable]
  float TempData;
        ^~~~~~~~
Finished building: ../src/include/global_func.c
 
Building file: ../src/include/keccak_f1600.c
Invoking: ARM v7 gcc compiler
arm-none-eabi-gcc -Wall -O0 -g3 -c -fmessage-length=0 -MT"src/include/keccak_f1600.o" -mcpu=cortex-a9 -mfpu=vfpv3 -mfloat-abi=hard -I../../frodo-client_bsp/ps7_cortexa9_0/include -MMD -MP -MF"src/include/keccak_f1600.d" -MT"src/include/keccak_f1600.o" -o "src/include/keccak_f1600.o" "../src/include/keccak_f1600.c"
In file included from ../src/include/aes256gcm.h:16,
                 from ../src/include/global_def.h:33,
                 from ../src/include/keccak_f1600.h:16,
                 from ../src/include/keccak_f1600.c:9:
../src/include/global_def.h:360:1: warning: multi-line comment [-Wcomment]
 //#define print_debug(debugLevel, ...) \
 ^
In file included from ../src/include/keccak_f1600.h:16,
                 from ../src/include/keccak_f1600.c:9:
../src/include/global_def.h:360:1: warning: multi-line comment [-Wcomment]
 //#define print_debug(debugLevel, ...) \
 ^
../src/include/keccak_f1600.c: In function 'KeccakF1600_StatePermute_HW_MM':
../src/include/global_def.h:369:11: warning: format '%lu' expects argument of type 'long unsigned int', but argument 5 has type 'int' [-Wformat=]
    printf("%s:%d:%s() | " fmt, __FILE__, __LINE__, __func__, ## __VA_ARGS__); \
           ^~~~~~~~~~~~~~~
../src/include/keccak_f1600.c:164:3: note: in expansion of macro 'print_debug'
   print_debug(DEBUG_KECCAK_HW, "\tSent data %lu: 0x%lx\n", (i << 1), (u32)(state[i] & 0xffffffff));
   ^~~~~~~~~~~
../src/include/keccak_f1600.c:164:47: note: format string is defined here
   print_debug(DEBUG_KECCAK_HW, "\tSent data %lu: 0x%lx\n", (i << 1), (u32)(state[i] & 0xffffffff));
                                             ~~^
                                             %u
In file included from ../src/include/keccak_f1600.h:16,
                 from ../src/include/keccak_f1600.c:9:
../src/include/global_def.h:369:11: warning: format '%lu' expects argument of type 'long unsigned int', but argument 5 has type 'int' [-Wformat=]
    printf("%s:%d:%s() | " fmt, __FILE__, __LINE__, __func__, ## __VA_ARGS__); \
           ^~~~~~~~~~~~~~~
../src/include/keccak_f1600.c:167:3: note: in expansion of macro 'print_debug'
   print_debug(DEBUG_KECCAK_HW, "\tSent data %lu: 0x%lx\n", (i << 1) + 1, (u32)(state[i] >> 32));
   ^~~~~~~~~~~
../src/include/keccak_f1600.c:167:47: note: format string is defined here
   print_debug(DEBUG_KECCAK_HW, "\tSent data %lu: 0x%lx\n", (i << 1) + 1, (u32)(state[i] >> 32));
                                             ~~^
                                             %u
Finished building: ../src/include/keccak_f1600.c
 
Building file: ../src/include/kem.c
Invoking: ARM v7 gcc compiler
arm-none-eabi-gcc -Wall -O0 -g3 -c -fmessage-length=0 -MT"src/include/kem.o" -mcpu=cortex-a9 -mfpu=vfpv3 -mfloat-abi=hard -I../../frodo-client_bsp/ps7_cortexa9_0/include -MMD -MP -MF"src/include/kem.d" -MT"src/include/kem.o" -o "src/include/kem.o" "../src/include/kem.c"
In file included from ../src/include/aes256gcm.h:16,
                 from ../src/include/global_def.h:33,
                 from ../src/include/kem.h:11,
                 from ../src/include/kem.c:10:
../src/include/global_def.h:360:1: warning: multi-line comment [-Wcomment]
 //#define print_debug(debugLevel, ...) \
 ^
In file included from ../src/include/kem.h:11,
                 from ../src/include/kem.c:10:
../src/include/global_def.h:360:1: warning: multi-line comment [-Wcomment]
 //#define print_debug(debugLevel, ...) \
 ^
Finished building: ../src/include/kem.c
 
Building file: ../src/include/noise.c
Invoking: ARM v7 gcc compiler
arm-none-eabi-gcc -Wall -O0 -g3 -c -fmessage-length=0 -MT"src/include/noise.o" -mcpu=cortex-a9 -mfpu=vfpv3 -mfloat-abi=hard -I../../frodo-client_bsp/ps7_cortexa9_0/include -MMD -MP -MF"src/include/noise.d" -MT"src/include/noise.o" -o "src/include/noise.o" "../src/include/noise.c"
In file included from ../src/include/aes256gcm.h:16,
                 from ../src/include/global_def.h:33,
                 from ../src/include/frodo_macrify.h:12,
                 from ../src/include/noise.c:9:
../src/include/global_def.h:360:1: warning: multi-line comment [-Wcomment]
 //#define print_debug(debugLevel, ...) \
 ^
In file included from ../src/include/frodo_macrify.h:12,
                 from ../src/include/noise.c:9:
../src/include/global_def.h:360:1: warning: multi-line comment [-Wcomment]
 //#define print_debug(debugLevel, ...) \
 ^
Finished building: ../src/include/noise.c
 
Building file: ../src/include/random.c
Invoking: ARM v7 gcc compiler
arm-none-eabi-gcc -Wall -O0 -g3 -c -fmessage-length=0 -MT"src/include/random.o" -mcpu=cortex-a9 -mfpu=vfpv3 -mfloat-abi=hard -I../../frodo-client_bsp/ps7_cortexa9_0/include -MMD -MP -MF"src/include/random.d" -MT"src/include/random.o" -o "src/include/random.o" "../src/include/random.c"
In file included from ../src/include/aes256gcm.h:16,
                 from ../src/include/global_def.h:33,
                 from ../src/include/random.h:12,
                 from ../src/include/random.c:8:
../src/include/global_def.h:360:1: warning: multi-line comment [-Wcomment]
 //#define print_debug(debugLevel, ...) \
 ^
In file included from ../src/include/random.h:12,
                 from ../src/include/random.c:8:
../src/include/global_def.h:360:1: warning: multi-line comment [-Wcomment]
 //#define print_debug(debugLevel, ...) \
 ^
Finished building: ../src/include/random.c
 
Building file: ../src/include/test_kem.c
Invoking: ARM v7 gcc compiler
arm-none-eabi-gcc -Wall -O0 -g3 -c -fmessage-length=0 -MT"src/include/test_kem.o" -mcpu=cortex-a9 -mfpu=vfpv3 -mfloat-abi=hard -I../../frodo-client_bsp/ps7_cortexa9_0/include -MMD -MP -MF"src/include/test_kem.d" -MT"src/include/test_kem.o" -o "src/include/test_kem.o" "../src/include/test_kem.c"
In file included from ../src/include/aes256gcm.h:16,
                 from ../src/include/global_def.h:33,
                 from ../src/include/test_kem.c:9:
../src/include/global_def.h:360:1: warning: multi-line comment [-Wcomment]
 //#define print_debug(debugLevel, ...) \
 ^
In file included from ../src/include/test_kem.c:9:
../src/include/global_def.h:360:1: warning: multi-line comment [-Wcomment]
 //#define print_debug(debugLevel, ...) \
 ^
../src/include/test_kem.c: In function 'kem_test':
../src/include/test_kem.c:616:6: warning: unused variable 'readTimer' [-Wunused-variable]
  u32 readTimer;
      ^~~~~~~~~
../src/include/test_kem.c: In function 'start_crypto_kem_keypair':
../src/include/test_kem.c:594:1: warning: control reaches end of non-void function [-Wreturn-type]
 }
 ^
../src/include/test_kem.c: In function 'start_crypto_kem_enc':
../src/include/test_kem.c:603:1: warning: control reaches end of non-void function [-Wreturn-type]
 }
 ^
../src/include/test_kem.c: In function 'start_crypto_kem_dec':
../src/include/test_kem.c:612:1: warning: control reaches end of non-void function [-Wreturn-type]
 }
 ^
Finished building: ../src/include/test_kem.c
 
Building file: ../src/include/util.c
Invoking: ARM v7 gcc compiler
arm-none-eabi-gcc -Wall -O0 -g3 -c -fmessage-length=0 -MT"src/include/util.o" -mcpu=cortex-a9 -mfpu=vfpv3 -mfloat-abi=hard -I../../frodo-client_bsp/ps7_cortexa9_0/include -MMD -MP -MF"src/include/util.d" -MT"src/include/util.o" -o "src/include/util.o" "../src/include/util.c"
In file included from ../src/include/aes256gcm.h:16,
                 from ../src/include/global_def.h:33,
                 from ../src/include/frodo_macrify.h:12,
                 from ../src/include/util.c:9:
../src/include/global_def.h:360:1: warning: multi-line comment [-Wcomment]
 //#define print_debug(debugLevel, ...) \
 ^
In file included from ../src/include/frodo_macrify.h:12,
                 from ../src/include/util.c:9:
../src/include/global_def.h:360:1: warning: multi-line comment [-Wcomment]
 //#define print_debug(debugLevel, ...) \
 ^
Finished building: ../src/include/util.c
 
Building file: ../src/include/weg_smw3000.c
Invoking: ARM v7 gcc compiler
arm-none-eabi-gcc -Wall -O0 -g3 -c -fmessage-length=0 -MT"src/include/weg_smw3000.o" -mcpu=cortex-a9 -mfpu=vfpv3 -mfloat-abi=hard -I../../frodo-client_bsp/ps7_cortexa9_0/include -MMD -MP -MF"src/include/weg_smw3000.d" -MT"src/include/weg_smw3000.o" -o "src/include/weg_smw3000.o" "../src/include/weg_smw3000.c"
In file included from ../src/include/aes256gcm.h:16,
                 from ../src/include/global_def.h:33,
                 from ../src/include/weg_smw3000.h:11,
                 from ../src/include/weg_smw3000.c:8:
../src/include/global_def.h:360:1: warning: multi-line comment [-Wcomment]
 //#define print_debug(debugLevel, ...) \
 ^
In file included from ../src/include/weg_smw3000.h:11,
                 from ../src/include/weg_smw3000.c:8:
../src/include/global_def.h:360:1: warning: multi-line comment [-Wcomment]
 //#define print_debug(debugLevel, ...) \
 ^
../src/include/weg_smw3000.c: In function 'smw3000GetControlStruct':
../src/include/global_def.h:369:11: warning: format '%x' expects argument of type 'unsigned int', but argument 5 has type 'smControlStruct *' {aka 'struct smControlStruct *'} [-Wformat=]
    printf("%s:%d:%s() | " fmt, __FILE__, __LINE__, __func__, ## __VA_ARGS__); \
           ^~~~~~~~~~~~~~~
../src/include/weg_smw3000.c:165:2: note: in expansion of macro 'print_debug'
  print_debug(DEBUG_SM_LVL0, "SM Control structure pointer: 0x%08x\r\n", &smControl);
  ^~~~~~~~~~~
../src/include/weg_smw3000.c:165:65: note: format string is defined here
  print_debug(DEBUG_SM_LVL0, "SM Control structure pointer: 0x%08x\r\n", &smControl);
                                                              ~~~^
In file included from ../src/include/weg_smw3000.h:11,
                 from ../src/include/weg_smw3000.c:8:
../src/include/weg_smw3000.c: In function 'smw3000GetDataStruct':
../src/include/global_def.h:369:11: warning: format '%x' expects argument of type 'unsigned int', but argument 5 has type 'smDataStruct *' {aka 'struct smDataStruct *'} [-Wformat=]
    printf("%s:%d:%s() | " fmt, __FILE__, __LINE__, __func__, ## __VA_ARGS__); \
           ^~~~~~~~~~~~~~~
../src/include/weg_smw3000.c:176:2: note: in expansion of macro 'print_debug'
  print_debug(DEBUG_SM_LVL0, "SM Data structure pointer: 0x%08x\r\n", &smData);
  ^~~~~~~~~~~
../src/include/weg_smw3000.c:176:62: note: format string is defined here
  print_debug(DEBUG_SM_LVL0, "SM Data structure pointer: 0x%08x\r\n", &smData);
                                                           ~~~^
In file included from ../src/include/weg_smw3000.h:11,
                 from ../src/include/weg_smw3000.c:8:
../src/include/weg_smw3000.c: In function 'smw3000GetCipheredDataStruct':
../src/include/global_def.h:369:11: warning: format '%x' expects argument of type 'unsigned int', but argument 5 has type 'smDataStruct *' {aka 'struct smDataStruct *'} [-Wformat=]
    printf("%s:%d:%s() | " fmt, __FILE__, __LINE__, __func__, ## __VA_ARGS__); \
           ^~~~~~~~~~~~~~~
../src/include/weg_smw3000.c:187:2: note: in expansion of macro 'print_debug'
  print_debug(DEBUG_SM_LVL0, "SM Data ciphered structure pointer: 0x%08x\r\n", &smCipheredData);
  ^~~~~~~~~~~
../src/include/weg_smw3000.c:187:71: note: format string is defined here
  print_debug(DEBUG_SM_LVL0, "SM Data ciphered structure pointer: 0x%08x\r\n", &smCipheredData);
                                                                    ~~~^
In file included from ../src/include/weg_smw3000.h:11,
                 from ../src/include/weg_smw3000.c:8:
../src/include/weg_smw3000.c: In function 'smw3000GetLineVoltage':
../src/include/global_def.h:369:11: warning: format '%d' expects argument of type 'int', but argument 5 has type 'u32' {aka 'long unsigned int'} [-Wformat=]
    printf("%s:%d:%s() | " fmt, __FILE__, __LINE__, __func__, ## __VA_ARGS__); \
           ^~~~~~~~~~~~~~~
../src/include/weg_smw3000.c:515:3: note: in expansion of macro 'print_debug'
   print_debug(DEBUG_SM_LVL1, "L1 voltage acquired: %d mV.\r\n", smData.u32VoltageL1);
   ^~~~~~~~~~~
../src/include/weg_smw3000.c:515:53: note: format string is defined here
   print_debug(DEBUG_SM_LVL1, "L1 voltage acquired: %d mV.\r\n", smData.u32VoltageL1);
                                                    ~^
                                                    %ld
In file included from ../src/include/weg_smw3000.h:11,
                 from ../src/include/weg_smw3000.c:8:
../src/include/global_def.h:369:11: warning: format '%d' expects argument of type 'int', but argument 5 has type 'u32' {aka 'long unsigned int'} [-Wformat=]
    printf("%s:%d:%s() | " fmt, __FILE__, __LINE__, __func__, ## __VA_ARGS__); \
           ^~~~~~~~~~~~~~~
../src/include/weg_smw3000.c:520:3: note: in expansion of macro 'print_debug'
   print_debug(DEBUG_SM_LVL1, "L2 voltage acquired: %d mV.\r\n", smData.u32VoltageL2);
   ^~~~~~~~~~~
../src/include/weg_smw3000.c:520:53: note: format string is defined here
   print_debug(DEBUG_SM_LVL1, "L2 voltage acquired: %d mV.\r\n", smData.u32VoltageL2);
                                                    ~^
                                                    %ld
In file included from ../src/include/weg_smw3000.h:11,
                 from ../src/include/weg_smw3000.c:8:
../src/include/global_def.h:369:11: warning: format '%d' expects argument of type 'int', but argument 5 has type 'u32' {aka 'long unsigned int'} [-Wformat=]
    printf("%s:%d:%s() | " fmt, __FILE__, __LINE__, __func__, ## __VA_ARGS__); \
           ^~~~~~~~~~~~~~~
../src/include/weg_smw3000.c:525:3: note: in expansion of macro 'print_debug'
   print_debug(DEBUG_SM_LVL1, "L3 voltage acquired: %d mV.\r\n", smData.u32VoltageL3);
   ^~~~~~~~~~~
../src/include/weg_smw3000.c:525:53: note: format string is defined here
   print_debug(DEBUG_SM_LVL1, "L3 voltage acquired: %d mV.\r\n", smData.u32VoltageL3);
                                                    ~^
                                                    %ld
In file included from ../src/include/weg_smw3000.h:11,
                 from ../src/include/weg_smw3000.c:8:
../src/include/global_def.h:369:11: warning: format '%d' expects argument of type 'int', but argument 5 has type 'u32' {aka 'long unsigned int'} [-Wformat=]
    printf("%s:%d:%s() | " fmt, __FILE__, __LINE__, __func__, ## __VA_ARGS__); \
           ^~~~~~~~~~~~~~~
../src/include/weg_smw3000.c:530:3: note: in expansion of macro 'print_debug'
   print_debug(DEBUG_SM_LVL1, "L1 voltage acquired: %d mV.\r\n", smData.u32VoltageL1);
   ^~~~~~~~~~~
../src/include/weg_smw3000.c:530:53: note: format string is defined here
   print_debug(DEBUG_SM_LVL1, "L1 voltage acquired: %d mV.\r\n", smData.u32VoltageL1);
                                                    ~^
                                                    %ld
In file included from ../src/include/weg_smw3000.h:11,
                 from ../src/include/weg_smw3000.c:8:
../src/include/weg_smw3000.c: In function 'smw3000GetLineCurrent':
../src/include/global_def.h:369:11: warning: format '%d' expects argument of type 'int', but argument 5 has type 'u32' {aka 'long unsigned int'} [-Wformat=]
    printf("%s:%d:%s() | " fmt, __FILE__, __LINE__, __func__, ## __VA_ARGS__); \
           ^~~~~~~~~~~~~~~
../src/include/weg_smw3000.c:611:3: note: in expansion of macro 'print_debug'
   print_debug(DEBUG_SM_LVL1, "L1 current acquired: %d mA.\r\n", smData.u32CurrentL1);
   ^~~~~~~~~~~
../src/include/weg_smw3000.c:611:53: note: format string is defined here
   print_debug(DEBUG_SM_LVL1, "L1 current acquired: %d mA.\r\n", smData.u32CurrentL1);
                                                    ~^
                                                    %ld
In file included from ../src/include/weg_smw3000.h:11,
                 from ../src/include/weg_smw3000.c:8:
../src/include/global_def.h:369:11: warning: format '%d' expects argument of type 'int', but argument 5 has type 'u32' {aka 'long unsigned int'} [-Wformat=]
    printf("%s:%d:%s() | " fmt, __FILE__, __LINE__, __func__, ## __VA_ARGS__); \
           ^~~~~~~~~~~~~~~
../src/include/weg_smw3000.c:616:3: note: in expansion of macro 'print_debug'
   print_debug(DEBUG_SM_LVL1, "L2 current acquired: %d mA.\r\n", smData.u32CurrentL2);
   ^~~~~~~~~~~
../src/include/weg_smw3000.c:616:53: note: format string is defined here
   print_debug(DEBUG_SM_LVL1, "L2 current acquired: %d mA.\r\n", smData.u32CurrentL2);
                                                    ~^
                                                    %ld
In file included from ../src/include/weg_smw3000.h:11,
                 from ../src/include/weg_smw3000.c:8:
../src/include/global_def.h:369:11: warning: format '%d' expects argument of type 'int', but argument 5 has type 'u32' {aka 'long unsigned int'} [-Wformat=]
    printf("%s:%d:%s() | " fmt, __FILE__, __LINE__, __func__, ## __VA_ARGS__); \
           ^~~~~~~~~~~~~~~
../src/include/weg_smw3000.c:621:3: note: in expansion of macro 'print_debug'
   print_debug(DEBUG_SM_LVL1, "L3 current acquired: %d mA.\r\n", smData.u32CurrentL3);
   ^~~~~~~~~~~
../src/include/weg_smw3000.c:621:53: note: format string is defined here
   print_debug(DEBUG_SM_LVL1, "L3 current acquired: %d mA.\r\n", smData.u32CurrentL3);
                                                    ~^
                                                    %ld
In file included from ../src/include/weg_smw3000.h:11,
                 from ../src/include/weg_smw3000.c:8:
../src/include/global_def.h:369:11: warning: format '%d' expects argument of type 'int', but argument 5 has type 'u32' {aka 'long unsigned int'} [-Wformat=]
    printf("%s:%d:%s() | " fmt, __FILE__, __LINE__, __func__, ## __VA_ARGS__); \
           ^~~~~~~~~~~~~~~
../src/include/weg_smw3000.c:626:3: note: in expansion of macro 'print_debug'
   print_debug(DEBUG_SM_LVL1, "Neutral current acquired: %d mA.\r\n", smData.u32CurrentN);
   ^~~~~~~~~~~
../src/include/weg_smw3000.c:626:58: note: format string is defined here
   print_debug(DEBUG_SM_LVL1, "Neutral current acquired: %d mA.\r\n", smData.u32CurrentN);
                                                         ~^
                                                         %ld
In file included from ../src/include/weg_smw3000.h:11,
                 from ../src/include/weg_smw3000.c:8:
../src/include/global_def.h:369:11: warning: format '%d' expects argument of type 'int', but argument 5 has type 'u32' {aka 'long unsigned int'} [-Wformat=]
    printf("%s:%d:%s() | " fmt, __FILE__, __LINE__, __func__, ## __VA_ARGS__); \
           ^~~~~~~~~~~~~~~
../src/include/weg_smw3000.c:631:3: note: in expansion of macro 'print_debug'
   print_debug(DEBUG_SM_LVL1, "L1 current acquired: %d mA.\r\n", smData.u32CurrentL1);
   ^~~~~~~~~~~
../src/include/weg_smw3000.c:631:53: note: format string is defined here
   print_debug(DEBUG_SM_LVL1, "L1 current acquired: %d mA.\r\n", smData.u32CurrentL1);
                                                    ~^
                                                    %ld
In file included from ../src/include/weg_smw3000.h:11,
                 from ../src/include/weg_smw3000.c:8:
../src/include/weg_smw3000.c: In function 'smw3000SendBuffer':
../src/include/global_def.h:369:11: warning: format '%d' expects argument of type 'int', but argument 5 has type 'u32' {aka 'long unsigned int'} [-Wformat=]
    printf("%s:%d:%s() | " fmt, __FILE__, __LINE__, __func__, ## __VA_ARGS__); \
           ^~~~~~~~~~~~~~~
../src/include/weg_smw3000.c:685:2: note: in expansion of macro 'print_debug'
  print_debug(DEBUG_SM_LVL0, "Sending (len: %d): ", smBuffer.u32TxBufferLen);
  ^~~~~~~~~~~
../src/include/weg_smw3000.c:685:45: note: format string is defined here
  print_debug(DEBUG_SM_LVL0, "Sending (len: %d): ", smBuffer.u32TxBufferLen);
                                            ~^
                                            %ld
In file included from ../src/include/weg_smw3000.h:11,
                 from ../src/include/weg_smw3000.c:8:
../src/include/weg_smw3000.c: In function 'smw3000PrintRxBuffer':
../src/include/global_def.h:369:11: warning: format '%d' expects argument of type 'int', but argument 5 has type 'u32' {aka 'long unsigned int'} [-Wformat=]
    printf("%s:%d:%s() | " fmt, __FILE__, __LINE__, __func__, ## __VA_ARGS__); \
           ^~~~~~~~~~~~~~~
../src/include/weg_smw3000.c:785:2: note: in expansion of macro 'print_debug'
  print_debug(DEBUG_SM_LVL0, "RX Buffer (len %d): ", smBuffer.u32RxBufferLen);
  ^~~~~~~~~~~
../src/include/weg_smw3000.c:785:46: note: format string is defined here
  print_debug(DEBUG_SM_LVL0, "RX Buffer (len %d): ", smBuffer.u32RxBufferLen);
                                             ~^
                                             %ld
In file included from ../src/include/weg_smw3000.h:11,
                 from ../src/include/weg_smw3000.c:8:
../src/include/weg_smw3000.c: In function 'smw3000PrintDataStruct':
../src/include/global_def.h:369:11: warning: format '%x' expects argument of type 'unsigned int', but argument 5 has type 'smDataStruct *' {aka 'struct smDataStruct *'} [-Wformat=]
    printf("%s:%d:%s() | " fmt, __FILE__, __LINE__, __func__, ## __VA_ARGS__); \
           ^~~~~~~~~~~~~~~
../src/include/weg_smw3000.c:815:2: note: in expansion of macro 'print_debug'
  print_debug(DEBUG_SM_LVL2, "Data structure (addr 0x%08x):\r\n", psmDataStruct);
  ^~~~~~~~~~~
../src/include/weg_smw3000.c:815:56: note: format string is defined here
  print_debug(DEBUG_SM_LVL2, "Data structure (addr 0x%08x):\r\n", psmDataStruct);
                                                     ~~~^
In file included from ../src/include/weg_smw3000.h:11,
                 from ../src/include/weg_smw3000.c:8:
../src/include/global_def.h:369:11: warning: format '%x' expects argument of type 'unsigned int', but argument 5 has type 'u32' {aka 'long unsigned int'} [-Wformat=]
    printf("%s:%d:%s() | " fmt, __FILE__, __LINE__, __func__, ## __VA_ARGS__); \
           ^~~~~~~~~~~~~~~
../src/include/weg_smw3000.c:816:2: note: in expansion of macro 'print_debug'
  print_debug(DEBUG_SM_LVL2, "Seed: 0x%08x\r\n", psmDataStruct->u32Seed);
  ^~~~~~~~~~~
../src/include/weg_smw3000.c:816:41: note: format string is defined here
  print_debug(DEBUG_SM_LVL2, "Seed: 0x%08x\r\n", psmDataStruct->u32Seed);
                                      ~~~^
                                      %08lx
In file included from ../src/include/weg_smw3000.h:11,
                 from ../src/include/weg_smw3000.c:8:
../src/include/global_def.h:369:11: warning: format '%d' expects argument of type 'int', but argument 5 has type 'u32' {aka 'long unsigned int'} [-Wformat=]
    printf("%s:%d:%s() | " fmt, __FILE__, __LINE__, __func__, ## __VA_ARGS__); \
           ^~~~~~~~~~~~~~~
../src/include/weg_smw3000.c:826:2: note: in expansion of macro 'print_debug'
  print_debug(DEBUG_SM_LVL2, "L1 voltage acquired: %d mV.\r\n", psmDataStruct->u32VoltageL1);
  ^~~~~~~~~~~
../src/include/weg_smw3000.c:826:52: note: format string is defined here
  print_debug(DEBUG_SM_LVL2, "L1 voltage acquired: %d mV.\r\n", psmDataStruct->u32VoltageL1);
                                                   ~^
                                                   %ld
In file included from ../src/include/weg_smw3000.h:11,
                 from ../src/include/weg_smw3000.c:8:
../src/include/global_def.h:369:11: warning: format '%d' expects argument of type 'int', but argument 5 has type 'u32' {aka 'long unsigned int'} [-Wformat=]
    printf("%s:%d:%s() | " fmt, __FILE__, __LINE__, __func__, ## __VA_ARGS__); \
           ^~~~~~~~~~~~~~~
../src/include/weg_smw3000.c:827:2: note: in expansion of macro 'print_debug'
  print_debug(DEBUG_SM_LVL2, "L2 voltage acquired: %d mV.\r\n", psmDataStruct->u32VoltageL2);
  ^~~~~~~~~~~
../src/include/weg_smw3000.c:827:52: note: format string is defined here
  print_debug(DEBUG_SM_LVL2, "L2 voltage acquired: %d mV.\r\n", psmDataStruct->u32VoltageL2);
                                                   ~^
                                                   %ld
In file included from ../src/include/weg_smw3000.h:11,
                 from ../src/include/weg_smw3000.c:8:
../src/include/global_def.h:369:11: warning: format '%d' expects argument of type 'int', but argument 5 has type 'u32' {aka 'long unsigned int'} [-Wformat=]
    printf("%s:%d:%s() | " fmt, __FILE__, __LINE__, __func__, ## __VA_ARGS__); \
           ^~~~~~~~~~~~~~~
../src/include/weg_smw3000.c:828:2: note: in expansion of macro 'print_debug'
  print_debug(DEBUG_SM_LVL2, "L3 voltage acquired: %d mV.\r\n", psmDataStruct->u32VoltageL3);
  ^~~~~~~~~~~
../src/include/weg_smw3000.c:828:52: note: format string is defined here
  print_debug(DEBUG_SM_LVL2, "L3 voltage acquired: %d mV.\r\n", psmDataStruct->u32VoltageL3);
                                                   ~^
                                                   %ld
In file included from ../src/include/weg_smw3000.h:11,
                 from ../src/include/weg_smw3000.c:8:
../src/include/global_def.h:369:11: warning: format '%d' expects argument of type 'int', but argument 5 has type 'u32' {aka 'long unsigned int'} [-Wformat=]
    printf("%s:%d:%s() | " fmt, __FILE__, __LINE__, __func__, ## __VA_ARGS__); \
           ^~~~~~~~~~~~~~~
../src/include/weg_smw3000.c:829:2: note: in expansion of macro 'print_debug'
  print_debug(DEBUG_SM_LVL2, "L1 current acquired: %d mA.\r\n", psmDataStruct->u32CurrentL1);
  ^~~~~~~~~~~
../src/include/weg_smw3000.c:829:52: note: format string is defined here
  print_debug(DEBUG_SM_LVL2, "L1 current acquired: %d mA.\r\n", psmDataStruct->u32CurrentL1);
                                                   ~^
                                                   %ld
In file included from ../src/include/weg_smw3000.h:11,
                 from ../src/include/weg_smw3000.c:8:
../src/include/global_def.h:369:11: warning: format '%d' expects argument of type 'int', but argument 5 has type 'u32' {aka 'long unsigned int'} [-Wformat=]
    printf("%s:%d:%s() | " fmt, __FILE__, __LINE__, __func__, ## __VA_ARGS__); \
           ^~~~~~~~~~~~~~~
../src/include/weg_smw3000.c:830:2: note: in expansion of macro 'print_debug'
  print_debug(DEBUG_SM_LVL2, "L2 current acquired: %d mA.\r\n", psmDataStruct->u32CurrentL2);
  ^~~~~~~~~~~
../src/include/weg_smw3000.c:830:52: note: format string is defined here
  print_debug(DEBUG_SM_LVL2, "L2 current acquired: %d mA.\r\n", psmDataStruct->u32CurrentL2);
                                                   ~^
                                                   %ld
In file included from ../src/include/weg_smw3000.h:11,
                 from ../src/include/weg_smw3000.c:8:
../src/include/global_def.h:369:11: warning: format '%d' expects argument of type 'int', but argument 5 has type 'u32' {aka 'long unsigned int'} [-Wformat=]
    printf("%s:%d:%s() | " fmt, __FILE__, __LINE__, __func__, ## __VA_ARGS__); \
           ^~~~~~~~~~~~~~~
../src/include/weg_smw3000.c:831:2: note: in expansion of macro 'print_debug'
  print_debug(DEBUG_SM_LVL2, "L3 current acquired: %d mA.\r\n", psmDataStruct->u32CurrentL3);
  ^~~~~~~~~~~
../src/include/weg_smw3000.c:831:52: note: format string is defined here
  print_debug(DEBUG_SM_LVL2, "L3 current acquired: %d mA.\r\n", psmDataStruct->u32CurrentL3);
                                                   ~^
                                                   %ld
In file included from ../src/include/weg_smw3000.h:11,
                 from ../src/include/weg_smw3000.c:8:
../src/include/global_def.h:369:11: warning: format '%d' expects argument of type 'int', but argument 5 has type 'u32' {aka 'long unsigned int'} [-Wformat=]
    printf("%s:%d:%s() | " fmt, __FILE__, __LINE__, __func__, ## __VA_ARGS__); \
           ^~~~~~~~~~~~~~~
../src/include/weg_smw3000.c:832:2: note: in expansion of macro 'print_debug'
  print_debug(DEBUG_SM_LVL2, "LN current acquired: %d mA.\r\n", psmDataStruct->u32CurrentN);
  ^~~~~~~~~~~
../src/include/weg_smw3000.c:832:52: note: format string is defined here
  print_debug(DEBUG_SM_LVL2, "LN current acquired: %d mA.\r\n", psmDataStruct->u32CurrentN);
                                                   ~^
                                                   %ld
Finished building: ../src/include/weg_smw3000.c
 
Building file: ../src/main.c
Invoking: ARM v7 gcc compiler
arm-none-eabi-gcc -Wall -O0 -g3 -c -fmessage-length=0 -MT"src/main.o" -mcpu=cortex-a9 -mfpu=vfpv3 -mfloat-abi=hard -I../../frodo-client_bsp/ps7_cortexa9_0/include -MMD -MP -MF"src/main.d" -MT"src/main.o" -o "src/main.o" "../src/main.c"
In file included from ../src/include/aes256gcm.h:16,
                 from ../src/include/global_def.h:33,
                 from ../src/main.c:30:
../src/include/global_def.h:360:1: warning: multi-line comment [-Wcomment]
 //#define print_debug(debugLevel, ...) \
 ^
In file included from ../src/main.c:30:
../src/include/global_def.h:360:1: warning: multi-line comment [-Wcomment]
 //#define print_debug(debugLevel, ...) \
 ^
In file included from ../src/main.c:30:
../src/main.c: In function 'main':
../src/include/global_def.h:369:11: warning: format '%x' expects argument of type 'unsigned int', but argument 5 has type 'u32' {aka 'long unsigned int'} [-Wformat=]
    printf("%s:%d:%s() | " fmt, __FILE__, __LINE__, __func__, ## __VA_ARGS__); \
           ^~~~~~~~~~~~~~~
../src/main.c:792:7: note: in expansion of macro 'print_debug'
       print_debug(DEBUG_ERROR, "Failed to get data (rv: 0x%08x).\r\n", rv);
       ^~~~~~~~~~~
../src/main.c:792:62: note: format string is defined here
       print_debug(DEBUG_ERROR, "Failed to get data (rv: 0x%08x).\r\n", rv);
                                                           ~~~^
                                                           %08lx
Finished building: ../src/main.c
 
Building file: ../src/tcp_perf_client.c
Invoking: ARM v7 gcc compiler
arm-none-eabi-gcc -Wall -O0 -g3 -c -fmessage-length=0 -MT"src/tcp_perf_client.o" -mcpu=cortex-a9 -mfpu=vfpv3 -mfloat-abi=hard -I../../frodo-client_bsp/ps7_cortexa9_0/include -MMD -MP -MF"src/tcp_perf_client.d" -MT"src/tcp_perf_client.o" -o "src/tcp_perf_client.o" "../src/tcp_perf_client.c"
In file included from ../src/include/aes256gcm.h:16,
                 from ../src/include/global_def.h:33,
                 from ../src/tcp_perf_client.c:32:
../src/include/global_def.h:360:1: warning: multi-line comment [-Wcomment]
 //#define print_debug(debugLevel, ...) \
 ^
In file included from ../src/tcp_perf_client.c:32:
../src/include/global_def.h:360:1: warning: multi-line comment [-Wcomment]
 //#define print_debug(debugLevel, ...) \
 ^
Finished building: ../src/tcp_perf_client.c
 
Building target: frodo-client.elf
Invoking: ARM v7 gcc linker
arm-none-eabi-gcc -mcpu=cortex-a9 -mfpu=vfpv3 -mfloat-abi=hard -Wl,-build-id=none -specs=Xilinx.spec -Wl,-T -Wl,../src/lscript.ld -L../../frodo-client_bsp/ps7_cortexa9_0/lib -o "frodo-client.elf"  ./src/include/aes256ctr.o ./src/include/aes256gcm.o ./src/include/fips202.o ./src/include/frodo_macrify.o ./src/include/global_func.o ./src/include/keccak_f1600.o ./src/include/kem.o ./src/include/noise.o ./src/include/random.o ./src/include/test_KEM640.o ./src/include/test_kem.o ./src/include/util.o ./src/include/weg_smw3000.o  ./src/i2c_access.o ./src/iic_phyreset.o ./src/main.o ./src/platform.o ./src/platform_mb.o ./src/platform_zynq.o ./src/platform_zynqmp.o ./src/sfp.o ./src/si5324.o ./src/tcp_perf_client.o   -Wl,--start-group,-lxil,-lgcc,-lc,--end-group -Wl,--start-group,-lxil,-llwip4,-lgcc,-lc,--end-group
Finished building target: frodo-client.elf
 
Invoking: ARM v7 Print Size
arm-none-eabi-size frodo-client.elf  |tee "frodo-client.elf.size"
   text	   data	    bss	    dec	    hex	filename
 259768	   3800	31578400	31841968	1e5deb0	frodo-client.elf
Finished building: frodo-client.elf.size
 
22:18:21 **** Incremental Build of configuration Debug for project frodo-server ****
make pre-build main-build 
a9-linaro-pre-build-step
 
Building file: ../src/include/aes256ctr.c
Invoking: ARM v7 gcc compiler
arm-none-eabi-gcc -Wall -O0 -g3 -c -fmessage-length=0 -MT"src/include/aes256ctr.o" -mcpu=cortex-a9 -mfpu=vfpv3 -mfloat-abi=hard -I../../frodo-server_bsp/ps7_cortexa9_0/include -MMD -MP -MF"src/include/aes256ctr.d" -MT"src/include/aes256ctr.o" -o "src/include/aes256ctr.o" "../src/include/aes256ctr.c"
In file included from ../src/include/aes256gcm.h:16,
                 from ../src/include/global_def.h:33,
                 from ../src/include/aes256ctr.c:28:
../src/include/global_def.h:356:1: warning: multi-line comment [-Wcomment]
 //#define print_debug(debugLevel, ...) \
 ^
In file included from ../src/include/aes256ctr.c:28:
../src/include/global_def.h:356:1: warning: multi-line comment [-Wcomment]
 //#define print_debug(debugLevel, ...) \
 ^
Finished building: ../src/include/aes256ctr.c
 
Building file: ../src/include/aes256gcm.c
Invoking: ARM v7 gcc compiler
arm-none-eabi-gcc -Wall -O0 -g3 -c -fmessage-length=0 -MT"src/include/aes256gcm.o" -mcpu=cortex-a9 -mfpu=vfpv3 -mfloat-abi=hard -I../../frodo-server_bsp/ps7_cortexa9_0/include -MMD -MP -MF"src/include/aes256gcm.d" -MT"src/include/aes256gcm.o" -o "src/include/aes256gcm.o" "../src/include/aes256gcm.c"
In file included from ../src/include/weg_smw3000.h:11,
                 from ../src/include/global_def.h:35,
                 from ../src/include/aes256gcm.h:16,
                 from ../src/include/aes256gcm.c:8:
../src/include/global_def.h:356:1: warning: multi-line comment [-Wcomment]
 //#define print_debug(debugLevel, ...) \
 ^
In file included from ../src/include/aes256gcm.h:16,
                 from ../src/include/aes256gcm.c:8:
../src/include/global_def.h:356:1: warning: multi-line comment [-Wcomment]
 //#define print_debug(debugLevel, ...) \
 ^
Finished building: ../src/include/aes256gcm.c
 
Building file: ../src/include/fips202.c
Invoking: ARM v7 gcc compiler
arm-none-eabi-gcc -Wall -O0 -g3 -c -fmessage-length=0 -MT"src/include/fips202.o" -mcpu=cortex-a9 -mfpu=vfpv3 -mfloat-abi=hard -I../../frodo-server_bsp/ps7_cortexa9_0/include -MMD -MP -MF"src/include/fips202.d" -MT"src/include/fips202.o" -o "src/include/fips202.o" "../src/include/fips202.c"
In file included from ../src/include/aes256gcm.h:16,
                 from ../src/include/global_def.h:33,
                 from ../src/include/fips202.h:11,
                 from ../src/include/fips202.c:11:
../src/include/global_def.h:356:1: warning: multi-line comment [-Wcomment]
 //#define print_debug(debugLevel, ...) \
 ^
In file included from ../src/include/fips202.h:11,
                 from ../src/include/fips202.c:11:
../src/include/global_def.h:356:1: warning: multi-line comment [-Wcomment]
 //#define print_debug(debugLevel, ...) \
 ^
../src/include/fips202.c: In function 'shake128_hw':
../src/include/global_def.h:365:11: warning: format '%d' expects argument of type 'int', but argument 5 has type 'u32' {aka 'long unsigned int'} [-Wformat=]
    printf("%s:%d:%s() | " fmt, __FILE__, __LINE__, __func__, ## __VA_ARGS__); \
           ^~~~~~~~~~~~~~~
../src/include/fips202.c:476:2: note: in expansion of macro 'print_debug'
  print_debug(DEBUG_SHAKE_MM, "[SHAKE] u32InWords: %d\n", u32InWords);
  ^~~~~~~~~~~
../src/include/fips202.c:476:52: note: format string is defined here
  print_debug(DEBUG_SHAKE_MM, "[SHAKE] u32InWords: %d\n", u32InWords);
                                                   ~^
                                                   %ld
In file included from ../src/include/fips202.h:11,
                 from ../src/include/fips202.c:11:
../src/include/global_def.h:365:11: warning: format '%d' expects argument of type 'int', but argument 5 has type 'u32' {aka 'long unsigned int'} [-Wformat=]
    printf("%s:%d:%s() | " fmt, __FILE__, __LINE__, __func__, ## __VA_ARGS__); \
           ^~~~~~~~~~~~~~~
../src/include/fips202.c:478:2: note: in expansion of macro 'print_debug'
  print_debug(DEBUG_SHAKE_MM, "[SHAKE] u32OutWords: %d\n", u32OutWords);
  ^~~~~~~~~~~
../src/include/fips202.c:478:53: note: format string is defined here
  print_debug(DEBUG_SHAKE_MM, "[SHAKE] u32OutWords: %d\n", u32OutWords);
                                                    ~^
                                                    %ld
In file included from ../src/include/fips202.h:11,
                 from ../src/include/fips202.c:11:
../src/include/global_def.h:365:11: warning: format '%x' expects argument of type 'unsigned int', but argument 6 has type 'u32' {aka 'long unsigned int'} [-Wformat=]
    printf("%s:%d:%s() | " fmt, __FILE__, __LINE__, __func__, ## __VA_ARGS__); \
           ^~~~~~~~~~~~~~~
../src/include/fips202.c:498:3: note: in expansion of macro 'print_debug'
   print_debug(DEBUG_SHAKE_MM, "[SHAKE] memoryMMshake[%d]: 0x%08x\n", i, m[i]);
   ^~~~~~~~~~~
../src/include/fips202.c:498:64: note: format string is defined here
   print_debug(DEBUG_SHAKE_MM, "[SHAKE] memoryMMshake[%d]: 0x%08x\n", i, m[i]);
                                                             ~~~^
                                                             %08lx
In file included from ../src/include/fips202.h:11,
                 from ../src/include/fips202.c:11:
../src/include/global_def.h:365:11: warning: format '%d' expects argument of type 'int', but argument 5 has type 'long unsigned int' [-Wformat=]
    printf("%s:%d:%s() | " fmt, __FILE__, __LINE__, __func__, ## __VA_ARGS__); \
           ^~~~~~~~~~~~~~~
../src/include/fips202.c:506:4: note: in expansion of macro 'print_debug'
    print_debug(DEBUG_SHAKE_MM, "[SHAKE] memoryMMshake[%d]: 0x%08x\n", u32InWords - 1, m[u32InWords - 1]);
    ^~~~~~~~~~~
../src/include/fips202.c:506:56: note: format string is defined here
    print_debug(DEBUG_SHAKE_MM, "[SHAKE] memoryMMshake[%d]: 0x%08x\n", u32InWords - 1, m[u32InWords - 1]);
                                                       ~^
                                                       %ld
In file included from ../src/include/fips202.h:11,
                 from ../src/include/fips202.c:11:
../src/include/global_def.h:365:11: warning: format '%x' expects argument of type 'unsigned int', but argument 6 has type 'u32' {aka 'long unsigned int'} [-Wformat=]
    printf("%s:%d:%s() | " fmt, __FILE__, __LINE__, __func__, ## __VA_ARGS__); \
           ^~~~~~~~~~~~~~~
../src/include/fips202.c:506:4: note: in expansion of macro 'print_debug'
    print_debug(DEBUG_SHAKE_MM, "[SHAKE] memoryMMshake[%d]: 0x%08x\n", u32InWords - 1, m[u32InWords - 1]);
    ^~~~~~~~~~~
../src/include/fips202.c:506:65: note: format string is defined here
    print_debug(DEBUG_SHAKE_MM, "[SHAKE] memoryMMshake[%d]: 0x%08x\n", u32InWords - 1, m[u32InWords - 1]);
                                                              ~~~^
                                                              %08lx
In file included from ../src/include/fips202.h:11,
                 from ../src/include/fips202.c:11:
../src/include/global_def.h:365:11: warning: format '%d' expects argument of type 'int', but argument 5 has type 'long unsigned int' [-Wformat=]
    printf("%s:%d:%s() | " fmt, __FILE__, __LINE__, __func__, ## __VA_ARGS__); \
           ^~~~~~~~~~~~~~~
../src/include/fips202.c:510:4: note: in expansion of macro 'print_debug'
    print_debug(DEBUG_SHAKE_MM, "[SHAKE] memoryMMshake[%d]: 0x%08x\n", u32InWords - 1, m[u32InWords - 1] & 0xff);
    ^~~~~~~~~~~
../src/include/fips202.c:510:56: note: format string is defined here
    print_debug(DEBUG_SHAKE_MM, "[SHAKE] memoryMMshake[%d]: 0x%08x\n", u32InWords - 1, m[u32InWords - 1] & 0xff);
                                                       ~^
                                                       %ld
In file included from ../src/include/fips202.h:11,
                 from ../src/include/fips202.c:11:
../src/include/global_def.h:365:11: warning: format '%x' expects argument of type 'unsigned int', but argument 6 has type 'long unsigned int' [-Wformat=]
    printf("%s:%d:%s() | " fmt, __FILE__, __LINE__, __func__, ## __VA_ARGS__); \
           ^~~~~~~~~~~~~~~
../src/include/fips202.c:510:4: note: in expansion of macro 'print_debug'
    print_debug(DEBUG_SHAKE_MM, "[SHAKE] memoryMMshake[%d]: 0x%08x\n", u32InWords - 1, m[u32InWords - 1] & 0xff);
    ^~~~~~~~~~~
../src/include/fips202.c:510:65: note: format string is defined here
    print_debug(DEBUG_SHAKE_MM, "[SHAKE] memoryMMshake[%d]: 0x%08x\n", u32InWords - 1, m[u32InWords - 1] & 0xff);
                                                              ~~~^
                                                              %08lx
In file included from ../src/include/fips202.h:11,
                 from ../src/include/fips202.c:11:
../src/include/global_def.h:365:11: warning: format '%d' expects argument of type 'int', but argument 5 has type 'long unsigned int' [-Wformat=]
    printf("%s:%d:%s() | " fmt, __FILE__, __LINE__, __func__, ## __VA_ARGS__); \
           ^~~~~~~~~~~~~~~
../src/include/fips202.c:514:4: note: in expansion of macro 'print_debug'
    print_debug(DEBUG_SHAKE_MM, "[SHAKE] memoryMMshake[%d]: 0x%08x\n", u32InWords - 1, m[u32InWords - 1] & 0xffff);
    ^~~~~~~~~~~
../src/include/fips202.c:514:56: note: format string is defined here
    print_debug(DEBUG_SHAKE_MM, "[SHAKE] memoryMMshake[%d]: 0x%08x\n", u32InWords - 1, m[u32InWords - 1] & 0xffff);
                                                       ~^
                                                       %ld
In file included from ../src/include/fips202.h:11,
                 from ../src/include/fips202.c:11:
../src/include/global_def.h:365:11: warning: format '%x' expects argument of type 'unsigned int', but argument 6 has type 'long unsigned int' [-Wformat=]
    printf("%s:%d:%s() | " fmt, __FILE__, __LINE__, __func__, ## __VA_ARGS__); \
           ^~~~~~~~~~~~~~~
../src/include/fips202.c:514:4: note: in expansion of macro 'print_debug'
    print_debug(DEBUG_SHAKE_MM, "[SHAKE] memoryMMshake[%d]: 0x%08x\n", u32InWords - 1, m[u32InWords - 1] & 0xffff);
    ^~~~~~~~~~~
../src/include/fips202.c:514:65: note: format string is defined here
    print_debug(DEBUG_SHAKE_MM, "[SHAKE] memoryMMshake[%d]: 0x%08x\n", u32InWords - 1, m[u32InWords - 1] & 0xffff);
                                                              ~~~^
                                                              %08lx
In file included from ../src/include/fips202.h:11,
                 from ../src/include/fips202.c:11:
../src/include/global_def.h:365:11: warning: format '%d' expects argument of type 'int', but argument 5 has type 'long unsigned int' [-Wformat=]
    printf("%s:%d:%s() | " fmt, __FILE__, __LINE__, __func__, ## __VA_ARGS__); \
           ^~~~~~~~~~~~~~~
../src/include/fips202.c:518:4: note: in expansion of macro 'print_debug'
    print_debug(DEBUG_SHAKE_MM, "[SHAKE] memoryMMshake[%d]: 0x%08x\n", u32InWords - 1, m[u32InWords - 1] & 0xffffff);
    ^~~~~~~~~~~
../src/include/fips202.c:518:56: note: format string is defined here
    print_debug(DEBUG_SHAKE_MM, "[SHAKE] memoryMMshake[%d]: 0x%08x\n", u32InWords - 1, m[u32InWords - 1] & 0xffffff);
                                                       ~^
                                                       %ld
In file included from ../src/include/fips202.h:11,
                 from ../src/include/fips202.c:11:
../src/include/global_def.h:365:11: warning: format '%x' expects argument of type 'unsigned int', but argument 6 has type 'long unsigned int' [-Wformat=]
    printf("%s:%d:%s() | " fmt, __FILE__, __LINE__, __func__, ## __VA_ARGS__); \
           ^~~~~~~~~~~~~~~
../src/include/fips202.c:518:4: note: in expansion of macro 'print_debug'
    print_debug(DEBUG_SHAKE_MM, "[SHAKE] memoryMMshake[%d]: 0x%08x\n", u32InWords - 1, m[u32InWords - 1] & 0xffffff);
    ^~~~~~~~~~~
../src/include/fips202.c:518:65: note: format string is defined here
    print_debug(DEBUG_SHAKE_MM, "[SHAKE] memoryMMshake[%d]: 0x%08x\n", u32InWords - 1, m[u32InWords - 1] & 0xffffff);
                                                              ~~~^
                                                              %08lx
Finished building: ../src/include/fips202.c
 
Building file: ../src/include/frodo_macrify.c
Invoking: ARM v7 gcc compiler
arm-none-eabi-gcc -Wall -O0 -g3 -c -fmessage-length=0 -MT"src/include/frodo_macrify.o" -mcpu=cortex-a9 -mfpu=vfpv3 -mfloat-abi=hard -I../../frodo-server_bsp/ps7_cortexa9_0/include -MMD -MP -MF"src/include/frodo_macrify.d" -MT"src/include/frodo_macrify.o" -o "src/include/frodo_macrify.o" "../src/include/frodo_macrify.c"
In file included from ../src/include/aes256gcm.h:16,
                 from ../src/include/global_def.h:33,
                 from ../src/include/frodo_macrify.c:9:
../src/include/global_def.h:356:1: warning: multi-line comment [-Wcomment]
 //#define print_debug(debugLevel, ...) \
 ^
In file included from ../src/include/frodo_macrify.c:9:
../src/include/global_def.h:356:1: warning: multi-line comment [-Wcomment]
 //#define print_debug(debugLevel, ...) \
 ^
Finished building: ../src/include/frodo_macrify.c
 
Building file: ../src/include/global_func.c
Invoking: ARM v7 gcc compiler
arm-none-eabi-gcc -Wall -O0 -g3 -c -fmessage-length=0 -MT"src/include/global_func.o" -mcpu=cortex-a9 -mfpu=vfpv3 -mfloat-abi=hard -I../../frodo-server_bsp/ps7_cortexa9_0/include -MMD -MP -MF"src/include/global_func.d" -MT"src/include/global_func.o" -o "src/include/global_func.o" "../src/include/global_func.c"
In file included from ../src/include/aes256gcm.h:16,
                 from ../src/include/global_def.h:33,
                 from ../src/include/global_func.c:8:
../src/include/global_def.h:356:1: warning: multi-line comment [-Wcomment]
 //#define print_debug(debugLevel, ...) \
 ^
In file included from ../src/include/global_func.c:8:
../src/include/global_def.h:356:1: warning: multi-line comment [-Wcomment]
 //#define print_debug(debugLevel, ...) \
 ^
../src/include/global_func.c: In function 'getChipTemperature':
../src/include/global_func.c:37:8: warning: variable 'TempData' set but not used [-Wunused-but-set-variable]
  float TempData;
        ^~~~~~~~
Finished building: ../src/include/global_func.c
 
Building file: ../src/include/keccak_f1600.c
Invoking: ARM v7 gcc compiler
arm-none-eabi-gcc -Wall -O0 -g3 -c -fmessage-length=0 -MT"src/include/keccak_f1600.o" -mcpu=cortex-a9 -mfpu=vfpv3 -mfloat-abi=hard -I../../frodo-server_bsp/ps7_cortexa9_0/include -MMD -MP -MF"src/include/keccak_f1600.d" -MT"src/include/keccak_f1600.o" -o "src/include/keccak_f1600.o" "../src/include/keccak_f1600.c"
In file included from ../src/include/aes256gcm.h:16,
                 from ../src/include/global_def.h:33,
                 from ../src/include/keccak_f1600.h:16,
                 from ../src/include/keccak_f1600.c:9:
../src/include/global_def.h:356:1: warning: multi-line comment [-Wcomment]
 //#define print_debug(debugLevel, ...) \
 ^
In file included from ../src/include/keccak_f1600.h:16,
                 from ../src/include/keccak_f1600.c:9:
../src/include/global_def.h:356:1: warning: multi-line comment [-Wcomment]
 //#define print_debug(debugLevel, ...) \
 ^
../src/include/keccak_f1600.c: In function 'KeccakF1600_StatePermute_HW_MM':
../src/include/global_def.h:365:11: warning: format '%lu' expects argument of type 'long unsigned int', but argument 5 has type 'int' [-Wformat=]
    printf("%s:%d:%s() | " fmt, __FILE__, __LINE__, __func__, ## __VA_ARGS__); \
           ^~~~~~~~~~~~~~~
../src/include/keccak_f1600.c:164:3: note: in expansion of macro 'print_debug'
   print_debug(DEBUG_KECCAK_HW, "\tSent data %lu: 0x%lx\n", (i << 1), (u32)(state[i] & 0xffffffff));
   ^~~~~~~~~~~
../src/include/keccak_f1600.c:164:47: note: format string is defined here
   print_debug(DEBUG_KECCAK_HW, "\tSent data %lu: 0x%lx\n", (i << 1), (u32)(state[i] & 0xffffffff));
                                             ~~^
                                             %u
In file included from ../src/include/keccak_f1600.h:16,
                 from ../src/include/keccak_f1600.c:9:
../src/include/global_def.h:365:11: warning: format '%lu' expects argument of type 'long unsigned int', but argument 5 has type 'int' [-Wformat=]
    printf("%s:%d:%s() | " fmt, __FILE__, __LINE__, __func__, ## __VA_ARGS__); \
           ^~~~~~~~~~~~~~~
../src/include/keccak_f1600.c:167:3: note: in expansion of macro 'print_debug'
   print_debug(DEBUG_KECCAK_HW, "\tSent data %lu: 0x%lx\n", (i << 1) + 1, (u32)(state[i] >> 32));
   ^~~~~~~~~~~
../src/include/keccak_f1600.c:167:47: note: format string is defined here
   print_debug(DEBUG_KECCAK_HW, "\tSent data %lu: 0x%lx\n", (i << 1) + 1, (u32)(state[i] >> 32));
                                             ~~^
                                             %u
Finished building: ../src/include/keccak_f1600.c
 
Building file: ../src/include/kem.c
Invoking: ARM v7 gcc compiler
arm-none-eabi-gcc -Wall -O0 -g3 -c -fmessage-length=0 -MT"src/include/kem.o" -mcpu=cortex-a9 -mfpu=vfpv3 -mfloat-abi=hard -I../../frodo-server_bsp/ps7_cortexa9_0/include -MMD -MP -MF"src/include/kem.d" -MT"src/include/kem.o" -o "src/include/kem.o" "../src/include/kem.c"
In file included from ../src/include/aes256gcm.h:16,
                 from ../src/include/global_def.h:33,
                 from ../src/include/kem.h:11,
                 from ../src/include/kem.c:10:
../src/include/global_def.h:356:1: warning: multi-line comment [-Wcomment]
 //#define print_debug(debugLevel, ...) \
 ^
In file included from ../src/include/kem.h:11,
                 from ../src/include/kem.c:10:
../src/include/global_def.h:356:1: warning: multi-line comment [-Wcomment]
 //#define print_debug(debugLevel, ...) \
 ^
Finished building: ../src/include/kem.c
 
Building file: ../src/include/noise.c
Invoking: ARM v7 gcc compiler
arm-none-eabi-gcc -Wall -O0 -g3 -c -fmessage-length=0 -MT"src/include/noise.o" -mcpu=cortex-a9 -mfpu=vfpv3 -mfloat-abi=hard -I../../frodo-server_bsp/ps7_cortexa9_0/include -MMD -MP -MF"src/include/noise.d" -MT"src/include/noise.o" -o "src/include/noise.o" "../src/include/noise.c"
In file included from ../src/include/aes256gcm.h:16,
                 from ../src/include/global_def.h:33,
                 from ../src/include/frodo_macrify.h:12,
                 from ../src/include/noise.c:9:
../src/include/global_def.h:356:1: warning: multi-line comment [-Wcomment]
 //#define print_debug(debugLevel, ...) \
 ^
In file included from ../src/include/frodo_macrify.h:12,
                 from ../src/include/noise.c:9:
../src/include/global_def.h:356:1: warning: multi-line comment [-Wcomment]
 //#define print_debug(debugLevel, ...) \
 ^
Finished building: ../src/include/noise.c
 
Building file: ../src/include/random.c
Invoking: ARM v7 gcc compiler
arm-none-eabi-gcc -Wall -O0 -g3 -c -fmessage-length=0 -MT"src/include/random.o" -mcpu=cortex-a9 -mfpu=vfpv3 -mfloat-abi=hard -I../../frodo-server_bsp/ps7_cortexa9_0/include -MMD -MP -MF"src/include/random.d" -MT"src/include/random.o" -o "src/include/random.o" "../src/include/random.c"
In file included from ../src/include/aes256gcm.h:16,
                 from ../src/include/global_def.h:33,
                 from ../src/include/random.h:12,
                 from ../src/include/random.c:8:
../src/include/global_def.h:356:1: warning: multi-line comment [-Wcomment]
 //#define print_debug(debugLevel, ...) \
 ^
In file included from ../src/include/random.h:12,
                 from ../src/include/random.c:8:
../src/include/global_def.h:356:1: warning: multi-line comment [-Wcomment]
 //#define print_debug(debugLevel, ...) \
 ^
Finished building: ../src/include/random.c
 
Building file: ../src/include/test_kem.c
Invoking: ARM v7 gcc compiler
arm-none-eabi-gcc -Wall -O0 -g3 -c -fmessage-length=0 -MT"src/include/test_kem.o" -mcpu=cortex-a9 -mfpu=vfpv3 -mfloat-abi=hard -I../../frodo-server_bsp/ps7_cortexa9_0/include -MMD -MP -MF"src/include/test_kem.d" -MT"src/include/test_kem.o" -o "src/include/test_kem.o" "../src/include/test_kem.c"
In file included from ../src/include/aes256gcm.h:16,
                 from ../src/include/global_def.h:33,
                 from ../src/include/test_kem.c:9:
../src/include/global_def.h:356:1: warning: multi-line comment [-Wcomment]
 //#define print_debug(debugLevel, ...) \
 ^
In file included from ../src/include/test_kem.c:9:
../src/include/global_def.h:356:1: warning: multi-line comment [-Wcomment]
 //#define print_debug(debugLevel, ...) \
 ^
../src/include/test_kem.c: In function 'kem_test':
../src/include/test_kem.c:616:6: warning: unused variable 'readTimer' [-Wunused-variable]
  u32 readTimer;
      ^~~~~~~~~
../src/include/test_kem.c: In function 'start_crypto_kem_keypair':
../src/include/test_kem.c:594:1: warning: control reaches end of non-void function [-Wreturn-type]
 }
 ^
../src/include/test_kem.c: In function 'start_crypto_kem_enc':
../src/include/test_kem.c:603:1: warning: control reaches end of non-void function [-Wreturn-type]
 }
 ^
../src/include/test_kem.c: In function 'start_crypto_kem_dec':
../src/include/test_kem.c:612:1: warning: control reaches end of non-void function [-Wreturn-type]
 }
 ^
Finished building: ../src/include/test_kem.c
 
Building file: ../src/include/util.c
Invoking: ARM v7 gcc compiler
arm-none-eabi-gcc -Wall -O0 -g3 -c -fmessage-length=0 -MT"src/include/util.o" -mcpu=cortex-a9 -mfpu=vfpv3 -mfloat-abi=hard -I../../frodo-server_bsp/ps7_cortexa9_0/include -MMD -MP -MF"src/include/util.d" -MT"src/include/util.o" -o "src/include/util.o" "../src/include/util.c"
In file included from ../src/include/aes256gcm.h:16,
                 from ../src/include/global_def.h:33,
                 from ../src/include/frodo_macrify.h:12,
                 from ../src/include/util.c:9:
../src/include/global_def.h:356:1: warning: multi-line comment [-Wcomment]
 //#define print_debug(debugLevel, ...) \
 ^
In file included from ../src/include/frodo_macrify.h:12,
                 from ../src/include/util.c:9:
../src/include/global_def.h:356:1: warning: multi-line comment [-Wcomment]
 //#define print_debug(debugLevel, ...) \
 ^
Finished building: ../src/include/util.c
 
Building file: ../src/include/weg_smw3000.c
Invoking: ARM v7 gcc compiler
arm-none-eabi-gcc -Wall -O0 -g3 -c -fmessage-length=0 -MT"src/include/weg_smw3000.o" -mcpu=cortex-a9 -mfpu=vfpv3 -mfloat-abi=hard -I../../frodo-server_bsp/ps7_cortexa9_0/include -MMD -MP -MF"src/include/weg_smw3000.d" -MT"src/include/weg_smw3000.o" -o "src/include/weg_smw3000.o" "../src/include/weg_smw3000.c"
In file included from ../src/include/aes256gcm.h:16,
                 from ../src/include/global_def.h:33,
                 from ../src/include/weg_smw3000.h:11,
                 from ../src/include/weg_smw3000.c:8:
../src/include/global_def.h:356:1: warning: multi-line comment [-Wcomment]
 //#define print_debug(debugLevel, ...) \
 ^
In file included from ../src/include/weg_smw3000.h:11,
                 from ../src/include/weg_smw3000.c:8:
../src/include/global_def.h:356:1: warning: multi-line comment [-Wcomment]
 //#define print_debug(debugLevel, ...) \
 ^
../src/include/weg_smw3000.c: In function 'smw3000GetControlStruct':
../src/include/global_def.h:365:11: warning: format '%x' expects argument of type 'unsigned int', but argument 5 has type 'smControlStruct *' {aka 'struct smControlStruct *'} [-Wformat=]
    printf("%s:%d:%s() | " fmt, __FILE__, __LINE__, __func__, ## __VA_ARGS__); \
           ^~~~~~~~~~~~~~~
../src/include/weg_smw3000.c:165:2: note: in expansion of macro 'print_debug'
  print_debug(DEBUG_SM_LVL0, "SM Control structure pointer: 0x%08x\r\n", &smControl);
  ^~~~~~~~~~~
../src/include/weg_smw3000.c:165:65: note: format string is defined here
  print_debug(DEBUG_SM_LVL0, "SM Control structure pointer: 0x%08x\r\n", &smControl);
                                                              ~~~^
In file included from ../src/include/weg_smw3000.h:11,
                 from ../src/include/weg_smw3000.c:8:
../src/include/weg_smw3000.c: In function 'smw3000GetDataStruct':
../src/include/global_def.h:365:11: warning: format '%x' expects argument of type 'unsigned int', but argument 5 has type 'smDataStruct *' {aka 'struct smDataStruct *'} [-Wformat=]
    printf("%s:%d:%s() | " fmt, __FILE__, __LINE__, __func__, ## __VA_ARGS__); \
           ^~~~~~~~~~~~~~~
../src/include/weg_smw3000.c:176:2: note: in expansion of macro 'print_debug'
  print_debug(DEBUG_SM_LVL0, "SM Data structure pointer: 0x%08x\r\n", &smData);
  ^~~~~~~~~~~
../src/include/weg_smw3000.c:176:62: note: format string is defined here
  print_debug(DEBUG_SM_LVL0, "SM Data structure pointer: 0x%08x\r\n", &smData);
                                                           ~~~^
In file included from ../src/include/weg_smw3000.h:11,
                 from ../src/include/weg_smw3000.c:8:
../src/include/weg_smw3000.c: In function 'smw3000GetCipheredDataStruct':
../src/include/global_def.h:365:11: warning: format '%x' expects argument of type 'unsigned int', but argument 5 has type 'smDataStruct *' {aka 'struct smDataStruct *'} [-Wformat=]
    printf("%s:%d:%s() | " fmt, __FILE__, __LINE__, __func__, ## __VA_ARGS__); \
           ^~~~~~~~~~~~~~~
../src/include/weg_smw3000.c:187:2: note: in expansion of macro 'print_debug'
  print_debug(DEBUG_SM_LVL0, "SM Data ciphered structure pointer: 0x%08x\r\n", &smCipheredData);
  ^~~~~~~~~~~
../src/include/weg_smw3000.c:187:71: note: format string is defined here
  print_debug(DEBUG_SM_LVL0, "SM Data ciphered structure pointer: 0x%08x\r\n", &smCipheredData);
                                                                    ~~~^
In file included from ../src/include/weg_smw3000.h:11,
                 from ../src/include/weg_smw3000.c:8:
../src/include/weg_smw3000.c: In function 'smw3000GetLineVoltage':
../src/include/global_def.h:365:11: warning: format '%d' expects argument of type 'int', but argument 5 has type 'u32' {aka 'long unsigned int'} [-Wformat=]
    printf("%s:%d:%s() | " fmt, __FILE__, __LINE__, __func__, ## __VA_ARGS__); \
           ^~~~~~~~~~~~~~~
../src/include/weg_smw3000.c:515:3: note: in expansion of macro 'print_debug'
   print_debug(DEBUG_SM_LVL1, "L1 voltage acquired: %d mV.\r\n", smData.u32VoltageL1);
   ^~~~~~~~~~~
../src/include/weg_smw3000.c:515:53: note: format string is defined here
   print_debug(DEBUG_SM_LVL1, "L1 voltage acquired: %d mV.\r\n", smData.u32VoltageL1);
                                                    ~^
                                                    %ld
In file included from ../src/include/weg_smw3000.h:11,
                 from ../src/include/weg_smw3000.c:8:
../src/include/global_def.h:365:11: warning: format '%d' expects argument of type 'int', but argument 5 has type 'u32' {aka 'long unsigned int'} [-Wformat=]
    printf("%s:%d:%s() | " fmt, __FILE__, __LINE__, __func__, ## __VA_ARGS__); \
           ^~~~~~~~~~~~~~~
../src/include/weg_smw3000.c:520:3: note: in expansion of macro 'print_debug'
   print_debug(DEBUG_SM_LVL1, "L2 voltage acquired: %d mV.\r\n", smData.u32VoltageL2);
   ^~~~~~~~~~~
../src/include/weg_smw3000.c:520:53: note: format string is defined here
   print_debug(DEBUG_SM_LVL1, "L2 voltage acquired: %d mV.\r\n", smData.u32VoltageL2);
                                                    ~^
                                                    %ld
In file included from ../src/include/weg_smw3000.h:11,
                 from ../src/include/weg_smw3000.c:8:
../src/include/global_def.h:365:11: warning: format '%d' expects argument of type 'int', but argument 5 has type 'u32' {aka 'long unsigned int'} [-Wformat=]
    printf("%s:%d:%s() | " fmt, __FILE__, __LINE__, __func__, ## __VA_ARGS__); \
           ^~~~~~~~~~~~~~~
../src/include/weg_smw3000.c:525:3: note: in expansion of macro 'print_debug'
   print_debug(DEBUG_SM_LVL1, "L3 voltage acquired: %d mV.\r\n", smData.u32VoltageL3);
   ^~~~~~~~~~~
../src/include/weg_smw3000.c:525:53: note: format string is defined here
   print_debug(DEBUG_SM_LVL1, "L3 voltage acquired: %d mV.\r\n", smData.u32VoltageL3);
                                                    ~^
                                                    %ld
In file included from ../src/include/weg_smw3000.h:11,
                 from ../src/include/weg_smw3000.c:8:
../src/include/global_def.h:365:11: warning: format '%d' expects argument of type 'int', but argument 5 has type 'u32' {aka 'long unsigned int'} [-Wformat=]
    printf("%s:%d:%s() | " fmt, __FILE__, __LINE__, __func__, ## __VA_ARGS__); \
           ^~~~~~~~~~~~~~~
../src/include/weg_smw3000.c:530:3: note: in expansion of macro 'print_debug'
   print_debug(DEBUG_SM_LVL1, "L1 voltage acquired: %d mV.\r\n", smData.u32VoltageL1);
   ^~~~~~~~~~~
../src/include/weg_smw3000.c:530:53: note: format string is defined here
   print_debug(DEBUG_SM_LVL1, "L1 voltage acquired: %d mV.\r\n", smData.u32VoltageL1);
                                                    ~^
                                                    %ld
In file included from ../src/include/weg_smw3000.h:11,
                 from ../src/include/weg_smw3000.c:8:
../src/include/weg_smw3000.c: In function 'smw3000GetLineCurrent':
../src/include/global_def.h:365:11: warning: format '%d' expects argument of type 'int', but argument 5 has type 'u32' {aka 'long unsigned int'} [-Wformat=]
    printf("%s:%d:%s() | " fmt, __FILE__, __LINE__, __func__, ## __VA_ARGS__); \
           ^~~~~~~~~~~~~~~
../src/include/weg_smw3000.c:611:3: note: in expansion of macro 'print_debug'
   print_debug(DEBUG_SM_LVL1, "L1 current acquired: %d mA.\r\n", smData.u32CurrentL1);
   ^~~~~~~~~~~
../src/include/weg_smw3000.c:611:53: note: format string is defined here
   print_debug(DEBUG_SM_LVL1, "L1 current acquired: %d mA.\r\n", smData.u32CurrentL1);
                                                    ~^
                                                    %ld
In file included from ../src/include/weg_smw3000.h:11,
                 from ../src/include/weg_smw3000.c:8:
../src/include/global_def.h:365:11: warning: format '%d' expects argument of type 'int', but argument 5 has type 'u32' {aka 'long unsigned int'} [-Wformat=]
    printf("%s:%d:%s() | " fmt, __FILE__, __LINE__, __func__, ## __VA_ARGS__); \
           ^~~~~~~~~~~~~~~
../src/include/weg_smw3000.c:616:3: note: in expansion of macro 'print_debug'
   print_debug(DEBUG_SM_LVL1, "L2 current acquired: %d mA.\r\n", smData.u32CurrentL2);
   ^~~~~~~~~~~
../src/include/weg_smw3000.c:616:53: note: format string is defined here
   print_debug(DEBUG_SM_LVL1, "L2 current acquired: %d mA.\r\n", smData.u32CurrentL2);
                                                    ~^
                                                    %ld
In file included from ../src/include/weg_smw3000.h:11,
                 from ../src/include/weg_smw3000.c:8:
../src/include/global_def.h:365:11: warning: format '%d' expects argument of type 'int', but argument 5 has type 'u32' {aka 'long unsigned int'} [-Wformat=]
    printf("%s:%d:%s() | " fmt, __FILE__, __LINE__, __func__, ## __VA_ARGS__); \
           ^~~~~~~~~~~~~~~
../src/include/weg_smw3000.c:621:3: note: in expansion of macro 'print_debug'
   print_debug(DEBUG_SM_LVL1, "L3 current acquired: %d mA.\r\n", smData.u32CurrentL3);
   ^~~~~~~~~~~
[...]
Finished building: frodo-server.elf.size
 
19:29:14 **** Incremental Build of configuration Debug for project frodo-client ****
make pre-build main-build 
a9-linaro-pre-build-step
 
make: Nothing to be done for 'main-build'.
19:29:38 **** Incremental Build of configuration Debug for project frodo-server ****
make pre-build main-build 
a9-linaro-pre-build-step
 
Building file: ../src/tcp_perf_server.c
Invoking: ARM v7 gcc compiler
arm-none-eabi-gcc -Wall -O0 -g3 -c -fmessage-length=0 -MT"src/tcp_perf_server.o" -mcpu=cortex-a9 -mfpu=vfpv3 -mfloat-abi=hard -I../../frodo-server_bsp/ps7_cortexa9_0/include -MMD -MP -MF"src/tcp_perf_server.d" -MT"src/tcp_perf_server.o" -o "src/tcp_perf_server.o" "../src/tcp_perf_server.c"
In file included from ../src/include/aes256gcm.h:16,
                 from ../src/include/global_def.h:33,
                 from ../src/tcp_perf_server.c:32:
../src/include/global_def.h:356:1: warning: multi-line comment [-Wcomment]
 //#define print_debug(debugLevel, ...) \
 ^
In file included from ../src/tcp_perf_server.c:32:
../src/include/global_def.h:356:1: warning: multi-line comment [-Wcomment]
 //#define print_debug(debugLevel, ...) \
 ^
../src/tcp_perf_server.c:214:14: warning: 'tcp_recv_perf_traffic' defined but not used [-Wunused-function]
 static err_t tcp_recv_perf_traffic(void *arg, struct tcp_pcb *tpcb,
              ^~~~~~~~~~~~~~~~~~~~~
Finished building: ../src/tcp_perf_server.c
 
Building target: frodo-server.elf
Invoking: ARM v7 gcc linker
arm-none-eabi-gcc -mcpu=cortex-a9 -mfpu=vfpv3 -mfloat-abi=hard -Wl,-build-id=none -specs=Xilinx.spec -Wl,-T -Wl,../src/lscript.ld -L../../frodo-server_bsp/ps7_cortexa9_0/lib -o "frodo-server.elf"  ./src/include/aes256ctr.o ./src/include/aes256gcm.o ./src/include/fips202.o ./src/include/frodo_macrify.o ./src/include/global_func.o ./src/include/keccak_f1600.o ./src/include/kem.o ./src/include/noise.o ./src/include/random.o ./src/include/test_KEM640.o ./src/include/test_kem.o ./src/include/util.o ./src/include/weg_smw3000.o  ./src/i2c_access.o ./src/iic_phyreset.o ./src/main.o ./src/platform.o ./src/platform_mb.o ./src/platform_zynq.o ./src/platform_zynqmp.o ./src/sfp.o ./src/si5324.o ./src/tcp_perf_server.o   -Wl,--start-group,-lxil,-lgcc,-lc,--end-group -Wl,--start-group,-lxil,-llwip4,-lgcc,-lc,--end-group
Finished building target: frodo-server.elf
 
Invoking: ARM v7 Print Size
arm-none-eabi-size frodo-server.elf  |tee "frodo-server.elf.size"
   text	   data	    bss	    dec	    hex	filename
 255744	   3768	31578400	31837912	1e5ced8	frodo-server.elf
Finished building: frodo-server.elf.size
 
19:37:19 **** Incremental Build of configuration Debug for project frodo-client ****
make pre-build main-build 
a9-linaro-pre-build-step
 
make: Nothing to be done for 'main-build'.
19:37:57 **** Incremental Build of configuration Debug for project frodo-server ****
make pre-build main-build 
a9-linaro-pre-build-step
 
Building file: ../src/tcp_perf_server.c
Invoking: ARM v7 gcc compiler
arm-none-eabi-gcc -Wall -O0 -g3 -c -fmessage-length=0 -MT"src/tcp_perf_server.o" -mcpu=cortex-a9 -mfpu=vfpv3 -mfloat-abi=hard -I../../frodo-server_bsp/ps7_cortexa9_0/include -MMD -MP -MF"src/tcp_perf_server.d" -MT"src/tcp_perf_server.o" -o "src/tcp_perf_server.o" "../src/tcp_perf_server.c"
In file included from ../src/include/aes256gcm.h:16,
                 from ../src/include/global_def.h:33,
                 from ../src/tcp_perf_server.c:32:
../src/include/global_def.h:356:1: warning: multi-line comment [-Wcomment]
 //#define print_debug(debugLevel, ...) \
 ^
In file included from ../src/tcp_perf_server.c:32:
../src/include/global_def.h:356:1: warning: multi-line comment [-Wcomment]
 //#define print_debug(debugLevel, ...) \
 ^
../src/tcp_perf_server.c:214:14: warning: 'tcp_recv_perf_traffic' defined but not used [-Wunused-function]
 static err_t tcp_recv_perf_traffic(void *arg, struct tcp_pcb *tpcb,
              ^~~~~~~~~~~~~~~~~~~~~
Finished building: ../src/tcp_perf_server.c
 
Building target: frodo-server.elf
Invoking: ARM v7 gcc linker
arm-none-eabi-gcc -mcpu=cortex-a9 -mfpu=vfpv3 -mfloat-abi=hard -Wl,-build-id=none -specs=Xilinx.spec -Wl,-T -Wl,../src/lscript.ld -L../../frodo-server_bsp/ps7_cortexa9_0/lib -o "frodo-server.elf"  ./src/include/aes256ctr.o ./src/include/aes256gcm.o ./src/include/fips202.o ./src/include/frodo_macrify.o ./src/include/global_func.o ./src/include/keccak_f1600.o ./src/include/kem.o ./src/include/noise.o ./src/include/random.o ./src/include/test_KEM640.o ./src/include/test_kem.o ./src/include/util.o ./src/include/weg_smw3000.o  ./src/i2c_access.o ./src/iic_phyreset.o ./src/main.o ./src/platform.o ./src/platform_mb.o ./src/platform_zynq.o ./src/platform_zynqmp.o ./src/sfp.o ./src/si5324.o ./src/tcp_perf_server.o   -Wl,--start-group,-lxil,-lgcc,-lc,--end-group -Wl,--start-group,-lxil,-llwip4,-lgcc,-lc,--end-group
Finished building target: frodo-server.elf
 
Invoking: ARM v7 Print Size
arm-none-eabi-size frodo-server.elf  |tee "frodo-server.elf.size"
   text	   data	    bss	    dec	    hex	filename
 255616	   3768	31578400	31837784	1e5ce58	frodo-server.elf
Finished building: frodo-server.elf.size
 
19:57:59 **** Incremental Build of configuration Debug for project frodo-client ****
make pre-build main-build 
a9-linaro-pre-build-step
 
make: Nothing to be done for 'main-build'.
19:58:47 **** Incremental Build of configuration Debug for project frodo-server ****
make pre-build main-build 
a9-linaro-pre-build-step
 
Building file: ../src/main.c
Invoking: ARM v7 gcc compiler
arm-none-eabi-gcc -Wall -O0 -g3 -c -fmessage-length=0 -MT"src/main.o" -mcpu=cortex-a9 -mfpu=vfpv3 -mfloat-abi=hard -I../../frodo-server_bsp/ps7_cortexa9_0/include -MMD -MP -MF"src/main.d" -MT"src/main.o" -o "src/main.o" "../src/main.c"
In file included from ../src/include/aes256gcm.h:16,
                 from ../src/include/global_def.h:33,
                 from ../src/main.c:30:
../src/include/global_def.h:356:1: warning: multi-line comment [-Wcomment]
 //#define print_debug(debugLevel, ...) \
 ^
In file included from ../src/main.c:30:
../src/include/global_def.h:356:1: warning: multi-line comment [-Wcomment]
 //#define print_debug(debugLevel, ...) \
 ^
Finished building: ../src/main.c
 
Building target: frodo-server.elf
Invoking: ARM v7 gcc linker
arm-none-eabi-gcc -mcpu=cortex-a9 -mfpu=vfpv3 -mfloat-abi=hard -Wl,-build-id=none -specs=Xilinx.spec -Wl,-T -Wl,../src/lscript.ld -L../../frodo-server_bsp/ps7_cortexa9_0/lib -o "frodo-server.elf"  ./src/include/aes256ctr.o ./src/include/aes256gcm.o ./src/include/fips202.o ./src/include/frodo_macrify.o ./src/include/global_func.o ./src/include/keccak_f1600.o ./src/include/kem.o ./src/include/noise.o ./src/include/random.o ./src/include/test_KEM640.o ./src/include/test_kem.o ./src/include/util.o ./src/include/weg_smw3000.o  ./src/i2c_access.o ./src/iic_phyreset.o ./src/main.o ./src/platform.o ./src/platform_mb.o ./src/platform_zynq.o ./src/platform_zynqmp.o ./src/sfp.o ./src/si5324.o ./src/tcp_perf_server.o   -Wl,--start-group,-lxil,-lgcc,-lc,--end-group -Wl,--start-group,-lxil,-llwip4,-lgcc,-lc,--end-group
Finished building target: frodo-server.elf
 
Invoking: ARM v7 Print Size
arm-none-eabi-size frodo-server.elf  |tee "frodo-server.elf.size"
   text	   data	    bss	    dec	    hex	filename
 255240	   3768	31578400	31837408	1e5cce0	frodo-server.elf
Finished building: frodo-server.elf.size
 
20:02:12 **** Incremental Build of configuration Debug for project frodo-client ****
make pre-build main-build 
a9-linaro-pre-build-step
 
make: Nothing to be done for 'main-build'.
20:02:44 **** Incremental Build of configuration Debug for project frodo-server ****
make pre-build main-build 
a9-linaro-pre-build-step
 
Building file: ../src/tcp_perf_server.c
Invoking: ARM v7 gcc compiler
arm-none-eabi-gcc -Wall -O0 -g3 -c -fmessage-length=0 -MT"src/tcp_perf_server.o" -mcpu=cortex-a9 -mfpu=vfpv3 -mfloat-abi=hard -I../../frodo-server_bsp/ps7_cortexa9_0/include -MMD -MP -MF"src/tcp_perf_server.d" -MT"src/tcp_perf_server.o" -o "src/tcp_perf_server.o" "../src/tcp_perf_server.c"
In file included from ../src/include/aes256gcm.h:16,
                 from ../src/include/global_def.h:33,
                 from ../src/tcp_perf_server.c:32:
../src/include/global_def.h:356:1: warning: multi-line comment [-Wcomment]
 //#define print_debug(debugLevel, ...) \
 ^
In file included from ../src/tcp_perf_server.c:32:
../src/include/global_def.h:356:1: warning: multi-line comment [-Wcomment]
 //#define print_debug(debugLevel, ...) \
 ^
../src/tcp_perf_server.c:214:14: warning: 'tcp_recv_perf_traffic' defined but not used [-Wunused-function]
 static err_t tcp_recv_perf_traffic(void *arg, struct tcp_pcb *tpcb,
              ^~~~~~~~~~~~~~~~~~~~~
Finished building: ../src/tcp_perf_server.c
 
Building target: frodo-server.elf
Invoking: ARM v7 gcc linker
arm-none-eabi-gcc -mcpu=cortex-a9 -mfpu=vfpv3 -mfloat-abi=hard -Wl,-build-id=none -specs=Xilinx.spec -Wl,-T -Wl,../src/lscript.ld -L../../frodo-server_bsp/ps7_cortexa9_0/lib -o "frodo-server.elf"  ./src/include/aes256ctr.o ./src/include/aes256gcm.o ./src/include/fips202.o ./src/include/frodo_macrify.o ./src/include/global_func.o ./src/include/keccak_f1600.o ./src/include/kem.o ./src/include/noise.o ./src/include/random.o ./src/include/test_KEM640.o ./src/include/test_kem.o ./src/include/util.o ./src/include/weg_smw3000.o  ./src/i2c_access.o ./src/iic_phyreset.o ./src/main.o ./src/platform.o ./src/platform_mb.o ./src/platform_zynq.o ./src/platform_zynqmp.o ./src/sfp.o ./src/si5324.o ./src/tcp_perf_server.o   -Wl,--start-group,-lxil,-lgcc,-lc,--end-group -Wl,--start-group,-lxil,-llwip4,-lgcc,-lc,--end-group
Finished building target: frodo-server.elf
 
Invoking: ARM v7 Print Size
arm-none-eabi-size frodo-server.elf  |tee "frodo-server.elf.size"
   text	   data	    bss	    dec	    hex	filename
 255140	   3768	31578400	31837308	1e5cc7c	frodo-server.elf
Finished building: frodo-server.elf.size
 
20:04:37 **** Incremental Build of configuration Debug for project frodo-client ****
make pre-build main-build 
a9-linaro-pre-build-step
 
Building file: ../src/tcp_perf_client.c
Invoking: ARM v7 gcc compiler
arm-none-eabi-gcc -Wall -O0 -g3 -c -fmessage-length=0 -MT"src/tcp_perf_client.o" -mcpu=cortex-a9 -mfpu=vfpv3 -mfloat-abi=hard -I../../frodo-client_bsp/ps7_cortexa9_0/include -MMD -MP -MF"src/tcp_perf_client.d" -MT"src/tcp_perf_client.o" -o "src/tcp_perf_client.o" "../src/tcp_perf_client.c"
In file included from ../src/include/aes256gcm.h:16,
                 from ../src/include/global_def.h:33,
                 from ../src/tcp_perf_client.c:32:
../src/include/global_def.h:361:1: warning: multi-line comment [-Wcomment]
 //#define print_debug(debugLevel, ...) \
 ^
In file included from ../src/tcp_perf_client.c:32:
../src/include/global_def.h:361:1: warning: multi-line comment [-Wcomment]
 //#define print_debug(debugLevel, ...) \
 ^
Finished building: ../src/tcp_perf_client.c
 
Building target: frodo-client.elf
Invoking: ARM v7 gcc linker
arm-none-eabi-gcc -mcpu=cortex-a9 -mfpu=vfpv3 -mfloat-abi=hard -Wl,-build-id=none -specs=Xilinx.spec -Wl,-T -Wl,../src/lscript.ld -L../../frodo-client_bsp/ps7_cortexa9_0/lib -o "frodo-client.elf"  ./src/include/aes256ctr.o ./src/include/aes256gcm.o ./src/include/fips202.o ./src/include/frodo_macrify.o ./src/include/global_func.o ./src/include/keccak_f1600.o ./src/include/kem.o ./src/include/noise.o ./src/include/random.o ./src/include/test_KEM640.o ./src/include/test_kem.o ./src/include/util.o ./src/include/weg_smw3000.o  ./src/i2c_access.o ./src/iic_phyreset.o ./src/main.o ./src/platform.o ./src/platform_mb.o ./src/platform_zynq.o ./src/platform_zynqmp.o ./src/sfp.o ./src/si5324.o ./src/tcp_perf_client.o   -Wl,--start-group,-lxil,-lgcc,-lc,--end-group -Wl,--start-group,-lxil,-llwip4,-lgcc,-lc,--end-group
Finished building target: frodo-client.elf
 
Invoking: ARM v7 Print Size
arm-none-eabi-size frodo-client.elf  |tee "frodo-client.elf.size"
   text	   data	    bss	    dec	    hex	filename
 255640	   3800	31578400	31837840	1e5ce90	frodo-client.elf
Finished building: frodo-client.elf.size
 
20:05:12 **** Incremental Build of configuration Debug for project frodo-server ****
make pre-build main-build 
a9-linaro-pre-build-step
 
make: Nothing to be done for 'main-build'.
20:06:50 **** Incremental Build of configuration Debug for project frodo-client ****
make pre-build main-build 
a9-linaro-pre-build-step
 
make: Nothing to be done for 'main-build'.
20:07:10 **** Incremental Build of configuration Debug for project frodo-server ****
make pre-build main-build 
a9-linaro-pre-build-step
 
Building file: ../src/tcp_perf_server.c
Invoking: ARM v7 gcc compiler
arm-none-eabi-gcc -Wall -O0 -g3 -c -fmessage-length=0 -MT"src/tcp_perf_server.o" -mcpu=cortex-a9 -mfpu=vfpv3 -mfloat-abi=hard -I../../frodo-server_bsp/ps7_cortexa9_0/include -MMD -MP -MF"src/tcp_perf_server.d" -MT"src/tcp_perf_server.o" -o "src/tcp_perf_server.o" "../src/tcp_perf_server.c"
In file included from ../src/include/aes256gcm.h:16,
                 from ../src/include/global_def.h:33,
                 from ../src/tcp_perf_server.c:32:
../src/include/global_def.h:356:1: warning: multi-line comment [-Wcomment]
 //#define print_debug(debugLevel, ...) \
 ^
In file included from ../src/tcp_perf_server.c:32:
../src/include/global_def.h:356:1: warning: multi-line comment [-Wcomment]
 //#define print_debug(debugLevel, ...) \
 ^
../src/tcp_perf_server.c:214:14: warning: 'tcp_recv_perf_traffic' defined but not used [-Wunused-function]
 static err_t tcp_recv_perf_traffic(void *arg, struct tcp_pcb *tpcb,
              ^~~~~~~~~~~~~~~~~~~~~
Finished building: ../src/tcp_perf_server.c
 
Building target: frodo-server.elf
Invoking: ARM v7 gcc linker
arm-none-eabi-gcc -mcpu=cortex-a9 -mfpu=vfpv3 -mfloat-abi=hard -Wl,-build-id=none -specs=Xilinx.spec -Wl,-T -Wl,../src/lscript.ld -L../../frodo-server_bsp/ps7_cortexa9_0/lib -o "frodo-server.elf"  ./src/include/aes256ctr.o ./src/include/aes256gcm.o ./src/include/fips202.o ./src/include/frodo_macrify.o ./src/include/global_func.o ./src/include/keccak_f1600.o ./src/include/kem.o ./src/include/noise.o ./src/include/random.o ./src/include/test_KEM640.o ./src/include/test_kem.o ./src/include/util.o ./src/include/weg_smw3000.o  ./src/i2c_access.o ./src/iic_phyreset.o ./src/main.o ./src/platform.o ./src/platform_mb.o ./src/platform_zynq.o ./src/platform_zynqmp.o ./src/sfp.o ./src/si5324.o ./src/tcp_perf_server.o   -Wl,--start-group,-lxil,-lgcc,-lc,--end-group -Wl,--start-group,-lxil,-llwip4,-lgcc,-lc,--end-group
Finished building target: frodo-server.elf
 
Invoking: ARM v7 Print Size
arm-none-eabi-size frodo-server.elf  |tee "frodo-server.elf.size"
   text	   data	    bss	    dec	    hex	filename
 255456	   3768	31578400	31837624	1e5cdb8	frodo-server.elf
Finished building: frodo-server.elf.size
 
20:08:30 **** Incremental Build of configuration Debug for project frodo-client ****
make pre-build main-build 
a9-linaro-pre-build-step
 
make: Nothing to be done for 'main-build'.
20:08:53 **** Incremental Build of configuration Debug for project frodo-server ****
make pre-build main-build 
a9-linaro-pre-build-step
 
Building file: ../src/tcp_perf_server.c
Invoking: ARM v7 gcc compiler
arm-none-eabi-gcc -Wall -O0 -g3 -c -fmessage-length=0 -MT"src/tcp_perf_server.o" -mcpu=cortex-a9 -mfpu=vfpv3 -mfloat-abi=hard -I../../frodo-server_bsp/ps7_cortexa9_0/include -MMD -MP -MF"src/tcp_perf_server.d" -MT"src/tcp_perf_server.o" -o "src/tcp_perf_server.o" "../src/tcp_perf_server.c"
In file included from ../src/include/aes256gcm.h:16,
                 from ../src/include/global_def.h:33,
                 from ../src/tcp_perf_server.c:32:
../src/include/global_def.h:356:1: warning: multi-line comment [-Wcomment]
 //#define print_debug(debugLevel, ...) \
 ^
In file included from ../src/tcp_perf_server.c:32:
../src/include/global_def.h:356:1: warning: multi-line comment [-Wcomment]
 //#define print_debug(debugLevel, ...) \
 ^
../src/tcp_perf_server.c:214:14: warning: 'tcp_recv_perf_traffic' defined but not used [-Wunused-function]
 static err_t tcp_recv_perf_traffic(void *arg, struct tcp_pcb *tpcb,
              ^~~~~~~~~~~~~~~~~~~~~
Finished building: ../src/tcp_perf_server.c
 
Building target: frodo-server.elf
Invoking: ARM v7 gcc linker
arm-none-eabi-gcc -mcpu=cortex-a9 -mfpu=vfpv3 -mfloat-abi=hard -Wl,-build-id=none -specs=Xilinx.spec -Wl,-T -Wl,../src/lscript.ld -L../../frodo-server_bsp/ps7_cortexa9_0/lib -o "frodo-server.elf"  ./src/include/aes256ctr.o ./src/include/aes256gcm.o ./src/include/fips202.o ./src/include/frodo_macrify.o ./src/include/global_func.o ./src/include/keccak_f1600.o ./src/include/kem.o ./src/include/noise.o ./src/include/random.o ./src/include/test_KEM640.o ./src/include/test_kem.o ./src/include/util.o ./src/include/weg_smw3000.o  ./src/i2c_access.o ./src/iic_phyreset.o ./src/main.o ./src/platform.o ./src/platform_mb.o ./src/platform_zynq.o ./src/platform_zynqmp.o ./src/sfp.o ./src/si5324.o ./src/tcp_perf_server.o   -Wl,--start-group,-lxil,-lgcc,-lc,--end-group -Wl,--start-group,-lxil,-llwip4,-lgcc,-lc,--end-group
Finished building target: frodo-server.elf
 
Invoking: ARM v7 Print Size
arm-none-eabi-size frodo-server.elf  |tee "frodo-server.elf.size"
   text	   data	    bss	    dec	    hex	filename
 255712	   3768	31578400	31837880	1e5ceb8	frodo-server.elf
Finished building: frodo-server.elf.size
 
20:11:20 **** Incremental Build of configuration Debug for project frodo-client ****
make pre-build main-build 
a9-linaro-pre-build-step
 
make: Nothing to be done for 'main-build'.
20:11:46 **** Incremental Build of configuration Debug for project frodo-server ****
make pre-build main-build 
a9-linaro-pre-build-step
 
Building file: ../src/tcp_perf_server.c
Invoking: ARM v7 gcc compiler
arm-none-eabi-gcc -Wall -O0 -g3 -c -fmessage-length=0 -MT"src/tcp_perf_server.o" -mcpu=cortex-a9 -mfpu=vfpv3 -mfloat-abi=hard -I../../frodo-server_bsp/ps7_cortexa9_0/include -MMD -MP -MF"src/tcp_perf_server.d" -MT"src/tcp_perf_server.o" -o "src/tcp_perf_server.o" "../src/tcp_perf_server.c"
In file included from ../src/include/aes256gcm.h:16,
                 from ../src/include/global_def.h:33,
                 from ../src/tcp_perf_server.c:32:
../src/include/global_def.h:356:1: warning: multi-line comment [-Wcomment]
 //#define print_debug(debugLevel, ...) \
 ^
In file included from ../src/tcp_perf_server.c:32:
../src/include/global_def.h:356:1: warning: multi-line comment [-Wcomment]
 //#define print_debug(debugLevel, ...) \
 ^
../src/tcp_perf_server.c:214:14: warning: 'tcp_recv_perf_traffic' defined but not used [-Wunused-function]
 static err_t tcp_recv_perf_traffic(void *arg, struct tcp_pcb *tpcb,
              ^~~~~~~~~~~~~~~~~~~~~
Finished building: ../src/tcp_perf_server.c
 
Building target: frodo-server.elf
Invoking: ARM v7 gcc linker
arm-none-eabi-gcc -mcpu=cortex-a9 -mfpu=vfpv3 -mfloat-abi=hard -Wl,-build-id=none -specs=Xilinx.spec -Wl,-T -Wl,../src/lscript.ld -L../../frodo-server_bsp/ps7_cortexa9_0/lib -o "frodo-server.elf"  ./src/include/aes256ctr.o ./src/include/aes256gcm.o ./src/include/fips202.o ./src/include/frodo_macrify.o ./src/include/global_func.o ./src/include/keccak_f1600.o ./src/include/kem.o ./src/include/noise.o ./src/include/random.o ./src/include/test_KEM640.o ./src/include/test_kem.o ./src/include/util.o ./src/include/weg_smw3000.o  ./src/i2c_access.o ./src/iic_phyreset.o ./src/main.o ./src/platform.o ./src/platform_mb.o ./src/platform_zynq.o ./src/platform_zynqmp.o ./src/sfp.o ./src/si5324.o ./src/tcp_perf_server.o   -Wl,--start-group,-lxil,-lgcc,-lc,--end-group -Wl,--start-group,-lxil,-llwip4,-lgcc,-lc,--end-group
Finished building target: frodo-server.elf
 
Invoking: ARM v7 Print Size
arm-none-eabi-size frodo-server.elf  |tee "frodo-server.elf.size"
   text	   data	    bss	    dec	    hex	filename
 255456	   3768	31578400	31837624	1e5cdb8	frodo-server.elf
Finished building: frodo-server.elf.size
 
