16:37:11 **** Incremental Build of configuration Debug for project frodo_sdk ****
make pre-build main-build 
a9-linaro-pre-build-step
' '
'Building file: ../src/include/kem.c'
'Invoking: ARM v7 gcc compiler'
arm-none-eabi-gcc -Wall -O0 -g3 -c -fmessage-length=0 -MT"src/include/kem.o" -mcpu=cortex-a9 -mfpu=vfpv3 -mfloat-abi=hard -I../../frodo_sdk_bsp/ps7_cortexa9_0/include -MMD -MP -MF"src/include/kem.d" -MT"src/include/kem.o" -o "src/include/kem.o" "../src/include/kem.c"
In file included from ../src/include/kem.h:11,
                 from ../src/include/kem.c:9:
../src/include/kem.c: In function 'crypto_kem_enc':
../src/include/kem.c:265:30: warning: format '%lx' expects argument of type 'long unsigned int', but argument 2 has type 'int' [-Wformat=]
   print_debug(DEBUG_KEM_ENC, "%04lx", Sp[i]);
                              ^~~~~~~  ~~~~~
../src/include/global_def.h:97:11: note: in definition of macro 'print_debug'
    printf(__VA_ARGS__); \
           ^~~~~~~~~~~
../src/include/kem.c:283:30: warning: format '%lx' expects argument of type 'long unsigned int', but argument 2 has type 'int' [-Wformat=]
   print_debug(DEBUG_KEM_ENC, "%04lx", Sp[i]);
                              ^~~~~~~  ~~~~~
../src/include/global_def.h:97:11: note: in definition of macro 'print_debug'
    printf(__VA_ARGS__); \
           ^~~~~~~~~~~
../src/include/kem.c:297:30: warning: format '%lx' expects argument of type 'long unsigned int', but argument 2 has type 'int' [-Wformat=]
   print_debug(DEBUG_KEM_ENC, "%04lx", Ep[i]);
                              ^~~~~~~  ~~~~~
../src/include/global_def.h:97:11: note: in definition of macro 'print_debug'
    printf(__VA_ARGS__); \
           ^~~~~~~~~~~
../src/include/kem.c:311:30: warning: format '%lx' expects argument of type 'long unsigned int', but argument 2 has type 'int' [-Wformat=]
   print_debug(DEBUG_KEM_ENC, "%04lx", Ep[i]);
                              ^~~~~~~  ~~~~~
../src/include/global_def.h:97:11: note: in definition of macro 'print_debug'
    printf(__VA_ARGS__); \
           ^~~~~~~~~~~
'Finished building: ../src/include/kem.c'
' '
'Building target: frodo_sdk.elf'
'Invoking: ARM v7 gcc linker'
arm-none-eabi-gcc -mcpu=cortex-a9 -mfpu=vfpv3 -mfloat-abi=hard -Wl,-build-id=none -specs=Xilinx.spec -Wl,-T -Wl,../src/lscript.ld -L../../frodo_sdk_bsp/ps7_cortexa9_0/lib -o "frodo_sdk.elf"  ./src/include/fips202.o ./src/include/frodo_macrify.o ./src/include/keccak_f1600.o ./src/include/kem.o ./src/include/noise.o ./src/include/random.o ./src/include/test_KEM640.o ./src/include/test_kem.o ./src/include/util.o  ./src/main.o ./src/platform.o   -Wl,--start-group,-lxil,-lgcc,-lc,--end-group
'Finished building target: frodo_sdk.elf'
' '
'Invoking: ARM v7 Print Size'
arm-none-eabi-size frodo_sdk.elf  |tee "frodo_sdk.elf.size"
   text	   data	    bss	    dec	    hex	filename
 105784	   2680	 138192	 246656	  3c380	frodo_sdk.elf
'Finished building: frodo_sdk.elf.size'
' '
16:38:34 **** Incremental Build of configuration Debug for project frodo_sdk ****
make pre-build main-build 
a9-linaro-pre-build-step
' '
'Building file: ../src/include/kem.c'
'Invoking: ARM v7 gcc compiler'
arm-none-eabi-gcc -Wall -O0 -g3 -c -fmessage-length=0 -MT"src/include/kem.o" -mcpu=cortex-a9 -mfpu=vfpv3 -mfloat-abi=hard -I../../frodo_sdk_bsp/ps7_cortexa9_0/include -MMD -MP -MF"src/include/kem.d" -MT"src/include/kem.o" -o "src/include/kem.o" "../src/include/kem.c"
In file included from ../src/include/kem.h:11,
                 from ../src/include/kem.c:9:
../src/include/kem.c: In function 'crypto_kem_enc':
../src/include/kem.c:265:30: warning: format '%lx' expects argument of type 'long unsigned int', but argument 2 has type 'int' [-Wformat=]
   print_debug(DEBUG_KEM_ENC, "%04lx", Sp[i]);
                              ^~~~~~~  ~~~~~
../src/include/global_def.h:97:11: note: in definition of macro 'print_debug'
    printf(__VA_ARGS__); \
           ^~~~~~~~~~~
../src/include/kem.c:283:30: warning: format '%lx' expects argument of type 'long unsigned int', but argument 2 has type 'int' [-Wformat=]
   print_debug(DEBUG_KEM_ENC, "%04lx", Sp[i]);
                              ^~~~~~~  ~~~~~
../src/include/global_def.h:97:11: note: in definition of macro 'print_debug'
    printf(__VA_ARGS__); \
           ^~~~~~~~~~~
../src/include/kem.c:297:30: warning: format '%lx' expects argument of type 'long unsigned int', but argument 2 has type 'int' [-Wformat=]
   print_debug(DEBUG_KEM_ENC, "%04lx", Ep[i]);
                              ^~~~~~~  ~~~~~
../src/include/global_def.h:97:11: note: in definition of macro 'print_debug'
    printf(__VA_ARGS__); \
           ^~~~~~~~~~~
../src/include/kem.c:311:30: warning: format '%lx' expects argument of type 'long unsigned int', but argument 2 has type 'int' [-Wformat=]
   print_debug(DEBUG_KEM_ENC, "%04lx", Ep[i]);
                              ^~~~~~~  ~~~~~
../src/include/global_def.h:97:11: note: in definition of macro 'print_debug'
    printf(__VA_ARGS__); \
           ^~~~~~~~~~~
'Finished building: ../src/include/kem.c'
' '
'Building target: frodo_sdk.elf'
'Invoking: ARM v7 gcc linker'
arm-none-eabi-gcc -mcpu=cortex-a9 -mfpu=vfpv3 -mfloat-abi=hard -Wl,-build-id=none -specs=Xilinx.spec -Wl,-T -Wl,../src/lscript.ld -L../../frodo_sdk_bsp/ps7_cortexa9_0/lib -o "frodo_sdk.elf"  ./src/include/fips202.o ./src/include/frodo_macrify.o ./src/include/keccak_f1600.o ./src/include/kem.o ./src/include/noise.o ./src/include/random.o ./src/include/test_KEM640.o ./src/include/test_kem.o ./src/include/util.o  ./src/main.o ./src/platform.o   -Wl,--start-group,-lxil,-lgcc,-lc,--end-group
'Finished building target: frodo_sdk.elf'
' '
'Invoking: ARM v7 Print Size'
arm-none-eabi-size frodo_sdk.elf  |tee "frodo_sdk.elf.size"
   text	   data	    bss	    dec	    hex	filename
 105792	   2680	 138192	 246664	  3c388	frodo_sdk.elf
'Finished building: frodo_sdk.elf.size'
' '
16:40:11 **** Incremental Build of configuration Debug for project frodo_sdk ****
make pre-build main-build 
a9-linaro-pre-build-step
' '
'Building file: ../src/include/kem.c'
'Invoking: ARM v7 gcc compiler'
arm-none-eabi-gcc -Wall -O0 -g3 -c -fmessage-length=0 -MT"src/include/kem.o" -mcpu=cortex-a9 -mfpu=vfpv3 -mfloat-abi=hard -I../../frodo_sdk_bsp/ps7_cortexa9_0/include -MMD -MP -MF"src/include/kem.d" -MT"src/include/kem.o" -o "src/include/kem.o" "../src/include/kem.c"
In file included from ../src/include/kem.h:11,
                 from ../src/include/kem.c:9:
../src/include/kem.c: In function 'crypto_kem_enc':
../src/include/kem.c:265:30: warning: format '%lx' expects argument of type 'long unsigned int', but argument 2 has type 'int' [-Wformat=]
   print_debug(DEBUG_KEM_ENC, "%04lx", Sp[i]);
                              ^~~~~~~  ~~~~~
../src/include/global_def.h:97:11: note: in definition of macro 'print_debug'
    printf(__VA_ARGS__); \
           ^~~~~~~~~~~
../src/include/kem.c:283:30: warning: format '%lx' expects argument of type 'long unsigned int', but argument 2 has type 'int' [-Wformat=]
   print_debug(DEBUG_KEM_ENC, "%04lx", Sp[i]);
                              ^~~~~~~  ~~~~~
../src/include/global_def.h:97:11: note: in definition of macro 'print_debug'
    printf(__VA_ARGS__); \
           ^~~~~~~~~~~
../src/include/kem.c:297:30: warning: format '%lx' expects argument of type 'long unsigned int', but argument 2 has type 'int' [-Wformat=]
   print_debug(DEBUG_KEM_ENC, "%04lx", Ep[i]);
                              ^~~~~~~  ~~~~~
../src/include/global_def.h:97:11: note: in definition of macro 'print_debug'
    printf(__VA_ARGS__); \
           ^~~~~~~~~~~
../src/include/kem.c:311:30: warning: format '%lx' expects argument of type 'long unsigned int', but argument 2 has type 'int' [-Wformat=]
   print_debug(DEBUG_KEM_ENC, "%04lx", Ep[i]);
                              ^~~~~~~  ~~~~~
../src/include/global_def.h:97:11: note: in definition of macro 'print_debug'
    printf(__VA_ARGS__); \
           ^~~~~~~~~~~
'Finished building: ../src/include/kem.c'
' '
'Building target: frodo_sdk.elf'
'Invoking: ARM v7 gcc linker'
arm-none-eabi-gcc -mcpu=cortex-a9 -mfpu=vfpv3 -mfloat-abi=hard -Wl,-build-id=none -specs=Xilinx.spec -Wl,-T -Wl,../src/lscript.ld -L../../frodo_sdk_bsp/ps7_cortexa9_0/lib -o "frodo_sdk.elf"  ./src/include/fips202.o ./src/include/frodo_macrify.o ./src/include/keccak_f1600.o ./src/include/kem.o ./src/include/noise.o ./src/include/random.o ./src/include/test_KEM640.o ./src/include/test_kem.o ./src/include/util.o  ./src/main.o ./src/platform.o   -Wl,--start-group,-lxil,-lgcc,-lc,--end-group
'Finished building target: frodo_sdk.elf'
' '
'Invoking: ARM v7 Print Size'
arm-none-eabi-size frodo_sdk.elf  |tee "frodo_sdk.elf.size"
   text	   data	    bss	    dec	    hex	filename
 105856	   2680	 138192	 246728	  3c3c8	frodo_sdk.elf
'Finished building: frodo_sdk.elf.size'
' '
16:40:26 **** Incremental Build of configuration Debug for project frodo_sdk ****
make pre-build main-build 
a9-linaro-pre-build-step
' '
make: Nothing to be done for 'main-build'.
16:41:37 **** Incremental Build of configuration Debug for project frodo_sdk ****
make pre-build main-build 
a9-linaro-pre-build-step
' '
'Building file: ../src/include/kem.c'
'Invoking: ARM v7 gcc compiler'
arm-none-eabi-gcc -Wall -O0 -g3 -c -fmessage-length=0 -MT"src/include/kem.o" -mcpu=cortex-a9 -mfpu=vfpv3 -mfloat-abi=hard -I../../frodo_sdk_bsp/ps7_cortexa9_0/include -MMD -MP -MF"src/include/kem.d" -MT"src/include/kem.o" -o "src/include/kem.o" "../src/include/kem.c"
In file included from ../src/include/kem.h:11,
                 from ../src/include/kem.c:9:
../src/include/kem.c: In function 'crypto_kem_enc':
../src/include/kem.c:265:30: warning: format '%lx' expects argument of type 'long unsigned int', but argument 2 has type 'int' [-Wformat=]
   print_debug(DEBUG_KEM_ENC, "%04lx", Sp[i]);
                              ^~~~~~~  ~~~~~
../src/include/global_def.h:97:11: note: in definition of macro 'print_debug'
    printf(__VA_ARGS__); \
           ^~~~~~~~~~~
../src/include/kem.c:283:30: warning: format '%lx' expects argument of type 'long unsigned int', but argument 2 has type 'int' [-Wformat=]
   print_debug(DEBUG_KEM_ENC, "%04lx", Sp[i]);
                              ^~~~~~~  ~~~~~
../src/include/global_def.h:97:11: note: in definition of macro 'print_debug'
    printf(__VA_ARGS__); \
           ^~~~~~~~~~~
../src/include/kem.c:297:30: warning: format '%lx' expects argument of type 'long unsigned int', but argument 2 has type 'int' [-Wformat=]
   print_debug(DEBUG_KEM_ENC, "%04lx", Ep[i]);
                              ^~~~~~~  ~~~~~
../src/include/global_def.h:97:11: note: in definition of macro 'print_debug'
    printf(__VA_ARGS__); \
           ^~~~~~~~~~~
../src/include/kem.c:311:30: warning: format '%lx' expects argument of type 'long unsigned int', but argument 2 has type 'int' [-Wformat=]
   print_debug(DEBUG_KEM_ENC, "%04lx", Ep[i]);
                              ^~~~~~~  ~~~~~
../src/include/global_def.h:97:11: note: in definition of macro 'print_debug'
    printf(__VA_ARGS__); \
           ^~~~~~~~~~~
'Finished building: ../src/include/kem.c'
' '
'Building target: frodo_sdk.elf'
'Invoking: ARM v7 gcc linker'
arm-none-eabi-gcc -mcpu=cortex-a9 -mfpu=vfpv3 -mfloat-abi=hard -Wl,-build-id=none -specs=Xilinx.spec -Wl,-T -Wl,../src/lscript.ld -L../../frodo_sdk_bsp/ps7_cortexa9_0/lib -o "frodo_sdk.elf"  ./src/include/fips202.o ./src/include/frodo_macrify.o ./src/include/keccak_f1600.o ./src/include/kem.o ./src/include/noise.o ./src/include/random.o ./src/include/test_KEM640.o ./src/include/test_kem.o ./src/include/util.o  ./src/main.o ./src/platform.o   -Wl,--start-group,-lxil,-lgcc,-lc,--end-group
'Finished building target: frodo_sdk.elf'
' '
'Invoking: ARM v7 Print Size'
arm-none-eabi-size frodo_sdk.elf  |tee "frodo_sdk.elf.size"
   text	   data	    bss	    dec	    hex	filename
 105664	   2680	 138192	 246536	  3c308	frodo_sdk.elf
'Finished building: frodo_sdk.elf.size'
' '
16:42:10 **** Incremental Build of configuration Debug for project frodo_sdk ****
make pre-build main-build 
a9-linaro-pre-build-step
' '
'Building file: ../src/include/kem.c'
'Invoking: ARM v7 gcc compiler'
arm-none-eabi-gcc -Wall -O0 -g3 -c -fmessage-length=0 -MT"src/include/kem.o" -mcpu=cortex-a9 -mfpu=vfpv3 -mfloat-abi=hard -I../../frodo_sdk_bsp/ps7_cortexa9_0/include -MMD -MP -MF"src/include/kem.d" -MT"src/include/kem.o" -o "src/include/kem.o" "../src/include/kem.c"
In file included from ../src/include/kem.h:11,
                 from ../src/include/kem.c:9:
../src/include/kem.c: In function 'crypto_kem_enc':
../src/include/kem.c:265:30: warning: format '%lx' expects argument of type 'long unsigned int', but argument 2 has type 'int' [-Wformat=]
   print_debug(DEBUG_KEM_ENC, "%04lx", Sp[i]);
                              ^~~~~~~  ~~~~~
../src/include/global_def.h:97:11: note: in definition of macro 'print_debug'
    printf(__VA_ARGS__); \
           ^~~~~~~~~~~
../src/include/kem.c:283:30: warning: format '%lx' expects argument of type 'long unsigned int', but argument 2 has type 'int' [-Wformat=]
   print_debug(DEBUG_KEM_ENC, "%04lx", Sp[i]);
                              ^~~~~~~  ~~~~~
../src/include/global_def.h:97:11: note: in definition of macro 'print_debug'
    printf(__VA_ARGS__); \
           ^~~~~~~~~~~
../src/include/kem.c:297:30: warning: format '%lx' expects argument of type 'long unsigned int', but argument 2 has type 'int' [-Wformat=]
   print_debug(DEBUG_KEM_ENC, "%04lx", Ep[i]);
                              ^~~~~~~  ~~~~~
../src/include/global_def.h:97:11: note: in definition of macro 'print_debug'
    printf(__VA_ARGS__); \
           ^~~~~~~~~~~
../src/include/kem.c:311:30: warning: format '%lx' expects argument of type 'long unsigned int', but argument 2 has type 'int' [-Wformat=]
   print_debug(DEBUG_KEM_ENC, "%04lx", Ep[i]);
                              ^~~~~~~  ~~~~~
../src/include/global_def.h:97:11: note: in definition of macro 'print_debug'
    printf(__VA_ARGS__); \
           ^~~~~~~~~~~
'Finished building: ../src/include/kem.c'
' '
'Building target: frodo_sdk.elf'
'Invoking: ARM v7 gcc linker'
arm-none-eabi-gcc -mcpu=cortex-a9 -mfpu=vfpv3 -mfloat-abi=hard -Wl,-build-id=none -specs=Xilinx.spec -Wl,-T -Wl,../src/lscript.ld -L../../frodo_sdk_bsp/ps7_cortexa9_0/lib -o "frodo_sdk.elf"  ./src/include/fips202.o ./src/include/frodo_macrify.o ./src/include/keccak_f1600.o ./src/include/kem.o ./src/include/noise.o ./src/include/random.o ./src/include/test_KEM640.o ./src/include/test_kem.o ./src/include/util.o  ./src/main.o ./src/platform.o   -Wl,--start-group,-lxil,-lgcc,-lc,--end-group
'Finished building target: frodo_sdk.elf'
' '
'Invoking: ARM v7 Print Size'
arm-none-eabi-size frodo_sdk.elf  |tee "frodo_sdk.elf.size"
   text	   data	    bss	    dec	    hex	filename
 105584	   2680	 138192	 246456	  3c2b8	frodo_sdk.elf
'Finished building: frodo_sdk.elf.size'
' '
16:42:35 **** Incremental Build of configuration Debug for project frodo_sdk ****
make pre-build main-build 
a9-linaro-pre-build-step
' '
'Building file: ../src/include/kem.c'
'Invoking: ARM v7 gcc compiler'
arm-none-eabi-gcc -Wall -O0 -g3 -c -fmessage-length=0 -MT"src/include/kem.o" -mcpu=cortex-a9 -mfpu=vfpv3 -mfloat-abi=hard -I../../frodo_sdk_bsp/ps7_cortexa9_0/include -MMD -MP -MF"src/include/kem.d" -MT"src/include/kem.o" -o "src/include/kem.o" "../src/include/kem.c"
In file included from ../src/include/kem.h:11,
                 from ../src/include/kem.c:9:
../src/include/kem.c: In function 'crypto_kem_enc':
../src/include/kem.c:265:30: warning: format '%lx' expects argument of type 'long unsigned int', but argument 2 has type 'int' [-Wformat=]
   print_debug(DEBUG_KEM_ENC, "%04lx", Sp[i]);
                              ^~~~~~~  ~~~~~
../src/include/global_def.h:97:11: note: in definition of macro 'print_debug'
    printf(__VA_ARGS__); \
           ^~~~~~~~~~~
../src/include/kem.c:283:30: warning: format '%lx' expects argument of type 'long unsigned int', but argument 2 has type 'int' [-Wformat=]
   print_debug(DEBUG_KEM_ENC, "%04lx", Sp[i]);
                              ^~~~~~~  ~~~~~
../src/include/global_def.h:97:11: note: in definition of macro 'print_debug'
    printf(__VA_ARGS__); \
           ^~~~~~~~~~~
../src/include/kem.c:297:30: warning: format '%lx' expects argument of type 'long unsigned int', but argument 2 has type 'int' [-Wformat=]
   print_debug(DEBUG_KEM_ENC, "%04lx", Ep[i]);
                              ^~~~~~~  ~~~~~
../src/include/global_def.h:97:11: note: in definition of macro 'print_debug'
    printf(__VA_ARGS__); \
           ^~~~~~~~~~~
../src/include/kem.c:311:30: warning: format '%lx' expects argument of type 'long unsigned int', but argument 2 has type 'int' [-Wformat=]
   print_debug(DEBUG_KEM_ENC, "%04lx", Ep[i]);
                              ^~~~~~~  ~~~~~
../src/include/global_def.h:97:11: note: in definition of macro 'print_debug'
    printf(__VA_ARGS__); \
           ^~~~~~~~~~~
'Finished building: ../src/include/kem.c'
' '
'Building target: frodo_sdk.elf'
'Invoking: ARM v7 gcc linker'
arm-none-eabi-gcc -mcpu=cortex-a9 -mfpu=vfpv3 -mfloat-abi=hard -Wl,-build-id=none -specs=Xilinx.spec -Wl,-T -Wl,../src/lscript.ld -L../../frodo_sdk_bsp/ps7_cortexa9_0/lib -o "frodo_sdk.elf"  ./src/include/fips202.o ./src/include/frodo_macrify.o ./src/include/keccak_f1600.o ./src/include/kem.o ./src/include/noise.o ./src/include/random.o ./src/include/test_KEM640.o ./src/include/test_kem.o ./src/include/util.o  ./src/main.o ./src/platform.o   -Wl,--start-group,-lxil,-lgcc,-lc,--end-group
'Finished building target: frodo_sdk.elf'
' '
'Invoking: ARM v7 Print Size'
arm-none-eabi-size frodo_sdk.elf  |tee "frodo_sdk.elf.size"
   text	   data	    bss	    dec	    hex	filename
 105584	   2680	 138192	 246456	  3c2b8	frodo_sdk.elf
'Finished building: frodo_sdk.elf.size'
' '
16:43:16 **** Incremental Build of configuration Debug for project frodo_sdk ****
make pre-build main-build 
a9-linaro-pre-build-step
' '
'Building file: ../src/include/fips202.c'
'Invoking: ARM v7 gcc compiler'
arm-none-eabi-gcc -Wall -O0 -g3 -c -fmessage-length=0 -MT"src/include/fips202.o" -mcpu=cortex-a9 -mfpu=vfpv3 -mfloat-abi=hard -I../../frodo_sdk_bsp/ps7_cortexa9_0/include -MMD -MP -MF"src/include/fips202.d" -MT"src/include/fips202.o" -o "src/include/fips202.o" "../src/include/fips202.c"
'Finished building: ../src/include/fips202.c'
' '
'Building file: ../src/include/frodo_macrify.c'
'Invoking: ARM v7 gcc compiler'
arm-none-eabi-gcc -Wall -O0 -g3 -c -fmessage-length=0 -MT"src/include/frodo_macrify.o" -mcpu=cortex-a9 -mfpu=vfpv3 -mfloat-abi=hard -I../../frodo_sdk_bsp/ps7_cortexa9_0/include -MMD -MP -MF"src/include/frodo_macrify.d" -MT"src/include/frodo_macrify.o" -o "src/include/frodo_macrify.o" "../src/include/frodo_macrify.c"
'Finished building: ../src/include/frodo_macrify.c'
' '
'Building file: ../src/include/keccak_f1600.c'
'Invoking: ARM v7 gcc compiler'
arm-none-eabi-gcc -Wall -O0 -g3 -c -fmessage-length=0 -MT"src/include/keccak_f1600.o" -mcpu=cortex-a9 -mfpu=vfpv3 -mfloat-abi=hard -I../../frodo_sdk_bsp/ps7_cortexa9_0/include -MMD -MP -MF"src/include/keccak_f1600.d" -MT"src/include/keccak_f1600.o" -o "src/include/keccak_f1600.o" "../src/include/keccak_f1600.c"
'Finished building: ../src/include/keccak_f1600.c'
' '
'Building file: ../src/include/kem.c'
'Invoking: ARM v7 gcc compiler'
arm-none-eabi-gcc -Wall -O0 -g3 -c -fmessage-length=0 -MT"src/include/kem.o" -mcpu=cortex-a9 -mfpu=vfpv3 -mfloat-abi=hard -I../../frodo_sdk_bsp/ps7_cortexa9_0/include -MMD -MP -MF"src/include/kem.d" -MT"src/include/kem.o" -o "src/include/kem.o" "../src/include/kem.c"
'Finished building: ../src/include/kem.c'
' '
'Building file: ../src/include/noise.c'
'Invoking: ARM v7 gcc compiler'
arm-none-eabi-gcc -Wall -O0 -g3 -c -fmessage-length=0 -MT"src/include/noise.o" -mcpu=cortex-a9 -mfpu=vfpv3 -mfloat-abi=hard -I../../frodo_sdk_bsp/ps7_cortexa9_0/include -MMD -MP -MF"src/include/noise.d" -MT"src/include/noise.o" -o "src/include/noise.o" "../src/include/noise.c"
'Finished building: ../src/include/noise.c'
' '
'Building file: ../src/include/random.c'
'Invoking: ARM v7 gcc compiler'
arm-none-eabi-gcc -Wall -O0 -g3 -c -fmessage-length=0 -MT"src/include/random.o" -mcpu=cortex-a9 -mfpu=vfpv3 -mfloat-abi=hard -I../../frodo_sdk_bsp/ps7_cortexa9_0/include -MMD -MP -MF"src/include/random.d" -MT"src/include/random.o" -o "src/include/random.o" "../src/include/random.c"
'Finished building: ../src/include/random.c'
' '
'Building file: ../src/include/test_kem.c'
'Invoking: ARM v7 gcc compiler'
arm-none-eabi-gcc -Wall -O0 -g3 -c -fmessage-length=0 -MT"src/include/test_kem.o" -mcpu=cortex-a9 -mfpu=vfpv3 -mfloat-abi=hard -I../../frodo_sdk_bsp/ps7_cortexa9_0/include -MMD -MP -MF"src/include/test_kem.d" -MT"src/include/test_kem.o" -o "src/include/test_kem.o" "../src/include/test_kem.c"
'Finished building: ../src/include/test_kem.c'
' '
'Building file: ../src/include/util.c'
'Invoking: ARM v7 gcc compiler'
arm-none-eabi-gcc -Wall -O0 -g3 -c -fmessage-length=0 -MT"src/include/util.o" -mcpu=cortex-a9 -mfpu=vfpv3 -mfloat-abi=hard -I../../frodo_sdk_bsp/ps7_cortexa9_0/include -MMD -MP -MF"src/include/util.d" -MT"src/include/util.o" -o "src/include/util.o" "../src/include/util.c"
'Finished building: ../src/include/util.c'
' '
'Building file: ../src/main.c'
'Invoking: ARM v7 gcc compiler'
arm-none-eabi-gcc -Wall -O0 -g3 -c -fmessage-length=0 -MT"src/main.o" -mcpu=cortex-a9 -mfpu=vfpv3 -mfloat-abi=hard -I../../frodo_sdk_bsp/ps7_cortexa9_0/include -MMD -MP -MF"src/main.d" -MT"src/main.o" -o "src/main.o" "../src/main.c"
'Finished building: ../src/main.c'
' '
'Building target: frodo_sdk.elf'
'Invoking: ARM v7 gcc linker'
arm-none-eabi-gcc -mcpu=cortex-a9 -mfpu=vfpv3 -mfloat-abi=hard -Wl,-build-id=none -specs=Xilinx.spec -Wl,-T -Wl,../src/lscript.ld -L../../frodo_sdk_bsp/ps7_cortexa9_0/lib -o "frodo_sdk.elf"  ./src/include/fips202.o ./src/include/frodo_macrify.o ./src/include/keccak_f1600.o ./src/include/kem.o ./src/include/noise.o ./src/include/random.o ./src/include/test_KEM640.o ./src/include/test_kem.o ./src/include/util.o  ./src/main.o ./src/platform.o   -Wl,--start-group,-lxil,-lgcc,-lc,--end-group
'Finished building target: frodo_sdk.elf'
' '
'Invoking: ARM v7 Print Size'
arm-none-eabi-size frodo_sdk.elf  |tee "frodo_sdk.elf.size"
   text	   data	    bss	    dec	    hex	filename
 103880	   2680	 138192	 244752	  3bc10	frodo_sdk.elf
'Finished building: frodo_sdk.elf.size'
' '
16:43:53 **** Incremental Build of configuration Debug for project frodo_sdk ****
make pre-build main-build 
a9-linaro-pre-build-step
' '
'Building file: ../src/include/fips202.c'
'Invoking: ARM v7 gcc compiler'
arm-none-eabi-gcc -Wall -O0 -g3 -c -fmessage-length=0 -MT"src/include/fips202.o" -mcpu=cortex-a9 -mfpu=vfpv3 -mfloat-abi=hard -I../../frodo_sdk_bsp/ps7_cortexa9_0/include -MMD -MP -MF"src/include/fips202.d" -MT"src/include/fips202.o" -o "src/include/fips202.o" "../src/include/fips202.c"
'Finished building: ../src/include/fips202.c'
' '
'Building file: ../src/include/frodo_macrify.c'
'Invoking: ARM v7 gcc compiler'
arm-none-eabi-gcc -Wall -O0 -g3 -c -fmessage-length=0 -MT"src/include/frodo_macrify.o" -mcpu=cortex-a9 -mfpu=vfpv3 -mfloat-abi=hard -I../../frodo_sdk_bsp/ps7_cortexa9_0/include -MMD -MP -MF"src/include/frodo_macrify.d" -MT"src/include/frodo_macrify.o" -o "src/include/frodo_macrify.o" "../src/include/frodo_macrify.c"
'Finished building: ../src/include/frodo_macrify.c'
' '
'Building file: ../src/include/keccak_f1600.c'
'Invoking: ARM v7 gcc compiler'
arm-none-eabi-gcc -Wall -O0 -g3 -c -fmessage-length=0 -MT"src/include/keccak_f1600.o" -mcpu=cortex-a9 -mfpu=vfpv3 -mfloat-abi=hard -I../../frodo_sdk_bsp/ps7_cortexa9_0/include -MMD -MP -MF"src/include/keccak_f1600.d" -MT"src/include/keccak_f1600.o" -o "src/include/keccak_f1600.o" "../src/include/keccak_f1600.c"
'Finished building: ../src/include/keccak_f1600.c'
' '
'Building file: ../src/include/kem.c'
'Invoking: ARM v7 gcc compiler'
arm-none-eabi-gcc -Wall -O0 -g3 -c -fmessage-length=0 -MT"src/include/kem.o" -mcpu=cortex-a9 -mfpu=vfpv3 -mfloat-abi=hard -I../../frodo_sdk_bsp/ps7_cortexa9_0/include -MMD -MP -MF"src/include/kem.d" -MT"src/include/kem.o" -o "src/include/kem.o" "../src/include/kem.c"
In file included from ../src/include/kem.h:11,
                 from ../src/include/kem.c:9:
../src/include/kem.c: In function 'crypto_kem_enc':
../src/include/kem.c:265:30: warning: format '%lx' expects argument of type 'long unsigned int', but argument 2 has type 'int' [-Wformat=]
   print_debug(DEBUG_KEM_ENC, "%04lx", Sp[i]);
                              ^~~~~~~  ~~~~~
../src/include/global_def.h:97:11: note: in definition of macro 'print_debug'
    printf(__VA_ARGS__); \
           ^~~~~~~~~~~
../src/include/kem.c:283:30: warning: format '%lx' expects argument of type 'long unsigned int', but argument 2 has type 'int' [-Wformat=]
   print_debug(DEBUG_KEM_ENC, "%04lx", Sp[i]);
                              ^~~~~~~  ~~~~~
../src/include/global_def.h:97:11: note: in definition of macro 'print_debug'
    printf(__VA_ARGS__); \
           ^~~~~~~~~~~
../src/include/kem.c:297:30: warning: format '%lx' expects argument of type 'long unsigned int', but argument 2 has type 'int' [-Wformat=]
   print_debug(DEBUG_KEM_ENC, "%04lx", Ep[i]);
                              ^~~~~~~  ~~~~~
../src/include/global_def.h:97:11: note: in definition of macro 'print_debug'
    printf(__VA_ARGS__); \
           ^~~~~~~~~~~
../src/include/kem.c:311:30: warning: format '%lx' expects argument of type 'long unsigned int', but argument 2 has type 'int' [-Wformat=]
   print_debug(DEBUG_KEM_ENC, "%04lx", Ep[i]);
                              ^~~~~~~  ~~~~~
../src/include/global_def.h:97:11: note: in definition of macro 'print_debug'
    printf(__VA_ARGS__); \
           ^~~~~~~~~~~
'Finished building: ../src/include/kem.c'
' '
'Building file: ../src/include/noise.c'
'Invoking: ARM v7 gcc compiler'
arm-none-eabi-gcc -Wall -O0 -g3 -c -fmessage-length=0 -MT"src/include/noise.o" -mcpu=cortex-a9 -mfpu=vfpv3 -mfloat-abi=hard -I../../frodo_sdk_bsp/ps7_cortexa9_0/include -MMD -MP -MF"src/include/noise.d" -MT"src/include/noise.o" -o "src/include/noise.o" "../src/include/noise.c"
'Finished building: ../src/include/noise.c'
' '
'Building file: ../src/include/random.c'
'Invoking: ARM v7 gcc compiler'
arm-none-eabi-gcc -Wall -O0 -g3 -c -fmessage-length=0 -MT"src/include/random.o" -mcpu=cortex-a9 -mfpu=vfpv3 -mfloat-abi=hard -I../../frodo_sdk_bsp/ps7_cortexa9_0/include -MMD -MP -MF"src/include/random.d" -MT"src/include/random.o" -o "src/include/random.o" "../src/include/random.c"
'Finished building: ../src/include/random.c'
' '
'Building file: ../src/include/test_kem.c'
'Invoking: ARM v7 gcc compiler'
arm-none-eabi-gcc -Wall -O0 -g3 -c -fmessage-length=0 -MT"src/include/test_kem.o" -mcpu=cortex-a9 -mfpu=vfpv3 -mfloat-abi=hard -I../../frodo_sdk_bsp/ps7_cortexa9_0/include -MMD -MP -MF"src/include/test_kem.d" -MT"src/include/test_kem.o" -o "src/include/test_kem.o" "../src/include/test_kem.c"
'Finished building: ../src/include/test_kem.c'
' '
'Building file: ../src/include/util.c'
'Invoking: ARM v7 gcc compiler'
arm-none-eabi-gcc -Wall -O0 -g3 -c -fmessage-length=0 -MT"src/include/util.o" -mcpu=cortex-a9 -mfpu=vfpv3 -mfloat-abi=hard -I../../frodo_sdk_bsp/ps7_cortexa9_0/include -MMD -MP -MF"src/include/util.d" -MT"src/include/util.o" -o "src/include/util.o" "../src/include/util.c"
'Finished building: ../src/include/util.c'
' '
'Building file: ../src/main.c'
'Invoking: ARM v7 gcc compiler'
arm-none-eabi-gcc -Wall -O0 -g3 -c -fmessage-length=0 -MT"src/main.o" -mcpu=cortex-a9 -mfpu=vfpv3 -mfloat-abi=hard -I../../frodo_sdk_bsp/ps7_cortexa9_0/include -MMD -MP -MF"src/main.d" -MT"src/main.o" -o "src/main.o" "../src/main.c"
'Finished building: ../src/main.c'
' '
'Building target: frodo_sdk.elf'
'Invoking: ARM v7 gcc linker'
arm-none-eabi-gcc -mcpu=cortex-a9 -mfpu=vfpv3 -mfloat-abi=hard -Wl,-build-id=none -specs=Xilinx.spec -Wl,-T -Wl,../src/lscript.ld -L../../frodo_sdk_bsp/ps7_cortexa9_0/lib -o "frodo_sdk.elf"  ./src/include/fips202.o ./src/include/frodo_macrify.o ./src/include/keccak_f1600.o ./src/include/kem.o ./src/include/noise.o ./src/include/random.o ./src/include/test_KEM640.o ./src/include/test_kem.o ./src/include/util.o  ./src/main.o ./src/platform.o   -Wl,--start-group,-lxil,-lgcc,-lc,--end-group
'Finished building target: frodo_sdk.elf'
' '
'Invoking: ARM v7 Print Size'
arm-none-eabi-size frodo_sdk.elf  |tee "frodo_sdk.elf.size"
   text	   data	    bss	    dec	    hex	filename
 105584	   2680	 138192	 246456	  3c2b8	frodo_sdk.elf
'Finished building: frodo_sdk.elf.size'
' '
16:44:25 **** Incremental Build of configuration Debug for project frodo_sdk ****
make pre-build main-build 
a9-linaro-pre-build-step
' '
'Building file: ../src/include/fips202.c'
'Invoking: ARM v7 gcc compiler'
arm-none-eabi-gcc -Wall -O0 -g3 -c -fmessage-length=0 -MT"src/include/fips202.o" -mcpu=cortex-a9 -mfpu=vfpv3 -mfloat-abi=hard -I../../frodo_sdk_bsp/ps7_cortexa9_0/include -MMD -MP -MF"src/include/fips202.d" -MT"src/include/fips202.o" -o "src/include/fips202.o" "../src/include/fips202.c"
'Finished building: ../src/include/fips202.c'
' '
'Building file: ../src/include/frodo_macrify.c'
'Invoking: ARM v7 gcc compiler'
arm-none-eabi-gcc -Wall -O0 -g3 -c -fmessage-length=0 -MT"src/include/frodo_macrify.o" -mcpu=cortex-a9 -mfpu=vfpv3 -mfloat-abi=hard -I../../frodo_sdk_bsp/ps7_cortexa9_0/include -MMD -MP -MF"src/include/frodo_macrify.d" -MT"src/include/frodo_macrify.o" -o "src/include/frodo_macrify.o" "../src/include/frodo_macrify.c"
'Finished building: ../src/include/frodo_macrify.c'
' '
'Building file: ../src/include/keccak_f1600.c'
'Invoking: ARM v7 gcc compiler'
arm-none-eabi-gcc -Wall -O0 -g3 -c -fmessage-length=0 -MT"src/include/keccak_f1600.o" -mcpu=cortex-a9 -mfpu=vfpv3 -mfloat-abi=hard -I../../frodo_sdk_bsp/ps7_cortexa9_0/include -MMD -MP -MF"src/include/keccak_f1600.d" -MT"src/include/keccak_f1600.o" -o "src/include/keccak_f1600.o" "../src/include/keccak_f1600.c"
'Finished building: ../src/include/keccak_f1600.c'
' '
'Building file: ../src/include/kem.c'
'Invoking: ARM v7 gcc compiler'
arm-none-eabi-gcc -Wall -O0 -g3 -c -fmessage-length=0 -MT"src/include/kem.o" -mcpu=cortex-a9 -mfpu=vfpv3 -mfloat-abi=hard -I../../frodo_sdk_bsp/ps7_cortexa9_0/include -MMD -MP -MF"src/include/kem.d" -MT"src/include/kem.o" -o "src/include/kem.o" "../src/include/kem.c"
'Finished building: ../src/include/kem.c'
' '
'Building file: ../src/include/noise.c'
'Invoking: ARM v7 gcc compiler'
arm-none-eabi-gcc -Wall -O0 -g3 -c -fmessage-length=0 -MT"src/include/noise.o" -mcpu=cortex-a9 -mfpu=vfpv3 -mfloat-abi=hard -I../../frodo_sdk_bsp/ps7_cortexa9_0/include -MMD -MP -MF"src/include/noise.d" -MT"src/include/noise.o" -o "src/include/noise.o" "../src/include/noise.c"
'Finished building: ../src/include/noise.c'
' '
'Building file: ../src/include/random.c'
'Invoking: ARM v7 gcc compiler'
arm-none-eabi-gcc -Wall -O0 -g3 -c -fmessage-length=0 -MT"src/include/random.o" -mcpu=cortex-a9 -mfpu=vfpv3 -mfloat-abi=hard -I../../frodo_sdk_bsp/ps7_cortexa9_0/include -MMD -MP -MF"src/include/random.d" -MT"src/include/random.o" -o "src/include/random.o" "../src/include/random.c"
'Finished building: ../src/include/random.c'
' '
'Building file: ../src/include/test_kem.c'
'Invoking: ARM v7 gcc compiler'
arm-none-eabi-gcc -Wall -O0 -g3 -c -fmessage-length=0 -MT"src/include/test_kem.o" -mcpu=cortex-a9 -mfpu=vfpv3 -mfloat-abi=hard -I../../frodo_sdk_bsp/ps7_cortexa9_0/include -MMD -MP -MF"src/include/test_kem.d" -MT"src/include/test_kem.o" -o "src/include/test_kem.o" "../src/include/test_kem.c"
'Finished building: ../src/include/test_kem.c'
' '
'Building file: ../src/include/util.c'
'Invoking: ARM v7 gcc compiler'
arm-none-eabi-gcc -Wall -O0 -g3 -c -fmessage-length=0 -MT"src/include/util.o" -mcpu=cortex-a9 -mfpu=vfpv3 -mfloat-abi=hard -I../../frodo_sdk_bsp/ps7_cortexa9_0/include -MMD -MP -MF"src/include/util.d" -MT"src/include/util.o" -o "src/include/util.o" "../src/include/util.c"
'Finished building: ../src/include/util.c'
' '
'Building file: ../src/main.c'
'Invoking: ARM v7 gcc compiler'
arm-none-eabi-gcc -Wall -O0 -g3 -c -fmessage-length=0 -MT"src/main.o" -mcpu=cortex-a9 -mfpu=vfpv3 -mfloat-abi=hard -I../../frodo_sdk_bsp/ps7_cortexa9_0/include -MMD -MP -MF"src/main.d" -MT"src/main.o" -o "src/main.o" "../src/main.c"
'Finished building: ../src/main.c'
' '
'Building target: frodo_sdk.elf'
'Invoking: ARM v7 gcc linker'
arm-none-eabi-gcc -mcpu=cortex-a9 -mfpu=vfpv3 -mfloat-abi=hard -Wl,-build-id=none -specs=Xilinx.spec -Wl,-T -Wl,../src/lscript.ld -L../../frodo_sdk_bsp/ps7_cortexa9_0/lib -o "frodo_sdk.elf"  ./src/include/fips202.o ./src/include/frodo_macrify.o ./src/include/keccak_f1600.o ./src/include/kem.o ./src/include/noise.o ./src/include/random.o ./src/include/test_KEM640.o ./src/include/test_kem.o ./src/include/util.o  ./src/main.o ./src/platform.o   -Wl,--start-group,-lxil,-lgcc,-lc,--end-group
'Finished building target: frodo_sdk.elf'
' '
'Invoking: ARM v7 Print Size'
arm-none-eabi-size frodo_sdk.elf  |tee "frodo_sdk.elf.size"
   text	   data	    bss	    dec	    hex	filename
 103880	   2680	 138192	 244752	  3bc10	frodo_sdk.elf
'Finished building: frodo_sdk.elf.size'
' '
