14:29:18 **** Incremental Build of configuration Debug for project frodo_sdk ****
make pre-build main-build 
a9-linaro-pre-build-step
 
Building file: ../src/include/test_kem.c
Invoking: ARM v7 gcc compiler
arm-none-eabi-gcc -Wall -O0 -g3 -c -fmessage-length=0 -MT"src/include/test_kem.o" -mcpu=cortex-a9 -mfpu=vfpv3 -mfloat-abi=hard -I../../frodo_sdk_bsp/ps7_cortexa9_0/include -MMD -MP -MF"src/include/test_kem.d" -MT"src/include/test_kem.o" -o "src/include/test_kem.o" "../src/include/test_kem.c"
In file included from ../src/include/test_kem.c:9:
../src/include/test_kem.c: In function 'shake128':
../src/include/test_kem.c:332:28: warning: format '%d' expects argument of type 'int', but argument 4 has type 'u32' {aka 'long unsigned int'} [-Wformat=]
   print_debug(DEBUG_TIMER, "[TEST_KEM] Total time taken to process Shake128: %lu.%03lu us (%d ticks)\n", whole, thousandths, readTimer);
                            ^~~~~~~~~~~~~~~~~~~~~~~~~~~~~~~~~~~~~~~~~~~~~~~~~~~~~~~~~~~~~~~~~~~~~~~~~~~~                      ~~~~~~~~~
../src/include/global_def.h:107:11: note: in definition of macro 'print_debug'
    printf(__VA_ARGS__); \
           ^~~~~~~~~~~
../src/include/test_kem.c:339:28: warning: format '%d' expects argument of type 'int', but argument 4 has type 'u32' {aka 'long unsigned int'} [-Wformat=]
   print_debug(DEBUG_TIMER, "[TEST_KEM] Time taken to process Shake128: %lu.%03lu us (%d ticks)\n", whole, thousandths, readTimer);
                            ^~~~~~~~~~~~~~~~~~~~~~~~~~~~~~~~~~~~~~~~~~~~~~~~~~~~~~~~~~~~~~~~~~~~~~                      ~~~~~~~~~
../src/include/global_def.h:107:11: note: in definition of macro 'print_debug'
    printf(__VA_ARGS__); \
           ^~~~~~~~~~~
../src/include/test_kem.c: In function 'frodo_mul_add_sa_plus_e':
../src/include/test_kem.c:377:28: warning: format '%d' expects argument of type 'int', but argument 4 has type 'u32' {aka 'long unsigned int'} [-Wformat=]
   print_debug(DEBUG_TIMER, "[TEST_KEM] Time taken to process Matrix-SA: %lu.%03lu us (%d ticks)\n", whole, thousandths, readTimer);
                            ^~~~~~~~~~~~~~~~~~~~~~~~~~~~~~~~~~~~~~~~~~~~~~~~~~~~~~~~~~~~~~~~~~~~~~~                      ~~~~~~~~~
../src/include/global_def.h:107:11: note: in definition of macro 'print_debug'
    printf(__VA_ARGS__); \
           ^~~~~~~~~~~
../src/include/test_kem.c:384:28: warning: format '%d' expects argument of type 'int', but argument 4 has type 'u32' {aka 'long unsigned int'} [-Wformat=]
   print_debug(DEBUG_TIMER, "[TEST_KEM] Time taken to process Matrix-SA: %lu.%03lu us (%d ticks)\n", whole, thousandths, readTimer);
                            ^~~~~~~~~~~~~~~~~~~~~~~~~~~~~~~~~~~~~~~~~~~~~~~~~~~~~~~~~~~~~~~~~~~~~~~                      ~~~~~~~~~
../src/include/global_def.h:107:11: note: in definition of macro 'print_debug'
    printf(__VA_ARGS__); \
           ^~~~~~~~~~~
../src/include/test_kem.c: In function 'frodo_mul_add_as_plus_e':
../src/include/test_kem.c:417:28: warning: format '%d' expects argument of type 'int', but argument 4 has type 'u32' {aka 'long unsigned int'} [-Wformat=]
   print_debug(DEBUG_TIMER, "[TEST_KEM] Time taken to process Matrix-AS: %lu.%03lu us (%d ticks)\n", whole, thousandths, readTimer);
                            ^~~~~~~~~~~~~~~~~~~~~~~~~~~~~~~~~~~~~~~~~~~~~~~~~~~~~~~~~~~~~~~~~~~~~~~                      ~~~~~~~~~
../src/include/global_def.h:107:11: note: in definition of macro 'print_debug'
    printf(__VA_ARGS__); \
           ^~~~~~~~~~~
../src/include/test_kem.c:424:28: warning: format '%d' expects argument of type 'int', but argument 4 has type 'u32' {aka 'long unsigned int'} [-Wformat=]
   print_debug(DEBUG_TIMER, "[TEST_KEM] Time taken to process Matrix-AS: %lu.%03lu us (%d ticks)\n", whole, thousandths, readTimer);
                            ^~~~~~~~~~~~~~~~~~~~~~~~~~~~~~~~~~~~~~~~~~~~~~~~~~~~~~~~~~~~~~~~~~~~~~~                      ~~~~~~~~~
../src/include/global_def.h:107:11: note: in definition of macro 'print_debug'
    printf(__VA_ARGS__); \
           ^~~~~~~~~~~
../src/include/test_kem.c: In function 'kem_test':
../src/include/test_kem.c:990:31: warning: format '%d' expects argument of type 'int', but argument 2 has type 'uint32_t' {aka 'long unsigned int'} [-Wformat=]
   print_debug(DEBUG_TEST_KEM, "\t   SHAKE128  \t|\t   %d   \t|\t\t   %d   \t\t\t|\t\t\t\t%d\t\t\t\t\t|\t\t\t%d  \t\t\t|\t\t\t\t\t%d\t\t\t\t|\t\t\t%lu.%03lu\n", iteration_shake128_sw, (t_shake128_sw_acc)/666, (t_shake128_sw_acc/iteration_shake128_sw)/666, (t_shake128_hw_acc)/666, (t_shake128_hw_acc/iteration_shake128_hw)/666, wholeShake128, thousandthsShake128);
                               ^~~~~~~~~~~~~~~~~~~~~~~~~~~~~~~~~~~~~~~~~~~~~~~~~~~~~~~~~~~~~~~~~~~~~~~~~~~~~~~~~~~~~~~~~~~~~~~~~~~~~~~~~~~~~~~~~~~~~~~~~~~~~~~~  ~~~~~~~~~~~~~~~~~~~~~
../src/include/global_def.h:107:11: note: in definition of macro 'print_debug'
    printf(__VA_ARGS__); \
           ^~~~~~~~~~~
../src/include/test_kem.c:990:31: warning: format '%d' expects argument of type 'int', but argument 3 has type 'long unsigned int' [-Wformat=]
   print_debug(DEBUG_TEST_KEM, "\t   SHAKE128  \t|\t   %d   \t|\t\t   %d   \t\t\t|\t\t\t\t%d\t\t\t\t\t|\t\t\t%d  \t\t\t|\t\t\t\t\t%d\t\t\t\t|\t\t\t%lu.%03lu\n", iteration_shake128_sw, (t_shake128_sw_acc)/666, (t_shake128_sw_acc/iteration_shake128_sw)/666, (t_shake128_hw_acc)/666, (t_shake128_hw_acc/iteration_shake128_hw)/666, wholeShake128, thousandthsShake128);
                               ^~~~~~~~~~~~~~~~~~~~~~~~~~~~~~~~~~~~~~~~~~~~~~~~~~~~~~~~~~~~~~~~~~~~~~~~~~~~~~~~~~~~~~~~~~~~~~~~~~~~~~~~~~~~~~~~~~~~~~~~~~~~~~~~                         ~~~~~~~~~~~~~~~~~~~~~~~
../src/include/global_def.h:107:11: note: in definition of macro 'print_debug'
    printf(__VA_ARGS__); \
           ^~~~~~~~~~~
../src/include/test_kem.c:990:31: warning: format '%d' expects argument of type 'int', but argument 4 has type 'long unsigned int' [-Wformat=]
   print_debug(DEBUG_TEST_KEM, "\t   SHAKE128  \t|\t   %d   \t|\t\t   %d   \t\t\t|\t\t\t\t%d\t\t\t\t\t|\t\t\t%d  \t\t\t|\t\t\t\t\t%d\t\t\t\t|\t\t\t%lu.%03lu\n", iteration_shake128_sw, (t_shake128_sw_acc)/666, (t_shake128_sw_acc/iteration_shake128_sw)/666, (t_shake128_hw_acc)/666, (t_shake128_hw_acc/iteration_shake128_hw)/666, wholeShake128, thousandthsShake128);
                               ^~~~~~~~~~~~~~~~~~~~~~~~~~~~~~~~~~~~~~~~~~~~~~~~~~~~~~~~~~~~~~~~~~~~~~~~~~~~~~~~~~~~~~~~~~~~~~~~~~~~~~~~~~~~~~~~~~~~~~~~~~~~~~~~                                                  ~~~~~~~~~~~~~~~~~~~~~~~~~~~~~~~~~~~~~~~~~~~~~
../src/include/global_def.h:107:11: note: in definition of macro 'print_debug'
    printf(__VA_ARGS__); \
           ^~~~~~~~~~~
../src/include/test_kem.c:990:31: warning: format '%d' expects argument of type 'int', but argument 5 has type 'long unsigned int' [-Wformat=]
   print_debug(DEBUG_TEST_KEM, "\t   SHAKE128  \t|\t   %d   \t|\t\t   %d   \t\t\t|\t\t\t\t%d\t\t\t\t\t|\t\t\t%d  \t\t\t|\t\t\t\t\t%d\t\t\t\t|\t\t\t%lu.%03lu\n", iteration_shake128_sw, (t_shake128_sw_acc)/666, (t_shake128_sw_acc/iteration_shake128_sw)/666, (t_shake128_hw_acc)/666, (t_shake128_hw_acc/iteration_shake128_hw)/666, wholeShake128, thousandthsShake128);
                               ^~~~~~~~~~~~~~~~~~~~~~~~~~~~~~~~~~~~~~~~~~~~~~~~~~~~~~~~~~~~~~~~~~~~~~~~~~~~~~~~~~~~~~~~~~~~~~~~~~~~~~~~~~~~~~~~~~~~~~~~~~~~~~~~                                                                                                 ~~~~~~~~~~~~~~~~~~~~~~~
../src/include/global_def.h:107:11: note: in definition of macro 'print_debug'
    printf(__VA_ARGS__); \
           ^~~~~~~~~~~
../src/include/test_kem.c:990:31: warning: format '%d' expects argument of type 'int', but argument 6 has type 'long unsigned int' [-Wformat=]
   print_debug(DEBUG_TEST_KEM, "\t   SHAKE128  \t|\t   %d   \t|\t\t   %d   \t\t\t|\t\t\t\t%d\t\t\t\t\t|\t\t\t%d  \t\t\t|\t\t\t\t\t%d\t\t\t\t|\t\t\t%lu.%03lu\n", iteration_shake128_sw, (t_shake128_sw_acc)/666, (t_shake128_sw_acc/iteration_shake128_sw)/666, (t_shake128_hw_acc)/666, (t_shake128_hw_acc/iteration_shake128_hw)/666, wholeShake128, thousandthsShake128);
                               ^~~~~~~~~~~~~~~~~~~~~~~~~~~~~~~~~~~~~~~~~~~~~~~~~~~~~~~~~~~~~~~~~~~~~~~~~~~~~~~~~~~~~~~~~~~~~~~~~~~~~~~~~~~~~~~~~~~~~~~~~~~~~~~~                                                                                                                          ~~~~~~~~~~~~~~~~~~~~~~~~~~~~~~~~~~~~~~~~~~~~~
../src/include/global_def.h:107:11: note: in definition of macro 'print_debug'
    printf(__VA_ARGS__); \
           ^~~~~~~~~~~
../src/include/test_kem.c:992:31: warning: format '%d' expects argument of type 'int', but argument 2 has type 'uint32_t' {aka 'long unsigned int'} [-Wformat=]
   print_debug(DEBUG_TEST_KEM, "\t\t Matrix SA\t\t|\t\t   %d   \t\t|\t\t   %d   \t\t\t|\t\t\t%d  \t\t\t\t|\t\t\t%d  \t\t\t|\t\t\t\t%d  \t\t\t|\t\t\t%lu.%03lu\n", iteration_sa_sw, (t_matrix_sa_sw_acc)/666, (t_matrix_sa_sw_acc/iteration_sa_sw)/666, (t_matrix_sa_hw_acc)/666, (t_matrix_sa_hw_acc/iteration_sa_hw)/666, wholeMatrixSa, thousandthsMatrixSa);
                               ^~~~~~~~~~~~~~~~~~~~~~~~~~~~~~~~~~~~~~~~~~~~~~~~~~~~~~~~~~~~~~~~~~~~~~~~~~~~~~~~~~~~~~~~~~~~~~~~~~~~~~~~~~~~~~~~~~~~~~~~~~~~~~~~~  ~~~~~~~~~~~~~~~
../src/include/global_def.h:107:11: note: in definition of macro 'print_debug'
    printf(__VA_ARGS__); \
           ^~~~~~~~~~~
../src/include/test_kem.c:992:31: warning: format '%d' expects argument of type 'int', but argument 3 has type 'long unsigned int' [-Wformat=]
   print_debug(DEBUG_TEST_KEM, "\t\t Matrix SA\t\t|\t\t   %d   \t\t|\t\t   %d   \t\t\t|\t\t\t%d  \t\t\t\t|\t\t\t%d  \t\t\t|\t\t\t\t%d  \t\t\t|\t\t\t%lu.%03lu\n", iteration_sa_sw, (t_matrix_sa_sw_acc)/666, (t_matrix_sa_sw_acc/iteration_sa_sw)/666, (t_matrix_sa_hw_acc)/666, (t_matrix_sa_hw_acc/iteration_sa_hw)/666, wholeMatrixSa, thousandthsMatrixSa);
                               ^~~~~~~~~~~~~~~~~~~~~~~~~~~~~~~~~~~~~~~~~~~~~~~~~~~~~~~~~~~~~~~~~~~~~~~~~~~~~~~~~~~~~~~~~~~~~~~~~~~~~~~~~~~~~~~~~~~~~~~~~~~~~~~~~                   ~~~~~~~~~~~~~~~~~~~~~~~~
../src/include/global_def.h:107:11: note: in definition of macro 'print_debug'
    printf(__VA_ARGS__); \
           ^~~~~~~~~~~
../src/include/test_kem.c:992:31: warning: format '%d' expects argument of type 'int', but argument 4 has type 'long unsigned int' [-Wformat=]
   print_debug(DEBUG_TEST_KEM, "\t\t Matrix SA\t\t|\t\t   %d   \t\t|\t\t   %d   \t\t\t|\t\t\t%d  \t\t\t\t|\t\t\t%d  \t\t\t|\t\t\t\t%d  \t\t\t|\t\t\t%lu.%03lu\n", iteration_sa_sw, (t_matrix_sa_sw_acc)/666, (t_matrix_sa_sw_acc/iteration_sa_sw)/666, (t_matrix_sa_hw_acc)/666, (t_matrix_sa_hw_acc/iteration_sa_hw)/666, wholeMatrixSa, thousandthsMatrixSa);
                               ^~~~~~~~~~~~~~~~~~~~~~~~~~~~~~~~~~~~~~~~~~~~~~~~~~~~~~~~~~~~~~~~~~~~~~~~~~~~~~~~~~~~~~~~~~~~~~~~~~~~~~~~~~~~~~~~~~~~~~~~~~~~~~~~~                                             ~~~~~~~~~~~~~~~~~~~~~~~~~~~~~~~~~~~~~~~~
../src/include/global_def.h:107:11: note: in definition of macro 'print_debug'
    printf(__VA_ARGS__); \
           ^~~~~~~~~~~
../src/include/test_kem.c:992:31: warning: format '%d' expects argument of type 'int', but argument 5 has type 'long unsigned int' [-Wformat=]
   print_debug(DEBUG_TEST_KEM, "\t\t Matrix SA\t\t|\t\t   %d   \t\t|\t\t   %d   \t\t\t|\t\t\t%d  \t\t\t\t|\t\t\t%d  \t\t\t|\t\t\t\t%d  \t\t\t|\t\t\t%lu.%03lu\n", iteration_sa_sw, (t_matrix_sa_sw_acc)/666, (t_matrix_sa_sw_acc/iteration_sa_sw)/666, (t_matrix_sa_hw_acc)/666, (t_matrix_sa_hw_acc/iteration_sa_hw)/666, wholeMatrixSa, thousandthsMatrixSa);
                               ^~~~~~~~~~~~~~~~~~~~~~~~~~~~~~~~~~~~~~~~~~~~~~~~~~~~~~~~~~~~~~~~~~~~~~~~~~~~~~~~~~~~~~~~~~~~~~~~~~~~~~~~~~~~~~~~~~~~~~~~~~~~~~~~~                                                                                       ~~~~~~~~~~~~~~~~~~~~~~~~
../src/include/global_def.h:107:11: note: in definition of macro 'print_debug'
    printf(__VA_ARGS__); \
           ^~~~~~~~~~~
../src/include/test_kem.c:992:31: warning: format '%d' expects argument of type 'int', but argument 6 has type 'long unsigned int' [-Wformat=]
   print_debug(DEBUG_TEST_KEM, "\t\t Matrix SA\t\t|\t\t   %d   \t\t|\t\t   %d   \t\t\t|\t\t\t%d  \t\t\t\t|\t\t\t%d  \t\t\t|\t\t\t\t%d  \t\t\t|\t\t\t%lu.%03lu\n", iteration_sa_sw, (t_matrix_sa_sw_acc)/666, (t_matrix_sa_sw_acc/iteration_sa_sw)/666, (t_matrix_sa_hw_acc)/666, (t_matrix_sa_hw_acc/iteration_sa_hw)/666, wholeMatrixSa, thousandthsMatrixSa);
                               ^~~~~~~~~~~~~~~~~~~~~~~~~~~~~~~~~~~~~~~~~~~~~~~~~~~~~~~~~~~~~~~~~~~~~~~~~~~~~~~~~~~~~~~~~~~~~~~~~~~~~~~~~~~~~~~~~~~~~~~~~~~~~~~~~                                                                                                                 ~~~~~~~~~~~~~~~~~~~~~~~~~~~~~~~~~~~~~~~~
../src/include/global_def.h:107:11: note: in definition of macro 'print_debug'
    printf(__VA_ARGS__); \
           ^~~~~~~~~~~
../src/include/test_kem.c:994:31: warning: format '%d' expects argument of type 'int', but argument 2 has type 'uint32_t' {aka 'long unsigned int'} [-Wformat=]
   print_debug(DEBUG_TEST_KEM, "\t\t Matrix AS\t\t|\t\t   %d   \t\t|\t\t   %d   \t\t\t|\t\t\t%d  \t\t\t\t|\t\t\t%d  \t\t\t|\t\t\t\t%d  \t\t\t\t|\t\t\t%lu.%03lu\n", iteration_as_sw, (t_matrix_as_sw_acc)/666, (t_matrix_as_sw_acc/iteration_as_sw)/666, (t_matrix_as_hw_acc)/666, (t_matrix_as_hw_acc/iteration_as_hw)/666, wholeMatrixAs, thousandthsMatrixAs);
                               ^~~~~~~~~~~~~~~~~~~~~~~~~~~~~~~~~~~~~~~~~~~~~~~~~~~~~~~~~~~~~~~~~~~~~~~~~~~~~~~~~~~~~~~~~~~~~~~~~~~~~~~~~~~~~~~~~~~~~~~~~~~~~~~~~~~  ~~~~~~~~~~~~~~~
../src/include/global_def.h:107:11: note: in definition of macro 'print_debug'
    printf(__VA_ARGS__); \
           ^~~~~~~~~~~
../src/include/test_kem.c:994:31: warning: format '%d' expects argument of type 'int', but argument 3 has type 'long unsigned int' [-Wformat=]
   print_debug(DEBUG_TEST_KEM, "\t\t Matrix AS\t\t|\t\t   %d   \t\t|\t\t   %d   \t\t\t|\t\t\t%d  \t\t\t\t|\t\t\t%d  \t\t\t|\t\t\t\t%d  \t\t\t\t|\t\t\t%lu.%03lu\n", iteration_as_sw, (t_matrix_as_sw_acc)/666, (t_matrix_as_sw_acc/iteration_as_sw)/666, (t_matrix_as_hw_acc)/666, (t_matrix_as_hw_acc/iteration_as_hw)/666, wholeMatrixAs, thousandthsMatrixAs);
                               ^~~~~~~~~~~~~~~~~~~~~~~~~~~~~~~~~~~~~~~~~~~~~~~~~~~~~~~~~~~~~~~~~~~~~~~~~~~~~~~~~~~~~~~~~~~~~~~~~~~~~~~~~~~~~~~~~~~~~~~~~~~~~~~~~~~                   ~~~~~~~~~~~~~~~~~~~~~~~~
../src/include/global_def.h:107:11: note: in definition of macro 'print_debug'
    printf(__VA_ARGS__); \
           ^~~~~~~~~~~
../src/include/test_kem.c:994:31: warning: format '%d' expects argument of type 'int', but argument 4 has type 'long unsigned int' [-Wformat=]
   print_debug(DEBUG_TEST_KEM, "\t\t Matrix AS\t\t|\t\t   %d   \t\t|\t\t   %d   \t\t\t|\t\t\t%d  \t\t\t\t|\t\t\t%d  \t\t\t|\t\t\t\t%d  \t\t\t\t|\t\t\t%lu.%03lu\n", iteration_as_sw, (t_matrix_as_sw_acc)/666, (t_matrix_as_sw_acc/iteration_as_sw)/666, (t_matrix_as_hw_acc)/666, (t_matrix_as_hw_acc/iteration_as_hw)/666, wholeMatrixAs, thousandthsMatrixAs);
                               ^~~~~~~~~~~~~~~~~~~~~~~~~~~~~~~~~~~~~~~~~~~~~~~~~~~~~~~~~~~~~~~~~~~~~~~~~~~~~~~~~~~~~~~~~~~~~~~~~~~~~~~~~~~~~~~~~~~~~~~~~~~~~~~~~~~                                             ~~~~~~~~~~~~~~~~~~~~~~~~~~~~~~~~~~~~~~~~
../src/include/global_def.h:107:11: note: in definition of macro 'print_debug'
    printf(__VA_ARGS__); \
           ^~~~~~~~~~~
../src/include/test_kem.c:994:31: warning: format '%d' expects argument of type 'int', but argument 5 has type 'long unsigned int' [-Wformat=]
   print_debug(DEBUG_TEST_KEM, "\t\t Matrix AS\t\t|\t\t   %d   \t\t|\t\t   %d   \t\t\t|\t\t\t%d  \t\t\t\t|\t\t\t%d  \t\t\t|\t\t\t\t%d  \t\t\t\t|\t\t\t%lu.%03lu\n", iteration_as_sw, (t_matrix_as_sw_acc)/666, (t_matrix_as_sw_acc/iteration_as_sw)/666, (t_matrix_as_hw_acc)/666, (t_matrix_as_hw_acc/iteration_as_hw)/666, wholeMatrixAs, thousandthsMatrixAs);
                               ^~~~~~~~~~~~~~~~~~~~~~~~~~~~~~~~~~~~~~~~~~~~~~~~~~~~~~~~~~~~~~~~~~~~~~~~~~~~~~~~~~~~~~~~~~~~~~~~~~~~~~~~~~~~~~~~~~~~~~~~~~~~~~~~~~~                                                                                       ~~~~~~~~~~~~~~~~~~~~~~~~
../src/include/global_def.h:107:11: note: in definition of macro 'print_debug'
    printf(__VA_ARGS__); \
           ^~~~~~~~~~~
../src/include/test_kem.c:994:31: warning: format '%d' expects argument of type 'int', but argument 6 has type 'long unsigned int' [-Wformat=]
   print_debug(DEBUG_TEST_KEM, "\t\t Matrix AS\t\t|\t\t   %d   \t\t|\t\t   %d   \t\t\t|\t\t\t%d  \t\t\t\t|\t\t\t%d  \t\t\t|\t\t\t\t%d  \t\t\t\t|\t\t\t%lu.%03lu\n", iteration_as_sw, (t_matrix_as_sw_acc)/666, (t_matrix_as_sw_acc/iteration_as_sw)/666, (t_matrix_as_hw_acc)/666, (t_matrix_as_hw_acc/iteration_as_hw)/666, wholeMatrixAs, thousandthsMatrixAs);
                               ^~~~~~~~~~~~~~~~~~~~~~~~~~~~~~~~~~~~~~~~~~~~~~~~~~~~~~~~~~~~~~~~~~~~~~~~~~~~~~~~~~~~~~~~~~~~~~~~~~~~~~~~~~~~~~~~~~~~~~~~~~~~~~~~~~~                                                                                                                 ~~~~~~~~~~~~~~~~~~~~~~~~~~~~~~~~~~~~~~~~
../src/include/global_def.h:107:11: note: in definition of macro 'print_debug'
    printf(__VA_ARGS__); \
           ^~~~~~~~~~~
../src/include/test_kem.c:1016:31: warning: format '%d' expects argument of type 'int', but argument 2 has type 'u32' {aka 'long unsigned int'} [-Wformat=]
   print_debug(DEBUG_TEST_KEM, "\t\t  SHAKE128  \t|\t   %d   \t\t|\t   %d   \t|\t\t\t   %d   \t\t\t|\t   %d   \t\t|\t\t\t\t%d  \t\t\t\t|\t\t\t%lu.%03lu\n", countShake128, readTimerShake128Total, (readTimerShake128Total/countShake128), readTimerShake128Proc, (readTimerShake128Proc/countShake128), wholeShake128HW, thousandthsShake128HW);
                               ^~~~~~~~~~~~~~~~~~~~~~~~~~~~~~~~~~~~~~~~~~~~~~~~~~~~~~~~~~~~~~~~~~~~~~~~~~~~~~~~~~~~~~~~~~~~~~~~~~~~~~~~~~~~~~~~~~~~~~~~~~~  ~~~~~~~~~~~~~
../src/include/global_def.h:107:11: note: in definition of macro 'print_debug'
    printf(__VA_ARGS__); \
           ^~~~~~~~~~~
../src/include/test_kem.c:1016:31: warning: format '%d' expects argument of type 'int', but argument 3 has type 'u32' {aka 'long unsigned int'} [-Wformat=]
   print_debug(DEBUG_TEST_KEM, "\t\t  SHAKE128  \t|\t   %d   \t\t|\t   %d   \t|\t\t\t   %d   \t\t\t|\t   %d   \t\t|\t\t\t\t%d  \t\t\t\t|\t\t\t%lu.%03lu\n", countShake128, readTimerShake128Total, (readTimerShake128Total/countShake128), readTimerShake128Proc, (readTimerShake128Proc/countShake128), wholeShake128HW, thousandthsShake128HW);
                               ^~~~~~~~~~~~~~~~~~~~~~~~~~~~~~~~~~~~~~~~~~~~~~~~~~~~~~~~~~~~~~~~~~~~~~~~~~~~~~~~~~~~~~~~~~~~~~~~~~~~~~~~~~~~~~~~~~~~~~~~~~~                 ~~~~~~~~~~~~~~~~~~~~~~
../src/include/global_def.h:107:11: note: in definition of macro 'print_debug'
    printf(__VA_ARGS__); \
           ^~~~~~~~~~~
../src/include/test_kem.c:1016:31: warning: format '%d' expects argument of type 'int', but argument 4 has type 'u32' {aka 'long unsigned int'} [-Wformat=]
   print_debug(DEBUG_TEST_KEM, "\t\t  SHAKE128  \t|\t   %d   \t\t|\t   %d   \t|\t\t\t   %d   \t\t\t|\t   %d   \t\t|\t\t\t\t%d  \t\t\t\t|\t\t\t%lu.%03lu\n", countShake128, readTimerShake128Total, (readTimerShake128Total/countShake128), readTimerShake128Proc, (readTimerShake128Proc/countShake128), wholeShake128HW, thousandthsShake128HW);
                               ^~~~~~~~~~~~~~~~~~~~~~~~~~~~~~~~~~~~~~~~~~~~~~~~~~~~~~~~~~~~~~~~~~~~~~~~~~~~~~~~~~~~~~~~~~~~~~~~~~~~~~~~~~~~~~~~~~~~~~~~~~~                                         ~~~~~~~~~~~~~~~~~~~~~~~~~~~~~~~~~~~~~~
../src/include/global_def.h:107:11: note: in definition of macro 'print_debug'
    printf(__VA_ARGS__); \
           ^~~~~~~~~~~
../src/include/test_kem.c:1016:31: warning: format '%d' expects argument of type 'int', but argument 5 has type 'u32' {aka 'long unsigned int'} [-Wformat=]
   print_debug(DEBUG_TEST_KEM, "\t\t  SHAKE128  \t|\t   %d   \t\t|\t   %d   \t|\t\t\t   %d   \t\t\t|\t   %d   \t\t|\t\t\t\t%d  \t\t\t\t|\t\t\t%lu.%03lu\n", countShake128, readTimerShake128Total, (readTimerShake128Total/countShake128), readTimerShake128Proc, (readTimerShake128Proc/countShake128), wholeShake128HW, thousandthsShake128HW);
                               ^~~~~~~~~~~~~~~~~~~~~~~~~~~~~~~~~~~~~~~~~~~~~~~~~~~~~~~~~~~~~~~~~~~~~~~~~~~~~~~~~~~~~~~~~~~~~~~~~~~~~~~~~~~~~~~~~~~~~~~~~~~                                                                                 ~~~~~~~~~~~~~~~~~~~~~
../src/include/global_def.h:107:11: note: in definition of macro 'print_debug'
    printf(__VA_ARGS__); \
           ^~~~~~~~~~~
../src/include/test_kem.c:1016:31: warning: format '%d' expects argument of type 'int', but argument 6 has type 'u32' {aka 'long unsigned int'} [-Wformat=]
   print_debug(DEBUG_TEST_KEM, "\t\t  SHAKE128  \t|\t   %d   \t\t|\t   %d   \t|\t\t\t   %d   \t\t\t|\t   %d   \t\t|\t\t\t\t%d  \t\t\t\t|\t\t\t%lu.%03lu\n", countShake128, readTimerShake128Total, (readTimerShake128Total/countShake128), readTimerShake128Proc, (readTimerShake128Proc/countShake128), wholeShake128HW, thousandthsShake128HW);
                               ^~~~~~~~~~~~~~~~~~~~~~~~~~~~~~~~~~~~~~~~~~~~~~~~~~~~~~~~~~~~~~~~~~~~~~~~~~~~~~~~~~~~~~~~~~~~~~~~~~~~~~~~~~~~~~~~~~~~~~~~~~~                                                                                                        ~~~~~~~~~~~~~~~~~~~~~~~~~~~~~~~~~~~~~
../src/include/global_def.h:107:11: note: in definition of macro 'print_debug'
    printf(__VA_ARGS__); \
           ^~~~~~~~~~~
../src/include/test_kem.c:1018:31: warning: format '%d' expects argument of type 'int', but argument 2 has type 'u32' {aka 'long unsigned int'} [-Wformat=]
   print_debug(DEBUG_TEST_KEM, "\t\t Matrix SA\t\t|\t\t   %d   \t\t\t|\t   %d   \t|\t\t   %d   \t\t|\t   %d   \t\t|\t\t\t%d  \t\t\t|\t\t\t%lu.%03lu\n", countMatrixSa, readTimerMatrixSaTotal, (readTimerMatrixSaTotal/countMatrixSa), readTimerMatrixSaProc, (readTimerMatrixSaProc/countMatrixSa), wholeMatrixSaHW, thousandthsMatrixSaHW);
                               ^~~~~~~~~~~~~~~~~~~~~~~~~~~~~~~~~~~~~~~~~~~~~~~~~~~~~~~~~~~~~~~~~~~~~~~~~~~~~~~~~~~~~~~~~~~~~~~~~~~~~~~~~~~~~~~~~~~~~~~  ~~~~~~~~~~~~~
../src/include/global_def.h:107:11: note: in definition of macro 'print_debug'
    printf(__VA_ARGS__); \
           ^~~~~~~~~~~
../src/include/test_kem.c:1018:31: warning: format '%d' expects argument of type 'int', but argument 3 has type 'u32' {aka 'long unsigned int'} [-Wformat=]
   print_debug(DEBUG_TEST_KEM, "\t\t Matrix SA\t\t|\t\t   %d   \t\t\t|\t   %d   \t|\t\t   %d   \t\t|\t   %d   \t\t|\t\t\t%d  \t\t\t|\t\t\t%lu.%03lu\n", countMatrixSa, readTimerMatrixSaTotal, (readTimerMatrixSaTotal/countMatrixSa), readTimerMatrixSaProc, (readTimerMatrixSaProc/countMatrixSa), wholeMatrixSaHW, thousandthsMatrixSaHW);
                               ^~~~~~~~~~~~~~~~~~~~~~~~~~~~~~~~~~~~~~~~~~~~~~~~~~~~~~~~~~~~~~~~~~~~~~~~~~~~~~~~~~~~~~~~~~~~~~~~~~~~~~~~~~~~~~~~~~~~~~~                 ~~~~~~~~~~~~~~~~~~~~~~
../src/include/global_def.h:107:11: note: in definition of macro 'print_debug'
    printf(__VA_ARGS__); \
           ^~~~~~~~~~~
../src/include/test_kem.c:1018:31: warning: format '%d' expects argument of type 'int', but argument 4 has type 'u32' {aka 'long unsigned int'} [-Wformat=]
   print_debug(DEBUG_TEST_KEM, "\t\t Matrix SA\t\t|\t\t   %d   \t\t\t|\t   %d   \t|\t\t   %d   \t\t|\t   %d   \t\t|\t\t\t%d  \t\t\t|\t\t\t%lu.%03lu\n", countMatrixSa, readTimerMatrixSaTotal, (readTimerMatrixSaTotal/countMatrixSa), readTimerMatrixSaProc, (readTimerMatrixSaProc/countMatrixSa), wholeMatrixSaHW, thousandthsMatrixSaHW);
                               ^~~~~~~~~~~~~~~~~~~~~~~~~~~~~~~~~~~~~~~~~~~~~~~~~~~~~~~~~~~~~~~~~~~~~~~~~~~~~~~~~~~~~~~~~~~~~~~~~~~~~~~~~~~~~~~~~~~~~~~                                         ~~~~~~~~~~~~~~~~~~~~~~~~~~~~~~~~~~~~~~
../src/include/global_def.h:107:11: note: in definition of macro 'print_debug'
    printf(__VA_ARGS__); \
           ^~~~~~~~~~~
../src/include/test_kem.c:1018:31: warning: format '%d' expects argument of type 'int', but argument 5 has type 'u32' {aka 'long unsigned int'} [-Wformat=]
   print_debug(DEBUG_TEST_KEM, "\t\t Matrix SA\t\t|\t\t   %d   \t\t\t|\t   %d   \t|\t\t   %d   \t\t|\t   %d   \t\t|\t\t\t%d  \t\t\t|\t\t\t%lu.%03lu\n", countMatrixSa, readTimerMatrixSaTotal, (readTimerMatrixSaTotal/countMatrixSa), readTimerMatrixSaProc, (readTimerMatrixSaProc/countMatrixSa), wholeMatrixSaHW, thousandthsMatrixSaHW);
                               ^~~~~~~~~~~~~~~~~~~~~~~~~~~~~~~~~~~~~~~~~~~~~~~~~~~~~~~~~~~~~~~~~~~~~~~~~~~~~~~~~~~~~~~~~~~~~~~~~~~~~~~~~~~~~~~~~~~~~~~                                                                                 ~~~~~~~~~~~~~~~~~~~~~
../src/include/global_def.h:107:11: note: in definition of macro 'print_debug'
    printf(__VA_ARGS__); \
           ^~~~~~~~~~~
../src/include/test_kem.c:1018:31: warning: format '%d' expects argument of type 'int', but argument 6 has type 'u32' {aka 'long unsigned int'} [-Wformat=]
   print_debug(DEBUG_TEST_KEM, "\t\t Matrix SA\t\t|\t\t   %d   \t\t\t|\t   %d   \t|\t\t   %d   \t\t|\t   %d   \t\t|\t\t\t%d  \t\t\t|\t\t\t%lu.%03lu\n", countMatrixSa, readTimerMatrixSaTotal, (readTimerMatrixSaTotal/countMatrixSa), readTimerMatrixSaProc, (readTimerMatrixSaProc/countMatrixSa), wholeMatrixSaHW, thousandthsMatrixSaHW);
                               ^~~~~~~~~~~~~~~~~~~~~~~~~~~~~~~~~~~~~~~~~~~~~~~~~~~~~~~~~~~~~~~~~~~~~~~~~~~~~~~~~~~~~~~~~~~~~~~~~~~~~~~~~~~~~~~~~~~~~~~                                                                                                        ~~~~~~~~~~~~~~~~~~~~~~~~~~~~~~~~~~~~~
../src/include/global_def.h:107:11: note: in definition of macro 'print_debug'
    printf(__VA_ARGS__); \
           ^~~~~~~~~~~
../src/include/test_kem.c:1020:31: warning: format '%d' expects argument of type 'int', but argument 2 has type 'u32' {aka 'long unsigned int'} [-Wformat=]
   print_debug(DEBUG_TEST_KEM, "\t\t Matrix AS\t\t|\t\t   %d   \t\t\t|\t   %d   \t|\t\t   %d   \t\t|\t   %d   \t\t|\t\t\t%d  \t\t\t|\t\t\t%lu.%03lu\n", countMatrixAs, readTimerMatrixAsTotal, (readTimerMatrixAsTotal/countMatrixAs), readTimerMatrixAsProc, (readTimerMatrixAsProc/countMatrixAs), wholeMatrixAsHW, thousandthsMatrixAsHW);
                               ^~~~~~~~~~~~~~~~~~~~~~~~~~~~~~~~~~~~~~~~~~~~~~~~~~~~~~~~~~~~~~~~~~~~~~~~~~~~~~~~~~~~~~~~~~~~~~~~~~~~~~~~~~~~~~~~~~~~~~~  ~~~~~~~~~~~~~
../src/include/global_def.h:107:11: note: in definition of macro 'print_debug'
    printf(__VA_ARGS__); \
           ^~~~~~~~~~~
../src/include/test_kem.c:1020:31: warning: format '%d' expects argument of type 'int', but argument 3 has type 'u32' {aka 'long unsigned int'} [-Wformat=]
   print_debug(DEBUG_TEST_KEM, "\t\t Matrix AS\t\t|\t\t   %d   \t\t\t|\t   %d   \t|\t\t   %d   \t\t|\t   %d   \t\t|\t\t\t%d  \t\t\t|\t\t\t%lu.%03lu\n", countMatrixAs, readTimerMatrixAsTotal, (readTimerMatrixAsTotal/countMatrixAs), readTimerMatrixAsProc, (readTimerMatrixAsProc/countMatrixAs), wholeMatrixAsHW, thousandthsMatrixAsHW);
                               ^~~~~~~~~~~~~~~~~~~~~~~~~~~~~~~~~~~~~~~~~~~~~~~~~~~~~~~~~~~~~~~~~~~~~~~~~~~~~~~~~~~~~~~~~~~~~~~~~~~~~~~~~~~~~~~~~~~~~~~                 ~~~~~~~~~~~~~~~~~~~~~~
../src/include/global_def.h:107:11: note: in definition of macro 'print_debug'
    printf(__VA_ARGS__); \
           ^~~~~~~~~~~
../src/include/test_kem.c:1020:31: warning: format '%d' expects argument of type 'int', but argument 4 has type 'u32' {aka 'long unsigned int'} [-Wformat=]
   print_debug(DEBUG_TEST_KEM, "\t\t Matrix AS\t\t|\t\t   %d   \t\t\t|\t   %d   \t|\t\t   %d   \t\t|\t   %d   \t\t|\t\t\t%d  \t\t\t|\t\t\t%lu.%03lu\n", countMatrixAs, readTimerMatrixAsTotal, (readTimerMatrixAsTotal/countMatrixAs), readTimerMatrixAsProc, (readTimerMatrixAsProc/countMatrixAs), wholeMatrixAsHW, thousandthsMatrixAsHW);
                               ^~~~~~~~~~~~~~~~~~~~~~~~~~~~~~~~~~~~~~~~~~~~~~~~~~~~~~~~~~~~~~~~~~~~~~~~~~~~~~~~~~~~~~~~~~~~~~~~~~~~~~~~~~~~~~~~~~~~~~~                                         ~~~~~~~~~~~~~~~~~~~~~~~~~~~~~~~~~~~~~~
../src/include/global_def.h:107:11: note: in definition of macro 'print_debug'
    printf(__VA_ARGS__); \
           ^~~~~~~~~~~
../src/include/test_kem.c:1020:31: warning: format '%d' expects argument of type 'int', but argument 5 has type 'u32' {aka 'long unsigned int'} [-Wformat=]
   print_debug(DEBUG_TEST_KEM, "\t\t Matrix AS\t\t|\t\t   %d   \t\t\t|\t   %d   \t|\t\t   %d   \t\t|\t   %d   \t\t|\t\t\t%d  \t\t\t|\t\t\t%lu.%03lu\n", countMatrixAs, readTimerMatrixAsTotal, (readTimerMatrixAsTotal/countMatrixAs), readTimerMatrixAsProc, (readTimerMatrixAsProc/countMatrixAs), wholeMatrixAsHW, thousandthsMatrixAsHW);
                               ^~~~~~~~~~~~~~~~~~~~~~~~~~~~~~~~~~~~~~~~~~~~~~~~~~~~~~~~~~~~~~~~~~~~~~~~~~~~~~~~~~~~~~~~~~~~~~~~~~~~~~~~~~~~~~~~~~~~~~~                                                                                 ~~~~~~~~~~~~~~~~~~~~~
../src/include/global_def.h:107:11: note: in definition of macro 'print_debug'
    printf(__VA_ARGS__); \
           ^~~~~~~~~~~
../src/include/test_kem.c:1020:31: warning: format '%d' expects argument of type 'int', but argument 6 has type 'u32' {aka 'long unsigned int'} [-Wformat=]
   print_debug(DEBUG_TEST_KEM, "\t\t Matrix AS\t\t|\t\t   %d   \t\t\t|\t   %d   \t|\t\t   %d   \t\t|\t   %d   \t\t|\t\t\t%d  \t\t\t|\t\t\t%lu.%03lu\n", countMatrixAs, readTimerMatrixAsTotal, (readTimerMatrixAsTotal/countMatrixAs), readTimerMatrixAsProc, (readTimerMatrixAsProc/countMatrixAs), wholeMatrixAsHW, thousandthsMatrixAsHW);
                               ^~~~~~~~~~~~~~~~~~~~~~~~~~~~~~~~~~~~~~~~~~~~~~~~~~~~~~~~~~~~~~~~~~~~~~~~~~~~~~~~~~~~~~~~~~~~~~~~~~~~~~~~~~~~~~~~~~~~~~~                                                                                                        ~~~~~~~~~~~~~~~~~~~~~~~~~~~~~~~~~~~~~
../src/include/global_def.h:107:11: note: in definition of macro 'print_debug'
    printf(__VA_ARGS__); \
           ^~~~~~~~~~~
Finished building: ../src/include/test_kem.c
 
Building target: frodo_sdk.elf
Invoking: ARM v7 gcc linker
arm-none-eabi-gcc -mcpu=cortex-a9 -mfpu=vfpv3 -mfloat-abi=hard -Wl,-build-id=none -specs=Xilinx.spec -Wl,-T -Wl,../src/lscript.ld -L../../frodo_sdk_bsp/ps7_cortexa9_0/lib -o "frodo_sdk.elf"  ./src/include/fips202.o ./src/include/frodo_macrify.o ./src/include/keccak_f1600.o ./src/include/kem.o ./src/include/noise.o ./src/include/random.o ./src/include/test_KEM640.o ./src/include/test_kem.o ./src/include/util.o  ./src/main.o ./src/platform.o   -Wl,--start-group,-lxil,-lgcc,-lc,--end-group
Finished building target: frodo_sdk.elf
 
Invoking: ARM v7 Print Size
arm-none-eabi-size frodo_sdk.elf  |tee "frodo_sdk.elf.size"
   text	   data	    bss	    dec	    hex	filename
 128272	   2776	2104464	2235512	 221c78	frodo_sdk.elf
Finished building: frodo_sdk.elf.size
 
14:30:34 **** Incremental Build of configuration Debug for project frodo_sdk ****
make pre-build main-build 
a9-linaro-pre-build-step
 
make: Nothing to be done for 'main-build'.
14:39:26 **** Incremental Build of configuration Debug for project frodo_sdk ****
make pre-build main-build 
a9-linaro-pre-build-step
 
Building file: ../src/include/fips202.c
Invoking: ARM v7 gcc compiler
arm-none-eabi-gcc -Wall -O0 -g3 -c -fmessage-length=0 -MT"src/include/fips202.o" -mcpu=cortex-a9 -mfpu=vfpv3 -mfloat-abi=hard -I../../frodo_sdk_bsp/ps7_cortexa9_0/include -MMD -MP -MF"src/include/fips202.d" -MT"src/include/fips202.o" -o "src/include/fips202.o" "../src/include/fips202.c"
In file included from ../src/include/fips202.h:11,
                 from ../src/include/fips202.c:11:
../src/include/fips202.c: In function 'shake128_hw':
../src/include/fips202.c:476:30: warning: format '%d' expects argument of type 'int', but argument 2 has type 'u32' {aka 'long unsigned int'} [-Wformat=]
  print_debug(DEBUG_SHAKE_MM, "[SHAKE] u32InWords: %d\n", u32InWords);
                              ^~~~~~~~~~~~~~~~~~~~~~~~~~  ~~~~~~~~~~
../src/include/global_def.h:107:11: note: in definition of macro 'print_debug'
    printf(__VA_ARGS__); \
           ^~~~~~~~~~~
../src/include/fips202.c:478:30: warning: format '%d' expects argument of type 'int', but argument 2 has type 'u32' {aka 'long unsigned int'} [-Wformat=]
  print_debug(DEBUG_SHAKE_MM, "[SHAKE] u32OutWords: %d\n", u32OutWords);
                              ^~~~~~~~~~~~~~~~~~~~~~~~~~~  ~~~~~~~~~~~
../src/include/global_def.h:107:11: note: in definition of macro 'print_debug'
    printf(__VA_ARGS__); \
           ^~~~~~~~~~~
../src/include/fips202.c:498:31: warning: format '%x' expects argument of type 'unsigned int', but argument 3 has type 'u32' {aka 'long unsigned int'} [-Wformat=]
   print_debug(DEBUG_SHAKE_MM, "[SHAKE] memoryMMshake[%d]: 0x%08x\n", i, m[i]);
                               ^~~~~~~~~~~~~~~~~~~~~~~~~~~~~~~~~~~~~     ~~~~
../src/include/global_def.h:107:11: note: in definition of macro 'print_debug'
    printf(__VA_ARGS__); \
           ^~~~~~~~~~~
../src/include/fips202.c:506:32: warning: format '%d' expects argument of type 'int', but argument 2 has type 'long unsigned int' [-Wformat=]
    print_debug(DEBUG_SHAKE_MM, "[SHAKE] memoryMMshake[%d]: 0x%08x\n", u32InWords - 1, m[u32InWords - 1]);
                                ^~~~~~~~~~~~~~~~~~~~~~~~~~~~~~~~~~~~~  ~~~~~~~~~~~~~~
../src/include/global_def.h:107:11: note: in definition of macro 'print_debug'
    printf(__VA_ARGS__); \
           ^~~~~~~~~~~
../src/include/fips202.c:506:32: warning: format '%x' expects argument of type 'unsigned int', but argument 3 has type 'u32' {aka 'long unsigned int'} [-Wformat=]
    print_debug(DEBUG_SHAKE_MM, "[SHAKE] memoryMMshake[%d]: 0x%08x\n", u32InWords - 1, m[u32InWords - 1]);
                                ^~~~~~~~~~~~~~~~~~~~~~~~~~~~~~~~~~~~~                  ~~~~~~~~~~~~~~~~~
../src/include/global_def.h:107:11: note: in definition of macro 'print_debug'
    printf(__VA_ARGS__); \
           ^~~~~~~~~~~
../src/include/fips202.c:510:32: warning: format '%d' expects argument of type 'int', but argument 2 has type 'long unsigned int' [-Wformat=]
    print_debug(DEBUG_SHAKE_MM, "[SHAKE] memoryMMshake[%d]: 0x%08x\n", u32InWords - 1, m[u32InWords - 1] & 0xff);
                                ^~~~~~~~~~~~~~~~~~~~~~~~~~~~~~~~~~~~~  ~~~~~~~~~~~~~~
../src/include/global_def.h:107:11: note: in definition of macro 'print_debug'
    printf(__VA_ARGS__); \
           ^~~~~~~~~~~
../src/include/fips202.c:510:32: warning: format '%x' expects argument of type 'unsigned int', but argument 3 has type 'long unsigned int' [-Wformat=]
    print_debug(DEBUG_SHAKE_MM, "[SHAKE] memoryMMshake[%d]: 0x%08x\n", u32InWords - 1, m[u32InWords - 1] & 0xff);
                                ^~~~~~~~~~~~~~~~~~~~~~~~~~~~~~~~~~~~~                  ~~~~~~~~~~~~~~~~~~~~~~~~
../src/include/global_def.h:107:11: note: in definition of macro 'print_debug'
    printf(__VA_ARGS__); \
           ^~~~~~~~~~~
../src/include/fips202.c:514:32: warning: format '%d' expects argument of type 'int', but argument 2 has type 'long unsigned int' [-Wformat=]
    print_debug(DEBUG_SHAKE_MM, "[SHAKE] memoryMMshake[%d]: 0x%08x\n", u32InWords - 1, m[u32InWords - 1] & 0xffff);
                                ^~~~~~~~~~~~~~~~~~~~~~~~~~~~~~~~~~~~~  ~~~~~~~~~~~~~~
../src/include/global_def.h:107:11: note: in definition of macro 'print_debug'
    printf(__VA_ARGS__); \
           ^~~~~~~~~~~
../src/include/fips202.c:514:32: warning: format '%x' expects argument of type 'unsigned int', but argument 3 has type 'long unsigned int' [-Wformat=]
    print_debug(DEBUG_SHAKE_MM, "[SHAKE] memoryMMshake[%d]: 0x%08x\n", u32InWords - 1, m[u32InWords - 1] & 0xffff);
                                ^~~~~~~~~~~~~~~~~~~~~~~~~~~~~~~~~~~~~                  ~~~~~~~~~~~~~~~~~~~~~~~~~~
../src/include/global_def.h:107:11: note: in definition of macro 'print_debug'
    printf(__VA_ARGS__); \
           ^~~~~~~~~~~
../src/include/fips202.c:518:32: warning: format '%d' expects argument of type 'int', but argument 2 has type 'long unsigned int' [-Wformat=]
    print_debug(DEBUG_SHAKE_MM, "[SHAKE] memoryMMshake[%d]: 0x%08x\n", u32InWords - 1, m[u32InWords - 1] & 0xffffff);
                                ^~~~~~~~~~~~~~~~~~~~~~~~~~~~~~~~~~~~~  ~~~~~~~~~~~~~~
../src/include/global_def.h:107:11: note: in definition of macro 'print_debug'
    printf(__VA_ARGS__); \
           ^~~~~~~~~~~
../src/include/fips202.c:518:32: warning: format '%x' expects argument of type 'unsigned int', but argument 3 has type 'long unsigned int' [-Wformat=]
    print_debug(DEBUG_SHAKE_MM, "[SHAKE] memoryMMshake[%d]: 0x%08x\n", u32InWords - 1, m[u32InWords - 1] & 0xffffff);
                                ^~~~~~~~~~~~~~~~~~~~~~~~~~~~~~~~~~~~~                  ~~~~~~~~~~~~~~~~~~~~~~~~~~~~
../src/include/global_def.h:107:11: note: in definition of macro 'print_debug'
    printf(__VA_ARGS__); \
           ^~~~~~~~~~~
Finished building: ../src/include/fips202.c
 
Building file: ../src/include/frodo_macrify.c
Invoking: ARM v7 gcc compiler
arm-none-eabi-gcc -Wall -O0 -g3 -c -fmessage-length=0 -MT"src/include/frodo_macrify.o" -mcpu=cortex-a9 -mfpu=vfpv3 -mfloat-abi=hard -I../../frodo_sdk_bsp/ps7_cortexa9_0/include -MMD -MP -MF"src/include/frodo_macrify.d" -MT"src/include/frodo_macrify.o" -o "src/include/frodo_macrify.o" "../src/include/frodo_macrify.c"
Finished building: ../src/include/frodo_macrify.c
 
Building file: ../src/include/keccak_f1600.c
Invoking: ARM v7 gcc compiler
arm-none-eabi-gcc -Wall -O0 -g3 -c -fmessage-length=0 -MT"src/include/keccak_f1600.o" -mcpu=cortex-a9 -mfpu=vfpv3 -mfloat-abi=hard -I../../frodo_sdk_bsp/ps7_cortexa9_0/include -MMD -MP -MF"src/include/keccak_f1600.d" -MT"src/include/keccak_f1600.o" -o "src/include/keccak_f1600.o" "../src/include/keccak_f1600.c"
In file included from ../src/include/keccak_f1600.h:16,
                 from ../src/include/keccak_f1600.c:9:
../src/include/keccak_f1600.c: In function 'KeccakF1600_StatePermute_HW_MM':
../src/include/keccak_f1600.c:164:32: warning: format '%lu' expects argument of type 'long unsigned int', but argument 2 has type 'int' [-Wformat=]
   print_debug(DEBUG_KECCAK_HW, "\tSent data %lu: 0x%lx\n", (i << 1), (u32)(state[i] & 0xffffffff));
                                ^~~~~~~~~~~~~~~~~~~~~~~~~~  ~~~~~~~~
../src/include/global_def.h:107:11: note: in definition of macro 'print_debug'
    printf(__VA_ARGS__); \
           ^~~~~~~~~~~
../src/include/keccak_f1600.c:167:32: warning: format '%lu' expects argument of type 'long unsigned int', but argument 2 has type 'int' [-Wformat=]
   print_debug(DEBUG_KECCAK_HW, "\tSent data %lu: 0x%lx\n", (i << 1) + 1, (u32)(state[i] >> 32));
                                ^~~~~~~~~~~~~~~~~~~~~~~~~~  ~~~~~~~~~~~~
../src/include/global_def.h:107:11: note: in definition of macro 'print_debug'
    printf(__VA_ARGS__); \
           ^~~~~~~~~~~
Finished building: ../src/include/keccak_f1600.c
 
Building file: ../src/include/kem.c
Invoking: ARM v7 gcc compiler
arm-none-eabi-gcc -Wall -O0 -g3 -c -fmessage-length=0 -MT"src/include/kem.o" -mcpu=cortex-a9 -mfpu=vfpv3 -mfloat-abi=hard -I../../frodo_sdk_bsp/ps7_cortexa9_0/include -MMD -MP -MF"src/include/kem.d" -MT"src/include/kem.o" -o "src/include/kem.o" "../src/include/kem.c"
Finished building: ../src/include/kem.c
 
Building file: ../src/include/noise.c
Invoking: ARM v7 gcc compiler
arm-none-eabi-gcc -Wall -O0 -g3 -c -fmessage-length=0 -MT"src/include/noise.o" -mcpu=cortex-a9 -mfpu=vfpv3 -mfloat-abi=hard -I../../frodo_sdk_bsp/ps7_cortexa9_0/include -MMD -MP -MF"src/include/noise.d" -MT"src/include/noise.o" -o "src/include/noise.o" "../src/include/noise.c"
Finished building: ../src/include/noise.c
 
Building file: ../src/include/random.c
Invoking: ARM v7 gcc compiler
arm-none-eabi-gcc -Wall -O0 -g3 -c -fmessage-length=0 -MT"src/include/random.o" -mcpu=cortex-a9 -mfpu=vfpv3 -mfloat-abi=hard -I../../frodo_sdk_bsp/ps7_cortexa9_0/include -MMD -MP -MF"src/include/random.d" -MT"src/include/random.o" -o "src/include/random.o" "../src/include/random.c"
Finished building: ../src/include/random.c
 
Building file: ../src/include/test_kem.c
Invoking: ARM v7 gcc compiler
arm-none-eabi-gcc -Wall -O0 -g3 -c -fmessage-length=0 -MT"src/include/test_kem.o" -mcpu=cortex-a9 -mfpu=vfpv3 -mfloat-abi=hard -I../../frodo_sdk_bsp/ps7_cortexa9_0/include -MMD -MP -MF"src/include/test_kem.d" -MT"src/include/test_kem.o" -o "src/include/test_kem.o" "../src/include/test_kem.c"
Finished building: ../src/include/test_kem.c
 
Building file: ../src/include/util.c
Invoking: ARM v7 gcc compiler
arm-none-eabi-gcc -Wall -O0 -g3 -c -fmessage-length=0 -MT"src/include/util.o" -mcpu=cortex-a9 -mfpu=vfpv3 -mfloat-abi=hard -I../../frodo_sdk_bsp/ps7_cortexa9_0/include -MMD -MP -MF"src/include/util.d" -MT"src/include/util.o" -o "src/include/util.o" "../src/include/util.c"
Finished building: ../src/include/util.c
 
Building file: ../src/main.c
Invoking: ARM v7 gcc compiler
arm-none-eabi-gcc -Wall -O0 -g3 -c -fmessage-length=0 -MT"src/main.o" -mcpu=cortex-a9 -mfpu=vfpv3 -mfloat-abi=hard -I../../frodo_sdk_bsp/ps7_cortexa9_0/include -MMD -MP -MF"src/main.d" -MT"src/main.o" -o "src/main.o" "../src/main.c"
Finished building: ../src/main.c
 
Building target: frodo_sdk.elf
Invoking: ARM v7 gcc linker
arm-none-eabi-gcc -mcpu=cortex-a9 -mfpu=vfpv3 -mfloat-abi=hard -Wl,-build-id=none -specs=Xilinx.spec -Wl,-T -Wl,../src/lscript.ld -L../../frodo_sdk_bsp/ps7_cortexa9_0/lib -o "frodo_sdk.elf"  ./src/include/fips202.o ./src/include/frodo_macrify.o ./src/include/keccak_f1600.o ./src/include/kem.o ./src/include/noise.o ./src/include/random.o ./src/include/test_KEM640.o ./src/include/test_kem.o ./src/include/util.o  ./src/main.o ./src/platform.o   -Wl,--start-group,-lxil,-lgcc,-lc,--end-group
Finished building target: frodo_sdk.elf
 
Invoking: ARM v7 Print Size
arm-none-eabi-size frodo_sdk.elf  |tee "frodo_sdk.elf.size"
   text	   data	    bss	    dec	    hex	filename
 122384	   2776	2104432	2229592	 220558	frodo_sdk.elf
Finished building: frodo_sdk.elf.size
 
16:06:14 **** Incremental Build of configuration Debug for project frodo_sdk ****
make pre-build main-build 
a9-linaro-pre-build-step
 
make: Nothing to be done for 'main-build'.
17:56:00 **** Incremental Build of configuration Debug for project frodo_sdk ****
make pre-build main-build 
a9-linaro-pre-build-step
 
Building file: ../src/include/fips202.c
Invoking: ARM v7 gcc compiler
arm-none-eabi-gcc -Wall -O0 -g3 -c -fmessage-length=0 -MT"src/include/fips202.o" -mcpu=cortex-a9 -mfpu=vfpv3 -mfloat-abi=hard -I../../frodo_sdk_bsp/ps7_cortexa9_0/include -MMD -MP -MF"src/include/fips202.d" -MT"src/include/fips202.o" -o "src/include/fips202.o" "../src/include/fips202.c"
In file included from ../src/include/fips202.h:11,
                 from ../src/include/fips202.c:11:
../src/include/fips202.c: In function 'shake128_hw':
../src/include/fips202.c:476:30: warning: format '%d' expects argument of type 'int', but argument 2 has type 'u32' {aka 'long unsigned int'} [-Wformat=]
  print_debug(DEBUG_SHAKE_MM, "[SHAKE] u32InWords: %d\n", u32InWords);
                              ^~~~~~~~~~~~~~~~~~~~~~~~~~  ~~~~~~~~~~
../src/include/global_def.h:107:11: note: in definition of macro 'print_debug'
    printf(__VA_ARGS__); \
           ^~~~~~~~~~~
../src/include/fips202.c:478:30: warning: format '%d' expects argument of type 'int', but argument 2 has type 'u32' {aka 'long unsigned int'} [-Wformat=]
  print_debug(DEBUG_SHAKE_MM, "[SHAKE] u32OutWords: %d\n", u32OutWords);
                              ^~~~~~~~~~~~~~~~~~~~~~~~~~~  ~~~~~~~~~~~
../src/include/global_def.h:107:11: note: in definition of macro 'print_debug'
    printf(__VA_ARGS__); \
           ^~~~~~~~~~~
../src/include/fips202.c:498:31: warning: format '%x' expects argument of type 'unsigned int', but argument 3 has type 'u32' {aka 'long unsigned int'} [-Wformat=]
   print_debug(DEBUG_SHAKE_MM, "[SHAKE] memoryMMshake[%d]: 0x%08x\n", i, m[i]);
                               ^~~~~~~~~~~~~~~~~~~~~~~~~~~~~~~~~~~~~     ~~~~
../src/include/global_def.h:107:11: note: in definition of macro 'print_debug'
    printf(__VA_ARGS__); \
           ^~~~~~~~~~~
../src/include/fips202.c:506:32: warning: format '%d' expects argument of type 'int', but argument 2 has type 'long unsigned int' [-Wformat=]
    print_debug(DEBUG_SHAKE_MM, "[SHAKE] memoryMMshake[%d]: 0x%08x\n", u32InWords - 1, m[u32InWords - 1]);
                                ^~~~~~~~~~~~~~~~~~~~~~~~~~~~~~~~~~~~~  ~~~~~~~~~~~~~~
../src/include/global_def.h:107:11: note: in definition of macro 'print_debug'
    printf(__VA_ARGS__); \
           ^~~~~~~~~~~
../src/include/fips202.c:506:32: warning: format '%x' expects argument of type 'unsigned int', but argument 3 has type 'u32' {aka 'long unsigned int'} [-Wformat=]
    print_debug(DEBUG_SHAKE_MM, "[SHAKE] memoryMMshake[%d]: 0x%08x\n", u32InWords - 1, m[u32InWords - 1]);
                                ^~~~~~~~~~~~~~~~~~~~~~~~~~~~~~~~~~~~~                  ~~~~~~~~~~~~~~~~~
../src/include/global_def.h:107:11: note: in definition of macro 'print_debug'
    printf(__VA_ARGS__); \
           ^~~~~~~~~~~
../src/include/fips202.c:510:32: warning: format '%d' expects argument of type 'int', but argument 2 has type 'long unsigned int' [-Wformat=]
    print_debug(DEBUG_SHAKE_MM, "[SHAKE] memoryMMshake[%d]: 0x%08x\n", u32InWords - 1, m[u32InWords - 1] & 0xff);
                                ^~~~~~~~~~~~~~~~~~~~~~~~~~~~~~~~~~~~~  ~~~~~~~~~~~~~~
../src/include/global_def.h:107:11: note: in definition of macro 'print_debug'
    printf(__VA_ARGS__); \
           ^~~~~~~~~~~
../src/include/fips202.c:510:32: warning: format '%x' expects argument of type 'unsigned int', but argument 3 has type 'long unsigned int' [-Wformat=]
    print_debug(DEBUG_SHAKE_MM, "[SHAKE] memoryMMshake[%d]: 0x%08x\n", u32InWords - 1, m[u32InWords - 1] & 0xff);
                                ^~~~~~~~~~~~~~~~~~~~~~~~~~~~~~~~~~~~~                  ~~~~~~~~~~~~~~~~~~~~~~~~
../src/include/global_def.h:107:11: note: in definition of macro 'print_debug'
    printf(__VA_ARGS__); \
           ^~~~~~~~~~~
../src/include/fips202.c:514:32: warning: format '%d' expects argument of type 'int', but argument 2 has type 'long unsigned int' [-Wformat=]
    print_debug(DEBUG_SHAKE_MM, "[SHAKE] memoryMMshake[%d]: 0x%08x\n", u32InWords - 1, m[u32InWords - 1] & 0xffff);
                                ^~~~~~~~~~~~~~~~~~~~~~~~~~~~~~~~~~~~~  ~~~~~~~~~~~~~~
../src/include/global_def.h:107:11: note: in definition of macro 'print_debug'
    printf(__VA_ARGS__); \
           ^~~~~~~~~~~
../src/include/fips202.c:514:32: warning: format '%x' expects argument of type 'unsigned int', but argument 3 has type 'long unsigned int' [-Wformat=]
    print_debug(DEBUG_SHAKE_MM, "[SHAKE] memoryMMshake[%d]: 0x%08x\n", u32InWords - 1, m[u32InWords - 1] & 0xffff);
                                ^~~~~~~~~~~~~~~~~~~~~~~~~~~~~~~~~~~~~                  ~~~~~~~~~~~~~~~~~~~~~~~~~~
../src/include/global_def.h:107:11: note: in definition of macro 'print_debug'
    printf(__VA_ARGS__); \
           ^~~~~~~~~~~
../src/include/fips202.c:518:32: warning: format '%d' expects argument of type 'int', but argument 2 has type 'long unsigned int' [-Wformat=]
    print_debug(DEBUG_SHAKE_MM, "[SHAKE] memoryMMshake[%d]: 0x%08x\n", u32InWords - 1, m[u32InWords - 1] & 0xffffff);
                                ^~~~~~~~~~~~~~~~~~~~~~~~~~~~~~~~~~~~~  ~~~~~~~~~~~~~~
../src/include/global_def.h:107:11: note: in definition of macro 'print_debug'
    printf(__VA_ARGS__); \
           ^~~~~~~~~~~
../src/include/fips202.c:518:32: warning: format '%x' expects argument of type 'unsigned int', but argument 3 has type 'long unsigned int' [-Wformat=]
    print_debug(DEBUG_SHAKE_MM, "[SHAKE] memoryMMshake[%d]: 0x%08x\n", u32InWords - 1, m[u32InWords - 1] & 0xffffff);
                                ^~~~~~~~~~~~~~~~~~~~~~~~~~~~~~~~~~~~~                  ~~~~~~~~~~~~~~~~~~~~~~~~~~~~
../src/include/global_def.h:107:11: note: in definition of macro 'print_debug'
    printf(__VA_ARGS__); \
           ^~~~~~~~~~~
Finished building: ../src/include/fips202.c
 
Building file: ../src/include/frodo_macrify.c
Invoking: ARM v7 gcc compiler
arm-none-eabi-gcc -Wall -O0 -g3 -c -fmessage-length=0 -MT"src/include/frodo_macrify.o" -mcpu=cortex-a9 -mfpu=vfpv3 -mfloat-abi=hard -I../../frodo_sdk_bsp/ps7_cortexa9_0/include -MMD -MP -MF"src/include/frodo_macrify.d" -MT"src/include/frodo_macrify.o" -o "src/include/frodo_macrify.o" "../src/include/frodo_macrify.c"
Finished building: ../src/include/frodo_macrify.c
 
Building file: ../src/include/keccak_f1600.c
Invoking: ARM v7 gcc compiler
arm-none-eabi-gcc -Wall -O0 -g3 -c -fmessage-length=0 -MT"src/include/keccak_f1600.o" -mcpu=cortex-a9 -mfpu=vfpv3 -mfloat-abi=hard -I../../frodo_sdk_bsp/ps7_cortexa9_0/include -MMD -MP -MF"src/include/keccak_f1600.d" -MT"src/include/keccak_f1600.o" -o "src/include/keccak_f1600.o" "../src/include/keccak_f1600.c"
In file included from ../src/include/keccak_f1600.h:16,
                 from ../src/include/keccak_f1600.c:9:
../src/include/keccak_f1600.c: In function 'KeccakF1600_StatePermute_HW_MM':
../src/include/keccak_f1600.c:164:32: warning: format '%lu' expects argument of type 'long unsigned int', but argument 2 has type 'int' [-Wformat=]
   print_debug(DEBUG_KECCAK_HW, "\tSent data %lu: 0x%lx\n", (i << 1), (u32)(state[i] & 0xffffffff));
                                ^~~~~~~~~~~~~~~~~~~~~~~~~~  ~~~~~~~~
../src/include/global_def.h:107:11: note: in definition of macro 'print_debug'
    printf(__VA_ARGS__); \
           ^~~~~~~~~~~
../src/include/keccak_f1600.c:167:32: warning: format '%lu' expects argument of type 'long unsigned int', but argument 2 has type 'int' [-Wformat=]
   print_debug(DEBUG_KECCAK_HW, "\tSent data %lu: 0x%lx\n", (i << 1) + 1, (u32)(state[i] >> 32));
                                ^~~~~~~~~~~~~~~~~~~~~~~~~~  ~~~~~~~~~~~~
../src/include/global_def.h:107:11: note: in definition of macro 'print_debug'
    printf(__VA_ARGS__); \
           ^~~~~~~~~~~
Finished building: ../src/include/keccak_f1600.c
 
Building file: ../src/include/kem.c
Invoking: ARM v7 gcc compiler
arm-none-eabi-gcc -Wall -O0 -g3 -c -fmessage-length=0 -MT"src/include/kem.o" -mcpu=cortex-a9 -mfpu=vfpv3 -mfloat-abi=hard -I../../frodo_sdk_bsp/ps7_cortexa9_0/include -MMD -MP -MF"src/include/kem.d" -MT"src/include/kem.o" -o "src/include/kem.o" "../src/include/kem.c"
Finished building: ../src/include/kem.c
 
Building file: ../src/include/noise.c
Invoking: ARM v7 gcc compiler
arm-none-eabi-gcc -Wall -O0 -g3 -c -fmessage-length=0 -MT"src/include/noise.o" -mcpu=cortex-a9 -mfpu=vfpv3 -mfloat-abi=hard -I../../frodo_sdk_bsp/ps7_cortexa9_0/include -MMD -MP -MF"src/include/noise.d" -MT"src/include/noise.o" -o "src/include/noise.o" "../src/include/noise.c"
Finished building: ../src/include/noise.c
 
Building file: ../src/include/random.c
Invoking: ARM v7 gcc compiler
arm-none-eabi-gcc -Wall -O0 -g3 -c -fmessage-length=0 -MT"src/include/random.o" -mcpu=cortex-a9 -mfpu=vfpv3 -mfloat-abi=hard -I../../frodo_sdk_bsp/ps7_cortexa9_0/include -MMD -MP -MF"src/include/random.d" -MT"src/include/random.o" -o "src/include/random.o" "../src/include/random.c"
Finished building: ../src/include/random.c
 
Building file: ../src/include/test_kem.c
Invoking: ARM v7 gcc compiler
arm-none-eabi-gcc -Wall -O0 -g3 -c -fmessage-length=0 -MT"src/include/test_kem.o" -mcpu=cortex-a9 -mfpu=vfpv3 -mfloat-abi=hard -I../../frodo_sdk_bsp/ps7_cortexa9_0/include -MMD -MP -MF"src/include/test_kem.d" -MT"src/include/test_kem.o" -o "src/include/test_kem.o" "../src/include/test_kem.c"
In file included from ../src/include/test_kem.c:9:
../src/include/test_kem.c: In function 'kem_test':
../src/include/test_kem.c:990:31: warning: format '%d' expects argument of type 'int', but argument 2 has type 'uint32_t' {aka 'long unsigned int'} [-Wformat=]
   print_debug(DEBUG_TEST_KEM, "\t   SHAKE128  \t|\t   %d   \t|\t\t   %d   \t\t\t|\t\t\t\t%d\t\t\t\t\t|\t\t\t%d  \t\t\t|\t\t\t\t\t%d\t\t\t\t|\t\t\t%lu.%03lu\n", iteration_shake128_sw, (t_shake128_sw_acc)/666, (t_shake128_sw_acc/iteration_shake128_sw)/666, (t_shake128_hw_acc)/666, (t_shake128_hw_acc/iteration_shake128_hw)/666, wholeShake128, thousandthsShake128);
                               ^~~~~~~~~~~~~~~~~~~~~~~~~~~~~~~~~~~~~~~~~~~~~~~~~~~~~~~~~~~~~~~~~~~~~~~~~~~~~~~~~~~~~~~~~~~~~~~~~~~~~~~~~~~~~~~~~~~~~~~~~~~~~~~~  ~~~~~~~~~~~~~~~~~~~~~
../src/include/global_def.h:107:11: note: in definition of macro 'print_debug'
    printf(__VA_ARGS__); \
           ^~~~~~~~~~~
../src/include/test_kem.c:990:31: warning: format '%d' expects argument of type 'int', but argument 3 has type 'long unsigned int' [-Wformat=]
   print_debug(DEBUG_TEST_KEM, "\t   SHAKE128  \t|\t   %d   \t|\t\t   %d   \t\t\t|\t\t\t\t%d\t\t\t\t\t|\t\t\t%d  \t\t\t|\t\t\t\t\t%d\t\t\t\t|\t\t\t%lu.%03lu\n", iteration_shake128_sw, (t_shake128_sw_acc)/666, (t_shake128_sw_acc/iteration_shake128_sw)/666, (t_shake128_hw_acc)/666, (t_shake128_hw_acc/iteration_shake128_hw)/666, wholeShake128, thousandthsShake128);
                               ^~~~~~~~~~~~~~~~~~~~~~~~~~~~~~~~~~~~~~~~~~~~~~~~~~~~~~~~~~~~~~~~~~~~~~~~~~~~~~~~~~~~~~~~~~~~~~~~~~~~~~~~~~~~~~~~~~~~~~~~~~~~~~~~                         ~~~~~~~~~~~~~~~~~~~~~~~
../src/include/global_def.h:107:11: note: in definition of macro 'print_debug'
    printf(__VA_ARGS__); \
           ^~~~~~~~~~~
../src/include/test_kem.c:990:31: warning: format '%d' expects argument of type 'int', but argument 4 has type 'long unsigned int' [-Wformat=]
   print_debug(DEBUG_TEST_KEM, "\t   SHAKE128  \t|\t   %d   \t|\t\t   %d   \t\t\t|\t\t\t\t%d\t\t\t\t\t|\t\t\t%d  \t\t\t|\t\t\t\t\t%d\t\t\t\t|\t\t\t%lu.%03lu\n", iteration_shake128_sw, (t_shake128_sw_acc)/666, (t_shake128_sw_acc/iteration_shake128_sw)/666, (t_shake128_hw_acc)/666, (t_shake128_hw_acc/iteration_shake128_hw)/666, wholeShake128, thousandthsShake128);
                               ^~~~~~~~~~~~~~~~~~~~~~~~~~~~~~~~~~~~~~~~~~~~~~~~~~~~~~~~~~~~~~~~~~~~~~~~~~~~~~~~~~~~~~~~~~~~~~~~~~~~~~~~~~~~~~~~~~~~~~~~~~~~~~~~                                                  ~~~~~~~~~~~~~~~~~~~~~~~~~~~~~~~~~~~~~~~~~~~~~
../src/include/global_def.h:107:11: note: in definition of macro 'print_debug'
    printf(__VA_ARGS__); \
           ^~~~~~~~~~~
../src/include/test_kem.c:990:31: warning: format '%d' expects argument of type 'int', but argument 5 has type 'long unsigned int' [-Wformat=]
   print_debug(DEBUG_TEST_KEM, "\t   SHAKE128  \t|\t   %d   \t|\t\t   %d   \t\t\t|\t\t\t\t%d\t\t\t\t\t|\t\t\t%d  \t\t\t|\t\t\t\t\t%d\t\t\t\t|\t\t\t%lu.%03lu\n", iteration_shake128_sw, (t_shake128_sw_acc)/666, (t_shake128_sw_acc/iteration_shake128_sw)/666, (t_shake128_hw_acc)/666, (t_shake128_hw_acc/iteration_shake128_hw)/666, wholeShake128, thousandthsShake128);
                               ^~~~~~~~~~~~~~~~~~~~~~~~~~~~~~~~~~~~~~~~~~~~~~~~~~~~~~~~~~~~~~~~~~~~~~~~~~~~~~~~~~~~~~~~~~~~~~~~~~~~~~~~~~~~~~~~~~~~~~~~~~~~~~~~                                                                                                 ~~~~~~~~~~~~~~~~~~~~~~~
../src/include/global_def.h:107:11: note: in definition of macro 'print_debug'
    printf(__VA_ARGS__); \
           ^~~~~~~~~~~
../src/include/test_kem.c:990:31: warning: format '%d' expects argument of type 'int', but argument 6 has type 'long unsigned int' [-Wformat=]
   print_debug(DEBUG_TEST_KEM, "\t   SHAKE128  \t|\t   %d   \t|\t\t   %d   \t\t\t|\t\t\t\t%d\t\t\t\t\t|\t\t\t%d  \t\t\t|\t\t\t\t\t%d\t\t\t\t|\t\t\t%lu.%03lu\n", iteration_shake128_sw, (t_shake128_sw_acc)/666, (t_shake128_sw_acc/iteration_shake128_sw)/666, (t_shake128_hw_acc)/666, (t_shake128_hw_acc/iteration_shake128_hw)/666, wholeShake128, thousandthsShake128);
                               ^~~~~~~~~~~~~~~~~~~~~~~~~~~~~~~~~~~~~~~~~~~~~~~~~~~~~~~~~~~~~~~~~~~~~~~~~~~~~~~~~~~~~~~~~~~~~~~~~~~~~~~~~~~~~~~~~~~~~~~~~~~~~~~~                                                                                                                          ~~~~~~~~~~~~~~~~~~~~~~~~~~~~~~~~~~~~~~~~~~~~~
../src/include/global_def.h:107:11: note: in definition of macro 'print_debug'
    printf(__VA_ARGS__); \
           ^~~~~~~~~~~
../src/include/test_kem.c:992:31: warning: format '%d' expects argument of type 'int', but argument 2 has type 'uint32_t' {aka 'long unsigned int'} [-Wformat=]
   print_debug(DEBUG_TEST_KEM, "\t\t Matrix SA\t\t|\t\t   %d   \t\t|\t\t   %d   \t\t\t|\t\t\t%d  \t\t\t\t|\t\t\t%d  \t\t\t|\t\t\t\t%d  \t\t\t|\t\t\t%lu.%03lu\n", iteration_sa_sw, (t_matrix_sa_sw_acc)/666, (t_matrix_sa_sw_acc/iteration_sa_sw)/666, (t_matrix_sa_hw_acc)/666, (t_matrix_sa_hw_acc/iteration_sa_hw)/666, wholeMatrixSa, thousandthsMatrixSa);
                               ^~~~~~~~~~~~~~~~~~~~~~~~~~~~~~~~~~~~~~~~~~~~~~~~~~~~~~~~~~~~~~~~~~~~~~~~~~~~~~~~~~~~~~~~~~~~~~~~~~~~~~~~~~~~~~~~~~~~~~~~~~~~~~~~~  ~~~~~~~~~~~~~~~
../src/include/global_def.h:107:11: note: in definition of macro 'print_debug'
    printf(__VA_ARGS__); \
           ^~~~~~~~~~~
../src/include/test_kem.c:992:31: warning: format '%d' expects argument of type 'int', but argument 3 has type 'long unsigned int' [-Wformat=]
   print_debug(DEBUG_TEST_KEM, "\t\t Matrix SA\t\t|\t\t   %d   \t\t|\t\t   %d   \t\t\t|\t\t\t%d  \t\t\t\t|\t\t\t%d  \t\t\t|\t\t\t\t%d  \t\t\t|\t\t\t%lu.%03lu\n", iteration_sa_sw, (t_matrix_sa_sw_acc)/666, (t_matrix_sa_sw_acc/iteration_sa_sw)/666, (t_matrix_sa_hw_acc)/666, (t_matrix_sa_hw_acc/iteration_sa_hw)/666, wholeMatrixSa, thousandthsMatrixSa);
                               ^~~~~~~~~~~~~~~~~~~~~~~~~~~~~~~~~~~~~~~~~~~~~~~~~~~~~~~~~~~~~~~~~~~~~~~~~~~~~~~~~~~~~~~~~~~~~~~~~~~~~~~~~~~~~~~~~~~~~~~~~~~~~~~~~                   ~~~~~~~~~~~~~~~~~~~~~~~~
../src/include/global_def.h:107:11: note: in definition of macro 'print_debug'
    printf(__VA_ARGS__); \
           ^~~~~~~~~~~
../src/include/test_kem.c:992:31: warning: format '%d' expects argument of type 'int', but argument 4 has type 'long unsigned int' [-Wformat=]
   print_debug(DEBUG_TEST_KEM, "\t\t Matrix SA\t\t|\t\t   %d   \t\t|\t\t   %d   \t\t\t|\t\t\t%d  \t\t\t\t|\t\t\t%d  \t\t\t|\t\t\t\t%d  \t\t\t|\t\t\t%lu.%03lu\n", iteration_sa_sw, (t_matrix_sa_sw_acc)/666, (t_matrix_sa_sw_acc/iteration_sa_sw)/666, (t_matrix_sa_hw_acc)/666, (t_matrix_sa_hw_acc/iteration_sa_hw)/666, wholeMatrixSa, thousandthsMatrixSa);
                               ^~~~~~~~~~~~~~~~~~~~~~~~~~~~~~~~~~~~~~~~~~~~~~~~~~~~~~~~~~~~~~~~~~~~~~~~~~~~~~~~~~~~~~~~~~~~~~~~~~~~~~~~~~~~~~~~~~~~~~~~~~~~~~~~~                                             ~~~~~~~~~~~~~~~~~~~~~~~~~~~~~~~~~~~~~~~~
../src/include/global_def.h:107:11: note: in definition of macro 'print_debug'
    printf(__VA_ARGS__); \
           ^~~~~~~~~~~
../src/include/test_kem.c:992:31: warning: format '%d' expects argument of type 'int', but argument 5 has type 'long unsigned int' [-Wformat=]
   print_debug(DEBUG_TEST_KEM, "\t\t Matrix SA\t\t|\t\t   %d   \t\t|\t\t   %d   \t\t\t|\t\t\t%d  \t\t\t\t|\t\t\t%d  \t\t\t|\t\t\t\t%d  \t\t\t|\t\t\t%lu.%03lu\n", iteration_sa_sw, (t_matrix_sa_sw_acc)/666, (t_matrix_sa_sw_acc/iteration_sa_sw)/666, (t_matrix_sa_hw_acc)/666, (t_matrix_sa_hw_acc/iteration_sa_hw)/666, wholeMatrixSa, thousandthsMatrixSa);
                               ^~~~~~~~~~~~~~~~~~~~~~~~~~~~~~~~~~~~~~~~~~~~~~~~~~~~~~~~~~~~~~~~~~~~~~~~~~~~~~~~~~~~~~~~~~~~~~~~~~~~~~~~~~~~~~~~~~~~~~~~~~~~~~~~~                                                                                       ~~~~~~~~~~~~~~~~~~~~~~~~
../src/include/global_def.h:107:11: note: in definition of macro 'print_debug'
    printf(__VA_ARGS__); \
           ^~~~~~~~~~~
../src/include/test_kem.c:992:31: warning: format '%d' expects argument of type 'int', but argument 6 has type 'long unsigned int' [-Wformat=]
   print_debug(DEBUG_TEST_KEM, "\t\t Matrix SA\t\t|\t\t   %d   \t\t|\t\t   %d   \t\t\t|\t\t\t%d  \t\t\t\t|\t\t\t%d  \t\t\t|\t\t\t\t%d  \t\t\t|\t\t\t%lu.%03lu\n", iteration_sa_sw, (t_matrix_sa_sw_acc)/666, (t_matrix_sa_sw_acc/iteration_sa_sw)/666, (t_matrix_sa_hw_acc)/666, (t_matrix_sa_hw_acc/iteration_sa_hw)/666, wholeMatrixSa, thousandthsMatrixSa);
                               ^~~~~~~~~~~~~~~~~~~~~~~~~~~~~~~~~~~~~~~~~~~~~~~~~~~~~~~~~~~~~~~~~~~~~~~~~~~~~~~~~~~~~~~~~~~~~~~~~~~~~~~~~~~~~~~~~~~~~~~~~~~~~~~~~                                                                                                                 ~~~~~~~~~~~~~~~~~~~~~~~~~~~~~~~~~~~~~~~~
../src/include/global_def.h:107:11: note: in definition of macro 'print_debug'
    printf(__VA_ARGS__); \
           ^~~~~~~~~~~
../src/include/test_kem.c:994:31: warning: format '%d' expects argument of type 'int', but argument 2 has type 'uint32_t' {aka 'long unsigned int'} [-Wformat=]
   print_debug(DEBUG_TEST_KEM, "\t\t Matrix AS\t\t|\t\t   %d   \t\t|\t\t   %d   \t\t\t|\t\t\t%d  \t\t\t\t|\t\t\t%d  \t\t\t|\t\t\t\t%d  \t\t\t\t|\t\t\t%lu.%03lu\n", iteration_as_sw, (t_matrix_as_sw_acc)/666, (t_matrix_as_sw_acc/iteration_as_sw)/666, (t_matrix_as_hw_acc)/666, (t_matrix_as_hw_acc/iteration_as_hw)/666, wholeMatrixAs, thousandthsMatrixAs);
                               ^~~~~~~~~~~~~~~~~~~~~~~~~~~~~~~~~~~~~~~~~~~~~~~~~~~~~~~~~~~~~~~~~~~~~~~~~~~~~~~~~~~~~~~~~~~~~~~~~~~~~~~~~~~~~~~~~~~~~~~~~~~~~~~~~~~  ~~~~~~~~~~~~~~~
../src/include/global_def.h:107:11: note: in definition of macro 'print_debug'
    printf(__VA_ARGS__); \
           ^~~~~~~~~~~
../src/include/test_kem.c:994:31: warning: format '%d' expects argument of type 'int', but argument 3 has type 'long unsigned int' [-Wformat=]
   print_debug(DEBUG_TEST_KEM, "\t\t Matrix AS\t\t|\t\t   %d   \t\t|\t\t   %d   \t\t\t|\t\t\t%d  \t\t\t\t|\t\t\t%d  \t\t\t|\t\t\t\t%d  \t\t\t\t|\t\t\t%lu.%03lu\n", iteration_as_sw, (t_matrix_as_sw_acc)/666, (t_matrix_as_sw_acc/iteration_as_sw)/666, (t_matrix_as_hw_acc)/666, (t_matrix_as_hw_acc/iteration_as_hw)/666, wholeMatrixAs, thousandthsMatrixAs);
                               ^~~~~~~~~~~~~~~~~~~~~~~~~~~~~~~~~~~~~~~~~~~~~~~~~~~~~~~~~~~~~~~~~~~~~~~~~~~~~~~~~~~~~~~~~~~~~~~~~~~~~~~~~~~~~~~~~~~~~~~~~~~~~~~~~~~                   ~~~~~~~~~~~~~~~~~~~~~~~~
../src/include/global_def.h:107:11: note: in definition of macro 'print_debug'
    printf(__VA_ARGS__); \
           ^~~~~~~~~~~
../src/include/test_kem.c:994:31: warning: format '%d' expects argument of type 'int', but argument 4 has type 'long unsigned int' [-Wformat=]
   print_debug(DEBUG_TEST_KEM, "\t\t Matrix AS\t\t|\t\t   %d   \t\t|\t\t   %d   \t\t\t|\t\t\t%d  \t\t\t\t|\t\t\t%d  \t\t\t|\t\t\t\t%d  \t\t\t\t|\t\t\t%lu.%03lu\n", iteration_as_sw, (t_matrix_as_sw_acc)/666, (t_matrix_as_sw_acc/iteration_as_sw)/666, (t_matrix_as_hw_acc)/666, (t_matrix_as_hw_acc/iteration_as_hw)/666, wholeMatrixAs, thousandthsMatrixAs);
                               ^~~~~~~~~~~~~~~~~~~~~~~~~~~~~~~~~~~~~~~~~~~~~~~~~~~~~~~~~~~~~~~~~~~~~~~~~~~~~~~~~~~~~~~~~~~~~~~~~~~~~~~~~~~~~~~~~~~~~~~~~~~~~~~~~~~                                             ~~~~~~~~~~~~~~~~~~~~~~~~~~~~~~~~~~~~~~~~
../src/include/global_def.h:107:11: note: in definition of macro 'print_debug'
    printf(__VA_ARGS__); \
           ^~~~~~~~~~~
../src/include/test_kem.c:994:31: warning: format '%d' expects argument of type 'int', but argument 5 has type 'long unsigned int' [-Wformat=]
   print_debug(DEBUG_TEST_KEM, "\t\t Matrix AS\t\t|\t\t   %d   \t\t|\t\t   %d   \t\t\t|\t\t\t%d  \t\t\t\t|\t\t\t%d  \t\t\t|\t\t\t\t%d  \t\t\t\t|\t\t\t%lu.%03lu\n", iteration_as_sw, (t_matrix_as_sw_acc)/666, (t_matrix_as_sw_acc/iteration_as_sw)/666, (t_matrix_as_hw_acc)/666, (t_matrix_as_hw_acc/iteration_as_hw)/666, wholeMatrixAs, thousandthsMatrixAs);
                               ^~~~~~~~~~~~~~~~~~~~~~~~~~~~~~~~~~~~~~~~~~~~~~~~~~~~~~~~~~~~~~~~~~~~~~~~~~~~~~~~~~~~~~~~~~~~~~~~~~~~~~~~~~~~~~~~~~~~~~~~~~~~~~~~~~~                                                                                       ~~~~~~~~~~~~~~~~~~~~~~~~
../src/include/global_def.h:107:11: note: in definition of macro 'print_debug'
    printf(__VA_ARGS__); \
           ^~~~~~~~~~~
../src/include/test_kem.c:994:31: warning: format '%d' expects argument of type 'int', but argument 6 has type 'long unsigned int' [-Wformat=]
   print_debug(DEBUG_TEST_KEM, "\t\t Matrix AS\t\t|\t\t   %d   \t\t|\t\t   %d   \t\t\t|\t\t\t%d  \t\t\t\t|\t\t\t%d  \t\t\t|\t\t\t\t%d  \t\t\t\t|\t\t\t%lu.%03lu\n", iteration_as_sw, (t_matrix_as_sw_acc)/666, (t_matrix_as_sw_acc/iteration_as_sw)/666, (t_matrix_as_hw_acc)/666, (t_matrix_as_hw_acc/iteration_as_hw)/666, wholeMatrixAs, thousandthsMatrixAs);
                               ^~~~~~~~~~~~~~~~~~~~~~~~~~~~~~~~~~~~~~~~~~~~~~~~~~~~~~~~~~~~~~~~~~~~~~~~~~~~~~~~~~~~~~~~~~~~~~~~~~~~~~~~~~~~~~~~~~~~~~~~~~~~~~~~~~~                                                                                                                 ~~~~~~~~~~~~~~~~~~~~~~~~~~~~~~~~~~~~~~~~
../src/include/global_def.h:107:11: note: in definition of macro 'print_debug'
    printf(__VA_ARGS__); \
           ^~~~~~~~~~~
Finished building: ../src/include/test_kem.c
 
Building file: ../src/include/util.c
Invoking: ARM v7 gcc compiler
arm-none-eabi-gcc -Wall -O0 -g3 -c -fmessage-length=0 -MT"src/include/util.o" -mcpu=cortex-a9 -mfpu=vfpv3 -mfloat-abi=hard -I../../frodo_sdk_bsp/ps7_cortexa9_0/include -MMD -MP -MF"src/include/util.d" -MT"src/include/util.o" -o "src/include/util.o" "../src/include/util.c"
Finished building: ../src/include/util.c
 
Building file: ../src/main.c
Invoking: ARM v7 gcc compiler
arm-none-eabi-gcc -Wall -O0 -g3 -c -fmessage-length=0 -MT"src/main.o" -mcpu=cortex-a9 -mfpu=vfpv3 -mfloat-abi=hard -I../../frodo_sdk_bsp/ps7_cortexa9_0/include -MMD -MP -MF"src/main.d" -MT"src/main.o" -o "src/main.o" "../src/main.c"
Finished building: ../src/main.c
 
Building target: frodo_sdk.elf
Invoking: ARM v7 gcc linker
arm-none-eabi-gcc -mcpu=cortex-a9 -mfpu=vfpv3 -mfloat-abi=hard -Wl,-build-id=none -specs=Xilinx.spec -Wl,-T -Wl,../src/lscript.ld -L../../frodo_sdk_bsp/ps7_cortexa9_0/lib -o "frodo_sdk.elf"  ./src/include/fips202.o ./src/include/frodo_macrify.o ./src/include/keccak_f1600.o ./src/include/kem.o ./src/include/noise.o ./src/include/random.o ./src/include/test_KEM640.o ./src/include/test_kem.o ./src/include/util.o  ./src/main.o ./src/platform.o   -Wl,--start-group,-lxil,-lgcc,-lc,--end-group
Finished building target: frodo_sdk.elf
 
Invoking: ARM v7 Print Size
arm-none-eabi-size frodo_sdk.elf  |tee "frodo_sdk.elf.size"
   text	   data	    bss	    dec	    hex	filename
 125592	   2776	2104432	2232800	 2211e0	frodo_sdk.elf
Finished building: frodo_sdk.elf.size
 
17:56:22 **** Incremental Build of configuration Debug for project frodo_sdk ****
make pre-build main-build 
a9-linaro-pre-build-step
 
make: Nothing to be done for 'main-build'.
17:56:55 **** Incremental Build of configuration Debug for project frodo_sdk ****
make pre-build main-build 
a9-linaro-pre-build-step
 
make: Nothing to be done for 'main-build'.
17:57:54 **** Incremental Build of configuration Debug for project frodo_sdk ****
make pre-build main-build 
a9-linaro-pre-build-step
 
Building file: ../src/include/fips202.c
Invoking: ARM v7 gcc compiler
arm-none-eabi-gcc -Wall -O0 -g3 -c -fmessage-length=0 -MT"src/include/fips202.o" -mcpu=cortex-a9 -mfpu=vfpv3 -mfloat-abi=hard -I../../frodo_sdk_bsp/ps7_cortexa9_0/include -MMD -MP -MF"src/include/fips202.d" -MT"src/include/fips202.o" -o "src/include/fips202.o" "../src/include/fips202.c"
In file included from ../src/include/fips202.h:11,
                 from ../src/include/fips202.c:11:
../src/include/fips202.c: In function 'shake128_hw':
../src/include/fips202.c:476:30: warning: format '%d' expects argument of type 'int', but argument 2 has type 'u32' {aka 'long unsigned int'} [-Wformat=]
  print_debug(DEBUG_SHAKE_MM, "[SHAKE] u32InWords: %d\n", u32InWords);
                              ^~~~~~~~~~~~~~~~~~~~~~~~~~  ~~~~~~~~~~
../src/include/global_def.h:107:11: note: in definition of macro 'print_debug'
    printf(__VA_ARGS__); \
           ^~~~~~~~~~~
../src/include/fips202.c:478:30: warning: format '%d' expects argument of type 'int', but argument 2 has type 'u32' {aka 'long unsigned int'} [-Wformat=]
  print_debug(DEBUG_SHAKE_MM, "[SHAKE] u32OutWords: %d\n", u32OutWords);
                              ^~~~~~~~~~~~~~~~~~~~~~~~~~~  ~~~~~~~~~~~
../src/include/global_def.h:107:11: note: in definition of macro 'print_debug'
    printf(__VA_ARGS__); \
           ^~~~~~~~~~~
../src/include/fips202.c:498:31: warning: format '%x' expects argument of type 'unsigned int', but argument 3 has type 'u32' {aka 'long unsigned int'} [-Wformat=]
   print_debug(DEBUG_SHAKE_MM, "[SHAKE] memoryMMshake[%d]: 0x%08x\n", i, m[i]);
                               ^~~~~~~~~~~~~~~~~~~~~~~~~~~~~~~~~~~~~     ~~~~
../src/include/global_def.h:107:11: note: in definition of macro 'print_debug'
    printf(__VA_ARGS__); \
           ^~~~~~~~~~~
../src/include/fips202.c:506:32: warning: format '%d' expects argument of type 'int', but argument 2 has type 'long unsigned int' [-Wformat=]
    print_debug(DEBUG_SHAKE_MM, "[SHAKE] memoryMMshake[%d]: 0x%08x\n", u32InWords - 1, m[u32InWords - 1]);
                                ^~~~~~~~~~~~~~~~~~~~~~~~~~~~~~~~~~~~~  ~~~~~~~~~~~~~~
../src/include/global_def.h:107:11: note: in definition of macro 'print_debug'
    printf(__VA_ARGS__); \
           ^~~~~~~~~~~
../src/include/fips202.c:506:32: warning: format '%x' expects argument of type 'unsigned int', but argument 3 has type 'u32' {aka 'long unsigned int'} [-Wformat=]
    print_debug(DEBUG_SHAKE_MM, "[SHAKE] memoryMMshake[%d]: 0x%08x\n", u32InWords - 1, m[u32InWords - 1]);
                                ^~~~~~~~~~~~~~~~~~~~~~~~~~~~~~~~~~~~~                  ~~~~~~~~~~~~~~~~~
../src/include/global_def.h:107:11: note: in definition of macro 'print_debug'
    printf(__VA_ARGS__); \
           ^~~~~~~~~~~
../src/include/fips202.c:510:32: warning: format '%d' expects argument of type 'int', but argument 2 has type 'long unsigned int' [-Wformat=]
    print_debug(DEBUG_SHAKE_MM, "[SHAKE] memoryMMshake[%d]: 0x%08x\n", u32InWords - 1, m[u32InWords - 1] & 0xff);
                                ^~~~~~~~~~~~~~~~~~~~~~~~~~~~~~~~~~~~~  ~~~~~~~~~~~~~~
../src/include/global_def.h:107:11: note: in definition of macro 'print_debug'
    printf(__VA_ARGS__); \
           ^~~~~~~~~~~
../src/include/fips202.c:510:32: warning: format '%x' expects argument of type 'unsigned int', but argument 3 has type 'long unsigned int' [-Wformat=]
    print_debug(DEBUG_SHAKE_MM, "[SHAKE] memoryMMshake[%d]: 0x%08x\n", u32InWords - 1, m[u32InWords - 1] & 0xff);
                                ^~~~~~~~~~~~~~~~~~~~~~~~~~~~~~~~~~~~~                  ~~~~~~~~~~~~~~~~~~~~~~~~
../src/include/global_def.h:107:11: note: in definition of macro 'print_debug'
    printf(__VA_ARGS__); \
           ^~~~~~~~~~~
../src/include/fips202.c:514:32: warning: format '%d' expects argument of type 'int', but argument 2 has type 'long unsigned int' [-Wformat=]
    print_debug(DEBUG_SHAKE_MM, "[SHAKE] memoryMMshake[%d]: 0x%08x\n", u32InWords - 1, m[u32InWords - 1] & 0xffff);
                                ^~~~~~~~~~~~~~~~~~~~~~~~~~~~~~~~~~~~~  ~~~~~~~~~~~~~~
../src/include/global_def.h:107:11: note: in definition of macro 'print_debug'
    printf(__VA_ARGS__); \
           ^~~~~~~~~~~
../src/include/fips202.c:514:32: warning: format '%x' expects argument of type 'unsigned int', but argument 3 has type 'long unsigned int' [-Wformat=]
    print_debug(DEBUG_SHAKE_MM, "[SHAKE] memoryMMshake[%d]: 0x%08x\n", u32InWords - 1, m[u32InWords - 1] & 0xffff);
                                ^~~~~~~~~~~~~~~~~~~~~~~~~~~~~~~~~~~~~                  ~~~~~~~~~~~~~~~~~~~~~~~~~~
../src/include/global_def.h:107:11: note: in definition of macro 'print_debug'
    printf(__VA_ARGS__); \
           ^~~~~~~~~~~
../src/include/fips202.c:518:32: warning: format '%d' expects argument of type 'int', but argument 2 has type 'long unsigned int' [-Wformat=]
    print_debug(DEBUG_SHAKE_MM, "[SHAKE] memoryMMshake[%d]: 0x%08x\n", u32InWords - 1, m[u32InWords - 1] & 0xffffff);
                                ^~~~~~~~~~~~~~~~~~~~~~~~~~~~~~~~~~~~~  ~~~~~~~~~~~~~~
../src/include/global_def.h:107:11: note: in definition of macro 'print_debug'
    printf(__VA_ARGS__); \
           ^~~~~~~~~~~
../src/include/fips202.c:518:32: warning: format '%x' expects argument of type 'unsigned int', but argument 3 has type 'long unsigned int' [-Wformat=]
    print_debug(DEBUG_SHAKE_MM, "[SHAKE] memoryMMshake[%d]: 0x%08x\n", u32InWords - 1, m[u32InWords - 1] & 0xffffff);
                                ^~~~~~~~~~~~~~~~~~~~~~~~~~~~~~~~~~~~~                  ~~~~~~~~~~~~~~~~~~~~~~~~~~~~
../src/include/global_def.h:107:11: note: in definition of macro 'print_debug'
    printf(__VA_ARGS__); \
           ^~~~~~~~~~~
Finished building: ../src/include/fips202.c
 
Building file: ../src/include/frodo_macrify.c
Invoking: ARM v7 gcc compiler
arm-none-eabi-gcc -Wall -O0 -g3 -c -fmessage-length=0 -MT"src/include/frodo_macrify.o" -mcpu=cortex-a9 -mfpu=vfpv3 -mfloat-abi=hard -I../../frodo_sdk_bsp/ps7_cortexa9_0/include -MMD -MP -MF"src/include/frodo_macrify.d" -MT"src/include/frodo_macrify.o" -o "src/include/frodo_macrify.o" "../src/include/frodo_macrify.c"
Finished building: ../src/include/frodo_macrify.c
 
Building file: ../src/include/keccak_f1600.c
Invoking: ARM v7 gcc compiler
arm-none-eabi-gcc -Wall -O0 -g3 -c -fmessage-length=0 -MT"src/include/keccak_f1600.o" -mcpu=cortex-a9 -mfpu=vfpv3 -mfloat-abi=hard -I../../frodo_sdk_bsp/ps7_cortexa9_0/include -MMD -MP -MF"src/include/keccak_f1600.d" -MT"src/include/keccak_f1600.o" -o "src/include/keccak_f1600.o" "../src/include/keccak_f1600.c"
In file included from ../src/include/keccak_f1600.h:16,
                 from ../src/include/keccak_f1600.c:9:
../src/include/keccak_f1600.c: In function 'KeccakF1600_StatePermute_HW_MM':
../src/include/keccak_f1600.c:164:32: warning: format '%lu' expects argument of type 'long unsigned int', but argument 2 has type 'int' [-Wformat=]
   print_debug(DEBUG_KECCAK_HW, "\tSent data %lu: 0x%lx\n", (i << 1), (u32)(state[i] & 0xffffffff));
                                ^~~~~~~~~~~~~~~~~~~~~~~~~~  ~~~~~~~~
../src/include/global_def.h:107:11: note: in definition of macro 'print_debug'
    printf(__VA_ARGS__); \
           ^~~~~~~~~~~
../src/include/keccak_f1600.c:167:32: warning: format '%lu' expects argument of type 'long unsigned int', but argument 2 has type 'int' [-Wformat=]
   print_debug(DEBUG_KECCAK_HW, "\tSent data %lu: 0x%lx\n", (i << 1) + 1, (u32)(state[i] >> 32));
                                ^~~~~~~~~~~~~~~~~~~~~~~~~~  ~~~~~~~~~~~~
../src/include/global_def.h:107:11: note: in definition of macro 'print_debug'
    printf(__VA_ARGS__); \
           ^~~~~~~~~~~
Finished building: ../src/include/keccak_f1600.c
 
Building file: ../src/include/kem.c
Invoking: ARM v7 gcc compiler
arm-none-eabi-gcc -Wall -O0 -g3 -c -fmessage-length=0 -MT"src/include/kem.o" -mcpu=cortex-a9 -mfpu=vfpv3 -mfloat-abi=hard -I../../frodo_sdk_bsp/ps7_cortexa9_0/include -MMD -MP -MF"src/include/kem.d" -MT"src/include/kem.o" -o "src/include/kem.o" "../src/include/kem.c"
Finished building: ../src/include/kem.c
 
Building file: ../src/include/noise.c
Invoking: ARM v7 gcc compiler
arm-none-eabi-gcc -Wall -O0 -g3 -c -fmessage-length=0 -MT"src/include/noise.o" -mcpu=cortex-a9 -mfpu=vfpv3 -mfloat-abi=hard -I../../frodo_sdk_bsp/ps7_cortexa9_0/include -MMD -MP -MF"src/include/noise.d" -MT"src/include/noise.o" -o "src/include/noise.o" "../src/include/noise.c"
Finished building: ../src/include/noise.c
 
Building file: ../src/include/random.c
Invoking: ARM v7 gcc compiler
arm-none-eabi-gcc -Wall -O0 -g3 -c -fmessage-length=0 -MT"src/include/random.o" -mcpu=cortex-a9 -mfpu=vfpv3 -mfloat-abi=hard -I../../frodo_sdk_bsp/ps7_cortexa9_0/include -MMD -MP -MF"src/include/random.d" -MT"src/include/random.o" -o "src/include/random.o" "../src/include/random.c"
Finished building: ../src/include/random.c
 
Building file: ../src/include/test_kem.c
Invoking: ARM v7 gcc compiler
arm-none-eabi-gcc -Wall -O0 -g3 -c -fmessage-length=0 -MT"src/include/test_kem.o" -mcpu=cortex-a9 -mfpu=vfpv3 -mfloat-abi=hard -I../../frodo_sdk_bsp/ps7_cortexa9_0/include -MMD -MP -MF"src/include/test_kem.d" -MT"src/include/test_kem.o" -o "src/include/test_kem.o" "../src/include/test_kem.c"
In file included from ../src/include/test_kem.c:9:
../src/include/test_kem.c: In function 'frodo_mul_add_sa_plus_e':
../src/include/test_kem.c:377:28: warning: format '%d' expects argument of type 'int', but argument 4 has type 'u32' {aka 'long unsigned int'} [-Wformat=]
   print_debug(DEBUG_TIMER, "[TEST_KEM] Time taken to process Matrix-SA: %lu.%03lu us (%d ticks)\n", whole, thousandths, readTimer);
                            ^~~~~~~~~~~~~~~~~~~~~~~~~~~~~~~~~~~~~~~~~~~~~~~~~~~~~~~~~~~~~~~~~~~~~~~                      ~~~~~~~~~
../src/include/global_def.h:107:11: note: in definition of macro 'print_debug'
    printf(__VA_ARGS__); \
           ^~~~~~~~~~~
../src/include/test_kem.c:384:28: warning: format '%d' expects argument of type 'int', but argument 4 has type 'u32' {aka 'long unsigned int'} [-Wformat=]
   print_debug(DEBUG_TIMER, "[TEST_KEM] Time taken to process Matrix-SA: %lu.%03lu us (%d ticks)\n", whole, thousandths, readTimer);
                            ^~~~~~~~~~~~~~~~~~~~~~~~~~~~~~~~~~~~~~~~~~~~~~~~~~~~~~~~~~~~~~~~~~~~~~~                      ~~~~~~~~~
../src/include/global_def.h:107:11: note: in definition of macro 'print_debug'
    printf(__VA_ARGS__); \
           ^~~~~~~~~~~
../src/include/test_kem.c: In function 'frodo_mul_add_as_plus_e':
../src/include/test_kem.c:417:28: warning: format '%d' expects argument of type 'int', but argument 4 has type 'u32' {aka 'long unsigned int'} [-Wformat=]
   print_debug(DEBUG_TIMER, "[TEST_KEM] Time taken to process Matrix-AS: %lu.%03lu us (%d ticks)\n", whole, thousandths, readTimer);
                            ^~~~~~~~~~~~~~~~~~~~~~~~~~~~~~~~~~~~~~~~~~~~~~~~~~~~~~~~~~~~~~~~~~~~~~~                      ~~~~~~~~~
../src/include/global_def.h:107:11: note: in definition of macro 'print_debug'
    printf(__VA_ARGS__); \
           ^~~~~~~~~~~
../src/include/test_kem.c:424:28: warning: format '%d' expects argument of type 'int', but argument 4 has type 'u32' {aka 'long unsigned int'} [-Wformat=]
   print_debug(DEBUG_TIMER, "[TEST_KEM] Time taken to process Matrix-AS: %lu.%03lu us (%d ticks)\n", whole, thousandths, readTimer);
                            ^~~~~~~~~~~~~~~~~~~~~~~~~~~~~~~~~~~~~~~~~~~~~~~~~~~~~~~~~~~~~~~~~~~~~~~                      ~~~~~~~~~
../src/include/global_def.h:107:11: note: in definition of macro 'print_debug'
    printf(__VA_ARGS__); \
           ^~~~~~~~~~~
../src/include/test_kem.c: In function 'kem_test':
../src/include/test_kem.c:1016:31: warning: format '%d' expects argument of type 'int', but argument 2 has type 'u32' {aka 'long unsigned int'} [-Wformat=]
   print_debug(DEBUG_TEST_KEM, "\t\t  SHAKE128  \t|\t   %d   \t\t|\t   %d   \t|\t\t\t   %d   \t\t\t|\t   %d   \t\t|\t\t\t\t%d  \t\t\t\t|\t\t\t%lu.%03lu\n", countShake128, readTimerShake128Total, (readTimerShake128Total/countShake128), readTimerShake128Proc, (readTimerShake128Proc/countShake128), wholeShake128HW, thousandthsShake128HW);
                               ^~~~~~~~~~~~~~~~~~~~~~~~~~~~~~~~~~~~~~~~~~~~~~~~~~~~~~~~~~~~~~~~~~~~~~~~~~~~~~~~~~~~~~~~~~~~~~~~~~~~~~~~~~~~~~~~~~~~~~~~~~~  ~~~~~~~~~~~~~
../src/include/global_def.h:107:11: note: in definition of macro 'print_debug'
    printf(__VA_ARGS__); \
           ^~~~~~~~~~~
../src/include/test_kem.c:1016:31: warning: format '%d' expects argument of type 'int', but argument 3 has type 'u32' {aka 'long unsigned int'} [-Wformat=]
   print_debug(DEBUG_TEST_KEM, "\t\t  SHAKE128  \t|\t   %d   \t\t|\t   %d   \t|\t\t\t   %d   \t\t\t|\t   %d   \t\t|\t\t\t\t%d  \t\t\t\t|\t\t\t%lu.%03lu\n", countShake128, readTimerShake128Total, (readTimerShake128Total/countShake128), readTimerShake128Proc, (readTimerShake128Proc/countShake128), wholeShake128HW, thousandthsShake128HW);
[...]
../src/include/global_def.h:107:11: note: in definition of macro 'print_debug'
    printf(__VA_ARGS__); \
           ^~~~~~~~~~~
../src/include/test_kem.c:1047:31: warning: format '%d' expects argument of type 'int', but argument 6 has type 'u32' {aka 'long unsigned int'} [-Wformat=]
   print_debug(DEBUG_TEST_KEM, "\t\t Matrix AS\t\t|\t\t   %d   \t\t\t|\t   %d   \t|\t\t   %d   \t\t|\t   %d   \t\t|\t\t\t%d  \t\t\t|\t\t\t%lu.%03lu\n", countMatrixAs, readTimerMatrixAsTotal, (readTimerMatrixAsTotal/countMatrixAs), readTimerMatrixAsProc, (readTimerMatrixAsProc/countMatrixAs), wholeMatrixAsHW, thousandthsMatrixAsHW);
                               ^~~~~~~~~~~~~~~~~~~~~~~~~~~~~~~~~~~~~~~~~~~~~~~~~~~~~~~~~~~~~~~~~~~~~~~~~~~~~~~~~~~~~~~~~~~~~~~~~~~~~~~~~~~~~~~~~~~~~~~                                                                                                        ~~~~~~~~~~~~~~~~~~~~~~~~~~~~~~~~~~~~~
../src/include/global_def.h:107:11: note: in definition of macro 'print_debug'
    printf(__VA_ARGS__); \
           ^~~~~~~~~~~
Finished building: ../src/include/test_kem.c
 
Building target: frodo_sdk.elf
Invoking: ARM v7 gcc linker
arm-none-eabi-gcc -mcpu=cortex-a9 -mfpu=vfpv3 -mfloat-abi=hard -Wl,-build-id=none -specs=Xilinx.spec -Wl,-T -Wl,../src/lscript.ld -L../../frodo_sdk_bsp/ps7_cortexa9_0/lib -o "frodo_sdk.elf"  ./src/include/fips202.o ./src/include/frodo_macrify.o ./src/include/keccak_f1600.o ./src/include/kem.o ./src/include/noise.o ./src/include/random.o ./src/include/test_KEM640.o ./src/include/test_kem.o ./src/include/util.o  ./src/main.o ./src/platform.o   -Wl,--start-group,-lxil,-lgcc,-lc,--end-group
Finished building target: frodo_sdk.elf
 
Invoking: ARM v7 Print Size
arm-none-eabi-size frodo_sdk.elf  |tee "frodo_sdk.elf.size"
   text	   data	    bss	    dec	    hex	filename
 125192	   2776	2104464	2232432	 221070	frodo_sdk.elf
Finished building: frodo_sdk.elf.size
 
19:40:02 **** Incremental Build of configuration Debug for project frodo_sdk ****
make pre-build main-build 
a9-linaro-pre-build-step
 
make: Nothing to be done for 'main-build'.
19:41:50 **** Incremental Build of configuration Debug for project frodo_sdk ****
make pre-build main-build 
a9-linaro-pre-build-step
 
Building file: ../src/include/test_kem.c
Invoking: ARM v7 gcc compiler
arm-none-eabi-gcc -Wall -O0 -g3 -c -fmessage-length=0 -MT"src/include/test_kem.o" -mcpu=cortex-a9 -mfpu=vfpv3 -mfloat-abi=hard -I../../frodo_sdk_bsp/ps7_cortexa9_0/include -MMD -MP -MF"src/include/test_kem.d" -MT"src/include/test_kem.o" -o "src/include/test_kem.o" "../src/include/test_kem.c"
In file included from ../src/include/test_kem.c:9:
../src/include/test_kem.c: In function 'shake128':
../src/include/test_kem.c:363:28: warning: format '%d' expects argument of type 'int', but argument 4 has type 'u32' {aka 'long unsigned int'} [-Wformat=]
   print_debug(DEBUG_TIMER, "[TEST_KEM] Total time taken to process Shake128: %lu.%03lu us (%d ticks)\n", whole, thousandths, readTimer);
                            ^~~~~~~~~~~~~~~~~~~~~~~~~~~~~~~~~~~~~~~~~~~~~~~~~~~~~~~~~~~~~~~~~~~~~~~~~~~~                      ~~~~~~~~~
../src/include/global_def.h:107:11: note: in definition of macro 'print_debug'
    printf(__VA_ARGS__); \
           ^~~~~~~~~~~
../src/include/test_kem.c:370:28: warning: format '%d' expects argument of type 'int', but argument 4 has type 'u32' {aka 'long unsigned int'} [-Wformat=]
   print_debug(DEBUG_TIMER, "[TEST_KEM] Time taken to process Shake128: %lu.%03lu us (%d ticks)\n", whole, thousandths, readTimer);
                            ^~~~~~~~~~~~~~~~~~~~~~~~~~~~~~~~~~~~~~~~~~~~~~~~~~~~~~~~~~~~~~~~~~~~~~                      ~~~~~~~~~
../src/include/global_def.h:107:11: note: in definition of macro 'print_debug'
    printf(__VA_ARGS__); \
           ^~~~~~~~~~~
../src/include/test_kem.c: In function 'frodo_mul_add_sa_plus_e':
../src/include/test_kem.c:404:28: warning: format '%d' expects argument of type 'int', but argument 4 has type 'u32' {aka 'long unsigned int'} [-Wformat=]
   print_debug(DEBUG_TIMER, "[TEST_KEM] Time taken to process Matrix-SA: %lu.%03lu us (%d ticks)\n", whole, thousandths, readTimer);
                            ^~~~~~~~~~~~~~~~~~~~~~~~~~~~~~~~~~~~~~~~~~~~~~~~~~~~~~~~~~~~~~~~~~~~~~~                      ~~~~~~~~~
../src/include/global_def.h:107:11: note: in definition of macro 'print_debug'
    printf(__VA_ARGS__); \
           ^~~~~~~~~~~
../src/include/test_kem.c:411:28: warning: format '%d' expects argument of type 'int', but argument 4 has type 'u32' {aka 'long unsigned int'} [-Wformat=]
   print_debug(DEBUG_TIMER, "[TEST_KEM] Time taken to process Matrix-SA: %lu.%03lu us (%d ticks)\n", whole, thousandths, readTimer);
                            ^~~~~~~~~~~~~~~~~~~~~~~~~~~~~~~~~~~~~~~~~~~~~~~~~~~~~~~~~~~~~~~~~~~~~~~                      ~~~~~~~~~
../src/include/global_def.h:107:11: note: in definition of macro 'print_debug'
    printf(__VA_ARGS__); \
           ^~~~~~~~~~~
../src/include/test_kem.c: In function 'frodo_mul_add_as_plus_e':
../src/include/test_kem.c:444:28: warning: format '%d' expects argument of type 'int', but argument 4 has type 'u32' {aka 'long unsigned int'} [-Wformat=]
   print_debug(DEBUG_TIMER, "[TEST_KEM] Time taken to process Matrix-AS: %lu.%03lu us (%d ticks)\n", whole, thousandths, readTimer);
                            ^~~~~~~~~~~~~~~~~~~~~~~~~~~~~~~~~~~~~~~~~~~~~~~~~~~~~~~~~~~~~~~~~~~~~~~                      ~~~~~~~~~
../src/include/global_def.h:107:11: note: in definition of macro 'print_debug'
    printf(__VA_ARGS__); \
           ^~~~~~~~~~~
../src/include/test_kem.c:451:28: warning: format '%d' expects argument of type 'int', but argument 4 has type 'u32' {aka 'long unsigned int'} [-Wformat=]
   print_debug(DEBUG_TIMER, "[TEST_KEM] Time taken to process Matrix-AS: %lu.%03lu us (%d ticks)\n", whole, thousandths, readTimer);
                            ^~~~~~~~~~~~~~~~~~~~~~~~~~~~~~~~~~~~~~~~~~~~~~~~~~~~~~~~~~~~~~~~~~~~~~~                      ~~~~~~~~~
../src/include/global_def.h:107:11: note: in definition of macro 'print_debug'
    printf(__VA_ARGS__); \
           ^~~~~~~~~~~
../src/include/test_kem.c: In function 'kem_test':
../src/include/test_kem.c:1043:31: warning: format '%d' expects argument of type 'int', but argument 2 has type 'u32' {aka 'long unsigned int'} [-Wformat=]
   print_debug(DEBUG_TEST_KEM, "\t\t  SHAKE128  \t|\t   %d   \t\t|\t   %u   \t|\t\t\t   %d   \t\t\t|\t   %d   \t\t|\t\t\t\t%d  \t\t\t\t|\t\t\t%lu.%03lu\n", countShake128, readTimerShake128Total, (readTimerShake128Total/countShake128), readTimerShake128Proc, (readTimerShake128Proc/countShake128), wholeShake128HW, thousandthsShake128HW);
                               ^~~~~~~~~~~~~~~~~~~~~~~~~~~~~~~~~~~~~~~~~~~~~~~~~~~~~~~~~~~~~~~~~~~~~~~~~~~~~~~~~~~~~~~~~~~~~~~~~~~~~~~~~~~~~~~~~~~~~~~~~~~  ~~~~~~~~~~~~~
../src/include/global_def.h:107:11: note: in definition of macro 'print_debug'
    printf(__VA_ARGS__); \
           ^~~~~~~~~~~
../src/include/test_kem.c:1043:31: warning: format '%u' expects argument of type 'unsigned int', but argument 3 has type 'u32' {aka 'long unsigned int'} [-Wformat=]
   print_debug(DEBUG_TEST_KEM, "\t\t  SHAKE128  \t|\t   %d   \t\t|\t   %u   \t|\t\t\t   %d   \t\t\t|\t   %d   \t\t|\t\t\t\t%d  \t\t\t\t|\t\t\t%lu.%03lu\n", countShake128, readTimerShake128Total, (readTimerShake128Total/countShake128), readTimerShake128Proc, (readTimerShake128Proc/countShake128), wholeShake128HW, thousandthsShake128HW);
                               ^~~~~~~~~~~~~~~~~~~~~~~~~~~~~~~~~~~~~~~~~~~~~~~~~~~~~~~~~~~~~~~~~~~~~~~~~~~~~~~~~~~~~~~~~~~~~~~~~~~~~~~~~~~~~~~~~~~~~~~~~~~                 ~~~~~~~~~~~~~~~~~~~~~~
../src/include/global_def.h:107:11: note: in definition of macro 'print_debug'
    printf(__VA_ARGS__); \
           ^~~~~~~~~~~
../src/include/test_kem.c:1043:31: warning: format '%d' expects argument of type 'int', but argument 4 has type 'u32' {aka 'long unsigned int'} [-Wformat=]
   print_debug(DEBUG_TEST_KEM, "\t\t  SHAKE128  \t|\t   %d   \t\t|\t   %u   \t|\t\t\t   %d   \t\t\t|\t   %d   \t\t|\t\t\t\t%d  \t\t\t\t|\t\t\t%lu.%03lu\n", countShake128, readTimerShake128Total, (readTimerShake128Total/countShake128), readTimerShake128Proc, (readTimerShake128Proc/countShake128), wholeShake128HW, thousandthsShake128HW);
                               ^~~~~~~~~~~~~~~~~~~~~~~~~~~~~~~~~~~~~~~~~~~~~~~~~~~~~~~~~~~~~~~~~~~~~~~~~~~~~~~~~~~~~~~~~~~~~~~~~~~~~~~~~~~~~~~~~~~~~~~~~~~                                         ~~~~~~~~~~~~~~~~~~~~~~~~~~~~~~~~~~~~~~
../src/include/global_def.h:107:11: note: in definition of macro 'print_debug'
    printf(__VA_ARGS__); \
           ^~~~~~~~~~~
../src/include/test_kem.c:1043:31: warning: format '%d' expects argument of type 'int', but argument 5 has type 'u32' {aka 'long unsigned int'} [-Wformat=]
   print_debug(DEBUG_TEST_KEM, "\t\t  SHAKE128  \t|\t   %d   \t\t|\t   %u   \t|\t\t\t   %d   \t\t\t|\t   %d   \t\t|\t\t\t\t%d  \t\t\t\t|\t\t\t%lu.%03lu\n", countShake128, readTimerShake128Total, (readTimerShake128Total/countShake128), readTimerShake128Proc, (readTimerShake128Proc/countShake128), wholeShake128HW, thousandthsShake128HW);
                               ^~~~~~~~~~~~~~~~~~~~~~~~~~~~~~~~~~~~~~~~~~~~~~~~~~~~~~~~~~~~~~~~~~~~~~~~~~~~~~~~~~~~~~~~~~~~~~~~~~~~~~~~~~~~~~~~~~~~~~~~~~~                                                                                 ~~~~~~~~~~~~~~~~~~~~~
../src/include/global_def.h:107:11: note: in definition of macro 'print_debug'
    printf(__VA_ARGS__); \
           ^~~~~~~~~~~
../src/include/test_kem.c:1043:31: warning: format '%d' expects argument of type 'int', but argument 6 has type 'u32' {aka 'long unsigned int'} [-Wformat=]
   print_debug(DEBUG_TEST_KEM, "\t\t  SHAKE128  \t|\t   %d   \t\t|\t   %u   \t|\t\t\t   %d   \t\t\t|\t   %d   \t\t|\t\t\t\t%d  \t\t\t\t|\t\t\t%lu.%03lu\n", countShake128, readTimerShake128Total, (readTimerShake128Total/countShake128), readTimerShake128Proc, (readTimerShake128Proc/countShake128), wholeShake128HW, thousandthsShake128HW);
                               ^~~~~~~~~~~~~~~~~~~~~~~~~~~~~~~~~~~~~~~~~~~~~~~~~~~~~~~~~~~~~~~~~~~~~~~~~~~~~~~~~~~~~~~~~~~~~~~~~~~~~~~~~~~~~~~~~~~~~~~~~~~                                                                                                        ~~~~~~~~~~~~~~~~~~~~~~~~~~~~~~~~~~~~~
../src/include/global_def.h:107:11: note: in definition of macro 'print_debug'
    printf(__VA_ARGS__); \
           ^~~~~~~~~~~
../src/include/test_kem.c:1045:31: warning: format '%d' expects argument of type 'int', but argument 2 has type 'u32' {aka 'long unsigned int'} [-Wformat=]
   print_debug(DEBUG_TEST_KEM, "\t\t Matrix SA\t\t|\t\t   %d   \t\t\t|\t   %u   \t|\t\t   %d   \t\t|\t   %d   \t\t|\t\t\t%d  \t\t\t|\t\t\t%lu.%03lu\n", countMatrixSa, readTimerMatrixSaTotal, (readTimerMatrixSaTotal/countMatrixSa), readTimerMatrixSaProc, (readTimerMatrixSaProc/countMatrixSa), wholeMatrixSaHW, thousandthsMatrixSaHW);
                               ^~~~~~~~~~~~~~~~~~~~~~~~~~~~~~~~~~~~~~~~~~~~~~~~~~~~~~~~~~~~~~~~~~~~~~~~~~~~~~~~~~~~~~~~~~~~~~~~~~~~~~~~~~~~~~~~~~~~~~~  ~~~~~~~~~~~~~
../src/include/global_def.h:107:11: note: in definition of macro 'print_debug'
    printf(__VA_ARGS__); \
           ^~~~~~~~~~~
../src/include/test_kem.c:1045:31: warning: format '%u' expects argument of type 'unsigned int', but argument 3 has type 'u32' {aka 'long unsigned int'} [-Wformat=]
   print_debug(DEBUG_TEST_KEM, "\t\t Matrix SA\t\t|\t\t   %d   \t\t\t|\t   %u   \t|\t\t   %d   \t\t|\t   %d   \t\t|\t\t\t%d  \t\t\t|\t\t\t%lu.%03lu\n", countMatrixSa, readTimerMatrixSaTotal, (readTimerMatrixSaTotal/countMatrixSa), readTimerMatrixSaProc, (readTimerMatrixSaProc/countMatrixSa), wholeMatrixSaHW, thousandthsMatrixSaHW);
                               ^~~~~~~~~~~~~~~~~~~~~~~~~~~~~~~~~~~~~~~~~~~~~~~~~~~~~~~~~~~~~~~~~~~~~~~~~~~~~~~~~~~~~~~~~~~~~~~~~~~~~~~~~~~~~~~~~~~~~~~                 ~~~~~~~~~~~~~~~~~~~~~~
../src/include/global_def.h:107:11: note: in definition of macro 'print_debug'
    printf(__VA_ARGS__); \
           ^~~~~~~~~~~
../src/include/test_kem.c:1045:31: warning: format '%d' expects argument of type 'int', but argument 4 has type 'u32' {aka 'long unsigned int'} [-Wformat=]
   print_debug(DEBUG_TEST_KEM, "\t\t Matrix SA\t\t|\t\t   %d   \t\t\t|\t   %u   \t|\t\t   %d   \t\t|\t   %d   \t\t|\t\t\t%d  \t\t\t|\t\t\t%lu.%03lu\n", countMatrixSa, readTimerMatrixSaTotal, (readTimerMatrixSaTotal/countMatrixSa), readTimerMatrixSaProc, (readTimerMatrixSaProc/countMatrixSa), wholeMatrixSaHW, thousandthsMatrixSaHW);
                               ^~~~~~~~~~~~~~~~~~~~~~~~~~~~~~~~~~~~~~~~~~~~~~~~~~~~~~~~~~~~~~~~~~~~~~~~~~~~~~~~~~~~~~~~~~~~~~~~~~~~~~~~~~~~~~~~~~~~~~~                                         ~~~~~~~~~~~~~~~~~~~~~~~~~~~~~~~~~~~~~~
../src/include/global_def.h:107:11: note: in definition of macro 'print_debug'
    printf(__VA_ARGS__); \
           ^~~~~~~~~~~
../src/include/test_kem.c:1045:31: warning: format '%d' expects argument of type 'int', but argument 5 has type 'u32' {aka 'long unsigned int'} [-Wformat=]
   print_debug(DEBUG_TEST_KEM, "\t\t Matrix SA\t\t|\t\t   %d   \t\t\t|\t   %u   \t|\t\t   %d   \t\t|\t   %d   \t\t|\t\t\t%d  \t\t\t|\t\t\t%lu.%03lu\n", countMatrixSa, readTimerMatrixSaTotal, (readTimerMatrixSaTotal/countMatrixSa), readTimerMatrixSaProc, (readTimerMatrixSaProc/countMatrixSa), wholeMatrixSaHW, thousandthsMatrixSaHW);
                               ^~~~~~~~~~~~~~~~~~~~~~~~~~~~~~~~~~~~~~~~~~~~~~~~~~~~~~~~~~~~~~~~~~~~~~~~~~~~~~~~~~~~~~~~~~~~~~~~~~~~~~~~~~~~~~~~~~~~~~~                                                                                 ~~~~~~~~~~~~~~~~~~~~~
../src/include/global_def.h:107:11: note: in definition of macro 'print_debug'
    printf(__VA_ARGS__); \
           ^~~~~~~~~~~
../src/include/test_kem.c:1045:31: warning: format '%d' expects argument of type 'int', but argument 6 has type 'u32' {aka 'long unsigned int'} [-Wformat=]
   print_debug(DEBUG_TEST_KEM, "\t\t Matrix SA\t\t|\t\t   %d   \t\t\t|\t   %u   \t|\t\t   %d   \t\t|\t   %d   \t\t|\t\t\t%d  \t\t\t|\t\t\t%lu.%03lu\n", countMatrixSa, readTimerMatrixSaTotal, (readTimerMatrixSaTotal/countMatrixSa), readTimerMatrixSaProc, (readTimerMatrixSaProc/countMatrixSa), wholeMatrixSaHW, thousandthsMatrixSaHW);
                               ^~~~~~~~~~~~~~~~~~~~~~~~~~~~~~~~~~~~~~~~~~~~~~~~~~~~~~~~~~~~~~~~~~~~~~~~~~~~~~~~~~~~~~~~~~~~~~~~~~~~~~~~~~~~~~~~~~~~~~~                                                                                                        ~~~~~~~~~~~~~~~~~~~~~~~~~~~~~~~~~~~~~
../src/include/global_def.h:107:11: note: in definition of macro 'print_debug'
    printf(__VA_ARGS__); \
           ^~~~~~~~~~~
../src/include/test_kem.c:1047:31: warning: format '%d' expects argument of type 'int', but argument 2 has type 'u32' {aka 'long unsigned int'} [-Wformat=]
   print_debug(DEBUG_TEST_KEM, "\t\t Matrix AS\t\t|\t\t   %d   \t\t\t|\t   %u   \t|\t\t   %d   \t\t|\t   %d   \t\t|\t\t\t%d  \t\t\t|\t\t\t%lu.%03lu\n", countMatrixAs, readTimerMatrixAsTotal, (readTimerMatrixAsTotal/countMatrixAs), readTimerMatrixAsProc, (readTimerMatrixAsProc/countMatrixAs), wholeMatrixAsHW, thousandthsMatrixAsHW);
                               ^~~~~~~~~~~~~~~~~~~~~~~~~~~~~~~~~~~~~~~~~~~~~~~~~~~~~~~~~~~~~~~~~~~~~~~~~~~~~~~~~~~~~~~~~~~~~~~~~~~~~~~~~~~~~~~~~~~~~~~  ~~~~~~~~~~~~~
../src/include/global_def.h:107:11: note: in definition of macro 'print_debug'
    printf(__VA_ARGS__); \
           ^~~~~~~~~~~
../src/include/test_kem.c:1047:31: warning: format '%u' expects argument of type 'unsigned int', but argument 3 has type 'u32' {aka 'long unsigned int'} [-Wformat=]
   print_debug(DEBUG_TEST_KEM, "\t\t Matrix AS\t\t|\t\t   %d   \t\t\t|\t   %u   \t|\t\t   %d   \t\t|\t   %d   \t\t|\t\t\t%d  \t\t\t|\t\t\t%lu.%03lu\n", countMatrixAs, readTimerMatrixAsTotal, (readTimerMatrixAsTotal/countMatrixAs), readTimerMatrixAsProc, (readTimerMatrixAsProc/countMatrixAs), wholeMatrixAsHW, thousandthsMatrixAsHW);
                               ^~~~~~~~~~~~~~~~~~~~~~~~~~~~~~~~~~~~~~~~~~~~~~~~~~~~~~~~~~~~~~~~~~~~~~~~~~~~~~~~~~~~~~~~~~~~~~~~~~~~~~~~~~~~~~~~~~~~~~~                 ~~~~~~~~~~~~~~~~~~~~~~
../src/include/global_def.h:107:11: note: in definition of macro 'print_debug'
    printf(__VA_ARGS__); \
           ^~~~~~~~~~~
../src/include/test_kem.c:1047:31: warning: format '%d' expects argument of type 'int', but argument 4 has type 'u32' {aka 'long unsigned int'} [-Wformat=]
   print_debug(DEBUG_TEST_KEM, "\t\t Matrix AS\t\t|\t\t   %d   \t\t\t|\t   %u   \t|\t\t   %d   \t\t|\t   %d   \t\t|\t\t\t%d  \t\t\t|\t\t\t%lu.%03lu\n", countMatrixAs, readTimerMatrixAsTotal, (readTimerMatrixAsTotal/countMatrixAs), readTimerMatrixAsProc, (readTimerMatrixAsProc/countMatrixAs), wholeMatrixAsHW, thousandthsMatrixAsHW);
                               ^~~~~~~~~~~~~~~~~~~~~~~~~~~~~~~~~~~~~~~~~~~~~~~~~~~~~~~~~~~~~~~~~~~~~~~~~~~~~~~~~~~~~~~~~~~~~~~~~~~~~~~~~~~~~~~~~~~~~~~                                         ~~~~~~~~~~~~~~~~~~~~~~~~~~~~~~~~~~~~~~
../src/include/global_def.h:107:11: note: in definition of macro 'print_debug'
    printf(__VA_ARGS__); \
           ^~~~~~~~~~~
../src/include/test_kem.c:1047:31: warning: format '%d' expects argument of type 'int', but argument 5 has type 'u32' {aka 'long unsigned int'} [-Wformat=]
   print_debug(DEBUG_TEST_KEM, "\t\t Matrix AS\t\t|\t\t   %d   \t\t\t|\t   %u   \t|\t\t   %d   \t\t|\t   %d   \t\t|\t\t\t%d  \t\t\t|\t\t\t%lu.%03lu\n", countMatrixAs, readTimerMatrixAsTotal, (readTimerMatrixAsTotal/countMatrixAs), readTimerMatrixAsProc, (readTimerMatrixAsProc/countMatrixAs), wholeMatrixAsHW, thousandthsMatrixAsHW);
                               ^~~~~~~~~~~~~~~~~~~~~~~~~~~~~~~~~~~~~~~~~~~~~~~~~~~~~~~~~~~~~~~~~~~~~~~~~~~~~~~~~~~~~~~~~~~~~~~~~~~~~~~~~~~~~~~~~~~~~~~                                                                                 ~~~~~~~~~~~~~~~~~~~~~
../src/include/global_def.h:107:11: note: in definition of macro 'print_debug'
    printf(__VA_ARGS__); \
           ^~~~~~~~~~~
../src/include/test_kem.c:1047:31: warning: format '%d' expects argument of type 'int', but argument 6 has type 'u32' {aka 'long unsigned int'} [-Wformat=]
   print_debug(DEBUG_TEST_KEM, "\t\t Matrix AS\t\t|\t\t   %d   \t\t\t|\t   %u   \t|\t\t   %d   \t\t|\t   %d   \t\t|\t\t\t%d  \t\t\t|\t\t\t%lu.%03lu\n", countMatrixAs, readTimerMatrixAsTotal, (readTimerMatrixAsTotal/countMatrixAs), readTimerMatrixAsProc, (readTimerMatrixAsProc/countMatrixAs), wholeMatrixAsHW, thousandthsMatrixAsHW);
                               ^~~~~~~~~~~~~~~~~~~~~~~~~~~~~~~~~~~~~~~~~~~~~~~~~~~~~~~~~~~~~~~~~~~~~~~~~~~~~~~~~~~~~~~~~~~~~~~~~~~~~~~~~~~~~~~~~~~~~~~                                                                                                        ~~~~~~~~~~~~~~~~~~~~~~~~~~~~~~~~~~~~~
../src/include/global_def.h:107:11: note: in definition of macro 'print_debug'
    printf(__VA_ARGS__); \
           ^~~~~~~~~~~
Finished building: ../src/include/test_kem.c
 
Building target: frodo_sdk.elf
Invoking: ARM v7 gcc linker
arm-none-eabi-gcc -mcpu=cortex-a9 -mfpu=vfpv3 -mfloat-abi=hard -Wl,-build-id=none -specs=Xilinx.spec -Wl,-T -Wl,../src/lscript.ld -L../../frodo_sdk_bsp/ps7_cortexa9_0/lib -o "frodo_sdk.elf"  ./src/include/fips202.o ./src/include/frodo_macrify.o ./src/include/keccak_f1600.o ./src/include/kem.o ./src/include/noise.o ./src/include/random.o ./src/include/test_KEM640.o ./src/include/test_kem.o ./src/include/util.o  ./src/main.o ./src/platform.o   -Wl,--start-group,-lxil,-lgcc,-lc,--end-group
Finished building target: frodo_sdk.elf
 
Invoking: ARM v7 Print Size
arm-none-eabi-size frodo_sdk.elf  |tee "frodo_sdk.elf.size"
   text	   data	    bss	    dec	    hex	filename
 125192	   2776	2104464	2232432	 221070	frodo_sdk.elf
Finished building: frodo_sdk.elf.size
 
