20:28:16 **** Incremental Build of configuration Debug for project frodo_sdk ****
make pre-build main-build 
a9-linaro-pre-build-step
' '
'Building file: ../src/include/test_kem.c'
'Invoking: ARM v7 gcc compiler'
arm-none-eabi-gcc -Wall -O0 -g3 -c -fmessage-length=0 -MT"src/include/test_kem.o" -mcpu=cortex-a9 -mfpu=vfpv3 -mfloat-abi=hard -I../../frodo_sdk_bsp/ps7_cortexa9_0/include -MMD -MP -MF"src/include/test_kem.d" -MT"src/include/test_kem.o" -o "src/include/test_kem.o" "../src/include/test_kem.c"
../src/include/test_kem.c: In function 'kem_test':
../src/include/test_kem.c:134:79: warning: unused variable 't_total_hw_mm' [-Wunused-variable]
  volatile unsigned int t_keypair_hw_mm = 0, t_enc_hw_mm = 0, t_dec_hw_mm = 0, t_total_hw_mm = 0;
                                                                               ^~~~~~~~~~~~~
../src/include/test_kem.c:134:62: warning: unused variable 't_dec_hw_mm' [-Wunused-variable]
  volatile unsigned int t_keypair_hw_mm = 0, t_enc_hw_mm = 0, t_dec_hw_mm = 0, t_total_hw_mm = 0;
                                                              ^~~~~~~~~~~
../src/include/test_kem.c:134:45: warning: unused variable 't_enc_hw_mm' [-Wunused-variable]
  volatile unsigned int t_keypair_hw_mm = 0, t_enc_hw_mm = 0, t_dec_hw_mm = 0, t_total_hw_mm = 0;
                                             ^~~~~~~~~~~
../src/include/test_kem.c:134:24: warning: unused variable 't_keypair_hw_mm' [-Wunused-variable]
  volatile unsigned int t_keypair_hw_mm = 0, t_enc_hw_mm = 0, t_dec_hw_mm = 0, t_total_hw_mm = 0;
                        ^~~~~~~~~~~~~~~
../src/include/test_kem.c:133:70: warning: unused variable 't_total_hw' [-Wunused-variable]
  volatile unsigned int t_keypair_hw = 0, t_enc_hw = 0, t_dec_hw = 0, t_total_hw = 0;
                                                                      ^~~~~~~~~~
../src/include/test_kem.c:133:56: warning: unused variable 't_dec_hw' [-Wunused-variable]
  volatile unsigned int t_keypair_hw = 0, t_enc_hw = 0, t_dec_hw = 0, t_total_hw = 0;
                                                        ^~~~~~~~
../src/include/test_kem.c:133:42: warning: unused variable 't_enc_hw' [-Wunused-variable]
  volatile unsigned int t_keypair_hw = 0, t_enc_hw = 0, t_dec_hw = 0, t_total_hw = 0;
                                          ^~~~~~~~
../src/include/test_kem.c:133:24: warning: unused variable 't_keypair_hw' [-Wunused-variable]
  volatile unsigned int t_keypair_hw = 0, t_enc_hw = 0, t_dec_hw = 0, t_total_hw = 0;
                        ^~~~~~~~~~~~
../src/include/test_kem.c:132:70: warning: unused variable 't_total_sw' [-Wunused-variable]
  volatile unsigned int t_keypair_sw = 0, t_enc_sw = 0, t_dec_sw = 0, t_total_sw = 0;
                                                                      ^~~~~~~~~~
../src/include/test_kem.c:132:56: warning: unused variable 't_dec_sw' [-Wunused-variable]
  volatile unsigned int t_keypair_sw = 0, t_enc_sw = 0, t_dec_sw = 0, t_total_sw = 0;
                                                        ^~~~~~~~
../src/include/test_kem.c:132:42: warning: unused variable 't_enc_sw' [-Wunused-variable]
  volatile unsigned int t_keypair_sw = 0, t_enc_sw = 0, t_dec_sw = 0, t_total_sw = 0;
                                          ^~~~~~~~
../src/include/test_kem.c:132:24: warning: unused variable 't_keypair_sw' [-Wunused-variable]
  volatile unsigned int t_keypair_sw = 0, t_enc_sw = 0, t_dec_sw = 0, t_total_sw = 0;
                        ^~~~~~~~~~~~
'Finished building: ../src/include/test_kem.c'
' '
'Building target: frodo_sdk.elf'
'Invoking: ARM v7 gcc linker'
arm-none-eabi-gcc -mcpu=cortex-a9 -mfpu=vfpv3 -mfloat-abi=hard -Wl,-build-id=none -specs=Xilinx.spec -Wl,-T -Wl,../src/lscript.ld -L../../frodo_sdk_bsp/ps7_cortexa9_0/lib -o "frodo_sdk.elf"  ./src/include/fips202.o ./src/include/frodo_macrify.o ./src/include/keccak_f1600.o ./src/include/kem.o ./src/include/noise.o ./src/include/random.o ./src/include/test_KEM640.o ./src/include/test_kem.o ./src/include/util.o  ./src/main.o ./src/platform.o   -Wl,--start-group,-lxil,-lgcc,-lc,--end-group
'Finished building target: frodo_sdk.elf'
' '
'Invoking: ARM v7 Print Size'
arm-none-eabi-size frodo_sdk.elf  |tee "frodo_sdk.elf.size"
   text	   data	    bss	    dec	    hex	filename
 113984	   2728	 138256	 254968	  3e3f8	frodo_sdk.elf
'Finished building: frodo_sdk.elf.size'
' '
20:29:20 **** Incremental Build of configuration Debug for project frodo_sdk ****
make pre-build main-build 
a9-linaro-pre-build-step
' '
make: Nothing to be done for 'main-build'.
