23:31:22 **** Incremental Build of configuration Debug for project frodo_sdk ****
make pre-build main-build 
a9-linaro-pre-build-step
' '
'Building file: ../src/include/test_kem.c'
'Invoking: ARM v7 gcc compiler'
arm-none-eabi-gcc -Wall -O0 -g3 -c -fmessage-length=0 -MT"src/include/test_kem.o" -mcpu=cortex-a9 -mfpu=vfpv3 -mfloat-abi=hard -I../../frodo_sdk_bsp/ps7_cortexa9_0/include -MMD -MP -MF"src/include/test_kem.d" -MT"src/include/test_kem.o" -o "src/include/test_kem.o" "../src/include/test_kem.c"
'Finished building: ../src/include/test_kem.c'
' '
'Building target: frodo_sdk.elf'
'Invoking: ARM v7 gcc linker'
arm-none-eabi-gcc -mcpu=cortex-a9 -mfpu=vfpv3 -mfloat-abi=hard -Wl,-build-id=none -specs=Xilinx.spec -Wl,-T -Wl,../src/lscript.ld -L../../frodo_sdk_bsp/ps7_cortexa9_0/lib -o "frodo_sdk.elf"  ./src/include/fips202.o ./src/include/frodo_macrify.o ./src/include/keccak_f1600.o ./src/include/kem.o ./src/include/noise.o ./src/include/random.o ./src/include/test_KEM640.o ./src/include/test_kem.o ./src/include/util.o  ./src/main.o ./src/platform.o   -Wl,--start-group,-lxil,-lgcc,-lc,--end-group
'Finished building target: frodo_sdk.elf'
' '
'Invoking: ARM v7 Print Size'
arm-none-eabi-size frodo_sdk.elf  |tee "frodo_sdk.elf.size"
   text	   data	    bss	    dec	    hex	filename
 107916	   2680	 138208	 248804	  3cbe4	frodo_sdk.elf
'Finished building: frodo_sdk.elf.size'
' '
23:31:30 **** Incremental Build of configuration Debug for project frodo_sdk ****
make pre-build main-build 
a9-linaro-pre-build-step
' '
make: Nothing to be done for 'main-build'.
23:33:34 **** Incremental Build of configuration Debug for project frodo_sdk ****
make pre-build main-build 
a9-linaro-pre-build-step
' '
'Building file: ../src/include/test_kem.c'
'Invoking: ARM v7 gcc compiler'
arm-none-eabi-gcc -Wall -O0 -g3 -c -fmessage-length=0 -MT"src/include/test_kem.o" -mcpu=cortex-a9 -mfpu=vfpv3 -mfloat-abi=hard -I../../frodo_sdk_bsp/ps7_cortexa9_0/include -MMD -MP -MF"src/include/test_kem.d" -MT"src/include/test_kem.o" -o "src/include/test_kem.o" "../src/include/test_kem.c"
'Finished building: ../src/include/test_kem.c'
' '
'Building target: frodo_sdk.elf'
'Invoking: ARM v7 gcc linker'
arm-none-eabi-gcc -mcpu=cortex-a9 -mfpu=vfpv3 -mfloat-abi=hard -Wl,-build-id=none -specs=Xilinx.spec -Wl,-T -Wl,../src/lscript.ld -L../../frodo_sdk_bsp/ps7_cortexa9_0/lib -o "frodo_sdk.elf"  ./src/include/fips202.o ./src/include/frodo_macrify.o ./src/include/keccak_f1600.o ./src/include/kem.o ./src/include/noise.o ./src/include/random.o ./src/include/test_KEM640.o ./src/include/test_kem.o ./src/include/util.o  ./src/main.o ./src/platform.o   -Wl,--start-group,-lxil,-lgcc,-lc,--end-group
'Finished building target: frodo_sdk.elf'
' '
'Invoking: ARM v7 Print Size'
arm-none-eabi-size frodo_sdk.elf  |tee "frodo_sdk.elf.size"
   text	   data	    bss	    dec	    hex	filename
 108104	   2680	 138208	 248992	  3cca0	frodo_sdk.elf
'Finished building: frodo_sdk.elf.size'
' '
23:33:46 **** Incremental Build of configuration Debug for project frodo_sdk ****
make pre-build main-build 
a9-linaro-pre-build-step
' '
make: Nothing to be done for 'main-build'.
23:35:16 **** Incremental Build of configuration Debug for project frodo_sdk ****
make pre-build main-build 
a9-linaro-pre-build-step
' '
'Building file: ../src/include/test_kem.c'
'Invoking: ARM v7 gcc compiler'
arm-none-eabi-gcc -Wall -O0 -g3 -c -fmessage-length=0 -MT"src/include/test_kem.o" -mcpu=cortex-a9 -mfpu=vfpv3 -mfloat-abi=hard -I../../frodo_sdk_bsp/ps7_cortexa9_0/include -MMD -MP -MF"src/include/test_kem.d" -MT"src/include/test_kem.o" -o "src/include/test_kem.o" "../src/include/test_kem.c"
'Finished building: ../src/include/test_kem.c'
' '
'Building target: frodo_sdk.elf'
'Invoking: ARM v7 gcc linker'
arm-none-eabi-gcc -mcpu=cortex-a9 -mfpu=vfpv3 -mfloat-abi=hard -Wl,-build-id=none -specs=Xilinx.spec -Wl,-T -Wl,../src/lscript.ld -L../../frodo_sdk_bsp/ps7_cortexa9_0/lib -o "frodo_sdk.elf"  ./src/include/fips202.o ./src/include/frodo_macrify.o ./src/include/keccak_f1600.o ./src/include/kem.o ./src/include/noise.o ./src/include/random.o ./src/include/test_KEM640.o ./src/include/test_kem.o ./src/include/util.o  ./src/main.o ./src/platform.o   -Wl,--start-group,-lxil,-lgcc,-lc,--end-group
'Finished building target: frodo_sdk.elf'
' '
'Invoking: ARM v7 Print Size'
arm-none-eabi-size frodo_sdk.elf  |tee "frodo_sdk.elf.size"
   text	   data	    bss	    dec	    hex	filename
 108088	   2680	 138208	 248976	  3cc90	frodo_sdk.elf
'Finished building: frodo_sdk.elf.size'
' '
23:35:35 **** Incremental Build of configuration Debug for project frodo_sdk ****
make pre-build main-build 
a9-linaro-pre-build-step
' '
make: Nothing to be done for 'main-build'.
23:36:38 **** Incremental Build of configuration Debug for project frodo_sdk ****
make pre-build main-build 
a9-linaro-pre-build-step
' '
'Building file: ../src/include/test_kem.c'
'Invoking: ARM v7 gcc compiler'
arm-none-eabi-gcc -Wall -O0 -g3 -c -fmessage-length=0 -MT"src/include/test_kem.o" -mcpu=cortex-a9 -mfpu=vfpv3 -mfloat-abi=hard -I../../frodo_sdk_bsp/ps7_cortexa9_0/include -MMD -MP -MF"src/include/test_kem.d" -MT"src/include/test_kem.o" -o "src/include/test_kem.o" "../src/include/test_kem.c"
'Finished building: ../src/include/test_kem.c'
' '
'Building target: frodo_sdk.elf'
'Invoking: ARM v7 gcc linker'
arm-none-eabi-gcc -mcpu=cortex-a9 -mfpu=vfpv3 -mfloat-abi=hard -Wl,-build-id=none -specs=Xilinx.spec -Wl,-T -Wl,../src/lscript.ld -L../../frodo_sdk_bsp/ps7_cortexa9_0/lib -o "frodo_sdk.elf"  ./src/include/fips202.o ./src/include/frodo_macrify.o ./src/include/keccak_f1600.o ./src/include/kem.o ./src/include/noise.o ./src/include/random.o ./src/include/test_KEM640.o ./src/include/test_kem.o ./src/include/util.o  ./src/main.o ./src/platform.o   -Wl,--start-group,-lxil,-lgcc,-lc,--end-group
'Finished building target: frodo_sdk.elf'
' '
'Invoking: ARM v7 Print Size'
arm-none-eabi-size frodo_sdk.elf  |tee "frodo_sdk.elf.size"
   text	   data	    bss	    dec	    hex	filename
 108152	   2680	 138208	 249040	  3ccd0	frodo_sdk.elf
'Finished building: frodo_sdk.elf.size'
' '
23:36:59 **** Incremental Build of configuration Debug for project frodo_sdk ****
make pre-build main-build 
a9-linaro-pre-build-step
' '
make: Nothing to be done for 'main-build'.
23:38:02 **** Incremental Build of configuration Debug for project frodo_sdk ****
make pre-build main-build 
a9-linaro-pre-build-step
' '
'Building file: ../src/include/test_kem.c'
'Invoking: ARM v7 gcc compiler'
arm-none-eabi-gcc -Wall -O0 -g3 -c -fmessage-length=0 -MT"src/include/test_kem.o" -mcpu=cortex-a9 -mfpu=vfpv3 -mfloat-abi=hard -I../../frodo_sdk_bsp/ps7_cortexa9_0/include -MMD -MP -MF"src/include/test_kem.d" -MT"src/include/test_kem.o" -o "src/include/test_kem.o" "../src/include/test_kem.c"
'Finished building: ../src/include/test_kem.c'
' '
'Building target: frodo_sdk.elf'
'Invoking: ARM v7 gcc linker'
arm-none-eabi-gcc -mcpu=cortex-a9 -mfpu=vfpv3 -mfloat-abi=hard -Wl,-build-id=none -specs=Xilinx.spec -Wl,-T -Wl,../src/lscript.ld -L../../frodo_sdk_bsp/ps7_cortexa9_0/lib -o "frodo_sdk.elf"  ./src/include/fips202.o ./src/include/frodo_macrify.o ./src/include/keccak_f1600.o ./src/include/kem.o ./src/include/noise.o ./src/include/random.o ./src/include/test_KEM640.o ./src/include/test_kem.o ./src/include/util.o  ./src/main.o ./src/platform.o   -Wl,--start-group,-lxil,-lgcc,-lc,--end-group
'Finished building target: frodo_sdk.elf'
' '
'Invoking: ARM v7 Print Size'
arm-none-eabi-size frodo_sdk.elf  |tee "frodo_sdk.elf.size"
   text	   data	    bss	    dec	    hex	filename
 108152	   2680	 138208	 249040	  3ccd0	frodo_sdk.elf
'Finished building: frodo_sdk.elf.size'
' '
23:38:06 **** Incremental Build of configuration Debug for project frodo_sdk ****
make pre-build main-build 
a9-linaro-pre-build-step
' '
make: Nothing to be done for 'main-build'.
23:38:55 **** Incremental Build of configuration Debug for project frodo_sdk ****
make pre-build main-build 
a9-linaro-pre-build-step
' '
'Building file: ../src/include/test_kem.c'
'Invoking: ARM v7 gcc compiler'
arm-none-eabi-gcc -Wall -O0 -g3 -c -fmessage-length=0 -MT"src/include/test_kem.o" -mcpu=cortex-a9 -mfpu=vfpv3 -mfloat-abi=hard -I../../frodo_sdk_bsp/ps7_cortexa9_0/include -MMD -MP -MF"src/include/test_kem.d" -MT"src/include/test_kem.o" -o "src/include/test_kem.o" "../src/include/test_kem.c"
'Finished building: ../src/include/test_kem.c'
' '
'Building target: frodo_sdk.elf'
'Invoking: ARM v7 gcc linker'
arm-none-eabi-gcc -mcpu=cortex-a9 -mfpu=vfpv3 -mfloat-abi=hard -Wl,-build-id=none -specs=Xilinx.spec -Wl,-T -Wl,../src/lscript.ld -L../../frodo_sdk_bsp/ps7_cortexa9_0/lib -o "frodo_sdk.elf"  ./src/include/fips202.o ./src/include/frodo_macrify.o ./src/include/keccak_f1600.o ./src/include/kem.o ./src/include/noise.o ./src/include/random.o ./src/include/test_KEM640.o ./src/include/test_kem.o ./src/include/util.o  ./src/main.o ./src/platform.o   -Wl,--start-group,-lxil,-lgcc,-lc,--end-group
'Finished building target: frodo_sdk.elf'
' '
'Invoking: ARM v7 Print Size'
arm-none-eabi-size frodo_sdk.elf  |tee "frodo_sdk.elf.size"
   text	   data	    bss	    dec	    hex	filename
 108160	   2680	 138208	 249048	  3ccd8	frodo_sdk.elf
'Finished building: frodo_sdk.elf.size'
' '
23:39:08 **** Incremental Build of configuration Debug for project frodo_sdk ****
make pre-build main-build 
a9-linaro-pre-build-step
' '
make: Nothing to be done for 'main-build'.
23:41:00 **** Incremental Build of configuration Debug for project frodo_sdk ****
make pre-build main-build 
a9-linaro-pre-build-step
' '
'Building file: ../src/include/test_kem.c'
'Invoking: ARM v7 gcc compiler'
arm-none-eabi-gcc -Wall -O0 -g3 -c -fmessage-length=0 -MT"src/include/test_kem.o" -mcpu=cortex-a9 -mfpu=vfpv3 -mfloat-abi=hard -I../../frodo_sdk_bsp/ps7_cortexa9_0/include -MMD -MP -MF"src/include/test_kem.d" -MT"src/include/test_kem.o" -o "src/include/test_kem.o" "../src/include/test_kem.c"
'Finished building: ../src/include/test_kem.c'
' '
'Building target: frodo_sdk.elf'
'Invoking: ARM v7 gcc linker'
arm-none-eabi-gcc -mcpu=cortex-a9 -mfpu=vfpv3 -mfloat-abi=hard -Wl,-build-id=none -specs=Xilinx.spec -Wl,-T -Wl,../src/lscript.ld -L../../frodo_sdk_bsp/ps7_cortexa9_0/lib -o "frodo_sdk.elf"  ./src/include/fips202.o ./src/include/frodo_macrify.o ./src/include/keccak_f1600.o ./src/include/kem.o ./src/include/noise.o ./src/include/random.o ./src/include/test_KEM640.o ./src/include/test_kem.o ./src/include/util.o  ./src/main.o ./src/platform.o   -Wl,--start-group,-lxil,-lgcc,-lc,--end-group
'Finished building target: frodo_sdk.elf'
' '
'Invoking: ARM v7 Print Size'
arm-none-eabi-size frodo_sdk.elf  |tee "frodo_sdk.elf.size"
   text	   data	    bss	    dec	    hex	filename
 108168	   2680	 138208	 249056	  3cce0	frodo_sdk.elf
'Finished building: frodo_sdk.elf.size'
' '
23:41:08 **** Incremental Build of configuration Debug for project frodo_sdk ****
make pre-build main-build 
a9-linaro-pre-build-step
' '
make: Nothing to be done for 'main-build'.
23:42:44 **** Incremental Build of configuration Debug for project frodo_sdk ****
make pre-build main-build 
a9-linaro-pre-build-step
' '
'Building file: ../src/include/test_kem.c'
'Invoking: ARM v7 gcc compiler'
arm-none-eabi-gcc -Wall -O0 -g3 -c -fmessage-length=0 -MT"src/include/test_kem.o" -mcpu=cortex-a9 -mfpu=vfpv3 -mfloat-abi=hard -I../../frodo_sdk_bsp/ps7_cortexa9_0/include -MMD -MP -MF"src/include/test_kem.d" -MT"src/include/test_kem.o" -o "src/include/test_kem.o" "../src/include/test_kem.c"
'Finished building: ../src/include/test_kem.c'
' '
'Building target: frodo_sdk.elf'
'Invoking: ARM v7 gcc linker'
arm-none-eabi-gcc -mcpu=cortex-a9 -mfpu=vfpv3 -mfloat-abi=hard -Wl,-build-id=none -specs=Xilinx.spec -Wl,-T -Wl,../src/lscript.ld -L../../frodo_sdk_bsp/ps7_cortexa9_0/lib -o "frodo_sdk.elf"  ./src/include/fips202.o ./src/include/frodo_macrify.o ./src/include/keccak_f1600.o ./src/include/kem.o ./src/include/noise.o ./src/include/random.o ./src/include/test_KEM640.o ./src/include/test_kem.o ./src/include/util.o  ./src/main.o ./src/platform.o   -Wl,--start-group,-lxil,-lgcc,-lc,--end-group
'Finished building target: frodo_sdk.elf'
' '
'Invoking: ARM v7 Print Size'
arm-none-eabi-size frodo_sdk.elf  |tee "frodo_sdk.elf.size"
   text	   data	    bss	    dec	    hex	filename
 108152	   2680	 138208	 249040	  3ccd0	frodo_sdk.elf
'Finished building: frodo_sdk.elf.size'
' '
23:42:52 **** Incremental Build of configuration Debug for project frodo_sdk ****
make pre-build main-build 
a9-linaro-pre-build-step
' '
make: Nothing to be done for 'main-build'.
23:43:53 **** Incremental Build of configuration Debug for project frodo_sdk ****
make pre-build main-build 
a9-linaro-pre-build-step
' '
'Building file: ../src/include/test_kem.c'
'Invoking: ARM v7 gcc compiler'
arm-none-eabi-gcc -Wall -O0 -g3 -c -fmessage-length=0 -MT"src/include/test_kem.o" -mcpu=cortex-a9 -mfpu=vfpv3 -mfloat-abi=hard -I../../frodo_sdk_bsp/ps7_cortexa9_0/include -MMD -MP -MF"src/include/test_kem.d" -MT"src/include/test_kem.o" -o "src/include/test_kem.o" "../src/include/test_kem.c"
'Finished building: ../src/include/test_kem.c'
' '
'Building target: frodo_sdk.elf'
'Invoking: ARM v7 gcc linker'
arm-none-eabi-gcc -mcpu=cortex-a9 -mfpu=vfpv3 -mfloat-abi=hard -Wl,-build-id=none -specs=Xilinx.spec -Wl,-T -Wl,../src/lscript.ld -L../../frodo_sdk_bsp/ps7_cortexa9_0/lib -o "frodo_sdk.elf"  ./src/include/fips202.o ./src/include/frodo_macrify.o ./src/include/keccak_f1600.o ./src/include/kem.o ./src/include/noise.o ./src/include/random.o ./src/include/test_KEM640.o ./src/include/test_kem.o ./src/include/util.o  ./src/main.o ./src/platform.o   -Wl,--start-group,-lxil,-lgcc,-lc,--end-group
'Finished building target: frodo_sdk.elf'
' '
'Invoking: ARM v7 Print Size'
arm-none-eabi-size frodo_sdk.elf  |tee "frodo_sdk.elf.size"
   text	   data	    bss	    dec	    hex	filename
 108168	   2680	 138208	 249056	  3cce0	frodo_sdk.elf
'Finished building: frodo_sdk.elf.size'
' '
23:44:07 **** Incremental Build of configuration Debug for project frodo_sdk ****
make pre-build main-build 
a9-linaro-pre-build-step
' '
make: Nothing to be done for 'main-build'.
23:45:06 **** Incremental Build of configuration Debug for project frodo_sdk ****
make pre-build main-build 
a9-linaro-pre-build-step
' '
'Building file: ../src/include/test_kem.c'
'Invoking: ARM v7 gcc compiler'
arm-none-eabi-gcc -Wall -O0 -g3 -c -fmessage-length=0 -MT"src/include/test_kem.o" -mcpu=cortex-a9 -mfpu=vfpv3 -mfloat-abi=hard -I../../frodo_sdk_bsp/ps7_cortexa9_0/include -MMD -MP -MF"src/include/test_kem.d" -MT"src/include/test_kem.o" -o "src/include/test_kem.o" "../src/include/test_kem.c"
'Finished building: ../src/include/test_kem.c'
' '
'Building target: frodo_sdk.elf'
'Invoking: ARM v7 gcc linker'
arm-none-eabi-gcc -mcpu=cortex-a9 -mfpu=vfpv3 -mfloat-abi=hard -Wl,-build-id=none -specs=Xilinx.spec -Wl,-T -Wl,../src/lscript.ld -L../../frodo_sdk_bsp/ps7_cortexa9_0/lib -o "frodo_sdk.elf"  ./src/include/fips202.o ./src/include/frodo_macrify.o ./src/include/keccak_f1600.o ./src/include/kem.o ./src/include/noise.o ./src/include/random.o ./src/include/test_KEM640.o ./src/include/test_kem.o ./src/include/util.o  ./src/main.o ./src/platform.o   -Wl,--start-group,-lxil,-lgcc,-lc,--end-group
'Finished building target: frodo_sdk.elf'
' '
'Invoking: ARM v7 Print Size'
arm-none-eabi-size frodo_sdk.elf  |tee "frodo_sdk.elf.size"
   text	   data	    bss	    dec	    hex	filename
 108176	   2680	 138208	 249064	  3cce8	frodo_sdk.elf
'Finished building: frodo_sdk.elf.size'
' '
23:45:12 **** Incremental Build of configuration Debug for project frodo_sdk ****
make pre-build main-build 
a9-linaro-pre-build-step
' '
make: Nothing to be done for 'main-build'.
23:46:14 **** Incremental Build of configuration Debug for project frodo_sdk ****
make pre-build main-build 
a9-linaro-pre-build-step
' '
'Building file: ../src/include/test_kem.c'
'Invoking: ARM v7 gcc compiler'
arm-none-eabi-gcc -Wall -O0 -g3 -c -fmessage-length=0 -MT"src/include/test_kem.o" -mcpu=cortex-a9 -mfpu=vfpv3 -mfloat-abi=hard -I../../frodo_sdk_bsp/ps7_cortexa9_0/include -MMD -MP -MF"src/include/test_kem.d" -MT"src/include/test_kem.o" -o "src/include/test_kem.o" "../src/include/test_kem.c"
'Finished building: ../src/include/test_kem.c'
' '
'Building target: frodo_sdk.elf'
'Invoking: ARM v7 gcc linker'
arm-none-eabi-gcc -mcpu=cortex-a9 -mfpu=vfpv3 -mfloat-abi=hard -Wl,-build-id=none -specs=Xilinx.spec -Wl,-T -Wl,../src/lscript.ld -L../../frodo_sdk_bsp/ps7_cortexa9_0/lib -o "frodo_sdk.elf"  ./src/include/fips202.o ./src/include/frodo_macrify.o ./src/include/keccak_f1600.o ./src/include/kem.o ./src/include/noise.o ./src/include/random.o ./src/include/test_KEM640.o ./src/include/test_kem.o ./src/include/util.o  ./src/main.o ./src/platform.o   -Wl,--start-group,-lxil,-lgcc,-lc,--end-group
'Finished building target: frodo_sdk.elf'
' '
'Invoking: ARM v7 Print Size'
arm-none-eabi-size frodo_sdk.elf  |tee "frodo_sdk.elf.size"
   text	   data	    bss	    dec	    hex	filename
 108168	   2680	 138208	 249056	  3cce0	frodo_sdk.elf
'Finished building: frodo_sdk.elf.size'
' '
23:46:30 **** Incremental Build of configuration Debug for project frodo_sdk ****
make pre-build main-build 
a9-linaro-pre-build-step
' '
make: Nothing to be done for 'main-build'.
23:47:13 **** Incremental Build of configuration Debug for project frodo_sdk ****
make pre-build main-build 
a9-linaro-pre-build-step
' '
'Building file: ../src/include/test_kem.c'
'Invoking: ARM v7 gcc compiler'
arm-none-eabi-gcc -Wall -O0 -g3 -c -fmessage-length=0 -MT"src/include/test_kem.o" -mcpu=cortex-a9 -mfpu=vfpv3 -mfloat-abi=hard -I../../frodo_sdk_bsp/ps7_cortexa9_0/include -MMD -MP -MF"src/include/test_kem.d" -MT"src/include/test_kem.o" -o "src/include/test_kem.o" "../src/include/test_kem.c"
'Finished building: ../src/include/test_kem.c'
' '
'Building target: frodo_sdk.elf'
'Invoking: ARM v7 gcc linker'
arm-none-eabi-gcc -mcpu=cortex-a9 -mfpu=vfpv3 -mfloat-abi=hard -Wl,-build-id=none -specs=Xilinx.spec -Wl,-T -Wl,../src/lscript.ld -L../../frodo_sdk_bsp/ps7_cortexa9_0/lib -o "frodo_sdk.elf"  ./src/include/fips202.o ./src/include/frodo_macrify.o ./src/include/keccak_f1600.o ./src/include/kem.o ./src/include/noise.o ./src/include/random.o ./src/include/test_KEM640.o ./src/include/test_kem.o ./src/include/util.o  ./src/main.o ./src/platform.o   -Wl,--start-group,-lxil,-lgcc,-lc,--end-group
'Finished building target: frodo_sdk.elf'
' '
'Invoking: ARM v7 Print Size'
arm-none-eabi-size frodo_sdk.elf  |tee "frodo_sdk.elf.size"
   text	   data	    bss	    dec	    hex	filename
 108168	   2680	 138208	 249056	  3cce0	frodo_sdk.elf
'Finished building: frodo_sdk.elf.size'
' '
23:48:14 **** Incremental Build of configuration Debug for project frodo_sdk ****
make pre-build main-build 
a9-linaro-pre-build-step
' '
'Building file: ../src/include/test_kem.c'
'Invoking: ARM v7 gcc compiler'
arm-none-eabi-gcc -Wall -O0 -g3 -c -fmessage-length=0 -MT"src/include/test_kem.o" -mcpu=cortex-a9 -mfpu=vfpv3 -mfloat-abi=hard -I../../frodo_sdk_bsp/ps7_cortexa9_0/include -MMD -MP -MF"src/include/test_kem.d" -MT"src/include/test_kem.o" -o "src/include/test_kem.o" "../src/include/test_kem.c"
'Finished building: ../src/include/test_kem.c'
' '
'Building target: frodo_sdk.elf'
'Invoking: ARM v7 gcc linker'
arm-none-eabi-gcc -mcpu=cortex-a9 -mfpu=vfpv3 -mfloat-abi=hard -Wl,-build-id=none -specs=Xilinx.spec -Wl,-T -Wl,../src/lscript.ld -L../../frodo_sdk_bsp/ps7_cortexa9_0/lib -o "frodo_sdk.elf"  ./src/include/fips202.o ./src/include/frodo_macrify.o ./src/include/keccak_f1600.o ./src/include/kem.o ./src/include/noise.o ./src/include/random.o ./src/include/test_KEM640.o ./src/include/test_kem.o ./src/include/util.o  ./src/main.o ./src/platform.o   -Wl,--start-group,-lxil,-lgcc,-lc,--end-group
'Finished building target: frodo_sdk.elf'
' '
'Invoking: ARM v7 Print Size'
arm-none-eabi-size frodo_sdk.elf  |tee "frodo_sdk.elf.size"
   text	   data	    bss	    dec	    hex	filename
 108280	   2680	 138208	 249168	  3cd50	frodo_sdk.elf
'Finished building: frodo_sdk.elf.size'
' '
