22:11:07 **** Incremental Build of configuration Debug for project frodo_sdk ****
make pre-build main-build 
a9-linaro-pre-build-step
' '
'Building file: ../src/include/test_kem.c'
'Invoking: ARM v7 gcc compiler'
arm-none-eabi-gcc -Wall -O0 -g3 -c -fmessage-length=0 -MT"src/include/test_kem.o" -mcpu=cortex-a9 -mfpu=vfpv3 -mfloat-abi=hard -I../../frodo_sdk_bsp/ps7_cortexa9_0/include -MMD -MP -MF"src/include/test_kem.d" -MT"src/include/test_kem.o" -o "src/include/test_kem.o" "../src/include/test_kem.c"
../src/include/test_kem.c: In function 'matrix_AS_mult':
../src/include/test_kem.c:79:9: warning: unused variable 'j' [-Wunused-variable]
  int i, j;
         ^
../src/include/test_kem.c: In function 'kem_test':
../src/include/test_kem.c:244:130: warning: unused variable 't_total_keccak_hw_mm_matrix_hw' [-Wunused-variable]
  volatile unsigned int t_keypair_keccak_hw_mm_matrix_hw = 0, t_enc_keccak_hw_mm_matrix_hw = 0, t_dec_keccak_hw_mm_matrix_hw = 0, t_total_keccak_hw_mm_matrix_hw = 0;
                                                                                                                                  ^~~~~~~~~~~~~~~~~~~~~~~~~~~~~~
../src/include/test_kem.c:244:96: warning: unused variable 't_dec_keccak_hw_mm_matrix_hw' [-Wunused-variable]
  volatile unsigned int t_keypair_keccak_hw_mm_matrix_hw = 0, t_enc_keccak_hw_mm_matrix_hw = 0, t_dec_keccak_hw_mm_matrix_hw = 0, t_total_keccak_hw_mm_matrix_hw = 0;
                                                                                                ^~~~~~~~~~~~~~~~~~~~~~~~~~~~
../src/include/test_kem.c:244:62: warning: unused variable 't_enc_keccak_hw_mm_matrix_hw' [-Wunused-variable]
  volatile unsigned int t_keypair_keccak_hw_mm_matrix_hw = 0, t_enc_keccak_hw_mm_matrix_hw = 0, t_dec_keccak_hw_mm_matrix_hw = 0, t_total_keccak_hw_mm_matrix_hw = 0;
                                                              ^~~~~~~~~~~~~~~~~~~~~~~~~~~~
../src/include/test_kem.c:244:24: warning: unused variable 't_keypair_keccak_hw_mm_matrix_hw' [-Wunused-variable]
  volatile unsigned int t_keypair_keccak_hw_mm_matrix_hw = 0, t_enc_keccak_hw_mm_matrix_hw = 0, t_dec_keccak_hw_mm_matrix_hw = 0, t_total_keccak_hw_mm_matrix_hw = 0;
                        ^~~~~~~~~~~~~~~~~~~~~~~~~~~~~~~~
../src/include/test_kem.c:243:121: warning: unused variable 't_total_keccak_hw_matrix_hw' [-Wunused-variable]
  volatile unsigned int t_keypair_keccak_hw_matrix_hw = 0, t_enc_keccak_hw_matrix_hw = 0, t_dec_keccak_hw_matrix_hw = 0, t_total_keccak_hw_matrix_hw = 0;
                                                                                                                         ^~~~~~~~~~~~~~~~~~~~~~~~~~~
../src/include/test_kem.c:243:90: warning: unused variable 't_dec_keccak_hw_matrix_hw' [-Wunused-variable]
  volatile unsigned int t_keypair_keccak_hw_matrix_hw = 0, t_enc_keccak_hw_matrix_hw = 0, t_dec_keccak_hw_matrix_hw = 0, t_total_keccak_hw_matrix_hw = 0;
                                                                                          ^~~~~~~~~~~~~~~~~~~~~~~~~
../src/include/test_kem.c:243:59: warning: unused variable 't_enc_keccak_hw_matrix_hw' [-Wunused-variable]
  volatile unsigned int t_keypair_keccak_hw_matrix_hw = 0, t_enc_keccak_hw_matrix_hw = 0, t_dec_keccak_hw_matrix_hw = 0, t_total_keccak_hw_matrix_hw = 0;
                                                           ^~~~~~~~~~~~~~~~~~~~~~~~~
../src/include/test_kem.c:243:24: warning: unused variable 't_keypair_keccak_hw_matrix_hw' [-Wunused-variable]
  volatile unsigned int t_keypair_keccak_hw_matrix_hw = 0, t_enc_keccak_hw_matrix_hw = 0, t_dec_keccak_hw_matrix_hw = 0, t_total_keccak_hw_matrix_hw = 0;
                        ^~~~~~~~~~~~~~~~~~~~~~~~~~~~~
../src/include/test_kem.c:242:121: warning: unused variable 't_total_keccak_sw_matrix_hw' [-Wunused-variable]
  volatile unsigned int t_keypair_keccak_sw_matrix_hw = 0, t_enc_keccak_sw_matrix_hw = 0, t_dec_keccak_sw_matrix_hw = 0, t_total_keccak_sw_matrix_hw = 0;
                                                                                                                         ^~~~~~~~~~~~~~~~~~~~~~~~~~~
../src/include/test_kem.c:242:90: warning: unused variable 't_dec_keccak_sw_matrix_hw' [-Wunused-variable]
  volatile unsigned int t_keypair_keccak_sw_matrix_hw = 0, t_enc_keccak_sw_matrix_hw = 0, t_dec_keccak_sw_matrix_hw = 0, t_total_keccak_sw_matrix_hw = 0;
                                                                                          ^~~~~~~~~~~~~~~~~~~~~~~~~
../src/include/test_kem.c:242:59: warning: unused variable 't_enc_keccak_sw_matrix_hw' [-Wunused-variable]
  volatile unsigned int t_keypair_keccak_sw_matrix_hw = 0, t_enc_keccak_sw_matrix_hw = 0, t_dec_keccak_sw_matrix_hw = 0, t_total_keccak_sw_matrix_hw = 0;
                                                           ^~~~~~~~~~~~~~~~~~~~~~~~~
../src/include/test_kem.c:242:24: warning: unused variable 't_keypair_keccak_sw_matrix_hw' [-Wunused-variable]
  volatile unsigned int t_keypair_keccak_sw_matrix_hw = 0, t_enc_keccak_sw_matrix_hw = 0, t_dec_keccak_sw_matrix_hw = 0, t_total_keccak_sw_matrix_hw = 0;
                        ^~~~~~~~~~~~~~~~~~~~~~~~~~~~~
../src/include/test_kem.c:241:130: warning: unused variable 't_total_keccak_hw_mm_matrix_sw' [-Wunused-variable]
  volatile unsigned int t_keypair_keccak_hw_mm_matrix_sw = 0, t_enc_keccak_hw_mm_matrix_sw = 0, t_dec_keccak_hw_mm_matrix_sw = 0, t_total_keccak_hw_mm_matrix_sw = 0;
                                                                                                                                  ^~~~~~~~~~~~~~~~~~~~~~~~~~~~~~
../src/include/test_kem.c:241:96: warning: unused variable 't_dec_keccak_hw_mm_matrix_sw' [-Wunused-variable]
  volatile unsigned int t_keypair_keccak_hw_mm_matrix_sw = 0, t_enc_keccak_hw_mm_matrix_sw = 0, t_dec_keccak_hw_mm_matrix_sw = 0, t_total_keccak_hw_mm_matrix_sw = 0;
                                                                                                ^~~~~~~~~~~~~~~~~~~~~~~~~~~~
../src/include/test_kem.c:241:62: warning: unused variable 't_enc_keccak_hw_mm_matrix_sw' [-Wunused-variable]
  volatile unsigned int t_keypair_keccak_hw_mm_matrix_sw = 0, t_enc_keccak_hw_mm_matrix_sw = 0, t_dec_keccak_hw_mm_matrix_sw = 0, t_total_keccak_hw_mm_matrix_sw = 0;
                                                              ^~~~~~~~~~~~~~~~~~~~~~~~~~~~
../src/include/test_kem.c:241:24: warning: unused variable 't_keypair_keccak_hw_mm_matrix_sw' [-Wunused-variable]
  volatile unsigned int t_keypair_keccak_hw_mm_matrix_sw = 0, t_enc_keccak_hw_mm_matrix_sw = 0, t_dec_keccak_hw_mm_matrix_sw = 0, t_total_keccak_hw_mm_matrix_sw = 0;
                        ^~~~~~~~~~~~~~~~~~~~~~~~~~~~~~~~
../src/include/test_kem.c:240:121: warning: unused variable 't_total_keccak_hw_matrix_sw' [-Wunused-variable]
  volatile unsigned int t_keypair_keccak_hw_matrix_sw = 0, t_enc_keccak_hw_matrix_sw = 0, t_dec_keccak_hw_matrix_sw = 0, t_total_keccak_hw_matrix_sw = 0;
                                                                                                                         ^~~~~~~~~~~~~~~~~~~~~~~~~~~
../src/include/test_kem.c:240:90: warning: unused variable 't_dec_keccak_hw_matrix_sw' [-Wunused-variable]
  volatile unsigned int t_keypair_keccak_hw_matrix_sw = 0, t_enc_keccak_hw_matrix_sw = 0, t_dec_keccak_hw_matrix_sw = 0, t_total_keccak_hw_matrix_sw = 0;
                                                                                          ^~~~~~~~~~~~~~~~~~~~~~~~~
../src/include/test_kem.c:240:59: warning: unused variable 't_enc_keccak_hw_matrix_sw' [-Wunused-variable]
  volatile unsigned int t_keypair_keccak_hw_matrix_sw = 0, t_enc_keccak_hw_matrix_sw = 0, t_dec_keccak_hw_matrix_sw = 0, t_total_keccak_hw_matrix_sw = 0;
                                                           ^~~~~~~~~~~~~~~~~~~~~~~~~
../src/include/test_kem.c:240:24: warning: unused variable 't_keypair_keccak_hw_matrix_sw' [-Wunused-variable]
  volatile unsigned int t_keypair_keccak_hw_matrix_sw = 0, t_enc_keccak_hw_matrix_sw = 0, t_dec_keccak_hw_matrix_sw = 0, t_total_keccak_hw_matrix_sw = 0;
                        ^~~~~~~~~~~~~~~~~~~~~~~~~~~~~
../src/include/test_kem.c:239:121: warning: unused variable 't_total_keccak_sw_matrix_sw' [-Wunused-variable]
  volatile unsigned int t_keypair_keccak_sw_matrix_sw = 0, t_enc_keccak_sw_matrix_sw = 0, t_dec_keccak_sw_matrix_sw = 0, t_total_keccak_sw_matrix_sw = 0;
                                                                                                                         ^~~~~~~~~~~~~~~~~~~~~~~~~~~
../src/include/test_kem.c:239:90: warning: unused variable 't_dec_keccak_sw_matrix_sw' [-Wunused-variable]
  volatile unsigned int t_keypair_keccak_sw_matrix_sw = 0, t_enc_keccak_sw_matrix_sw = 0, t_dec_keccak_sw_matrix_sw = 0, t_total_keccak_sw_matrix_sw = 0;
                                                                                          ^~~~~~~~~~~~~~~~~~~~~~~~~
../src/include/test_kem.c:239:59: warning: unused variable 't_enc_keccak_sw_matrix_sw' [-Wunused-variable]
  volatile unsigned int t_keypair_keccak_sw_matrix_sw = 0, t_enc_keccak_sw_matrix_sw = 0, t_dec_keccak_sw_matrix_sw = 0, t_total_keccak_sw_matrix_sw = 0;
                                                           ^~~~~~~~~~~~~~~~~~~~~~~~~
../src/include/test_kem.c:239:24: warning: unused variable 't_keypair_keccak_sw_matrix_sw' [-Wunused-variable]
  volatile unsigned int t_keypair_keccak_sw_matrix_sw = 0, t_enc_keccak_sw_matrix_sw = 0, t_dec_keccak_sw_matrix_sw = 0, t_total_keccak_sw_matrix_sw = 0;
                        ^~~~~~~~~~~~~~~~~~~~~~~~~~~~~
../src/include/test_kem.c: In function 'frodo_mul_add_sa_plus_e':
../src/include/test_kem.c:192:1: warning: control reaches end of non-void function [-Wreturn-type]
 }
 ^
'Finished building: ../src/include/test_kem.c'
' '
'Building target: frodo_sdk.elf'
'Invoking: ARM v7 gcc linker'
arm-none-eabi-gcc -mcpu=cortex-a9 -mfpu=vfpv3 -mfloat-abi=hard -Wl,-build-id=none -specs=Xilinx.spec -Wl,-T -Wl,../src/lscript.ld -L../../frodo_sdk_bsp/ps7_cortexa9_0/lib -o "frodo_sdk.elf"  ./src/include/fips202.o ./src/include/frodo_macrify.o ./src/include/keccak_f1600.o ./src/include/kem.o ./src/include/noise.o ./src/include/random.o ./src/include/test_KEM640.o ./src/include/test_kem.o ./src/include/util.o  ./src/main.o ./src/platform.o   -Wl,--start-group,-lxil,-lgcc,-lc,--end-group
'Finished building target: frodo_sdk.elf'
' '
'Invoking: ARM v7 Print Size'
arm-none-eabi-size frodo_sdk.elf  |tee "frodo_sdk.elf.size"
   text	   data	    bss	    dec	    hex	filename
 126992	   2744	2104368	2234104	 2216f8	frodo_sdk.elf
'Finished building: frodo_sdk.elf.size'
' '
22:11:18 **** Incremental Build of configuration Debug for project frodo_sdk ****
make pre-build main-build 
a9-linaro-pre-build-step
' '
make: Nothing to be done for 'main-build'.
22:16:26 **** Incremental Build of configuration Debug for project frodo_sdk ****
make pre-build main-build 
a9-linaro-pre-build-step
' '
'Building file: ../src/include/test_kem.c'
'Invoking: ARM v7 gcc compiler'
arm-none-eabi-gcc -Wall -O0 -g3 -c -fmessage-length=0 -MT"src/include/test_kem.o" -mcpu=cortex-a9 -mfpu=vfpv3 -mfloat-abi=hard -I../../frodo_sdk_bsp/ps7_cortexa9_0/include -MMD -MP -MF"src/include/test_kem.d" -MT"src/include/test_kem.o" -o "src/include/test_kem.o" "../src/include/test_kem.c"
../src/include/test_kem.c: In function 'matrix_AS_mult':
../src/include/test_kem.c:79:9: warning: unused variable 'j' [-Wunused-variable]
  int i, j;
         ^
../src/include/test_kem.c: In function 'kem_test':
../src/include/test_kem.c:244:130: warning: unused variable 't_total_keccak_hw_mm_matrix_hw' [-Wunused-variable]
  volatile unsigned int t_keypair_keccak_hw_mm_matrix_hw = 0, t_enc_keccak_hw_mm_matrix_hw = 0, t_dec_keccak_hw_mm_matrix_hw = 0, t_total_keccak_hw_mm_matrix_hw = 0;
                                                                                                                                  ^~~~~~~~~~~~~~~~~~~~~~~~~~~~~~
../src/include/test_kem.c:244:96: warning: unused variable 't_dec_keccak_hw_mm_matrix_hw' [-Wunused-variable]
  volatile unsigned int t_keypair_keccak_hw_mm_matrix_hw = 0, t_enc_keccak_hw_mm_matrix_hw = 0, t_dec_keccak_hw_mm_matrix_hw = 0, t_total_keccak_hw_mm_matrix_hw = 0;
                                                                                                ^~~~~~~~~~~~~~~~~~~~~~~~~~~~
../src/include/test_kem.c:244:62: warning: unused variable 't_enc_keccak_hw_mm_matrix_hw' [-Wunused-variable]
  volatile unsigned int t_keypair_keccak_hw_mm_matrix_hw = 0, t_enc_keccak_hw_mm_matrix_hw = 0, t_dec_keccak_hw_mm_matrix_hw = 0, t_total_keccak_hw_mm_matrix_hw = 0;
                                                              ^~~~~~~~~~~~~~~~~~~~~~~~~~~~
../src/include/test_kem.c:244:24: warning: unused variable 't_keypair_keccak_hw_mm_matrix_hw' [-Wunused-variable]
  volatile unsigned int t_keypair_keccak_hw_mm_matrix_hw = 0, t_enc_keccak_hw_mm_matrix_hw = 0, t_dec_keccak_hw_mm_matrix_hw = 0, t_total_keccak_hw_mm_matrix_hw = 0;
                        ^~~~~~~~~~~~~~~~~~~~~~~~~~~~~~~~
../src/include/test_kem.c:243:121: warning: unused variable 't_total_keccak_hw_matrix_hw' [-Wunused-variable]
  volatile unsigned int t_keypair_keccak_hw_matrix_hw = 0, t_enc_keccak_hw_matrix_hw = 0, t_dec_keccak_hw_matrix_hw = 0, t_total_keccak_hw_matrix_hw = 0;
                                                                                                                         ^~~~~~~~~~~~~~~~~~~~~~~~~~~
../src/include/test_kem.c:243:90: warning: unused variable 't_dec_keccak_hw_matrix_hw' [-Wunused-variable]
  volatile unsigned int t_keypair_keccak_hw_matrix_hw = 0, t_enc_keccak_hw_matrix_hw = 0, t_dec_keccak_hw_matrix_hw = 0, t_total_keccak_hw_matrix_hw = 0;
                                                                                          ^~~~~~~~~~~~~~~~~~~~~~~~~
../src/include/test_kem.c:243:59: warning: unused variable 't_enc_keccak_hw_matrix_hw' [-Wunused-variable]
  volatile unsigned int t_keypair_keccak_hw_matrix_hw = 0, t_enc_keccak_hw_matrix_hw = 0, t_dec_keccak_hw_matrix_hw = 0, t_total_keccak_hw_matrix_hw = 0;
                                                           ^~~~~~~~~~~~~~~~~~~~~~~~~
../src/include/test_kem.c:243:24: warning: unused variable 't_keypair_keccak_hw_matrix_hw' [-Wunused-variable]
  volatile unsigned int t_keypair_keccak_hw_matrix_hw = 0, t_enc_keccak_hw_matrix_hw = 0, t_dec_keccak_hw_matrix_hw = 0, t_total_keccak_hw_matrix_hw = 0;
                        ^~~~~~~~~~~~~~~~~~~~~~~~~~~~~
../src/include/test_kem.c:242:121: warning: unused variable 't_total_keccak_sw_matrix_hw' [-Wunused-variable]
  volatile unsigned int t_keypair_keccak_sw_matrix_hw = 0, t_enc_keccak_sw_matrix_hw = 0, t_dec_keccak_sw_matrix_hw = 0, t_total_keccak_sw_matrix_hw = 0;
                                                                                                                         ^~~~~~~~~~~~~~~~~~~~~~~~~~~
../src/include/test_kem.c:242:90: warning: unused variable 't_dec_keccak_sw_matrix_hw' [-Wunused-variable]
  volatile unsigned int t_keypair_keccak_sw_matrix_hw = 0, t_enc_keccak_sw_matrix_hw = 0, t_dec_keccak_sw_matrix_hw = 0, t_total_keccak_sw_matrix_hw = 0;
                                                                                          ^~~~~~~~~~~~~~~~~~~~~~~~~
../src/include/test_kem.c:242:59: warning: unused variable 't_enc_keccak_sw_matrix_hw' [-Wunused-variable]
  volatile unsigned int t_keypair_keccak_sw_matrix_hw = 0, t_enc_keccak_sw_matrix_hw = 0, t_dec_keccak_sw_matrix_hw = 0, t_total_keccak_sw_matrix_hw = 0;
                                                           ^~~~~~~~~~~~~~~~~~~~~~~~~
../src/include/test_kem.c:242:24: warning: unused variable 't_keypair_keccak_sw_matrix_hw' [-Wunused-variable]
  volatile unsigned int t_keypair_keccak_sw_matrix_hw = 0, t_enc_keccak_sw_matrix_hw = 0, t_dec_keccak_sw_matrix_hw = 0, t_total_keccak_sw_matrix_hw = 0;
                        ^~~~~~~~~~~~~~~~~~~~~~~~~~~~~
../src/include/test_kem.c:241:130: warning: unused variable 't_total_keccak_hw_mm_matrix_sw' [-Wunused-variable]
  volatile unsigned int t_keypair_keccak_hw_mm_matrix_sw = 0, t_enc_keccak_hw_mm_matrix_sw = 0, t_dec_keccak_hw_mm_matrix_sw = 0, t_total_keccak_hw_mm_matrix_sw = 0;
                                                                                                                                  ^~~~~~~~~~~~~~~~~~~~~~~~~~~~~~
../src/include/test_kem.c:241:96: warning: unused variable 't_dec_keccak_hw_mm_matrix_sw' [-Wunused-variable]
  volatile unsigned int t_keypair_keccak_hw_mm_matrix_sw = 0, t_enc_keccak_hw_mm_matrix_sw = 0, t_dec_keccak_hw_mm_matrix_sw = 0, t_total_keccak_hw_mm_matrix_sw = 0;
                                                                                                ^~~~~~~~~~~~~~~~~~~~~~~~~~~~
../src/include/test_kem.c:241:62: warning: unused variable 't_enc_keccak_hw_mm_matrix_sw' [-Wunused-variable]
  volatile unsigned int t_keypair_keccak_hw_mm_matrix_sw = 0, t_enc_keccak_hw_mm_matrix_sw = 0, t_dec_keccak_hw_mm_matrix_sw = 0, t_total_keccak_hw_mm_matrix_sw = 0;
                                                              ^~~~~~~~~~~~~~~~~~~~~~~~~~~~
../src/include/test_kem.c:241:24: warning: unused variable 't_keypair_keccak_hw_mm_matrix_sw' [-Wunused-variable]
  volatile unsigned int t_keypair_keccak_hw_mm_matrix_sw = 0, t_enc_keccak_hw_mm_matrix_sw = 0, t_dec_keccak_hw_mm_matrix_sw = 0, t_total_keccak_hw_mm_matrix_sw = 0;
                        ^~~~~~~~~~~~~~~~~~~~~~~~~~~~~~~~
../src/include/test_kem.c:240:121: warning: unused variable 't_total_keccak_hw_matrix_sw' [-Wunused-variable]
  volatile unsigned int t_keypair_keccak_hw_matrix_sw = 0, t_enc_keccak_hw_matrix_sw = 0, t_dec_keccak_hw_matrix_sw = 0, t_total_keccak_hw_matrix_sw = 0;
                                                                                                                         ^~~~~~~~~~~~~~~~~~~~~~~~~~~
../src/include/test_kem.c:240:90: warning: unused variable 't_dec_keccak_hw_matrix_sw' [-Wunused-variable]
  volatile unsigned int t_keypair_keccak_hw_matrix_sw = 0, t_enc_keccak_hw_matrix_sw = 0, t_dec_keccak_hw_matrix_sw = 0, t_total_keccak_hw_matrix_sw = 0;
                                                                                          ^~~~~~~~~~~~~~~~~~~~~~~~~
../src/include/test_kem.c:240:59: warning: unused variable 't_enc_keccak_hw_matrix_sw' [-Wunused-variable]
  volatile unsigned int t_keypair_keccak_hw_matrix_sw = 0, t_enc_keccak_hw_matrix_sw = 0, t_dec_keccak_hw_matrix_sw = 0, t_total_keccak_hw_matrix_sw = 0;
                                                           ^~~~~~~~~~~~~~~~~~~~~~~~~
../src/include/test_kem.c:240:24: warning: unused variable 't_keypair_keccak_hw_matrix_sw' [-Wunused-variable]
  volatile unsigned int t_keypair_keccak_hw_matrix_sw = 0, t_enc_keccak_hw_matrix_sw = 0, t_dec_keccak_hw_matrix_sw = 0, t_total_keccak_hw_matrix_sw = 0;
                        ^~~~~~~~~~~~~~~~~~~~~~~~~~~~~
../src/include/test_kem.c:239:121: warning: unused variable 't_total_keccak_sw_matrix_sw' [-Wunused-variable]
  volatile unsigned int t_keypair_keccak_sw_matrix_sw = 0, t_enc_keccak_sw_matrix_sw = 0, t_dec_keccak_sw_matrix_sw = 0, t_total_keccak_sw_matrix_sw = 0;
                                                                                                                         ^~~~~~~~~~~~~~~~~~~~~~~~~~~
../src/include/test_kem.c:239:90: warning: unused variable 't_dec_keccak_sw_matrix_sw' [-Wunused-variable]
  volatile unsigned int t_keypair_keccak_sw_matrix_sw = 0, t_enc_keccak_sw_matrix_sw = 0, t_dec_keccak_sw_matrix_sw = 0, t_total_keccak_sw_matrix_sw = 0;
                                                                                          ^~~~~~~~~~~~~~~~~~~~~~~~~
../src/include/test_kem.c:239:59: warning: unused variable 't_enc_keccak_sw_matrix_sw' [-Wunused-variable]
  volatile unsigned int t_keypair_keccak_sw_matrix_sw = 0, t_enc_keccak_sw_matrix_sw = 0, t_dec_keccak_sw_matrix_sw = 0, t_total_keccak_sw_matrix_sw = 0;
                                                           ^~~~~~~~~~~~~~~~~~~~~~~~~
../src/include/test_kem.c:239:24: warning: unused variable 't_keypair_keccak_sw_matrix_sw' [-Wunused-variable]
  volatile unsigned int t_keypair_keccak_sw_matrix_sw = 0, t_enc_keccak_sw_matrix_sw = 0, t_dec_keccak_sw_matrix_sw = 0, t_total_keccak_sw_matrix_sw = 0;
                        ^~~~~~~~~~~~~~~~~~~~~~~~~~~~~
../src/include/test_kem.c: In function 'frodo_mul_add_sa_plus_e':
../src/include/test_kem.c:192:1: warning: control reaches end of non-void function [-Wreturn-type]
 }
 ^
'Finished building: ../src/include/test_kem.c'
' '
'Building target: frodo_sdk.elf'
'Invoking: ARM v7 gcc linker'
arm-none-eabi-gcc -mcpu=cortex-a9 -mfpu=vfpv3 -mfloat-abi=hard -Wl,-build-id=none -specs=Xilinx.spec -Wl,-T -Wl,../src/lscript.ld -L../../frodo_sdk_bsp/ps7_cortexa9_0/lib -o "frodo_sdk.elf"  ./src/include/fips202.o ./src/include/frodo_macrify.o ./src/include/keccak_f1600.o ./src/include/kem.o ./src/include/noise.o ./src/include/random.o ./src/include/test_KEM640.o ./src/include/test_kem.o ./src/include/util.o  ./src/main.o ./src/platform.o   -Wl,--start-group,-lxil,-lgcc,-lc,--end-group
'Finished building target: frodo_sdk.elf'
' '
'Invoking: ARM v7 Print Size'
arm-none-eabi-size frodo_sdk.elf  |tee "frodo_sdk.elf.size"
   text	   data	    bss	    dec	    hex	filename
 126992	   2744	2104368	2234104	 2216f8	frodo_sdk.elf
'Finished building: frodo_sdk.elf.size'
' '
22:17:51 **** Incremental Build of configuration Debug for project frodo_sdk ****
make pre-build main-build 
a9-linaro-pre-build-step
' '
'Building file: ../src/include/test_kem.c'
'Invoking: ARM v7 gcc compiler'
arm-none-eabi-gcc -Wall -O0 -g3 -c -fmessage-length=0 -MT"src/include/test_kem.o" -mcpu=cortex-a9 -mfpu=vfpv3 -mfloat-abi=hard -I../../frodo_sdk_bsp/ps7_cortexa9_0/include -MMD -MP -MF"src/include/test_kem.d" -MT"src/include/test_kem.o" -o "src/include/test_kem.o" "../src/include/test_kem.c"
../src/include/test_kem.c: In function 'matrix_AS_mult':
../src/include/test_kem.c:79:9: warning: unused variable 'j' [-Wunused-variable]
  int i, j;
         ^
../src/include/test_kem.c: In function 'kem_test':
../src/include/test_kem.c:244:130: warning: unused variable 't_total_keccak_hw_mm_matrix_hw' [-Wunused-variable]
  volatile unsigned int t_keypair_keccak_hw_mm_matrix_hw = 0, t_enc_keccak_hw_mm_matrix_hw = 0, t_dec_keccak_hw_mm_matrix_hw = 0, t_total_keccak_hw_mm_matrix_hw = 0;
                                                                                                                                  ^~~~~~~~~~~~~~~~~~~~~~~~~~~~~~
../src/include/test_kem.c:244:96: warning: unused variable 't_dec_keccak_hw_mm_matrix_hw' [-Wunused-variable]
  volatile unsigned int t_keypair_keccak_hw_mm_matrix_hw = 0, t_enc_keccak_hw_mm_matrix_hw = 0, t_dec_keccak_hw_mm_matrix_hw = 0, t_total_keccak_hw_mm_matrix_hw = 0;
                                                                                                ^~~~~~~~~~~~~~~~~~~~~~~~~~~~
../src/include/test_kem.c:244:62: warning: unused variable 't_enc_keccak_hw_mm_matrix_hw' [-Wunused-variable]
  volatile unsigned int t_keypair_keccak_hw_mm_matrix_hw = 0, t_enc_keccak_hw_mm_matrix_hw = 0, t_dec_keccak_hw_mm_matrix_hw = 0, t_total_keccak_hw_mm_matrix_hw = 0;
                                                              ^~~~~~~~~~~~~~~~~~~~~~~~~~~~
../src/include/test_kem.c:244:24: warning: unused variable 't_keypair_keccak_hw_mm_matrix_hw' [-Wunused-variable]
  volatile unsigned int t_keypair_keccak_hw_mm_matrix_hw = 0, t_enc_keccak_hw_mm_matrix_hw = 0, t_dec_keccak_hw_mm_matrix_hw = 0, t_total_keccak_hw_mm_matrix_hw = 0;
                        ^~~~~~~~~~~~~~~~~~~~~~~~~~~~~~~~
../src/include/test_kem.c:243:121: warning: unused variable 't_total_keccak_hw_matrix_hw' [-Wunused-variable]
  volatile unsigned int t_keypair_keccak_hw_matrix_hw = 0, t_enc_keccak_hw_matrix_hw = 0, t_dec_keccak_hw_matrix_hw = 0, t_total_keccak_hw_matrix_hw = 0;
                                                                                                                         ^~~~~~~~~~~~~~~~~~~~~~~~~~~
../src/include/test_kem.c:243:90: warning: unused variable 't_dec_keccak_hw_matrix_hw' [-Wunused-variable]
  volatile unsigned int t_keypair_keccak_hw_matrix_hw = 0, t_enc_keccak_hw_matrix_hw = 0, t_dec_keccak_hw_matrix_hw = 0, t_total_keccak_hw_matrix_hw = 0;
                                                                                          ^~~~~~~~~~~~~~~~~~~~~~~~~
../src/include/test_kem.c:243:59: warning: unused variable 't_enc_keccak_hw_matrix_hw' [-Wunused-variable]
  volatile unsigned int t_keypair_keccak_hw_matrix_hw = 0, t_enc_keccak_hw_matrix_hw = 0, t_dec_keccak_hw_matrix_hw = 0, t_total_keccak_hw_matrix_hw = 0;
                                                           ^~~~~~~~~~~~~~~~~~~~~~~~~
../src/include/test_kem.c:243:24: warning: unused variable 't_keypair_keccak_hw_matrix_hw' [-Wunused-variable]
  volatile unsigned int t_keypair_keccak_hw_matrix_hw = 0, t_enc_keccak_hw_matrix_hw = 0, t_dec_keccak_hw_matrix_hw = 0, t_total_keccak_hw_matrix_hw = 0;
                        ^~~~~~~~~~~~~~~~~~~~~~~~~~~~~
../src/include/test_kem.c:242:121: warning: unused variable 't_total_keccak_sw_matrix_hw' [-Wunused-variable]
  volatile unsigned int t_keypair_keccak_sw_matrix_hw = 0, t_enc_keccak_sw_matrix_hw = 0, t_dec_keccak_sw_matrix_hw = 0, t_total_keccak_sw_matrix_hw = 0;
                                                                                                                         ^~~~~~~~~~~~~~~~~~~~~~~~~~~
../src/include/test_kem.c:242:90: warning: unused variable 't_dec_keccak_sw_matrix_hw' [-Wunused-variable]
  volatile unsigned int t_keypair_keccak_sw_matrix_hw = 0, t_enc_keccak_sw_matrix_hw = 0, t_dec_keccak_sw_matrix_hw = 0, t_total_keccak_sw_matrix_hw = 0;
                                                                                          ^~~~~~~~~~~~~~~~~~~~~~~~~
../src/include/test_kem.c:242:59: warning: unused variable 't_enc_keccak_sw_matrix_hw' [-Wunused-variable]
  volatile unsigned int t_keypair_keccak_sw_matrix_hw = 0, t_enc_keccak_sw_matrix_hw = 0, t_dec_keccak_sw_matrix_hw = 0, t_total_keccak_sw_matrix_hw = 0;
                                                           ^~~~~~~~~~~~~~~~~~~~~~~~~
../src/include/test_kem.c:242:24: warning: unused variable 't_keypair_keccak_sw_matrix_hw' [-Wunused-variable]
  volatile unsigned int t_keypair_keccak_sw_matrix_hw = 0, t_enc_keccak_sw_matrix_hw = 0, t_dec_keccak_sw_matrix_hw = 0, t_total_keccak_sw_matrix_hw = 0;
                        ^~~~~~~~~~~~~~~~~~~~~~~~~~~~~
../src/include/test_kem.c:241:130: warning: unused variable 't_total_keccak_hw_mm_matrix_sw' [-Wunused-variable]
  volatile unsigned int t_keypair_keccak_hw_mm_matrix_sw = 0, t_enc_keccak_hw_mm_matrix_sw = 0, t_dec_keccak_hw_mm_matrix_sw = 0, t_total_keccak_hw_mm_matrix_sw = 0;
                                                                                                                                  ^~~~~~~~~~~~~~~~~~~~~~~~~~~~~~
../src/include/test_kem.c:241:96: warning: unused variable 't_dec_keccak_hw_mm_matrix_sw' [-Wunused-variable]
  volatile unsigned int t_keypair_keccak_hw_mm_matrix_sw = 0, t_enc_keccak_hw_mm_matrix_sw = 0, t_dec_keccak_hw_mm_matrix_sw = 0, t_total_keccak_hw_mm_matrix_sw = 0;
                                                                                                ^~~~~~~~~~~~~~~~~~~~~~~~~~~~
../src/include/test_kem.c:241:62: warning: unused variable 't_enc_keccak_hw_mm_matrix_sw' [-Wunused-variable]
  volatile unsigned int t_keypair_keccak_hw_mm_matrix_sw = 0, t_enc_keccak_hw_mm_matrix_sw = 0, t_dec_keccak_hw_mm_matrix_sw = 0, t_total_keccak_hw_mm_matrix_sw = 0;
                                                              ^~~~~~~~~~~~~~~~~~~~~~~~~~~~
../src/include/test_kem.c:241:24: warning: unused variable 't_keypair_keccak_hw_mm_matrix_sw' [-Wunused-variable]
  volatile unsigned int t_keypair_keccak_hw_mm_matrix_sw = 0, t_enc_keccak_hw_mm_matrix_sw = 0, t_dec_keccak_hw_mm_matrix_sw = 0, t_total_keccak_hw_mm_matrix_sw = 0;
                        ^~~~~~~~~~~~~~~~~~~~~~~~~~~~~~~~
../src/include/test_kem.c:240:121: warning: unused variable 't_total_keccak_hw_matrix_sw' [-Wunused-variable]
  volatile unsigned int t_keypair_keccak_hw_matrix_sw = 0, t_enc_keccak_hw_matrix_sw = 0, t_dec_keccak_hw_matrix_sw = 0, t_total_keccak_hw_matrix_sw = 0;
                                                                                                                         ^~~~~~~~~~~~~~~~~~~~~~~~~~~
../src/include/test_kem.c:240:90: warning: unused variable 't_dec_keccak_hw_matrix_sw' [-Wunused-variable]
  volatile unsigned int t_keypair_keccak_hw_matrix_sw = 0, t_enc_keccak_hw_matrix_sw = 0, t_dec_keccak_hw_matrix_sw = 0, t_total_keccak_hw_matrix_sw = 0;
                                                                                          ^~~~~~~~~~~~~~~~~~~~~~~~~
../src/include/test_kem.c:240:59: warning: unused variable 't_enc_keccak_hw_matrix_sw' [-Wunused-variable]
  volatile unsigned int t_keypair_keccak_hw_matrix_sw = 0, t_enc_keccak_hw_matrix_sw = 0, t_dec_keccak_hw_matrix_sw = 0, t_total_keccak_hw_matrix_sw = 0;
                                                           ^~~~~~~~~~~~~~~~~~~~~~~~~
../src/include/test_kem.c:240:24: warning: unused variable 't_keypair_keccak_hw_matrix_sw' [-Wunused-variable]
  volatile unsigned int t_keypair_keccak_hw_matrix_sw = 0, t_enc_keccak_hw_matrix_sw = 0, t_dec_keccak_hw_matrix_sw = 0, t_total_keccak_hw_matrix_sw = 0;
                        ^~~~~~~~~~~~~~~~~~~~~~~~~~~~~
../src/include/test_kem.c:239:121: warning: unused variable 't_total_keccak_sw_matrix_sw' [-Wunused-variable]
  volatile unsigned int t_keypair_keccak_sw_matrix_sw = 0, t_enc_keccak_sw_matrix_sw = 0, t_dec_keccak_sw_matrix_sw = 0, t_total_keccak_sw_matrix_sw = 0;
                                                                                                                         ^~~~~~~~~~~~~~~~~~~~~~~~~~~
../src/include/test_kem.c:239:90: warning: unused variable 't_dec_keccak_sw_matrix_sw' [-Wunused-variable]
  volatile unsigned int t_keypair_keccak_sw_matrix_sw = 0, t_enc_keccak_sw_matrix_sw = 0, t_dec_keccak_sw_matrix_sw = 0, t_total_keccak_sw_matrix_sw = 0;
                                                                                          ^~~~~~~~~~~~~~~~~~~~~~~~~
../src/include/test_kem.c:239:59: warning: unused variable 't_enc_keccak_sw_matrix_sw' [-Wunused-variable]
  volatile unsigned int t_keypair_keccak_sw_matrix_sw = 0, t_enc_keccak_sw_matrix_sw = 0, t_dec_keccak_sw_matrix_sw = 0, t_total_keccak_sw_matrix_sw = 0;
                                                           ^~~~~~~~~~~~~~~~~~~~~~~~~
../src/include/test_kem.c:239:24: warning: unused variable 't_keypair_keccak_sw_matrix_sw' [-Wunused-variable]
  volatile unsigned int t_keypair_keccak_sw_matrix_sw = 0, t_enc_keccak_sw_matrix_sw = 0, t_dec_keccak_sw_matrix_sw = 0, t_total_keccak_sw_matrix_sw = 0;
                        ^~~~~~~~~~~~~~~~~~~~~~~~~~~~~
../src/include/test_kem.c: In function 'frodo_mul_add_sa_plus_e':
../src/include/test_kem.c:192:1: warning: control reaches end of non-void function [-Wreturn-type]
 }
 ^
'Finished building: ../src/include/test_kem.c'
' '
'Building target: frodo_sdk.elf'
'Invoking: ARM v7 gcc linker'
arm-none-eabi-gcc -mcpu=cortex-a9 -mfpu=vfpv3 -mfloat-abi=hard -Wl,-build-id=none -specs=Xilinx.spec -Wl,-T -Wl,../src/lscript.ld -L../../frodo_sdk_bsp/ps7_cortexa9_0/lib -o "frodo_sdk.elf"  ./src/include/fips202.o ./src/include/frodo_macrify.o ./src/include/keccak_f1600.o ./src/include/kem.o ./src/include/noise.o ./src/include/random.o ./src/include/test_KEM640.o ./src/include/test_kem.o ./src/include/util.o  ./src/main.o ./src/platform.o   -Wl,--start-group,-lxil,-lgcc,-lc,--end-group
'Finished building target: frodo_sdk.elf'
' '
'Invoking: ARM v7 Print Size'
arm-none-eabi-size frodo_sdk.elf  |tee "frodo_sdk.elf.size"
   text	   data	    bss	    dec	    hex	filename
 126992	   2744	2104368	2234104	 2216f8	frodo_sdk.elf
'Finished building: frodo_sdk.elf.size'
' '
22:28:20 **** Incremental Build of configuration Debug for project frodo_sdk ****
make pre-build main-build 
a9-linaro-pre-build-step
' '
'Building file: ../src/include/test_kem.c'
'Invoking: ARM v7 gcc compiler'
arm-none-eabi-gcc -Wall -O0 -g3 -c -fmessage-length=0 -MT"src/include/test_kem.o" -mcpu=cortex-a9 -mfpu=vfpv3 -mfloat-abi=hard -I../../frodo_sdk_bsp/ps7_cortexa9_0/include -MMD -MP -MF"src/include/test_kem.d" -MT"src/include/test_kem.o" -o "src/include/test_kem.o" "../src/include/test_kem.c"
../src/include/test_kem.c: In function 'matrix_AS_mult':
../src/include/test_kem.c:79:9: warning: unused variable 'j' [-Wunused-variable]
  int i, j;
         ^
../src/include/test_kem.c: In function 'kem_test':
../src/include/test_kem.c:246:130: warning: unused variable 't_total_keccak_hw_mm_matrix_hw' [-Wunused-variable]
  volatile unsigned int t_keypair_keccak_hw_mm_matrix_hw = 0, t_enc_keccak_hw_mm_matrix_hw = 0, t_dec_keccak_hw_mm_matrix_hw = 0, t_total_keccak_hw_mm_matrix_hw = 0;
                                                                                                                                  ^~~~~~~~~~~~~~~~~~~~~~~~~~~~~~
../src/include/test_kem.c:246:96: warning: unused variable 't_dec_keccak_hw_mm_matrix_hw' [-Wunused-variable]
  volatile unsigned int t_keypair_keccak_hw_mm_matrix_hw = 0, t_enc_keccak_hw_mm_matrix_hw = 0, t_dec_keccak_hw_mm_matrix_hw = 0, t_total_keccak_hw_mm_matrix_hw = 0;
                                                                                                ^~~~~~~~~~~~~~~~~~~~~~~~~~~~
../src/include/test_kem.c:246:62: warning: unused variable 't_enc_keccak_hw_mm_matrix_hw' [-Wunused-variable]
  volatile unsigned int t_keypair_keccak_hw_mm_matrix_hw = 0, t_enc_keccak_hw_mm_matrix_hw = 0, t_dec_keccak_hw_mm_matrix_hw = 0, t_total_keccak_hw_mm_matrix_hw = 0;
                                                              ^~~~~~~~~~~~~~~~~~~~~~~~~~~~
../src/include/test_kem.c:246:24: warning: unused variable 't_keypair_keccak_hw_mm_matrix_hw' [-Wunused-variable]
  volatile unsigned int t_keypair_keccak_hw_mm_matrix_hw = 0, t_enc_keccak_hw_mm_matrix_hw = 0, t_dec_keccak_hw_mm_matrix_hw = 0, t_total_keccak_hw_mm_matrix_hw = 0;
                        ^~~~~~~~~~~~~~~~~~~~~~~~~~~~~~~~
../src/include/test_kem.c:245:121: warning: unused variable 't_total_keccak_hw_matrix_hw' [-Wunused-variable]
  volatile unsigned int t_keypair_keccak_hw_matrix_hw = 0, t_enc_keccak_hw_matrix_hw = 0, t_dec_keccak_hw_matrix_hw = 0, t_total_keccak_hw_matrix_hw = 0;
                                                                                                                         ^~~~~~~~~~~~~~~~~~~~~~~~~~~
../src/include/test_kem.c:245:90: warning: unused variable 't_dec_keccak_hw_matrix_hw' [-Wunused-variable]
  volatile unsigned int t_keypair_keccak_hw_matrix_hw = 0, t_enc_keccak_hw_matrix_hw = 0, t_dec_keccak_hw_matrix_hw = 0, t_total_keccak_hw_matrix_hw = 0;
                                                                                          ^~~~~~~~~~~~~~~~~~~~~~~~~
../src/include/test_kem.c:245:59: warning: unused variable 't_enc_keccak_hw_matrix_hw' [-Wunused-variable]
  volatile unsigned int t_keypair_keccak_hw_matrix_hw = 0, t_enc_keccak_hw_matrix_hw = 0, t_dec_keccak_hw_matrix_hw = 0, t_total_keccak_hw_matrix_hw = 0;
                                                           ^~~~~~~~~~~~~~~~~~~~~~~~~
../src/include/test_kem.c:245:24: warning: unused variable 't_keypair_keccak_hw_matrix_hw' [-Wunused-variable]
  volatile unsigned int t_keypair_keccak_hw_matrix_hw = 0, t_enc_keccak_hw_matrix_hw = 0, t_dec_keccak_hw_matrix_hw = 0, t_total_keccak_hw_matrix_hw = 0;
                        ^~~~~~~~~~~~~~~~~~~~~~~~~~~~~
../src/include/test_kem.c:244:121: warning: unused variable 't_total_keccak_sw_matrix_hw' [-Wunused-variable]
  volatile unsigned int t_keypair_keccak_sw_matrix_hw = 0, t_enc_keccak_sw_matrix_hw = 0, t_dec_keccak_sw_matrix_hw = 0, t_total_keccak_sw_matrix_hw = 0;
                                                                                                                         ^~~~~~~~~~~~~~~~~~~~~~~~~~~
../src/include/test_kem.c:244:90: warning: unused variable 't_dec_keccak_sw_matrix_hw' [-Wunused-variable]
  volatile unsigned int t_keypair_keccak_sw_matrix_hw = 0, t_enc_keccak_sw_matrix_hw = 0, t_dec_keccak_sw_matrix_hw = 0, t_total_keccak_sw_matrix_hw = 0;
                                                                                          ^~~~~~~~~~~~~~~~~~~~~~~~~
../src/include/test_kem.c:244:59: warning: unused variable 't_enc_keccak_sw_matrix_hw' [-Wunused-variable]
  volatile unsigned int t_keypair_keccak_sw_matrix_hw = 0, t_enc_keccak_sw_matrix_hw = 0, t_dec_keccak_sw_matrix_hw = 0, t_total_keccak_sw_matrix_hw = 0;
                                                           ^~~~~~~~~~~~~~~~~~~~~~~~~
../src/include/test_kem.c:244:24: warning: unused variable 't_keypair_keccak_sw_matrix_hw' [-Wunused-variable]
  volatile unsigned int t_keypair_keccak_sw_matrix_hw = 0, t_enc_keccak_sw_matrix_hw = 0, t_dec_keccak_sw_matrix_hw = 0, t_total_keccak_sw_matrix_hw = 0;
                        ^~~~~~~~~~~~~~~~~~~~~~~~~~~~~
../src/include/test_kem.c:243:130: warning: unused variable 't_total_keccak_hw_mm_matrix_sw' [-Wunused-variable]
  volatile unsigned int t_keypair_keccak_hw_mm_matrix_sw = 0, t_enc_keccak_hw_mm_matrix_sw = 0, t_dec_keccak_hw_mm_matrix_sw = 0, t_total_keccak_hw_mm_matrix_sw = 0;
                                                                                                                                  ^~~~~~~~~~~~~~~~~~~~~~~~~~~~~~
../src/include/test_kem.c:243:96: warning: unused variable 't_dec_keccak_hw_mm_matrix_sw' [-Wunused-variable]
  volatile unsigned int t_keypair_keccak_hw_mm_matrix_sw = 0, t_enc_keccak_hw_mm_matrix_sw = 0, t_dec_keccak_hw_mm_matrix_sw = 0, t_total_keccak_hw_mm_matrix_sw = 0;
                                                                                                ^~~~~~~~~~~~~~~~~~~~~~~~~~~~
../src/include/test_kem.c:243:62: warning: unused variable 't_enc_keccak_hw_mm_matrix_sw' [-Wunused-variable]
  volatile unsigned int t_keypair_keccak_hw_mm_matrix_sw = 0, t_enc_keccak_hw_mm_matrix_sw = 0, t_dec_keccak_hw_mm_matrix_sw = 0, t_total_keccak_hw_mm_matrix_sw = 0;
                                                              ^~~~~~~~~~~~~~~~~~~~~~~~~~~~
../src/include/test_kem.c:243:24: warning: unused variable 't_keypair_keccak_hw_mm_matrix_sw' [-Wunused-variable]
  volatile unsigned int t_keypair_keccak_hw_mm_matrix_sw = 0, t_enc_keccak_hw_mm_matrix_sw = 0, t_dec_keccak_hw_mm_matrix_sw = 0, t_total_keccak_hw_mm_matrix_sw = 0;
                        ^~~~~~~~~~~~~~~~~~~~~~~~~~~~~~~~
../src/include/test_kem.c:242:121: warning: unused variable 't_total_keccak_hw_matrix_sw' [-Wunused-variable]
  volatile unsigned int t_keypair_keccak_hw_matrix_sw = 0, t_enc_keccak_hw_matrix_sw = 0, t_dec_keccak_hw_matrix_sw = 0, t_total_keccak_hw_matrix_sw = 0;
                                                                                                                         ^~~~~~~~~~~~~~~~~~~~~~~~~~~
../src/include/test_kem.c:242:90: warning: unused variable 't_dec_keccak_hw_matrix_sw' [-Wunused-variable]
  volatile unsigned int t_keypair_keccak_hw_matrix_sw = 0, t_enc_keccak_hw_matrix_sw = 0, t_dec_keccak_hw_matrix_sw = 0, t_total_keccak_hw_matrix_sw = 0;
                                                                                          ^~~~~~~~~~~~~~~~~~~~~~~~~
../src/include/test_kem.c:242:59: warning: unused variable 't_enc_keccak_hw_matrix_sw' [-Wunused-variable]
  volatile unsigned int t_keypair_keccak_hw_matrix_sw = 0, t_enc_keccak_hw_matrix_sw = 0, t_dec_keccak_hw_matrix_sw = 0, t_total_keccak_hw_matrix_sw = 0;
                                                           ^~~~~~~~~~~~~~~~~~~~~~~~~
../src/include/test_kem.c:242:24: warning: unused variable 't_keypair_keccak_hw_matrix_sw' [-Wunused-variable]
  volatile unsigned int t_keypair_keccak_hw_matrix_sw = 0, t_enc_keccak_hw_matrix_sw = 0, t_dec_keccak_hw_matrix_sw = 0, t_total_keccak_hw_matrix_sw = 0;
                        ^~~~~~~~~~~~~~~~~~~~~~~~~~~~~
../src/include/test_kem.c:241:121: warning: unused variable 't_total_keccak_sw_matrix_sw' [-Wunused-variable]
  volatile unsigned int t_keypair_keccak_sw_matrix_sw = 0, t_enc_keccak_sw_matrix_sw = 0, t_dec_keccak_sw_matrix_sw = 0, t_total_keccak_sw_matrix_sw = 0;
                                                                                                                         ^~~~~~~~~~~~~~~~~~~~~~~~~~~
../src/include/test_kem.c:241:90: warning: unused variable 't_dec_keccak_sw_matrix_sw' [-Wunused-variable]
  volatile unsigned int t_keypair_keccak_sw_matrix_sw = 0, t_enc_keccak_sw_matrix_sw = 0, t_dec_keccak_sw_matrix_sw = 0, t_total_keccak_sw_matrix_sw = 0;
                                                                                          ^~~~~~~~~~~~~~~~~~~~~~~~~
../src/include/test_kem.c:241:59: warning: unused variable 't_enc_keccak_sw_matrix_sw' [-Wunused-variable]
  volatile unsigned int t_keypair_keccak_sw_matrix_sw = 0, t_enc_keccak_sw_matrix_sw = 0, t_dec_keccak_sw_matrix_sw = 0, t_total_keccak_sw_matrix_sw = 0;
                                                           ^~~~~~~~~~~~~~~~~~~~~~~~~
../src/include/test_kem.c:241:24: warning: unused variable 't_keypair_keccak_sw_matrix_sw' [-Wunused-variable]
  volatile unsigned int t_keypair_keccak_sw_matrix_sw = 0, t_enc_keccak_sw_matrix_sw = 0, t_dec_keccak_sw_matrix_sw = 0, t_total_keccak_sw_matrix_sw = 0;
                        ^~~~~~~~~~~~~~~~~~~~~~~~~~~~~
../src/include/test_kem.c: In function 'frodo_mul_add_sa_plus_e':
../src/include/test_kem.c:194:1: warning: control reaches end of non-void function [-Wreturn-type]
 }
 ^
'Finished building: ../src/include/test_kem.c'
' '
'Building target: frodo_sdk.elf'
'Invoking: ARM v7 gcc linker'
arm-none-eabi-gcc -mcpu=cortex-a9 -mfpu=vfpv3 -mfloat-abi=hard -Wl,-build-id=none -specs=Xilinx.spec -Wl,-T -Wl,../src/lscript.ld -L../../frodo_sdk_bsp/ps7_cortexa9_0/lib -o "frodo_sdk.elf"  ./src/include/fips202.o ./src/include/frodo_macrify.o ./src/include/keccak_f1600.o ./src/include/kem.o ./src/include/noise.o ./src/include/random.o ./src/include/test_KEM640.o ./src/include/test_kem.o ./src/include/util.o  ./src/main.o ./src/platform.o   -Wl,--start-group,-lxil,-lgcc,-lc,--end-group
'Finished building target: frodo_sdk.elf'
' '
'Invoking: ARM v7 Print Size'
arm-none-eabi-size frodo_sdk.elf  |tee "frodo_sdk.elf.size"
   text	   data	    bss	    dec	    hex	filename
 127176	   2744	2104368	2234288	 2217b0	frodo_sdk.elf
'Finished building: frodo_sdk.elf.size'
' '
22:28:36 **** Incremental Build of configuration Debug for project frodo_sdk ****
make pre-build main-build 
a9-linaro-pre-build-step
' '
make: Nothing to be done for 'main-build'.
22:35:49 **** Incremental Build of configuration Debug for project frodo_sdk ****
make pre-build main-build 
a9-linaro-pre-build-step
' '
'Building file: ../src/include/test_kem.c'
'Invoking: ARM v7 gcc compiler'
arm-none-eabi-gcc -Wall -O0 -g3 -c -fmessage-length=0 -MT"src/include/test_kem.o" -mcpu=cortex-a9 -mfpu=vfpv3 -mfloat-abi=hard -I../../frodo_sdk_bsp/ps7_cortexa9_0/include -MMD -MP -MF"src/include/test_kem.d" -MT"src/include/test_kem.o" -o "src/include/test_kem.o" "../src/include/test_kem.c"
../src/include/test_kem.c: In function 'matrix_AS_mult':
../src/include/test_kem.c:80:9: warning: unused variable 'j' [-Wunused-variable]
  int i, j;
         ^
../src/include/test_kem.c: In function 'kem_test':
../src/include/test_kem.c:247:130: warning: unused variable 't_total_keccak_hw_mm_matrix_hw' [-Wunused-variable]
  volatile unsigned int t_keypair_keccak_hw_mm_matrix_hw = 0, t_enc_keccak_hw_mm_matrix_hw = 0, t_dec_keccak_hw_mm_matrix_hw = 0, t_total_keccak_hw_mm_matrix_hw = 0;
                                                                                                                                  ^~~~~~~~~~~~~~~~~~~~~~~~~~~~~~
../src/include/test_kem.c:247:96: warning: unused variable 't_dec_keccak_hw_mm_matrix_hw' [-Wunused-variable]
  volatile unsigned int t_keypair_keccak_hw_mm_matrix_hw = 0, t_enc_keccak_hw_mm_matrix_hw = 0, t_dec_keccak_hw_mm_matrix_hw = 0, t_total_keccak_hw_mm_matrix_hw = 0;
                                                                                                ^~~~~~~~~~~~~~~~~~~~~~~~~~~~
../src/include/test_kem.c:247:62: warning: unused variable 't_enc_keccak_hw_mm_matrix_hw' [-Wunused-variable]
  volatile unsigned int t_keypair_keccak_hw_mm_matrix_hw = 0, t_enc_keccak_hw_mm_matrix_hw = 0, t_dec_keccak_hw_mm_matrix_hw = 0, t_total_keccak_hw_mm_matrix_hw = 0;
                                                              ^~~~~~~~~~~~~~~~~~~~~~~~~~~~
../src/include/test_kem.c:247:24: warning: unused variable 't_keypair_keccak_hw_mm_matrix_hw' [-Wunused-variable]
  volatile unsigned int t_keypair_keccak_hw_mm_matrix_hw = 0, t_enc_keccak_hw_mm_matrix_hw = 0, t_dec_keccak_hw_mm_matrix_hw = 0, t_total_keccak_hw_mm_matrix_hw = 0;
                        ^~~~~~~~~~~~~~~~~~~~~~~~~~~~~~~~
../src/include/test_kem.c:246:121: warning: unused variable 't_total_keccak_hw_matrix_hw' [-Wunused-variable]
  volatile unsigned int t_keypair_keccak_hw_matrix_hw = 0, t_enc_keccak_hw_matrix_hw = 0, t_dec_keccak_hw_matrix_hw = 0, t_total_keccak_hw_matrix_hw = 0;
                                                                                                                         ^~~~~~~~~~~~~~~~~~~~~~~~~~~
../src/include/test_kem.c:246:90: warning: unused variable 't_dec_keccak_hw_matrix_hw' [-Wunused-variable]
  volatile unsigned int t_keypair_keccak_hw_matrix_hw = 0, t_enc_keccak_hw_matrix_hw = 0, t_dec_keccak_hw_matrix_hw = 0, t_total_keccak_hw_matrix_hw = 0;
                                                                                          ^~~~~~~~~~~~~~~~~~~~~~~~~
../src/include/test_kem.c:246:59: warning: unused variable 't_enc_keccak_hw_matrix_hw' [-Wunused-variable]
  volatile unsigned int t_keypair_keccak_hw_matrix_hw = 0, t_enc_keccak_hw_matrix_hw = 0, t_dec_keccak_hw_matrix_hw = 0, t_total_keccak_hw_matrix_hw = 0;
                                                           ^~~~~~~~~~~~~~~~~~~~~~~~~
../src/include/test_kem.c:246:24: warning: unused variable 't_keypair_keccak_hw_matrix_hw' [-Wunused-variable]
  volatile unsigned int t_keypair_keccak_hw_matrix_hw = 0, t_enc_keccak_hw_matrix_hw = 0, t_dec_keccak_hw_matrix_hw = 0, t_total_keccak_hw_matrix_hw = 0;
                        ^~~~~~~~~~~~~~~~~~~~~~~~~~~~~
../src/include/test_kem.c:245:121: warning: unused variable 't_total_keccak_sw_matrix_hw' [-Wunused-variable]
  volatile unsigned int t_keypair_keccak_sw_matrix_hw = 0, t_enc_keccak_sw_matrix_hw = 0, t_dec_keccak_sw_matrix_hw = 0, t_total_keccak_sw_matrix_hw = 0;
                                                                                                                         ^~~~~~~~~~~~~~~~~~~~~~~~~~~
../src/include/test_kem.c:245:90: warning: unused variable 't_dec_keccak_sw_matrix_hw' [-Wunused-variable]
  volatile unsigned int t_keypair_keccak_sw_matrix_hw = 0, t_enc_keccak_sw_matrix_hw = 0, t_dec_keccak_sw_matrix_hw = 0, t_total_keccak_sw_matrix_hw = 0;
                                                                                          ^~~~~~~~~~~~~~~~~~~~~~~~~
../src/include/test_kem.c:245:59: warning: unused variable 't_enc_keccak_sw_matrix_hw' [-Wunused-variable]
  volatile unsigned int t_keypair_keccak_sw_matrix_hw = 0, t_enc_keccak_sw_matrix_hw = 0, t_dec_keccak_sw_matrix_hw = 0, t_total_keccak_sw_matrix_hw = 0;
                                                           ^~~~~~~~~~~~~~~~~~~~~~~~~
../src/include/test_kem.c:245:24: warning: unused variable 't_keypair_keccak_sw_matrix_hw' [-Wunused-variable]
  volatile unsigned int t_keypair_keccak_sw_matrix_hw = 0, t_enc_keccak_sw_matrix_hw = 0, t_dec_keccak_sw_matrix_hw = 0, t_total_keccak_sw_matrix_hw = 0;
                        ^~~~~~~~~~~~~~~~~~~~~~~~~~~~~
../src/include/test_kem.c:244:130: warning: unused variable 't_total_keccak_hw_mm_matrix_sw' [-Wunused-variable]
  volatile unsigned int t_keypair_keccak_hw_mm_matrix_sw = 0, t_enc_keccak_hw_mm_matrix_sw = 0, t_dec_keccak_hw_mm_matrix_sw = 0, t_total_keccak_hw_mm_matrix_sw = 0;
                                                                                                                                  ^~~~~~~~~~~~~~~~~~~~~~~~~~~~~~
../src/include/test_kem.c:244:96: warning: unused variable 't_dec_keccak_hw_mm_matrix_sw' [-Wunused-variable]
  volatile unsigned int t_keypair_keccak_hw_mm_matrix_sw = 0, t_enc_keccak_hw_mm_matrix_sw = 0, t_dec_keccak_hw_mm_matrix_sw = 0, t_total_keccak_hw_mm_matrix_sw = 0;
                                                                                                ^~~~~~~~~~~~~~~~~~~~~~~~~~~~
../src/include/test_kem.c:244:62: warning: unused variable 't_enc_keccak_hw_mm_matrix_sw' [-Wunused-variable]
  volatile unsigned int t_keypair_keccak_hw_mm_matrix_sw = 0, t_enc_keccak_hw_mm_matrix_sw = 0, t_dec_keccak_hw_mm_matrix_sw = 0, t_total_keccak_hw_mm_matrix_sw = 0;
                                                              ^~~~~~~~~~~~~~~~~~~~~~~~~~~~
../src/include/test_kem.c:244:24: warning: unused variable 't_keypair_keccak_hw_mm_matrix_sw' [-Wunused-variable]
  volatile unsigned int t_keypair_keccak_hw_mm_matrix_sw = 0, t_enc_keccak_hw_mm_matrix_sw = 0, t_dec_keccak_hw_mm_matrix_sw = 0, t_total_keccak_hw_mm_matrix_sw = 0;
                        ^~~~~~~~~~~~~~~~~~~~~~~~~~~~~~~~
../src/include/test_kem.c:243:121: warning: unused variable 't_total_keccak_hw_matrix_sw' [-Wunused-variable]
  volatile unsigned int t_keypair_keccak_hw_matrix_sw = 0, t_enc_keccak_hw_matrix_sw = 0, t_dec_keccak_hw_matrix_sw = 0, t_total_keccak_hw_matrix_sw = 0;
                                                                                                                         ^~~~~~~~~~~~~~~~~~~~~~~~~~~
../src/include/test_kem.c:243:90: warning: unused variable 't_dec_keccak_hw_matrix_sw' [-Wunused-variable]
  volatile unsigned int t_keypair_keccak_hw_matrix_sw = 0, t_enc_keccak_hw_matrix_sw = 0, t_dec_keccak_hw_matrix_sw = 0, t_total_keccak_hw_matrix_sw = 0;
                                                                                          ^~~~~~~~~~~~~~~~~~~~~~~~~
../src/include/test_kem.c:243:59: warning: unused variable 't_enc_keccak_hw_matrix_sw' [-Wunused-variable]
  volatile unsigned int t_keypair_keccak_hw_matrix_sw = 0, t_enc_keccak_hw_matrix_sw = 0, t_dec_keccak_hw_matrix_sw = 0, t_total_keccak_hw_matrix_sw = 0;
                                                           ^~~~~~~~~~~~~~~~~~~~~~~~~
../src/include/test_kem.c:243:24: warning: unused variable 't_keypair_keccak_hw_matrix_sw' [-Wunused-variable]
  volatile unsigned int t_keypair_keccak_hw_matrix_sw = 0, t_enc_keccak_hw_matrix_sw = 0, t_dec_keccak_hw_matrix_sw = 0, t_total_keccak_hw_matrix_sw = 0;
                        ^~~~~~~~~~~~~~~~~~~~~~~~~~~~~
../src/include/test_kem.c:242:121: warning: unused variable 't_total_keccak_sw_matrix_sw' [-Wunused-variable]
  volatile unsigned int t_keypair_keccak_sw_matrix_sw = 0, t_enc_keccak_sw_matrix_sw = 0, t_dec_keccak_sw_matrix_sw = 0, t_total_keccak_sw_matrix_sw = 0;
                                                                                                                         ^~~~~~~~~~~~~~~~~~~~~~~~~~~
../src/include/test_kem.c:242:90: warning: unused variable 't_dec_keccak_sw_matrix_sw' [-Wunused-variable]
  volatile unsigned int t_keypair_keccak_sw_matrix_sw = 0, t_enc_keccak_sw_matrix_sw = 0, t_dec_keccak_sw_matrix_sw = 0, t_total_keccak_sw_matrix_sw = 0;
                                                                                          ^~~~~~~~~~~~~~~~~~~~~~~~~
../src/include/test_kem.c:242:59: warning: unused variable 't_enc_keccak_sw_matrix_sw' [-Wunused-variable]
  volatile unsigned int t_keypair_keccak_sw_matrix_sw = 0, t_enc_keccak_sw_matrix_sw = 0, t_dec_keccak_sw_matrix_sw = 0, t_total_keccak_sw_matrix_sw = 0;
                                                           ^~~~~~~~~~~~~~~~~~~~~~~~~
../src/include/test_kem.c:242:24: warning: unused variable 't_keypair_keccak_sw_matrix_sw' [-Wunused-variable]
  volatile unsigned int t_keypair_keccak_sw_matrix_sw = 0, t_enc_keccak_sw_matrix_sw = 0, t_dec_keccak_sw_matrix_sw = 0, t_total_keccak_sw_matrix_sw = 0;
                        ^~~~~~~~~~~~~~~~~~~~~~~~~~~~~
../src/include/test_kem.c: In function 'frodo_mul_add_sa_plus_e':
../src/include/test_kem.c:195:1: warning: control reaches end of non-void function [-Wreturn-type]
 }
 ^
'Finished building: ../src/include/test_kem.c'
' '
'Building target: frodo_sdk.elf'
'Invoking: ARM v7 gcc linker'
arm-none-eabi-gcc -mcpu=cortex-a9 -mfpu=vfpv3 -mfloat-abi=hard -Wl,-build-id=none -specs=Xilinx.spec -Wl,-T -Wl,../src/lscript.ld -L../../frodo_sdk_bsp/ps7_cortexa9_0/lib -o "frodo_sdk.elf"  ./src/include/fips202.o ./src/include/frodo_macrify.o ./src/include/keccak_f1600.o ./src/include/kem.o ./src/include/noise.o ./src/include/random.o ./src/include/test_KEM640.o ./src/include/test_kem.o ./src/include/util.o  ./src/main.o ./src/platform.o   -Wl,--start-group,-lxil,-lgcc,-lc,--end-group
'Finished building target: frodo_sdk.elf'
' '
'Invoking: ARM v7 Print Size'
arm-none-eabi-size frodo_sdk.elf  |tee "frodo_sdk.elf.size"
   text	   data	    bss	    dec	    hex	filename
 127112	   2744	2104368	2234224	 221770	frodo_sdk.elf
'Finished building: frodo_sdk.elf.size'
' '
22:38:30 **** Incremental Build of configuration Debug for project frodo_sdk ****
make pre-build main-build 
a9-linaro-pre-build-step
' '
'Building file: ../src/include/test_kem.c'
'Invoking: ARM v7 gcc compiler'
arm-none-eabi-gcc -Wall -O0 -g3 -c -fmessage-length=0 -MT"src/include/test_kem.o" -mcpu=cortex-a9 -mfpu=vfpv3 -mfloat-abi=hard -I../../frodo_sdk_bsp/ps7_cortexa9_0/include -MMD -MP -MF"src/include/test_kem.d" -MT"src/include/test_kem.o" -o "src/include/test_kem.o" "../src/include/test_kem.c"
../src/include/test_kem.c: In function 'matrix_AS_mult':
../src/include/test_kem.c:80:9: warning: unused variable 'j' [-Wunused-variable]
  int i, j;
         ^
../src/include/test_kem.c: In function 'kem_test':
../src/include/test_kem.c:247:130: warning: unused variable 't_total_keccak_hw_mm_matrix_hw' [-Wunused-variable]
  volatile unsigned int t_keypair_keccak_hw_mm_matrix_hw = 0, t_enc_keccak_hw_mm_matrix_hw = 0, t_dec_keccak_hw_mm_matrix_hw = 0, t_total_keccak_hw_mm_matrix_hw = 0;
                                                                                                                                  ^~~~~~~~~~~~~~~~~~~~~~~~~~~~~~
../src/include/test_kem.c:247:96: warning: unused variable 't_dec_keccak_hw_mm_matrix_hw' [-Wunused-variable]
  volatile unsigned int t_keypair_keccak_hw_mm_matrix_hw = 0, t_enc_keccak_hw_mm_matrix_hw = 0, t_dec_keccak_hw_mm_matrix_hw = 0, t_total_keccak_hw_mm_matrix_hw = 0;
                                                                                                ^~~~~~~~~~~~~~~~~~~~~~~~~~~~
../src/include/test_kem.c:247:62: warning: unused variable 't_enc_keccak_hw_mm_matrix_hw' [-Wunused-variable]
  volatile unsigned int t_keypair_keccak_hw_mm_matrix_hw = 0, t_enc_keccak_hw_mm_matrix_hw = 0, t_dec_keccak_hw_mm_matrix_hw = 0, t_total_keccak_hw_mm_matrix_hw = 0;
                                                              ^~~~~~~~~~~~~~~~~~~~~~~~~~~~
../src/include/test_kem.c:247:24: warning: unused variable 't_keypair_keccak_hw_mm_matrix_hw' [-Wunused-variable]
  volatile unsigned int t_keypair_keccak_hw_mm_matrix_hw = 0, t_enc_keccak_hw_mm_matrix_hw = 0, t_dec_keccak_hw_mm_matrix_hw = 0, t_total_keccak_hw_mm_matrix_hw = 0;
                        ^~~~~~~~~~~~~~~~~~~~~~~~~~~~~~~~
../src/include/test_kem.c:246:121: warning: unused variable 't_total_keccak_hw_matrix_hw' [-Wunused-variable]
  volatile unsigned int t_keypair_keccak_hw_matrix_hw = 0, t_enc_keccak_hw_matrix_hw = 0, t_dec_keccak_hw_matrix_hw = 0, t_total_keccak_hw_matrix_hw = 0;
                                                                                                                         ^~~~~~~~~~~~~~~~~~~~~~~~~~~
../src/include/test_kem.c:246:90: warning: unused variable 't_dec_keccak_hw_matrix_hw' [-Wunused-variable]
  volatile unsigned int t_keypair_keccak_hw_matrix_hw = 0, t_enc_keccak_hw_matrix_hw = 0, t_dec_keccak_hw_matrix_hw = 0, t_total_keccak_hw_matrix_hw = 0;
                                                                                          ^~~~~~~~~~~~~~~~~~~~~~~~~
../src/include/test_kem.c:246:59: warning: unused variable 't_enc_keccak_hw_matrix_hw' [-Wunused-variable]
  volatile unsigned int t_keypair_keccak_hw_matrix_hw = 0, t_enc_keccak_hw_matrix_hw = 0, t_dec_keccak_hw_matrix_hw = 0, t_total_keccak_hw_matrix_hw = 0;
                                                           ^~~~~~~~~~~~~~~~~~~~~~~~~
../src/include/test_kem.c:246:24: warning: unused variable 't_keypair_keccak_hw_matrix_hw' [-Wunused-variable]
  volatile unsigned int t_keypair_keccak_hw_matrix_hw = 0, t_enc_keccak_hw_matrix_hw = 0, t_dec_keccak_hw_matrix_hw = 0, t_total_keccak_hw_matrix_hw = 0;
                        ^~~~~~~~~~~~~~~~~~~~~~~~~~~~~
../src/include/test_kem.c:245:121: warning: unused variable 't_total_keccak_sw_matrix_hw' [-Wunused-variable]
  volatile unsigned int t_keypair_keccak_sw_matrix_hw = 0, t_enc_keccak_sw_matrix_hw = 0, t_dec_keccak_sw_matrix_hw = 0, t_total_keccak_sw_matrix_hw = 0;
                                                                                                                         ^~~~~~~~~~~~~~~~~~~~~~~~~~~
../src/include/test_kem.c:245:90: warning: unused variable 't_dec_keccak_sw_matrix_hw' [-Wunused-variable]
  volatile unsigned int t_keypair_keccak_sw_matrix_hw = 0, t_enc_keccak_sw_matrix_hw = 0, t_dec_keccak_sw_matrix_hw = 0, t_total_keccak_sw_matrix_hw = 0;
                                                                                          ^~~~~~~~~~~~~~~~~~~~~~~~~
../src/include/test_kem.c:245:59: warning: unused variable 't_enc_keccak_sw_matrix_hw' [-Wunused-variable]
  volatile unsigned int t_keypair_keccak_sw_matrix_hw = 0, t_enc_keccak_sw_matrix_hw = 0, t_dec_keccak_sw_matrix_hw = 0, t_total_keccak_sw_matrix_hw = 0;
                                                           ^~~~~~~~~~~~~~~~~~~~~~~~~
../src/include/test_kem.c:245:24: warning: unused variable 't_keypair_keccak_sw_matrix_hw' [-Wunused-variable]
  volatile unsigned int t_keypair_keccak_sw_matrix_hw = 0, t_enc_keccak_sw_matrix_hw = 0, t_dec_keccak_sw_matrix_hw = 0, t_total_keccak_sw_matrix_hw = 0;
                        ^~~~~~~~~~~~~~~~~~~~~~~~~~~~~
../src/include/test_kem.c:244:130: warning: unused variable 't_total_keccak_hw_mm_matrix_sw' [-Wunused-variable]
  volatile unsigned int t_keypair_keccak_hw_mm_matrix_sw = 0, t_enc_keccak_hw_mm_matrix_sw = 0, t_dec_keccak_hw_mm_matrix_sw = 0, t_total_keccak_hw_mm_matrix_sw = 0;
                                                                                                                                  ^~~~~~~~~~~~~~~~~~~~~~~~~~~~~~
../src/include/test_kem.c:244:96: warning: unused variable 't_dec_keccak_hw_mm_matrix_sw' [-Wunused-variable]
  volatile unsigned int t_keypair_keccak_hw_mm_matrix_sw = 0, t_enc_keccak_hw_mm_matrix_sw = 0, t_dec_keccak_hw_mm_matrix_sw = 0, t_total_keccak_hw_mm_matrix_sw = 0;
                                                                                                ^~~~~~~~~~~~~~~~~~~~~~~~~~~~
../src/include/test_kem.c:244:62: warning: unused variable 't_enc_keccak_hw_mm_matrix_sw' [-Wunused-variable]
  volatile unsigned int t_keypair_keccak_hw_mm_matrix_sw = 0, t_enc_keccak_hw_mm_matrix_sw = 0, t_dec_keccak_hw_mm_matrix_sw = 0, t_total_keccak_hw_mm_matrix_sw = 0;
                                                              ^~~~~~~~~~~~~~~~~~~~~~~~~~~~
../src/include/test_kem.c:244:24: warning: unused variable 't_keypair_keccak_hw_mm_matrix_sw' [-Wunused-variable]
  volatile unsigned int t_keypair_keccak_hw_mm_matrix_sw = 0, t_enc_keccak_hw_mm_matrix_sw = 0, t_dec_keccak_hw_mm_matrix_sw = 0, t_total_keccak_hw_mm_matrix_sw = 0;
                        ^~~~~~~~~~~~~~~~~~~~~~~~~~~~~~~~
../src/include/test_kem.c:243:121: warning: unused variable 't_total_keccak_hw_matrix_sw' [-Wunused-variable]
  volatile unsigned int t_keypair_keccak_hw_matrix_sw = 0, t_enc_keccak_hw_matrix_sw = 0, t_dec_keccak_hw_matrix_sw = 0, t_total_keccak_hw_matrix_sw = 0;
                                                                                                                         ^~~~~~~~~~~~~~~~~~~~~~~~~~~
../src/include/test_kem.c:243:90: warning: unused variable 't_dec_keccak_hw_matrix_sw' [-Wunused-variable]
  volatile unsigned int t_keypair_keccak_hw_matrix_sw = 0, t_enc_keccak_hw_matrix_sw = 0, t_dec_keccak_hw_matrix_sw = 0, t_total_keccak_hw_matrix_sw = 0;
                                                                                          ^~~~~~~~~~~~~~~~~~~~~~~~~
../src/include/test_kem.c:243:59: warning: unused variable 't_enc_keccak_hw_matrix_sw' [-Wunused-variable]
  volatile unsigned int t_keypair_keccak_hw_matrix_sw = 0, t_enc_keccak_hw_matrix_sw = 0, t_dec_keccak_hw_matrix_sw = 0, t_total_keccak_hw_matrix_sw = 0;
                                                           ^~~~~~~~~~~~~~~~~~~~~~~~~
../src/include/test_kem.c:243:24: warning: unused variable 't_keypair_keccak_hw_matrix_sw' [-Wunused-variable]
  volatile unsigned int t_keypair_keccak_hw_matrix_sw = 0, t_enc_keccak_hw_matrix_sw = 0, t_dec_keccak_hw_matrix_sw = 0, t_total_keccak_hw_matrix_sw = 0;
                        ^~~~~~~~~~~~~~~~~~~~~~~~~~~~~
../src/include/test_kem.c:242:121: warning: unused variable 't_total_keccak_sw_matrix_sw' [-Wunused-variable]
  volatile unsigned int t_keypair_keccak_sw_matrix_sw = 0, t_enc_keccak_sw_matrix_sw = 0, t_dec_keccak_sw_matrix_sw = 0, t_total_keccak_sw_matrix_sw = 0;
                                                                                                                         ^~~~~~~~~~~~~~~~~~~~~~~~~~~
../src/include/test_kem.c:242:90: warning: unused variable 't_dec_keccak_sw_matrix_sw' [-Wunused-variable]
  volatile unsigned int t_keypair_keccak_sw_matrix_sw = 0, t_enc_keccak_sw_matrix_sw = 0, t_dec_keccak_sw_matrix_sw = 0, t_total_keccak_sw_matrix_sw = 0;
                                                                                          ^~~~~~~~~~~~~~~~~~~~~~~~~
../src/include/test_kem.c:242:59: warning: unused variable 't_enc_keccak_sw_matrix_sw' [-Wunused-variable]
  volatile unsigned int t_keypair_keccak_sw_matrix_sw = 0, t_enc_keccak_sw_matrix_sw = 0, t_dec_keccak_sw_matrix_sw = 0, t_total_keccak_sw_matrix_sw = 0;
                                                           ^~~~~~~~~~~~~~~~~~~~~~~~~
../src/include/test_kem.c:242:24: warning: unused variable 't_keypair_keccak_sw_matrix_sw' [-Wunused-variable]
  volatile unsigned int t_keypair_keccak_sw_matrix_sw = 0, t_enc_keccak_sw_matrix_sw = 0, t_dec_keccak_sw_matrix_sw = 0, t_total_keccak_sw_matrix_sw = 0;
                        ^~~~~~~~~~~~~~~~~~~~~~~~~~~~~
../src/include/test_kem.c: In function 'frodo_mul_add_sa_plus_e':
../src/include/test_kem.c:195:1: warning: control reaches end of non-void function [-Wreturn-type]
 }
 ^
'Finished building: ../src/include/test_kem.c'
' '
'Building target: frodo_sdk.elf'
'Invoking: ARM v7 gcc linker'
arm-none-eabi-gcc -mcpu=cortex-a9 -mfpu=vfpv3 -mfloat-abi=hard -Wl,-build-id=none -specs=Xilinx.spec -Wl,-T -Wl,../src/lscript.ld -L../../frodo_sdk_bsp/ps7_cortexa9_0/lib -o "frodo_sdk.elf"  ./src/include/fips202.o ./src/include/frodo_macrify.o ./src/include/keccak_f1600.o ./src/include/kem.o ./src/include/noise.o ./src/include/random.o ./src/include/test_KEM640.o ./src/include/test_kem.o ./src/include/util.o  ./src/main.o ./src/platform.o   -Wl,--start-group,-lxil,-lgcc,-lc,--end-group
'Finished building target: frodo_sdk.elf'
' '
'Invoking: ARM v7 Print Size'
arm-none-eabi-size frodo_sdk.elf  |tee "frodo_sdk.elf.size"
   text	   data	    bss	    dec	    hex	filename
 127112	   2744	2104368	2234224	 221770	frodo_sdk.elf
'Finished building: frodo_sdk.elf.size'
' '
22:39:31 **** Incremental Build of configuration Debug for project frodo_sdk ****
make pre-build main-build 
a9-linaro-pre-build-step
' '
'Building file: ../src/include/test_kem.c'
'Invoking: ARM v7 gcc compiler'
arm-none-eabi-gcc -Wall -O0 -g3 -c -fmessage-length=0 -MT"src/include/test_kem.o" -mcpu=cortex-a9 -mfpu=vfpv3 -mfloat-abi=hard -I../../frodo_sdk_bsp/ps7_cortexa9_0/include -MMD -MP -MF"src/include/test_kem.d" -MT"src/include/test_kem.o" -o "src/include/test_kem.o" "../src/include/test_kem.c"
../src/include/test_kem.c: In function 'matrix_AS_mult':
../src/include/test_kem.c:80:9: warning: unused variable 'j' [-Wunused-variable]
  int i, j;
         ^
../src/include/test_kem.c: In function 'kem_test':
../src/include/test_kem.c:247:130: warning: unused variable 't_total_keccak_hw_mm_matrix_hw' [-Wunused-variable]
  volatile unsigned int t_keypair_keccak_hw_mm_matrix_hw = 0, t_enc_keccak_hw_mm_matrix_hw = 0, t_dec_keccak_hw_mm_matrix_hw = 0, t_total_keccak_hw_mm_matrix_hw = 0;
                                                                                                                                  ^~~~~~~~~~~~~~~~~~~~~~~~~~~~~~
../src/include/test_kem.c:247:96: warning: unused variable 't_dec_keccak_hw_mm_matrix_hw' [-Wunused-variable]
  volatile unsigned int t_keypair_keccak_hw_mm_matrix_hw = 0, t_enc_keccak_hw_mm_matrix_hw = 0, t_dec_keccak_hw_mm_matrix_hw = 0, t_total_keccak_hw_mm_matrix_hw = 0;
                                                                                                ^~~~~~~~~~~~~~~~~~~~~~~~~~~~
../src/include/test_kem.c:247:62: warning: unused variable 't_enc_keccak_hw_mm_matrix_hw' [-Wunused-variable]
  volatile unsigned int t_keypair_keccak_hw_mm_matrix_hw = 0, t_enc_keccak_hw_mm_matrix_hw = 0, t_dec_keccak_hw_mm_matrix_hw = 0, t_total_keccak_hw_mm_matrix_hw = 0;
                                                              ^~~~~~~~~~~~~~~~~~~~~~~~~~~~
../src/include/test_kem.c:247:24: warning: unused variable 't_keypair_keccak_hw_mm_matrix_hw' [-Wunused-variable]
  volatile unsigned int t_keypair_keccak_hw_mm_matrix_hw = 0, t_enc_keccak_hw_mm_matrix_hw = 0, t_dec_keccak_hw_mm_matrix_hw = 0, t_total_keccak_hw_mm_matrix_hw = 0;
                        ^~~~~~~~~~~~~~~~~~~~~~~~~~~~~~~~
../src/include/test_kem.c:246:121: warning: unused variable 't_total_keccak_hw_matrix_hw' [-Wunused-variable]
  volatile unsigned int t_keypair_keccak_hw_matrix_hw = 0, t_enc_keccak_hw_matrix_hw = 0, t_dec_keccak_hw_matrix_hw = 0, t_total_keccak_hw_matrix_hw = 0;
                                                                                                                         ^~~~~~~~~~~~~~~~~~~~~~~~~~~
../src/include/test_kem.c:246:90: warning: unused variable 't_dec_keccak_hw_matrix_hw' [-Wunused-variable]
  volatile unsigned int t_keypair_keccak_hw_matrix_hw = 0, t_enc_keccak_hw_matrix_hw = 0, t_dec_keccak_hw_matrix_hw = 0, t_total_keccak_hw_matrix_hw = 0;
                                                                                          ^~~~~~~~~~~~~~~~~~~~~~~~~
../src/include/test_kem.c:246:59: warning: unused variable 't_enc_keccak_hw_matrix_hw' [-Wunused-variable]
  volatile unsigned int t_keypair_keccak_hw_matrix_hw = 0, t_enc_keccak_hw_matrix_hw = 0, t_dec_keccak_hw_matrix_hw = 0, t_total_keccak_hw_matrix_hw = 0;
                                                           ^~~~~~~~~~~~~~~~~~~~~~~~~
../src/include/test_kem.c:246:24: warning: unused variable 't_keypair_keccak_hw_matrix_hw' [-Wunused-variable]
  volatile unsigned int t_keypair_keccak_hw_matrix_hw = 0, t_enc_keccak_hw_matrix_hw = 0, t_dec_keccak_hw_matrix_hw = 0, t_total_keccak_hw_matrix_hw = 0;
                        ^~~~~~~~~~~~~~~~~~~~~~~~~~~~~
../src/include/test_kem.c:245:121: warning: unused variable 't_total_keccak_sw_matrix_hw' [-Wunused-variable]
  volatile unsigned int t_keypair_keccak_sw_matrix_hw = 0, t_enc_keccak_sw_matrix_hw = 0, t_dec_keccak_sw_matrix_hw = 0, t_total_keccak_sw_matrix_hw = 0;
                                                                                                                         ^~~~~~~~~~~~~~~~~~~~~~~~~~~
../src/include/test_kem.c:245:90: warning: unused variable 't_dec_keccak_sw_matrix_hw' [-Wunused-variable]
  volatile unsigned int t_keypair_keccak_sw_matrix_hw = 0, t_enc_keccak_sw_matrix_hw = 0, t_dec_keccak_sw_matrix_hw = 0, t_total_keccak_sw_matrix_hw = 0;
                                                                                          ^~~~~~~~~~~~~~~~~~~~~~~~~
../src/include/test_kem.c:245:59: warning: unused variable 't_enc_keccak_sw_matrix_hw' [-Wunused-variable]
  volatile unsigned int t_keypair_keccak_sw_matrix_hw = 0, t_enc_keccak_sw_matrix_hw = 0, t_dec_keccak_sw_matrix_hw = 0, t_total_keccak_sw_matrix_hw = 0;
                                                           ^~~~~~~~~~~~~~~~~~~~~~~~~
../src/include/test_kem.c:245:24: warning: unused variable 't_keypair_keccak_sw_matrix_hw' [-Wunused-variable]
  volatile unsigned int t_keypair_keccak_sw_matrix_hw = 0, t_enc_keccak_sw_matrix_hw = 0, t_dec_keccak_sw_matrix_hw = 0, t_total_keccak_sw_matrix_hw = 0;
                        ^~~~~~~~~~~~~~~~~~~~~~~~~~~~~
../src/include/test_kem.c:244:130: warning: unused variable 't_total_keccak_hw_mm_matrix_sw' [-Wunused-variable]
  volatile unsigned int t_keypair_keccak_hw_mm_matrix_sw = 0, t_enc_keccak_hw_mm_matrix_sw = 0, t_dec_keccak_hw_mm_matrix_sw = 0, t_total_keccak_hw_mm_matrix_sw = 0;
                                                                                                                                  ^~~~~~~~~~~~~~~~~~~~~~~~~~~~~~
../src/include/test_kem.c:244:96: warning: unused variable 't_dec_keccak_hw_mm_matrix_sw' [-Wunused-variable]
  volatile unsigned int t_keypair_keccak_hw_mm_matrix_sw = 0, t_enc_keccak_hw_mm_matrix_sw = 0, t_dec_keccak_hw_mm_matrix_sw = 0, t_total_keccak_hw_mm_matrix_sw = 0;
                                                                                                ^~~~~~~~~~~~~~~~~~~~~~~~~~~~
../src/include/test_kem.c:244:62: warning: unused variable 't_enc_keccak_hw_mm_matrix_sw' [-Wunused-variable]
  volatile unsigned int t_keypair_keccak_hw_mm_matrix_sw = 0, t_enc_keccak_hw_mm_matrix_sw = 0, t_dec_keccak_hw_mm_matrix_sw = 0, t_total_keccak_hw_mm_matrix_sw = 0;
                                                              ^~~~~~~~~~~~~~~~~~~~~~~~~~~~
../src/include/test_kem.c:244:24: warning: unused variable 't_keypair_keccak_hw_mm_matrix_sw' [-Wunused-variable]
  volatile unsigned int t_keypair_keccak_hw_mm_matrix_sw = 0, t_enc_keccak_hw_mm_matrix_sw = 0, t_dec_keccak_hw_mm_matrix_sw = 0, t_total_keccak_hw_mm_matrix_sw = 0;
                        ^~~~~~~~~~~~~~~~~~~~~~~~~~~~~~~~
../src/include/test_kem.c:243:121: warning: unused variable 't_total_keccak_hw_matrix_sw' [-Wunused-variable]
  volatile unsigned int t_keypair_keccak_hw_matrix_sw = 0, t_enc_keccak_hw_matrix_sw = 0, t_dec_keccak_hw_matrix_sw = 0, t_total_keccak_hw_matrix_sw = 0;
                                                                                                                         ^~~~~~~~~~~~~~~~~~~~~~~~~~~
../src/include/test_kem.c:243:90: warning: unused variable 't_dec_keccak_hw_matrix_sw' [-Wunused-variable]
  volatile unsigned int t_keypair_keccak_hw_matrix_sw = 0, t_enc_keccak_hw_matrix_sw = 0, t_dec_keccak_hw_matrix_sw = 0, t_total_keccak_hw_matrix_sw = 0;
                                                                                          ^~~~~~~~~~~~~~~~~~~~~~~~~
../src/include/test_kem.c:243:59: warning: unused variable 't_enc_keccak_hw_matrix_sw' [-Wunused-variable]
  volatile unsigned int t_keypair_keccak_hw_matrix_sw = 0, t_enc_keccak_hw_matrix_sw = 0, t_dec_keccak_hw_matrix_sw = 0, t_total_keccak_hw_matrix_sw = 0;
                                                           ^~~~~~~~~~~~~~~~~~~~~~~~~
../src/include/test_kem.c:243:24: warning: unused variable 't_keypair_keccak_hw_matrix_sw' [-Wunused-variable]
  volatile unsigned int t_keypair_keccak_hw_matrix_sw = 0, t_enc_keccak_hw_matrix_sw = 0, t_dec_keccak_hw_matrix_sw = 0, t_total_keccak_hw_matrix_sw = 0;
                        ^~~~~~~~~~~~~~~~~~~~~~~~~~~~~
../src/include/test_kem.c:242:121: warning: unused variable 't_total_keccak_sw_matrix_sw' [-Wunused-variable]
  volatile unsigned int t_keypair_keccak_sw_matrix_sw = 0, t_enc_keccak_sw_matrix_sw = 0, t_dec_keccak_sw_matrix_sw = 0, t_total_keccak_sw_matrix_sw = 0;
                                                                                                                         ^~~~~~~~~~~~~~~~~~~~~~~~~~~
../src/include/test_kem.c:242:90: warning: unused variable 't_dec_keccak_sw_matrix_sw' [-Wunused-variable]
  volatile unsigned int t_keypair_keccak_sw_matrix_sw = 0, t_enc_keccak_sw_matrix_sw = 0, t_dec_keccak_sw_matrix_sw = 0, t_total_keccak_sw_matrix_sw = 0;
                                                                                          ^~~~~~~~~~~~~~~~~~~~~~~~~
../src/include/test_kem.c:242:59: warning: unused variable 't_enc_keccak_sw_matrix_sw' [-Wunused-variable]
  volatile unsigned int t_keypair_keccak_sw_matrix_sw = 0, t_enc_keccak_sw_matrix_sw = 0, t_dec_keccak_sw_matrix_sw = 0, t_total_keccak_sw_matrix_sw = 0;
                                                           ^~~~~~~~~~~~~~~~~~~~~~~~~
../src/include/test_kem.c:242:24: warning: unused variable 't_keypair_keccak_sw_matrix_sw' [-Wunused-variable]
  volatile unsigned int t_keypair_keccak_sw_matrix_sw = 0, t_enc_keccak_sw_matrix_sw = 0, t_dec_keccak_sw_matrix_sw = 0, t_total_keccak_sw_matrix_sw = 0;
                        ^~~~~~~~~~~~~~~~~~~~~~~~~~~~~
../src/include/test_kem.c: In function 'frodo_mul_add_sa_plus_e':
../src/include/test_kem.c:195:1: warning: control reaches end of non-void function [-Wreturn-type]
 }
 ^
'Finished building: ../src/include/test_kem.c'
' '
'Building target: frodo_sdk.elf'
'Invoking: ARM v7 gcc linker'
arm-none-eabi-gcc -mcpu=cortex-a9 -mfpu=vfpv3 -mfloat-abi=hard -Wl,-build-id=none -specs=Xilinx.spec -Wl,-T -Wl,../src/lscript.ld -L../../frodo_sdk_bsp/ps7_cortexa9_0/lib -o "frodo_sdk.elf"  ./src/include/fips202.o ./src/include/frodo_macrify.o ./src/include/keccak_f1600.o ./src/include/kem.o ./src/include/noise.o ./src/include/random.o ./src/include/test_KEM640.o ./src/include/test_kem.o ./src/include/util.o  ./src/main.o ./src/platform.o   -Wl,--start-group,-lxil,-lgcc,-lc,--end-group
'Finished building target: frodo_sdk.elf'
' '
'Invoking: ARM v7 Print Size'
arm-none-eabi-size frodo_sdk.elf  |tee "frodo_sdk.elf.size"
   text	   data	    bss	    dec	    hex	filename
 127112	   2744	2104368	2234224	 221770	frodo_sdk.elf
'Finished building: frodo_sdk.elf.size'
' '
22:40:18 **** Incremental Build of configuration Debug for project frodo_sdk ****
make pre-build main-build 
a9-linaro-pre-build-step
' '
'Building file: ../src/include/test_kem.c'
'Invoking: ARM v7 gcc compiler'
arm-none-eabi-gcc -Wall -O0 -g3 -c -fmessage-length=0 -MT"src/include/test_kem.o" -mcpu=cortex-a9 -mfpu=vfpv3 -mfloat-abi=hard -I../../frodo_sdk_bsp/ps7_cortexa9_0/include -MMD -MP -MF"src/include/test_kem.d" -MT"src/include/test_kem.o" -o "src/include/test_kem.o" "../src/include/test_kem.c"
../src/include/test_kem.c: In function 'matrix_AS_mult':
../src/include/test_kem.c:79:9: warning: unused variable 'j' [-Wunused-variable]
  int i, j;
         ^
../src/include/test_kem.c: In function 'kem_test':
../src/include/test_kem.c:246:130: warning: unused variable 't_total_keccak_hw_mm_matrix_hw' [-Wunused-variable]
  volatile unsigned int t_keypair_keccak_hw_mm_matrix_hw = 0, t_enc_keccak_hw_mm_matrix_hw = 0, t_dec_keccak_hw_mm_matrix_hw = 0, t_total_keccak_hw_mm_matrix_hw = 0;
                                                                                                                                  ^~~~~~~~~~~~~~~~~~~~~~~~~~~~~~
../src/include/test_kem.c:246:96: warning: unused variable 't_dec_keccak_hw_mm_matrix_hw' [-Wunused-variable]
  volatile unsigned int t_keypair_keccak_hw_mm_matrix_hw = 0, t_enc_keccak_hw_mm_matrix_hw = 0, t_dec_keccak_hw_mm_matrix_hw = 0, t_total_keccak_hw_mm_matrix_hw = 0;
                                                                                                ^~~~~~~~~~~~~~~~~~~~~~~~~~~~
../src/include/test_kem.c:246:62: warning: unused variable 't_enc_keccak_hw_mm_matrix_hw' [-Wunused-variable]
  volatile unsigned int t_keypair_keccak_hw_mm_matrix_hw = 0, t_enc_keccak_hw_mm_matrix_hw = 0, t_dec_keccak_hw_mm_matrix_hw = 0, t_total_keccak_hw_mm_matrix_hw = 0;
                                                              ^~~~~~~~~~~~~~~~~~~~~~~~~~~~
../src/include/test_kem.c:246:24: warning: unused variable 't_keypair_keccak_hw_mm_matrix_hw' [-Wunused-variable]
  volatile unsigned int t_keypair_keccak_hw_mm_matrix_hw = 0, t_enc_keccak_hw_mm_matrix_hw = 0, t_dec_keccak_hw_mm_matrix_hw = 0, t_total_keccak_hw_mm_matrix_hw = 0;
                        ^~~~~~~~~~~~~~~~~~~~~~~~~~~~~~~~
../src/include/test_kem.c:245:121: warning: unused variable 't_total_keccak_hw_matrix_hw' [-Wunused-variable]
  volatile unsigned int t_keypair_keccak_hw_matrix_hw = 0, t_enc_keccak_hw_matrix_hw = 0, t_dec_keccak_hw_matrix_hw = 0, t_total_keccak_hw_matrix_hw = 0;
                                                                                                                         ^~~~~~~~~~~~~~~~~~~~~~~~~~~
../src/include/test_kem.c:245:90: warning: unused variable 't_dec_keccak_hw_matrix_hw' [-Wunused-variable]
  volatile unsigned int t_keypair_keccak_hw_matrix_hw = 0, t_enc_keccak_hw_matrix_hw = 0, t_dec_keccak_hw_matrix_hw = 0, t_total_keccak_hw_matrix_hw = 0;
                                                                                          ^~~~~~~~~~~~~~~~~~~~~~~~~
../src/include/test_kem.c:245:59: warning: unused variable 't_enc_keccak_hw_matrix_hw' [-Wunused-variable]
  volatile unsigned int t_keypair_keccak_hw_matrix_hw = 0, t_enc_keccak_hw_matrix_hw = 0, t_dec_keccak_hw_matrix_hw = 0, t_total_keccak_hw_matrix_hw = 0;
                                                           ^~~~~~~~~~~~~~~~~~~~~~~~~
../src/include/test_kem.c:245:24: warning: unused variable 't_keypair_keccak_hw_matrix_hw' [-Wunused-variable]
  volatile unsigned int t_keypair_keccak_hw_matrix_hw = 0, t_enc_keccak_hw_matrix_hw = 0, t_dec_keccak_hw_matrix_hw = 0, t_total_keccak_hw_matrix_hw = 0;
                        ^~~~~~~~~~~~~~~~~~~~~~~~~~~~~
../src/include/test_kem.c:244:121: warning: unused variable 't_total_keccak_sw_matrix_hw' [-Wunused-variable]
  volatile unsigned int t_keypair_keccak_sw_matrix_hw = 0, t_enc_keccak_sw_matrix_hw = 0, t_dec_keccak_sw_matrix_hw = 0, t_total_keccak_sw_matrix_hw = 0;
                                                                                                                         ^~~~~~~~~~~~~~~~~~~~~~~~~~~
../src/include/test_kem.c:244:90: warning: unused variable 't_dec_keccak_sw_matrix_hw' [-Wunused-variable]
  volatile unsigned int t_keypair_keccak_sw_matrix_hw = 0, t_enc_keccak_sw_matrix_hw = 0, t_dec_keccak_sw_matrix_hw = 0, t_total_keccak_sw_matrix_hw = 0;
                                                                                          ^~~~~~~~~~~~~~~~~~~~~~~~~
../src/include/test_kem.c:244:59: warning: unused variable 't_enc_keccak_sw_matrix_hw' [-Wunused-variable]
  volatile unsigned int t_keypair_keccak_sw_matrix_hw = 0, t_enc_keccak_sw_matrix_hw = 0, t_dec_keccak_sw_matrix_hw = 0, t_total_keccak_sw_matrix_hw = 0;
                                                           ^~~~~~~~~~~~~~~~~~~~~~~~~
../src/include/test_kem.c:244:24: warning: unused variable 't_keypair_keccak_sw_matrix_hw' [-Wunused-variable]
  volatile unsigned int t_keypair_keccak_sw_matrix_hw = 0, t_enc_keccak_sw_matrix_hw = 0, t_dec_keccak_sw_matrix_hw = 0, t_total_keccak_sw_matrix_hw = 0;
                        ^~~~~~~~~~~~~~~~~~~~~~~~~~~~~
../src/include/test_kem.c:243:130: warning: unused variable 't_total_keccak_hw_mm_matrix_sw' [-Wunused-variable]
  volatile unsigned int t_keypair_keccak_hw_mm_matrix_sw = 0, t_enc_keccak_hw_mm_matrix_sw = 0, t_dec_keccak_hw_mm_matrix_sw = 0, t_total_keccak_hw_mm_matrix_sw = 0;
                                                                                                                                  ^~~~~~~~~~~~~~~~~~~~~~~~~~~~~~
../src/include/test_kem.c:243:96: warning: unused variable 't_dec_keccak_hw_mm_matrix_sw' [-Wunused-variable]
  volatile unsigned int t_keypair_keccak_hw_mm_matrix_sw = 0, t_enc_keccak_hw_mm_matrix_sw = 0, t_dec_keccak_hw_mm_matrix_sw = 0, t_total_keccak_hw_mm_matrix_sw = 0;
                                                                                                ^~~~~~~~~~~~~~~~~~~~~~~~~~~~
../src/include/test_kem.c:243:62: warning: unused variable 't_enc_keccak_hw_mm_matrix_sw' [-Wunused-variable]
  volatile unsigned int t_keypair_keccak_hw_mm_matrix_sw = 0, t_enc_keccak_hw_mm_matrix_sw = 0, t_dec_keccak_hw_mm_matrix_sw = 0, t_total_keccak_hw_mm_matrix_sw = 0;
                                                              ^~~~~~~~~~~~~~~~~~~~~~~~~~~~
../src/include/test_kem.c:243:24: warning: unused variable 't_keypair_keccak_hw_mm_matrix_sw' [-Wunused-variable]
  volatile unsigned int t_keypair_keccak_hw_mm_matrix_sw = 0, t_enc_keccak_hw_mm_matrix_sw = 0, t_dec_keccak_hw_mm_matrix_sw = 0, t_total_keccak_hw_mm_matrix_sw = 0;
                        ^~~~~~~~~~~~~~~~~~~~~~~~~~~~~~~~
../src/include/test_kem.c:242:121: warning: unused variable 't_total_keccak_hw_matrix_sw' [-Wunused-variable]
  volatile unsigned int t_keypair_keccak_hw_matrix_sw = 0, t_enc_keccak_hw_matrix_sw = 0, t_dec_keccak_hw_matrix_sw = 0, t_total_keccak_hw_matrix_sw = 0;
                                                                                                                         ^~~~~~~~~~~~~~~~~~~~~~~~~~~
../src/include/test_kem.c:242:90: warning: unused variable 't_dec_keccak_hw_matrix_sw' [-Wunused-variable]
  volatile unsigned int t_keypair_keccak_hw_matrix_sw = 0, t_enc_keccak_hw_matrix_sw = 0, t_dec_keccak_hw_matrix_sw = 0, t_total_keccak_hw_matrix_sw = 0;
                                                                                          ^~~~~~~~~~~~~~~~~~~~~~~~~
../src/include/test_kem.c:242:59: warning: unused variable 't_enc_keccak_hw_matrix_sw' [-Wunused-variable]
  volatile unsigned int t_keypair_keccak_hw_matrix_sw = 0, t_enc_keccak_hw_matrix_sw = 0, t_dec_keccak_hw_matrix_sw = 0, t_total_keccak_hw_matrix_sw = 0;
                                                           ^~~~~~~~~~~~~~~~~~~~~~~~~
../src/include/test_kem.c:242:24: warning: unused variable 't_keypair_keccak_hw_matrix_sw' [-Wunused-variable]
  volatile unsigned int t_keypair_keccak_hw_matrix_sw = 0, t_enc_keccak_hw_matrix_sw = 0, t_dec_keccak_hw_matrix_sw = 0, t_total_keccak_hw_matrix_sw = 0;
                        ^~~~~~~~~~~~~~~~~~~~~~~~~~~~~
../src/include/test_kem.c:241:121: warning: unused variable 't_total_keccak_sw_matrix_sw' [-Wunused-variable]
  volatile unsigned int t_keypair_keccak_sw_matrix_sw = 0, t_enc_keccak_sw_matrix_sw = 0, t_dec_keccak_sw_matrix_sw = 0, t_total_keccak_sw_matrix_sw = 0;
                                                                                                                         ^~~~~~~~~~~~~~~~~~~~~~~~~~~
../src/include/test_kem.c:241:90: warning: unused variable 't_dec_keccak_sw_matrix_sw' [-Wunused-variable]
  volatile unsigned int t_keypair_keccak_sw_matrix_sw = 0, t_enc_keccak_sw_matrix_sw = 0, t_dec_keccak_sw_matrix_sw = 0, t_total_keccak_sw_matrix_sw = 0;
                                                                                          ^~~~~~~~~~~~~~~~~~~~~~~~~
../src/include/test_kem.c:241:59: warning: unused variable 't_enc_keccak_sw_matrix_sw' [-Wunused-variable]
  volatile unsigned int t_keypair_keccak_sw_matrix_sw = 0, t_enc_keccak_sw_matrix_sw = 0, t_dec_keccak_sw_matrix_sw = 0, t_total_keccak_sw_matrix_sw = 0;
                                                           ^~~~~~~~~~~~~~~~~~~~~~~~~
../src/include/test_kem.c:241:24: warning: unused variable 't_keypair_keccak_sw_matrix_sw' [-Wunused-variable]
  volatile unsigned int t_keypair_keccak_sw_matrix_sw = 0, t_enc_keccak_sw_matrix_sw = 0, t_dec_keccak_sw_matrix_sw = 0, t_total_keccak_sw_matrix_sw = 0;
                        ^~~~~~~~~~~~~~~~~~~~~~~~~~~~~
../src/include/test_kem.c: In function 'frodo_mul_add_sa_plus_e':
../src/include/test_kem.c:194:1: warning: control reaches end of non-void function [-Wreturn-type]
 }
 ^
'Finished building: ../src/include/test_kem.c'
' '
'Building target: frodo_sdk.elf'
'Invoking: ARM v7 gcc linker'
arm-none-eabi-gcc -mcpu=cortex-a9 -mfpu=vfpv3 -mfloat-abi=hard -Wl,-build-id=none -specs=Xilinx.spec -Wl,-T -Wl,../src/lscript.ld -L../../frodo_sdk_bsp/ps7_cortexa9_0/lib -o "frodo_sdk.elf"  ./src/include/fips202.o ./src/include/frodo_macrify.o ./src/include/keccak_f1600.o ./src/include/kem.o ./src/include/noise.o ./src/include/random.o ./src/include/test_KEM640.o ./src/include/test_kem.o ./src/include/util.o  ./src/main.o ./src/platform.o   -Wl,--start-group,-lxil,-lgcc,-lc,--end-group
'Finished building target: frodo_sdk.elf'
' '
'Invoking: ARM v7 Print Size'
arm-none-eabi-size frodo_sdk.elf  |tee "frodo_sdk.elf.size"
   text	   data	    bss	    dec	    hex	filename
 126992	   2744	2104368	2234104	 2216f8	frodo_sdk.elf
'Finished building: frodo_sdk.elf.size'
' '
22:41:53 **** Incremental Build of configuration Debug for project frodo_sdk ****
make pre-build main-build 
a9-linaro-pre-build-step
' '
make: Nothing to be done for 'main-build'.
