21:30:53 **** Incremental Build of configuration Debug for project frodo_sdk ****
make pre-build main-build 
a9-linaro-pre-build-step
 
Building file: ../src/include/test_kem.c
Invoking: ARM v7 gcc compiler
arm-none-eabi-gcc -Wall -O0 -g3 -c -fmessage-length=0 -MT"src/include/test_kem.o" -mcpu=cortex-a9 -mfpu=vfpv3 -mfloat-abi=hard -I../../frodo_sdk_bsp/ps7_cortexa9_0/include -MMD -MP -MF"src/include/test_kem.d" -MT"src/include/test_kem.o" -o "src/include/test_kem.o" "../src/include/test_kem.c"
In file included from ../src/include/test_kem.c:9:
../src/include/test_kem.c: In function 'shake128_hw':
../src/include/test_kem.c:166:30: warning: format '%d' expects argument of type 'int', but argument 2 has type 'u32' {aka 'long unsigned int'} [-Wformat=]
  print_debug(DEBUG_SHAKE_MM, "[SHAKE] u32InWords: %d\n", u32InWords);
                              ^~~~~~~~~~~~~~~~~~~~~~~~~~  ~~~~~~~~~~
../src/include/global_def.h:107:11: note: in definition of macro 'print_debug'
    printf(__VA_ARGS__); \
           ^~~~~~~~~~~
../src/include/test_kem.c:168:30: warning: format '%d' expects argument of type 'int', but argument 2 has type 'u32' {aka 'long unsigned int'} [-Wformat=]
  print_debug(DEBUG_SHAKE_MM, "[SHAKE] u32OutWords: %d\n", u32OutWords);
                              ^~~~~~~~~~~~~~~~~~~~~~~~~~~  ~~~~~~~~~~~
../src/include/global_def.h:107:11: note: in definition of macro 'print_debug'
    printf(__VA_ARGS__); \
           ^~~~~~~~~~~
../src/include/test_kem.c:188:31: warning: format '%x' expects argument of type 'unsigned int', but argument 3 has type 'u32' {aka 'long unsigned int'} [-Wformat=]
   print_debug(DEBUG_SHAKE_MM, "[SHAKE] memoryMMshake[%d]: 0x%08x\n", i, m[i]);
                               ^~~~~~~~~~~~~~~~~~~~~~~~~~~~~~~~~~~~~     ~~~~
../src/include/global_def.h:107:11: note: in definition of macro 'print_debug'
    printf(__VA_ARGS__); \
           ^~~~~~~~~~~
../src/include/test_kem.c:196:32: warning: format '%d' expects argument of type 'int', but argument 2 has type 'long unsigned int' [-Wformat=]
    print_debug(DEBUG_SHAKE_MM, "[SHAKE] memoryMMshake[%d]: 0x%08x\n", u32InWords - 1, m[u32InWords - 1]);
                                ^~~~~~~~~~~~~~~~~~~~~~~~~~~~~~~~~~~~~  ~~~~~~~~~~~~~~
../src/include/global_def.h:107:11: note: in definition of macro 'print_debug'
    printf(__VA_ARGS__); \
           ^~~~~~~~~~~
../src/include/test_kem.c:196:32: warning: format '%x' expects argument of type 'unsigned int', but argument 3 has type 'u32' {aka 'long unsigned int'} [-Wformat=]
    print_debug(DEBUG_SHAKE_MM, "[SHAKE] memoryMMshake[%d]: 0x%08x\n", u32InWords - 1, m[u32InWords - 1]);
                                ^~~~~~~~~~~~~~~~~~~~~~~~~~~~~~~~~~~~~                  ~~~~~~~~~~~~~~~~~
../src/include/global_def.h:107:11: note: in definition of macro 'print_debug'
    printf(__VA_ARGS__); \
           ^~~~~~~~~~~
../src/include/test_kem.c:200:32: warning: format '%d' expects argument of type 'int', but argument 2 has type 'long unsigned int' [-Wformat=]
    print_debug(DEBUG_SHAKE_MM, "[SHAKE] memoryMMshake[%d]: 0x%08x\n", u32InWords - 1, m[u32InWords - 1] & 0xff);
                                ^~~~~~~~~~~~~~~~~~~~~~~~~~~~~~~~~~~~~  ~~~~~~~~~~~~~~
../src/include/global_def.h:107:11: note: in definition of macro 'print_debug'
    printf(__VA_ARGS__); \
           ^~~~~~~~~~~
../src/include/test_kem.c:200:32: warning: format '%x' expects argument of type 'unsigned int', but argument 3 has type 'long unsigned int' [-Wformat=]
    print_debug(DEBUG_SHAKE_MM, "[SHAKE] memoryMMshake[%d]: 0x%08x\n", u32InWords - 1, m[u32InWords - 1] & 0xff);
                                ^~~~~~~~~~~~~~~~~~~~~~~~~~~~~~~~~~~~~                  ~~~~~~~~~~~~~~~~~~~~~~~~
../src/include/global_def.h:107:11: note: in definition of macro 'print_debug'
    printf(__VA_ARGS__); \
           ^~~~~~~~~~~
../src/include/test_kem.c:204:32: warning: format '%d' expects argument of type 'int', but argument 2 has type 'long unsigned int' [-Wformat=]
    print_debug(DEBUG_SHAKE_MM, "[SHAKE] memoryMMshake[%d]: 0x%08x\n", u32InWords - 1, m[u32InWords - 1] & 0xffff);
                                ^~~~~~~~~~~~~~~~~~~~~~~~~~~~~~~~~~~~~  ~~~~~~~~~~~~~~
../src/include/global_def.h:107:11: note: in definition of macro 'print_debug'
    printf(__VA_ARGS__); \
           ^~~~~~~~~~~
../src/include/test_kem.c:204:32: warning: format '%x' expects argument of type 'unsigned int', but argument 3 has type 'long unsigned int' [-Wformat=]
    print_debug(DEBUG_SHAKE_MM, "[SHAKE] memoryMMshake[%d]: 0x%08x\n", u32InWords - 1, m[u32InWords - 1] & 0xffff);
                                ^~~~~~~~~~~~~~~~~~~~~~~~~~~~~~~~~~~~~                  ~~~~~~~~~~~~~~~~~~~~~~~~~~
../src/include/global_def.h:107:11: note: in definition of macro 'print_debug'
    printf(__VA_ARGS__); \
           ^~~~~~~~~~~
../src/include/test_kem.c:208:32: warning: format '%d' expects argument of type 'int', but argument 2 has type 'long unsigned int' [-Wformat=]
    print_debug(DEBUG_SHAKE_MM, "[SHAKE] memoryMMshake[%d]: 0x%08x\n", u32InWords - 1, m[u32InWords - 1] & 0xffffff);
                                ^~~~~~~~~~~~~~~~~~~~~~~~~~~~~~~~~~~~~  ~~~~~~~~~~~~~~
../src/include/global_def.h:107:11: note: in definition of macro 'print_debug'
    printf(__VA_ARGS__); \
           ^~~~~~~~~~~
../src/include/test_kem.c:208:32: warning: format '%x' expects argument of type 'unsigned int', but argument 3 has type 'long unsigned int' [-Wformat=]
    print_debug(DEBUG_SHAKE_MM, "[SHAKE] memoryMMshake[%d]: 0x%08x\n", u32InWords - 1, m[u32InWords - 1] & 0xffffff);
                                ^~~~~~~~~~~~~~~~~~~~~~~~~~~~~~~~~~~~~                  ~~~~~~~~~~~~~~~~~~~~~~~~~~~~
../src/include/global_def.h:107:11: note: in definition of macro 'print_debug'
    printf(__VA_ARGS__); \
           ^~~~~~~~~~~
../src/include/test_kem.c: In function 'KeccakF1600_StatePermute':
../src/include/test_kem.c:285:28: warning: format '%d' expects argument of type 'int', but argument 4 has type 'u32' {aka 'long unsigned int'} [-Wformat=]
   print_debug(DEBUG_TIMER, "[TEST_KEM] Time took to process Keccak-f1600-MM: %lu.%03lu us (%d ticks)\n", whole, thousandths, readTimer);
                            ^~~~~~~~~~~~~~~~~~~~~~~~~~~~~~~~~~~~~~~~~~~~~~~~~~~~~~~~~~~~~~~~~~~~~~~~~~~~                      ~~~~~~~~~
../src/include/global_def.h:107:11: note: in definition of macro 'print_debug'
    printf(__VA_ARGS__); \
           ^~~~~~~~~~~
../src/include/test_kem.c:292:28: warning: format '%d' expects argument of type 'int', but argument 4 has type 'u32' {aka 'long unsigned int'} [-Wformat=]
   print_debug(DEBUG_TIMER, "[TEST_KEM] Time took to process Keccak-f1600-MM: %lu.%03lu us (%d ticks)\n", whole, thousandths, readTimer);
                            ^~~~~~~~~~~~~~~~~~~~~~~~~~~~~~~~~~~~~~~~~~~~~~~~~~~~~~~~~~~~~~~~~~~~~~~~~~~~                      ~~~~~~~~~
../src/include/global_def.h:107:11: note: in definition of macro 'print_debug'
    printf(__VA_ARGS__); \
           ^~~~~~~~~~~
../src/include/test_kem.c: In function 'frodo_mul_add_sa_plus_e':
../src/include/test_kem.c:335:28: warning: format '%d' expects argument of type 'int', but argument 4 has type 'u32' {aka 'long unsigned int'} [-Wformat=]
   print_debug(DEBUG_TIMER, "[TEST_KEM] Time took to process Matrix-SA: %lu.%03lu us (%d ticks)\n", whole, thousandths, readTimer);
                            ^~~~~~~~~~~~~~~~~~~~~~~~~~~~~~~~~~~~~~~~~~~~~~~~~~~~~~~~~~~~~~~~~~~~~~                      ~~~~~~~~~
../src/include/global_def.h:107:11: note: in definition of macro 'print_debug'
    printf(__VA_ARGS__); \
           ^~~~~~~~~~~
../src/include/test_kem.c:342:28: warning: format '%d' expects argument of type 'int', but argument 4 has type 'u32' {aka 'long unsigned int'} [-Wformat=]
   print_debug(DEBUG_TIMER, "[TEST_KEM] Time took to process Matrix-SA: %lu.%03lu us (%d ticks)\n", whole, thousandths, readTimer);
                            ^~~~~~~~~~~~~~~~~~~~~~~~~~~~~~~~~~~~~~~~~~~~~~~~~~~~~~~~~~~~~~~~~~~~~~                      ~~~~~~~~~
../src/include/global_def.h:107:11: note: in definition of macro 'print_debug'
    printf(__VA_ARGS__); \
           ^~~~~~~~~~~
../src/include/test_kem.c: In function 'frodo_mul_add_as_plus_e':
../src/include/test_kem.c:388:28: warning: format '%d' expects argument of type 'int', but argument 4 has type 'u32' {aka 'long unsigned int'} [-Wformat=]
   print_debug(DEBUG_TIMER, "[TEST_KEM] Time took to process Matrix-AS: %lu.%03lu us (%d ticks)\n", whole, thousandths, readTimer);
                            ^~~~~~~~~~~~~~~~~~~~~~~~~~~~~~~~~~~~~~~~~~~~~~~~~~~~~~~~~~~~~~~~~~~~~~                      ~~~~~~~~~
../src/include/global_def.h:107:11: note: in definition of macro 'print_debug'
    printf(__VA_ARGS__); \
           ^~~~~~~~~~~
../src/include/test_kem.c:395:28: warning: format '%d' expects argument of type 'int', but argument 4 has type 'u32' {aka 'long unsigned int'} [-Wformat=]
   print_debug(DEBUG_TIMER, "[TEST_KEM] Time took to process Matrix-AS: %lu.%03lu us (%d ticks)\n", whole, thousandths, readTimer);
                            ^~~~~~~~~~~~~~~~~~~~~~~~~~~~~~~~~~~~~~~~~~~~~~~~~~~~~~~~~~~~~~~~~~~~~~                      ~~~~~~~~~
../src/include/global_def.h:107:11: note: in definition of macro 'print_debug'
    printf(__VA_ARGS__); \
           ^~~~~~~~~~~
../src/include/test_kem.c: In function 'kem_test':
../src/include/test_kem.c:516:15: warning: unused variable 't' [-Wunused-variable]
  unsigned int t, t1, t2, t3;
               ^
../src/include/test_kem.c:478:157: warning: unused variable 't_total_keccak_hw_mm_matrix_sa_hw_as_hw' [-Wunused-variable]
  volatile unsigned int t_keypair_keccak_hw_mm_matrix_sa_hw_as_hw = 0, t_enc_keccak_hw_mm_matrix_sa_hw_as_hw = 0, t_dec_keccak_hw_mm_matrix_sa_hw_as_hw = 0, t_total_keccak_hw_mm_matrix_sa_hw_as_hw = 0;
                                                                                                                                                             ^~~~~~~~~~~~~~~~~~~~~~~~~~~~~~~~~~~~~~~
../src/include/test_kem.c:478:114: warning: unused variable 't_dec_keccak_hw_mm_matrix_sa_hw_as_hw' [-Wunused-variable]
  volatile unsigned int t_keypair_keccak_hw_mm_matrix_sa_hw_as_hw = 0, t_enc_keccak_hw_mm_matrix_sa_hw_as_hw = 0, t_dec_keccak_hw_mm_matrix_sa_hw_as_hw = 0, t_total_keccak_hw_mm_matrix_sa_hw_as_hw = 0;
                                                                                                                  ^~~~~~~~~~~~~~~~~~~~~~~~~~~~~~~~~~~~~
../src/include/test_kem.c:478:71: warning: unused variable 't_enc_keccak_hw_mm_matrix_sa_hw_as_hw' [-Wunused-variable]
  volatile unsigned int t_keypair_keccak_hw_mm_matrix_sa_hw_as_hw = 0, t_enc_keccak_hw_mm_matrix_sa_hw_as_hw = 0, t_dec_keccak_hw_mm_matrix_sa_hw_as_hw = 0, t_total_keccak_hw_mm_matrix_sa_hw_as_hw = 0;
                                                                       ^~~~~~~~~~~~~~~~~~~~~~~~~~~~~~~~~~~~~
../src/include/test_kem.c:478:24: warning: unused variable 't_keypair_keccak_hw_mm_matrix_sa_hw_as_hw' [-Wunused-variable]
  volatile unsigned int t_keypair_keccak_hw_mm_matrix_sa_hw_as_hw = 0, t_enc_keccak_hw_mm_matrix_sa_hw_as_hw = 0, t_dec_keccak_hw_mm_matrix_sa_hw_as_hw = 0, t_total_keccak_hw_mm_matrix_sa_hw_as_hw = 0;
                        ^~~~~~~~~~~~~~~~~~~~~~~~~~~~~~~~~~~~~~~~~
../src/include/test_kem.c:477:148: warning: unused variable 't_total_keccak_sw_matrix_sa_hw_as_hw' [-Wunused-variable]
  volatile unsigned int t_keypair_keccak_sw_matrix_sa_hw_as_hw = 0, t_enc_keccak_sw_matrix_sa_hw_as_hw = 0, t_dec_keccak_sw_matrix_sa_hw_as_hw = 0, t_total_keccak_sw_matrix_sa_hw_as_hw = 0;
                                                                                                                                                    ^~~~~~~~~~~~~~~~~~~~~~~~~~~~~~~~~~~~
../src/include/test_kem.c:477:108: warning: unused variable 't_dec_keccak_sw_matrix_sa_hw_as_hw' [-Wunused-variable]
  volatile unsigned int t_keypair_keccak_sw_matrix_sa_hw_as_hw = 0, t_enc_keccak_sw_matrix_sa_hw_as_hw = 0, t_dec_keccak_sw_matrix_sa_hw_as_hw = 0, t_total_keccak_sw_matrix_sa_hw_as_hw = 0;
                                                                                                            ^~~~~~~~~~~~~~~~~~~~~~~~~~~~~~~~~~
../src/include/test_kem.c:477:68: warning: unused variable 't_enc_keccak_sw_matrix_sa_hw_as_hw' [-Wunused-variable]
  volatile unsigned int t_keypair_keccak_sw_matrix_sa_hw_as_hw = 0, t_enc_keccak_sw_matrix_sa_hw_as_hw = 0, t_dec_keccak_sw_matrix_sa_hw_as_hw = 0, t_total_keccak_sw_matrix_sa_hw_as_hw = 0;
                                                                    ^~~~~~~~~~~~~~~~~~~~~~~~~~~~~~~~~~
../src/include/test_kem.c:477:24: warning: unused variable 't_keypair_keccak_sw_matrix_sa_hw_as_hw' [-Wunused-variable]
  volatile unsigned int t_keypair_keccak_sw_matrix_sa_hw_as_hw = 0, t_enc_keccak_sw_matrix_sa_hw_as_hw = 0, t_dec_keccak_sw_matrix_sa_hw_as_hw = 0, t_total_keccak_sw_matrix_sa_hw_as_hw = 0;
                        ^~~~~~~~~~~~~~~~~~~~~~~~~~~~~~~~~~~~~~
../src/include/test_kem.c:476:157: warning: unused variable 't_total_keccak_hw_mm_matrix_sa_sw_as_hw' [-Wunused-variable]
  volatile unsigned int t_keypair_keccak_hw_mm_matrix_sa_sw_as_hw = 0, t_enc_keccak_hw_mm_matrix_sa_sw_as_hw = 0, t_dec_keccak_hw_mm_matrix_sa_sw_as_hw = 0, t_total_keccak_hw_mm_matrix_sa_sw_as_hw = 0;
                                                                                                                                                             ^~~~~~~~~~~~~~~~~~~~~~~~~~~~~~~~~~~~~~~
../src/include/test_kem.c:476:114: warning: unused variable 't_dec_keccak_hw_mm_matrix_sa_sw_as_hw' [-Wunused-variable]
  volatile unsigned int t_keypair_keccak_hw_mm_matrix_sa_sw_as_hw = 0, t_enc_keccak_hw_mm_matrix_sa_sw_as_hw = 0, t_dec_keccak_hw_mm_matrix_sa_sw_as_hw = 0, t_total_keccak_hw_mm_matrix_sa_sw_as_hw = 0;
                                                                                                                  ^~~~~~~~~~~~~~~~~~~~~~~~~~~~~~~~~~~~~
../src/include/test_kem.c:476:71: warning: unused variable 't_enc_keccak_hw_mm_matrix_sa_sw_as_hw' [-Wunused-variable]
  volatile unsigned int t_keypair_keccak_hw_mm_matrix_sa_sw_as_hw = 0, t_enc_keccak_hw_mm_matrix_sa_sw_as_hw = 0, t_dec_keccak_hw_mm_matrix_sa_sw_as_hw = 0, t_total_keccak_hw_mm_matrix_sa_sw_as_hw = 0;
                                                                       ^~~~~~~~~~~~~~~~~~~~~~~~~~~~~~~~~~~~~
../src/include/test_kem.c:476:24: warning: unused variable 't_keypair_keccak_hw_mm_matrix_sa_sw_as_hw' [-Wunused-variable]
  volatile unsigned int t_keypair_keccak_hw_mm_matrix_sa_sw_as_hw = 0, t_enc_keccak_hw_mm_matrix_sa_sw_as_hw = 0, t_dec_keccak_hw_mm_matrix_sa_sw_as_hw = 0, t_total_keccak_hw_mm_matrix_sa_sw_as_hw = 0;
                        ^~~~~~~~~~~~~~~~~~~~~~~~~~~~~~~~~~~~~~~~~
../src/include/test_kem.c:475:148: warning: unused variable 't_total_keccak_sw_matrix_sa_sw_as_hw' [-Wunused-variable]
  volatile unsigned int t_keypair_keccak_sw_matrix_sa_sw_as_hw = 0, t_enc_keccak_sw_matrix_sa_sw_as_hw = 0, t_dec_keccak_sw_matrix_sa_sw_as_hw = 0, t_total_keccak_sw_matrix_sa_sw_as_hw = 0;
                                                                                                                                                    ^~~~~~~~~~~~~~~~~~~~~~~~~~~~~~~~~~~~
../src/include/test_kem.c:475:108: warning: unused variable 't_dec_keccak_sw_matrix_sa_sw_as_hw' [-Wunused-variable]
  volatile unsigned int t_keypair_keccak_sw_matrix_sa_sw_as_hw = 0, t_enc_keccak_sw_matrix_sa_sw_as_hw = 0, t_dec_keccak_sw_matrix_sa_sw_as_hw = 0, t_total_keccak_sw_matrix_sa_sw_as_hw = 0;
                                                                                                            ^~~~~~~~~~~~~~~~~~~~~~~~~~~~~~~~~~
../src/include/test_kem.c:475:68: warning: unused variable 't_enc_keccak_sw_matrix_sa_sw_as_hw' [-Wunused-variable]
  volatile unsigned int t_keypair_keccak_sw_matrix_sa_sw_as_hw = 0, t_enc_keccak_sw_matrix_sa_sw_as_hw = 0, t_dec_keccak_sw_matrix_sa_sw_as_hw = 0, t_total_keccak_sw_matrix_sa_sw_as_hw = 0;
                                                                    ^~~~~~~~~~~~~~~~~~~~~~~~~~~~~~~~~~
../src/include/test_kem.c:475:24: warning: unused variable 't_keypair_keccak_sw_matrix_sa_sw_as_hw' [-Wunused-variable]
  volatile unsigned int t_keypair_keccak_sw_matrix_sa_sw_as_hw = 0, t_enc_keccak_sw_matrix_sa_sw_as_hw = 0, t_dec_keccak_sw_matrix_sa_sw_as_hw = 0, t_total_keccak_sw_matrix_sa_sw_as_hw = 0;
                        ^~~~~~~~~~~~~~~~~~~~~~~~~~~~~~~~~~~~~~
../src/include/test_kem.c:474:157: warning: unused variable 't_total_keccak_hw_mm_matrix_sa_hw_as_sw' [-Wunused-variable]
  volatile unsigned int t_keypair_keccak_hw_mm_matrix_sa_hw_as_sw = 0, t_enc_keccak_hw_mm_matrix_sa_hw_as_sw = 0, t_dec_keccak_hw_mm_matrix_sa_hw_as_sw = 0, t_total_keccak_hw_mm_matrix_sa_hw_as_sw = 0;
                                                                                                                                                             ^~~~~~~~~~~~~~~~~~~~~~~~~~~~~~~~~~~~~~~
../src/include/test_kem.c:474:114: warning: unused variable 't_dec_keccak_hw_mm_matrix_sa_hw_as_sw' [-Wunused-variable]
  volatile unsigned int t_keypair_keccak_hw_mm_matrix_sa_hw_as_sw = 0, t_enc_keccak_hw_mm_matrix_sa_hw_as_sw = 0, t_dec_keccak_hw_mm_matrix_sa_hw_as_sw = 0, t_total_keccak_hw_mm_matrix_sa_hw_as_sw = 0;
                                                                                                                  ^~~~~~~~~~~~~~~~~~~~~~~~~~~~~~~~~~~~~
../src/include/test_kem.c:474:71: warning: unused variable 't_enc_keccak_hw_mm_matrix_sa_hw_as_sw' [-Wunused-variable]
  volatile unsigned int t_keypair_keccak_hw_mm_matrix_sa_hw_as_sw = 0, t_enc_keccak_hw_mm_matrix_sa_hw_as_sw = 0, t_dec_keccak_hw_mm_matrix_sa_hw_as_sw = 0, t_total_keccak_hw_mm_matrix_sa_hw_as_sw = 0;
                                                                       ^~~~~~~~~~~~~~~~~~~~~~~~~~~~~~~~~~~~~
../src/include/test_kem.c:474:24: warning: unused variable 't_keypair_keccak_hw_mm_matrix_sa_hw_as_sw' [-Wunused-variable]
  volatile unsigned int t_keypair_keccak_hw_mm_matrix_sa_hw_as_sw = 0, t_enc_keccak_hw_mm_matrix_sa_hw_as_sw = 0, t_dec_keccak_hw_mm_matrix_sa_hw_as_sw = 0, t_total_keccak_hw_mm_matrix_sa_hw_as_sw = 0;
                        ^~~~~~~~~~~~~~~~~~~~~~~~~~~~~~~~~~~~~~~~~
../src/include/test_kem.c:473:148: warning: unused variable 't_total_keccak_sw_matrix_sa_hw_as_sw' [-Wunused-variable]
  volatile unsigned int t_keypair_keccak_sw_matrix_sa_hw_as_sw = 0, t_enc_keccak_sw_matrix_sa_hw_as_sw = 0, t_dec_keccak_sw_matrix_sa_hw_as_sw = 0, t_total_keccak_sw_matrix_sa_hw_as_sw = 0;
                                                                                                                                                    ^~~~~~~~~~~~~~~~~~~~~~~~~~~~~~~~~~~~
../src/include/test_kem.c:473:108: warning: unused variable 't_dec_keccak_sw_matrix_sa_hw_as_sw' [-Wunused-variable]
  volatile unsigned int t_keypair_keccak_sw_matrix_sa_hw_as_sw = 0, t_enc_keccak_sw_matrix_sa_hw_as_sw = 0, t_dec_keccak_sw_matrix_sa_hw_as_sw = 0, t_total_keccak_sw_matrix_sa_hw_as_sw = 0;
                                                                                                            ^~~~~~~~~~~~~~~~~~~~~~~~~~~~~~~~~~
../src/include/test_kem.c:473:68: warning: unused variable 't_enc_keccak_sw_matrix_sa_hw_as_sw' [-Wunused-variable]
  volatile unsigned int t_keypair_keccak_sw_matrix_sa_hw_as_sw = 0, t_enc_keccak_sw_matrix_sa_hw_as_sw = 0, t_dec_keccak_sw_matrix_sa_hw_as_sw = 0, t_total_keccak_sw_matrix_sa_hw_as_sw = 0;
                                                                    ^~~~~~~~~~~~~~~~~~~~~~~~~~~~~~~~~~
../src/include/test_kem.c:473:24: warning: unused variable 't_keypair_keccak_sw_matrix_sa_hw_as_sw' [-Wunused-variable]
  volatile unsigned int t_keypair_keccak_sw_matrix_sa_hw_as_sw = 0, t_enc_keccak_sw_matrix_sa_hw_as_sw = 0, t_dec_keccak_sw_matrix_sa_hw_as_sw = 0, t_total_keccak_sw_matrix_sa_hw_as_sw = 0;
                        ^~~~~~~~~~~~~~~~~~~~~~~~~~~~~~~~~~~~~~
../src/include/test_kem.c:472:157: warning: unused variable 't_total_keccak_hw_mm_matrix_sa_sw_as_sw' [-Wunused-variable]
  volatile unsigned int t_keypair_keccak_hw_mm_matrix_sa_sw_as_sw = 0, t_enc_keccak_hw_mm_matrix_sa_sw_as_sw = 0, t_dec_keccak_hw_mm_matrix_sa_sw_as_sw = 0, t_total_keccak_hw_mm_matrix_sa_sw_as_sw = 0;
                                                                                                                                                             ^~~~~~~~~~~~~~~~~~~~~~~~~~~~~~~~~~~~~~~
../src/include/test_kem.c:472:114: warning: unused variable 't_dec_keccak_hw_mm_matrix_sa_sw_as_sw' [-Wunused-variable]
  volatile unsigned int t_keypair_keccak_hw_mm_matrix_sa_sw_as_sw = 0, t_enc_keccak_hw_mm_matrix_sa_sw_as_sw = 0, t_dec_keccak_hw_mm_matrix_sa_sw_as_sw = 0, t_total_keccak_hw_mm_matrix_sa_sw_as_sw = 0;
                                                                                                                  ^~~~~~~~~~~~~~~~~~~~~~~~~~~~~~~~~~~~~
../src/include/test_kem.c:472:71: warning: unused variable 't_enc_keccak_hw_mm_matrix_sa_sw_as_sw' [-Wunused-variable]
  volatile unsigned int t_keypair_keccak_hw_mm_matrix_sa_sw_as_sw = 0, t_enc_keccak_hw_mm_matrix_sa_sw_as_sw = 0, t_dec_keccak_hw_mm_matrix_sa_sw_as_sw = 0, t_total_keccak_hw_mm_matrix_sa_sw_as_sw = 0;
                                                                       ^~~~~~~~~~~~~~~~~~~~~~~~~~~~~~~~~~~~~
../src/include/test_kem.c:472:24: warning: unused variable 't_keypair_keccak_hw_mm_matrix_sa_sw_as_sw' [-Wunused-variable]
  volatile unsigned int t_keypair_keccak_hw_mm_matrix_sa_sw_as_sw = 0, t_enc_keccak_hw_mm_matrix_sa_sw_as_sw = 0, t_dec_keccak_hw_mm_matrix_sa_sw_as_sw = 0, t_total_keccak_hw_mm_matrix_sa_sw_as_sw = 0;
                        ^~~~~~~~~~~~~~~~~~~~~~~~~~~~~~~~~~~~~~~~~
../src/include/test_kem.c:471:148: warning: unused variable 't_total_keccak_sw_matrix_sa_sw_as_sw' [-Wunused-variable]
  volatile unsigned int t_keypair_keccak_sw_matrix_sa_sw_as_sw = 0, t_enc_keccak_sw_matrix_sa_sw_as_sw = 0, t_dec_keccak_sw_matrix_sa_sw_as_sw = 0, t_total_keccak_sw_matrix_sa_sw_as_sw = 0;
                                                                                                                                                    ^~~~~~~~~~~~~~~~~~~~~~~~~~~~~~~~~~~~
../src/include/test_kem.c:471:108: warning: unused variable 't_dec_keccak_sw_matrix_sa_sw_as_sw' [-Wunused-variable]
  volatile unsigned int t_keypair_keccak_sw_matrix_sa_sw_as_sw = 0, t_enc_keccak_sw_matrix_sa_sw_as_sw = 0, t_dec_keccak_sw_matrix_sa_sw_as_sw = 0, t_total_keccak_sw_matrix_sa_sw_as_sw = 0;
                                                                                                            ^~~~~~~~~~~~~~~~~~~~~~~~~~~~~~~~~~
../src/include/test_kem.c:471:68: warning: unused variable 't_enc_keccak_sw_matrix_sa_sw_as_sw' [-Wunused-variable]
  volatile unsigned int t_keypair_keccak_sw_matrix_sa_sw_as_sw = 0, t_enc_keccak_sw_matrix_sa_sw_as_sw = 0, t_dec_keccak_sw_matrix_sa_sw_as_sw = 0, t_total_keccak_sw_matrix_sa_sw_as_sw = 0;
                                                                    ^~~~~~~~~~~~~~~~~~~~~~~~~~~~~~~~~~
../src/include/test_kem.c:471:24: warning: unused variable 't_keypair_keccak_sw_matrix_sa_sw_as_sw' [-Wunused-variable]
  volatile unsigned int t_keypair_keccak_sw_matrix_sa_sw_as_sw = 0, t_enc_keccak_sw_matrix_sa_sw_as_sw = 0, t_dec_keccak_sw_matrix_sa_sw_as_sw = 0, t_total_keccak_sw_matrix_sa_sw_as_sw = 0;
                        ^~~~~~~~~~~~~~~~~~~~~~~~~~~~~~~~~~~~~~
Finished building: ../src/include/test_kem.c
 
Building target: frodo_sdk.elf
Invoking: ARM v7 gcc linker
arm-none-eabi-gcc -mcpu=cortex-a9 -mfpu=vfpv3 -mfloat-abi=hard -Wl,-build-id=none -specs=Xilinx.spec -Wl,-T -Wl,../src/lscript.ld -L../../frodo_sdk_bsp/ps7_cortexa9_0/lib -o "frodo_sdk.elf"  ./src/include/fips202.o ./src/include/frodo_macrify.o ./src/include/keccak_f1600.o ./src/include/kem.o ./src/include/noise.o ./src/include/random.o ./src/include/test_KEM640.o ./src/include/test_kem.o ./src/include/util.o  ./src/main.o ./src/platform.o   -Wl,--start-group,-lxil,-lgcc,-lc,--end-group
Finished building target: frodo_sdk.elf
 
Invoking: ARM v7 Print Size
arm-none-eabi-size frodo_sdk.elf  |tee "frodo_sdk.elf.size"
   text	   data	    bss	    dec	    hex	filename
 122688	   2776	2104416	2229880	 220678	frodo_sdk.elf
Finished building: frodo_sdk.elf.size
 
21:31:09 **** Incremental Build of configuration Debug for project frodo_sdk ****
make pre-build main-build 
a9-linaro-pre-build-step
 
make: Nothing to be done for 'main-build'.
21:31:27 **** Incremental Build of configuration Debug for project frodo_sdk ****
make pre-build main-build 
a9-linaro-pre-build-step
 
Building file: ../src/include/test_kem.c
Invoking: ARM v7 gcc compiler
arm-none-eabi-gcc -Wall -O0 -g3 -c -fmessage-length=0 -MT"src/include/test_kem.o" -mcpu=cortex-a9 -mfpu=vfpv3 -mfloat-abi=hard -I../../frodo_sdk_bsp/ps7_cortexa9_0/include -MMD -MP -MF"src/include/test_kem.d" -MT"src/include/test_kem.o" -o "src/include/test_kem.o" "../src/include/test_kem.c"
In file included from ../src/include/test_kem.c:9:
../src/include/test_kem.c: In function 'shake128_hw':
../src/include/test_kem.c:166:30: warning: format '%d' expects argument of type 'int', but argument 2 has type 'u32' {aka 'long unsigned int'} [-Wformat=]
  print_debug(DEBUG_SHAKE_MM, "[SHAKE] u32InWords: %d\n", u32InWords);
                              ^~~~~~~~~~~~~~~~~~~~~~~~~~  ~~~~~~~~~~
../src/include/global_def.h:107:11: note: in definition of macro 'print_debug'
    printf(__VA_ARGS__); \
           ^~~~~~~~~~~
../src/include/test_kem.c:168:30: warning: format '%d' expects argument of type 'int', but argument 2 has type 'u32' {aka 'long unsigned int'} [-Wformat=]
  print_debug(DEBUG_SHAKE_MM, "[SHAKE] u32OutWords: %d\n", u32OutWords);
                              ^~~~~~~~~~~~~~~~~~~~~~~~~~~  ~~~~~~~~~~~
../src/include/global_def.h:107:11: note: in definition of macro 'print_debug'
    printf(__VA_ARGS__); \
           ^~~~~~~~~~~
../src/include/test_kem.c:188:31: warning: format '%x' expects argument of type 'unsigned int', but argument 3 has type 'u32' {aka 'long unsigned int'} [-Wformat=]
   print_debug(DEBUG_SHAKE_MM, "[SHAKE] memoryMMshake[%d]: 0x%08x\n", i, m[i]);
                               ^~~~~~~~~~~~~~~~~~~~~~~~~~~~~~~~~~~~~     ~~~~
../src/include/global_def.h:107:11: note: in definition of macro 'print_debug'
    printf(__VA_ARGS__); \
           ^~~~~~~~~~~
../src/include/test_kem.c:196:32: warning: format '%d' expects argument of type 'int', but argument 2 has type 'long unsigned int' [-Wformat=]
    print_debug(DEBUG_SHAKE_MM, "[SHAKE] memoryMMshake[%d]: 0x%08x\n", u32InWords - 1, m[u32InWords - 1]);
                                ^~~~~~~~~~~~~~~~~~~~~~~~~~~~~~~~~~~~~  ~~~~~~~~~~~~~~
../src/include/global_def.h:107:11: note: in definition of macro 'print_debug'
    printf(__VA_ARGS__); \
           ^~~~~~~~~~~
../src/include/test_kem.c:196:32: warning: format '%x' expects argument of type 'unsigned int', but argument 3 has type 'u32' {aka 'long unsigned int'} [-Wformat=]
    print_debug(DEBUG_SHAKE_MM, "[SHAKE] memoryMMshake[%d]: 0x%08x\n", u32InWords - 1, m[u32InWords - 1]);
                                ^~~~~~~~~~~~~~~~~~~~~~~~~~~~~~~~~~~~~                  ~~~~~~~~~~~~~~~~~
../src/include/global_def.h:107:11: note: in definition of macro 'print_debug'
    printf(__VA_ARGS__); \
           ^~~~~~~~~~~
../src/include/test_kem.c:200:32: warning: format '%d' expects argument of type 'int', but argument 2 has type 'long unsigned int' [-Wformat=]
    print_debug(DEBUG_SHAKE_MM, "[SHAKE] memoryMMshake[%d]: 0x%08x\n", u32InWords - 1, m[u32InWords - 1] & 0xff);
                                ^~~~~~~~~~~~~~~~~~~~~~~~~~~~~~~~~~~~~  ~~~~~~~~~~~~~~
../src/include/global_def.h:107:11: note: in definition of macro 'print_debug'
    printf(__VA_ARGS__); \
           ^~~~~~~~~~~
../src/include/test_kem.c:200:32: warning: format '%x' expects argument of type 'unsigned int', but argument 3 has type 'long unsigned int' [-Wformat=]
    print_debug(DEBUG_SHAKE_MM, "[SHAKE] memoryMMshake[%d]: 0x%08x\n", u32InWords - 1, m[u32InWords - 1] & 0xff);
                                ^~~~~~~~~~~~~~~~~~~~~~~~~~~~~~~~~~~~~                  ~~~~~~~~~~~~~~~~~~~~~~~~
../src/include/global_def.h:107:11: note: in definition of macro 'print_debug'
    printf(__VA_ARGS__); \
           ^~~~~~~~~~~
../src/include/test_kem.c:204:32: warning: format '%d' expects argument of type 'int', but argument 2 has type 'long unsigned int' [-Wformat=]
    print_debug(DEBUG_SHAKE_MM, "[SHAKE] memoryMMshake[%d]: 0x%08x\n", u32InWords - 1, m[u32InWords - 1] & 0xffff);
                                ^~~~~~~~~~~~~~~~~~~~~~~~~~~~~~~~~~~~~  ~~~~~~~~~~~~~~
../src/include/global_def.h:107:11: note: in definition of macro 'print_debug'
    printf(__VA_ARGS__); \
           ^~~~~~~~~~~
../src/include/test_kem.c:204:32: warning: format '%x' expects argument of type 'unsigned int', but argument 3 has type 'long unsigned int' [-Wformat=]
    print_debug(DEBUG_SHAKE_MM, "[SHAKE] memoryMMshake[%d]: 0x%08x\n", u32InWords - 1, m[u32InWords - 1] & 0xffff);
                                ^~~~~~~~~~~~~~~~~~~~~~~~~~~~~~~~~~~~~                  ~~~~~~~~~~~~~~~~~~~~~~~~~~
../src/include/global_def.h:107:11: note: in definition of macro 'print_debug'
    printf(__VA_ARGS__); \
           ^~~~~~~~~~~
../src/include/test_kem.c:208:32: warning: format '%d' expects argument of type 'int', but argument 2 has type 'long unsigned int' [-Wformat=]
    print_debug(DEBUG_SHAKE_MM, "[SHAKE] memoryMMshake[%d]: 0x%08x\n", u32InWords - 1, m[u32InWords - 1] & 0xffffff);
                                ^~~~~~~~~~~~~~~~~~~~~~~~~~~~~~~~~~~~~  ~~~~~~~~~~~~~~
../src/include/global_def.h:107:11: note: in definition of macro 'print_debug'
    printf(__VA_ARGS__); \
           ^~~~~~~~~~~
../src/include/test_kem.c:208:32: warning: format '%x' expects argument of type 'unsigned int', but argument 3 has type 'long unsigned int' [-Wformat=]
    print_debug(DEBUG_SHAKE_MM, "[SHAKE] memoryMMshake[%d]: 0x%08x\n", u32InWords - 1, m[u32InWords - 1] & 0xffffff);
                                ^~~~~~~~~~~~~~~~~~~~~~~~~~~~~~~~~~~~~                  ~~~~~~~~~~~~~~~~~~~~~~~~~~~~
../src/include/global_def.h:107:11: note: in definition of macro 'print_debug'
    printf(__VA_ARGS__); \
           ^~~~~~~~~~~
../src/include/test_kem.c: In function 'KeccakF1600_StatePermute':
../src/include/test_kem.c:285:28: warning: format '%d' expects argument of type 'int', but argument 4 has type 'u32' {aka 'long unsigned int'} [-Wformat=]
   print_debug(DEBUG_TIMER, "[TEST_KEM] Time took to process Keccak-f1600-MM: %lu.%03lu us (%d ticks)\n", whole, thousandths, readTimer);
                            ^~~~~~~~~~~~~~~~~~~~~~~~~~~~~~~~~~~~~~~~~~~~~~~~~~~~~~~~~~~~~~~~~~~~~~~~~~~~                      ~~~~~~~~~
../src/include/global_def.h:107:11: note: in definition of macro 'print_debug'
    printf(__VA_ARGS__); \
           ^~~~~~~~~~~
../src/include/test_kem.c:292:28: warning: format '%d' expects argument of type 'int', but argument 4 has type 'u32' {aka 'long unsigned int'} [-Wformat=]
   print_debug(DEBUG_TIMER, "[TEST_KEM] Time took to process Keccak-f1600-MM: %lu.%03lu us (%d ticks)\n", whole, thousandths, readTimer);
                            ^~~~~~~~~~~~~~~~~~~~~~~~~~~~~~~~~~~~~~~~~~~~~~~~~~~~~~~~~~~~~~~~~~~~~~~~~~~~                      ~~~~~~~~~
../src/include/global_def.h:107:11: note: in definition of macro 'print_debug'
    printf(__VA_ARGS__); \
           ^~~~~~~~~~~
../src/include/test_kem.c: In function 'frodo_mul_add_sa_plus_e':
../src/include/test_kem.c:335:28: warning: format '%d' expects argument of type 'int', but argument 4 has type 'u32' {aka 'long unsigned int'} [-Wformat=]
   print_debug(DEBUG_TIMER, "[TEST_KEM] Time took to process Matrix-SA: %lu.%03lu us (%d ticks)\n", whole, thousandths, readTimer);
                            ^~~~~~~~~~~~~~~~~~~~~~~~~~~~~~~~~~~~~~~~~~~~~~~~~~~~~~~~~~~~~~~~~~~~~~                      ~~~~~~~~~
../src/include/global_def.h:107:11: note: in definition of macro 'print_debug'
    printf(__VA_ARGS__); \
           ^~~~~~~~~~~
../src/include/test_kem.c:342:28: warning: format '%d' expects argument of type 'int', but argument 4 has type 'u32' {aka 'long unsigned int'} [-Wformat=]
   print_debug(DEBUG_TIMER, "[TEST_KEM] Time took to process Matrix-SA: %lu.%03lu us (%d ticks)\n", whole, thousandths, readTimer);
                            ^~~~~~~~~~~~~~~~~~~~~~~~~~~~~~~~~~~~~~~~~~~~~~~~~~~~~~~~~~~~~~~~~~~~~~                      ~~~~~~~~~
../src/include/global_def.h:107:11: note: in definition of macro 'print_debug'
    printf(__VA_ARGS__); \
           ^~~~~~~~~~~
../src/include/test_kem.c: In function 'frodo_mul_add_as_plus_e':
../src/include/test_kem.c:388:28: warning: format '%d' expects argument of type 'int', but argument 4 has type 'u32' {aka 'long unsigned int'} [-Wformat=]
   print_debug(DEBUG_TIMER, "[TEST_KEM] Time took to process Matrix-AS: %lu.%03lu us (%d ticks)\n", whole, thousandths, readTimer);
                            ^~~~~~~~~~~~~~~~~~~~~~~~~~~~~~~~~~~~~~~~~~~~~~~~~~~~~~~~~~~~~~~~~~~~~~                      ~~~~~~~~~
../src/include/global_def.h:107:11: note: in definition of macro 'print_debug'
    printf(__VA_ARGS__); \
           ^~~~~~~~~~~
../src/include/test_kem.c:395:28: warning: format '%d' expects argument of type 'int', but argument 4 has type 'u32' {aka 'long unsigned int'} [-Wformat=]
   print_debug(DEBUG_TIMER, "[TEST_KEM] Time took to process Matrix-AS: %lu.%03lu us (%d ticks)\n", whole, thousandths, readTimer);
                            ^~~~~~~~~~~~~~~~~~~~~~~~~~~~~~~~~~~~~~~~~~~~~~~~~~~~~~~~~~~~~~~~~~~~~~                      ~~~~~~~~~
../src/include/global_def.h:107:11: note: in definition of macro 'print_debug'
    printf(__VA_ARGS__); \
           ^~~~~~~~~~~
../src/include/test_kem.c: In function 'kem_test':
../src/include/test_kem.c:516:15: warning: unused variable 't' [-Wunused-variable]
  unsigned int t, t1, t2, t3;
               ^
../src/include/test_kem.c:478:157: warning: unused variable 't_total_keccak_hw_mm_matrix_sa_hw_as_hw' [-Wunused-variable]
  volatile unsigned int t_keypair_keccak_hw_mm_matrix_sa_hw_as_hw = 0, t_enc_keccak_hw_mm_matrix_sa_hw_as_hw = 0, t_dec_keccak_hw_mm_matrix_sa_hw_as_hw = 0, t_total_keccak_hw_mm_matrix_sa_hw_as_hw = 0;
                                                                                                                                                             ^~~~~~~~~~~~~~~~~~~~~~~~~~~~~~~~~~~~~~~
../src/include/test_kem.c:478:114: warning: unused variable 't_dec_keccak_hw_mm_matrix_sa_hw_as_hw' [-Wunused-variable]
  volatile unsigned int t_keypair_keccak_hw_mm_matrix_sa_hw_as_hw = 0, t_enc_keccak_hw_mm_matrix_sa_hw_as_hw = 0, t_dec_keccak_hw_mm_matrix_sa_hw_as_hw = 0, t_total_keccak_hw_mm_matrix_sa_hw_as_hw = 0;
                                                                                                                  ^~~~~~~~~~~~~~~~~~~~~~~~~~~~~~~~~~~~~
../src/include/test_kem.c:478:71: warning: unused variable 't_enc_keccak_hw_mm_matrix_sa_hw_as_hw' [-Wunused-variable]
  volatile unsigned int t_keypair_keccak_hw_mm_matrix_sa_hw_as_hw = 0, t_enc_keccak_hw_mm_matrix_sa_hw_as_hw = 0, t_dec_keccak_hw_mm_matrix_sa_hw_as_hw = 0, t_total_keccak_hw_mm_matrix_sa_hw_as_hw = 0;
                                                                       ^~~~~~~~~~~~~~~~~~~~~~~~~~~~~~~~~~~~~
../src/include/test_kem.c:478:24: warning: unused variable 't_keypair_keccak_hw_mm_matrix_sa_hw_as_hw' [-Wunused-variable]
  volatile unsigned int t_keypair_keccak_hw_mm_matrix_sa_hw_as_hw = 0, t_enc_keccak_hw_mm_matrix_sa_hw_as_hw = 0, t_dec_keccak_hw_mm_matrix_sa_hw_as_hw = 0, t_total_keccak_hw_mm_matrix_sa_hw_as_hw = 0;
                        ^~~~~~~~~~~~~~~~~~~~~~~~~~~~~~~~~~~~~~~~~
../src/include/test_kem.c:477:148: warning: unused variable 't_total_keccak_sw_matrix_sa_hw_as_hw' [-Wunused-variable]
  volatile unsigned int t_keypair_keccak_sw_matrix_sa_hw_as_hw = 0, t_enc_keccak_sw_matrix_sa_hw_as_hw = 0, t_dec_keccak_sw_matrix_sa_hw_as_hw = 0, t_total_keccak_sw_matrix_sa_hw_as_hw = 0;
                                                                                                                                                    ^~~~~~~~~~~~~~~~~~~~~~~~~~~~~~~~~~~~
../src/include/test_kem.c:477:108: warning: unused variable 't_dec_keccak_sw_matrix_sa_hw_as_hw' [-Wunused-variable]
  volatile unsigned int t_keypair_keccak_sw_matrix_sa_hw_as_hw = 0, t_enc_keccak_sw_matrix_sa_hw_as_hw = 0, t_dec_keccak_sw_matrix_sa_hw_as_hw = 0, t_total_keccak_sw_matrix_sa_hw_as_hw = 0;
                                                                                                            ^~~~~~~~~~~~~~~~~~~~~~~~~~~~~~~~~~
../src/include/test_kem.c:477:68: warning: unused variable 't_enc_keccak_sw_matrix_sa_hw_as_hw' [-Wunused-variable]
  volatile unsigned int t_keypair_keccak_sw_matrix_sa_hw_as_hw = 0, t_enc_keccak_sw_matrix_sa_hw_as_hw = 0, t_dec_keccak_sw_matrix_sa_hw_as_hw = 0, t_total_keccak_sw_matrix_sa_hw_as_hw = 0;
                                                                    ^~~~~~~~~~~~~~~~~~~~~~~~~~~~~~~~~~
../src/include/test_kem.c:477:24: warning: unused variable 't_keypair_keccak_sw_matrix_sa_hw_as_hw' [-Wunused-variable]
  volatile unsigned int t_keypair_keccak_sw_matrix_sa_hw_as_hw = 0, t_enc_keccak_sw_matrix_sa_hw_as_hw = 0, t_dec_keccak_sw_matrix_sa_hw_as_hw = 0, t_total_keccak_sw_matrix_sa_hw_as_hw = 0;
                        ^~~~~~~~~~~~~~~~~~~~~~~~~~~~~~~~~~~~~~
../src/include/test_kem.c:476:157: warning: unused variable 't_total_keccak_hw_mm_matrix_sa_sw_as_hw' [-Wunused-variable]
  volatile unsigned int t_keypair_keccak_hw_mm_matrix_sa_sw_as_hw = 0, t_enc_keccak_hw_mm_matrix_sa_sw_as_hw = 0, t_dec_keccak_hw_mm_matrix_sa_sw_as_hw = 0, t_total_keccak_hw_mm_matrix_sa_sw_as_hw = 0;
                                                                                                                                                             ^~~~~~~~~~~~~~~~~~~~~~~~~~~~~~~~~~~~~~~
../src/include/test_kem.c:476:114: warning: unused variable 't_dec_keccak_hw_mm_matrix_sa_sw_as_hw' [-Wunused-variable]
  volatile unsigned int t_keypair_keccak_hw_mm_matrix_sa_sw_as_hw = 0, t_enc_keccak_hw_mm_matrix_sa_sw_as_hw = 0, t_dec_keccak_hw_mm_matrix_sa_sw_as_hw = 0, t_total_keccak_hw_mm_matrix_sa_sw_as_hw = 0;
                                                                                                                  ^~~~~~~~~~~~~~~~~~~~~~~~~~~~~~~~~~~~~
../src/include/test_kem.c:476:71: warning: unused variable 't_enc_keccak_hw_mm_matrix_sa_sw_as_hw' [-Wunused-variable]
  volatile unsigned int t_keypair_keccak_hw_mm_matrix_sa_sw_as_hw = 0, t_enc_keccak_hw_mm_matrix_sa_sw_as_hw = 0, t_dec_keccak_hw_mm_matrix_sa_sw_as_hw = 0, t_total_keccak_hw_mm_matrix_sa_sw_as_hw = 0;
                                                                       ^~~~~~~~~~~~~~~~~~~~~~~~~~~~~~~~~~~~~
../src/include/test_kem.c:476:24: warning: unused variable 't_keypair_keccak_hw_mm_matrix_sa_sw_as_hw' [-Wunused-variable]
  volatile unsigned int t_keypair_keccak_hw_mm_matrix_sa_sw_as_hw = 0, t_enc_keccak_hw_mm_matrix_sa_sw_as_hw = 0, t_dec_keccak_hw_mm_matrix_sa_sw_as_hw = 0, t_total_keccak_hw_mm_matrix_sa_sw_as_hw = 0;
                        ^~~~~~~~~~~~~~~~~~~~~~~~~~~~~~~~~~~~~~~~~
../src/include/test_kem.c:475:148: warning: unused variable 't_total_keccak_sw_matrix_sa_sw_as_hw' [-Wunused-variable]
  volatile unsigned int t_keypair_keccak_sw_matrix_sa_sw_as_hw = 0, t_enc_keccak_sw_matrix_sa_sw_as_hw = 0, t_dec_keccak_sw_matrix_sa_sw_as_hw = 0, t_total_keccak_sw_matrix_sa_sw_as_hw = 0;
                                                                                                                                                    ^~~~~~~~~~~~~~~~~~~~~~~~~~~~~~~~~~~~
../src/include/test_kem.c:475:108: warning: unused variable 't_dec_keccak_sw_matrix_sa_sw_as_hw' [-Wunused-variable]
  volatile unsigned int t_keypair_keccak_sw_matrix_sa_sw_as_hw = 0, t_enc_keccak_sw_matrix_sa_sw_as_hw = 0, t_dec_keccak_sw_matrix_sa_sw_as_hw = 0, t_total_keccak_sw_matrix_sa_sw_as_hw = 0;
                                                                                                            ^~~~~~~~~~~~~~~~~~~~~~~~~~~~~~~~~~
../src/include/test_kem.c:475:68: warning: unused variable 't_enc_keccak_sw_matrix_sa_sw_as_hw' [-Wunused-variable]
  volatile unsigned int t_keypair_keccak_sw_matrix_sa_sw_as_hw = 0, t_enc_keccak_sw_matrix_sa_sw_as_hw = 0, t_dec_keccak_sw_matrix_sa_sw_as_hw = 0, t_total_keccak_sw_matrix_sa_sw_as_hw = 0;
                                                                    ^~~~~~~~~~~~~~~~~~~~~~~~~~~~~~~~~~
../src/include/test_kem.c:475:24: warning: unused variable 't_keypair_keccak_sw_matrix_sa_sw_as_hw' [-Wunused-variable]
  volatile unsigned int t_keypair_keccak_sw_matrix_sa_sw_as_hw = 0, t_enc_keccak_sw_matrix_sa_sw_as_hw = 0, t_dec_keccak_sw_matrix_sa_sw_as_hw = 0, t_total_keccak_sw_matrix_sa_sw_as_hw = 0;
                        ^~~~~~~~~~~~~~~~~~~~~~~~~~~~~~~~~~~~~~
../src/include/test_kem.c:474:157: warning: unused variable 't_total_keccak_hw_mm_matrix_sa_hw_as_sw' [-Wunused-variable]
  volatile unsigned int t_keypair_keccak_hw_mm_matrix_sa_hw_as_sw = 0, t_enc_keccak_hw_mm_matrix_sa_hw_as_sw = 0, t_dec_keccak_hw_mm_matrix_sa_hw_as_sw = 0, t_total_keccak_hw_mm_matrix_sa_hw_as_sw = 0;
                                                                                                                                                             ^~~~~~~~~~~~~~~~~~~~~~~~~~~~~~~~~~~~~~~
../src/include/test_kem.c:474:114: warning: unused variable 't_dec_keccak_hw_mm_matrix_sa_hw_as_sw' [-Wunused-variable]
  volatile unsigned int t_keypair_keccak_hw_mm_matrix_sa_hw_as_sw = 0, t_enc_keccak_hw_mm_matrix_sa_hw_as_sw = 0, t_dec_keccak_hw_mm_matrix_sa_hw_as_sw = 0, t_total_keccak_hw_mm_matrix_sa_hw_as_sw = 0;
                                                                                                                  ^~~~~~~~~~~~~~~~~~~~~~~~~~~~~~~~~~~~~
../src/include/test_kem.c:474:71: warning: unused variable 't_enc_keccak_hw_mm_matrix_sa_hw_as_sw' [-Wunused-variable]
  volatile unsigned int t_keypair_keccak_hw_mm_matrix_sa_hw_as_sw = 0, t_enc_keccak_hw_mm_matrix_sa_hw_as_sw = 0, t_dec_keccak_hw_mm_matrix_sa_hw_as_sw = 0, t_total_keccak_hw_mm_matrix_sa_hw_as_sw = 0;
                                                                       ^~~~~~~~~~~~~~~~~~~~~~~~~~~~~~~~~~~~~
../src/include/test_kem.c:474:24: warning: unused variable 't_keypair_keccak_hw_mm_matrix_sa_hw_as_sw' [-Wunused-variable]
  volatile unsigned int t_keypair_keccak_hw_mm_matrix_sa_hw_as_sw = 0, t_enc_keccak_hw_mm_matrix_sa_hw_as_sw = 0, t_dec_keccak_hw_mm_matrix_sa_hw_as_sw = 0, t_total_keccak_hw_mm_matrix_sa_hw_as_sw = 0;
                        ^~~~~~~~~~~~~~~~~~~~~~~~~~~~~~~~~~~~~~~~~
../src/include/test_kem.c:473:148: warning: unused variable 't_total_keccak_sw_matrix_sa_hw_as_sw' [-Wunused-variable]
  volatile unsigned int t_keypair_keccak_sw_matrix_sa_hw_as_sw = 0, t_enc_keccak_sw_matrix_sa_hw_as_sw = 0, t_dec_keccak_sw_matrix_sa_hw_as_sw = 0, t_total_keccak_sw_matrix_sa_hw_as_sw = 0;
                                                                                                                                                    ^~~~~~~~~~~~~~~~~~~~~~~~~~~~~~~~~~~~
../src/include/test_kem.c:473:108: warning: unused variable 't_dec_keccak_sw_matrix_sa_hw_as_sw' [-Wunused-variable]
  volatile unsigned int t_keypair_keccak_sw_matrix_sa_hw_as_sw = 0, t_enc_keccak_sw_matrix_sa_hw_as_sw = 0, t_dec_keccak_sw_matrix_sa_hw_as_sw = 0, t_total_keccak_sw_matrix_sa_hw_as_sw = 0;
                                                                                                            ^~~~~~~~~~~~~~~~~~~~~~~~~~~~~~~~~~
../src/include/test_kem.c:473:68: warning: unused variable 't_enc_keccak_sw_matrix_sa_hw_as_sw' [-Wunused-variable]
  volatile unsigned int t_keypair_keccak_sw_matrix_sa_hw_as_sw = 0, t_enc_keccak_sw_matrix_sa_hw_as_sw = 0, t_dec_keccak_sw_matrix_sa_hw_as_sw = 0, t_total_keccak_sw_matrix_sa_hw_as_sw = 0;
                                                                    ^~~~~~~~~~~~~~~~~~~~~~~~~~~~~~~~~~
../src/include/test_kem.c:473:24: warning: unused variable 't_keypair_keccak_sw_matrix_sa_hw_as_sw' [-Wunused-variable]
  volatile unsigned int t_keypair_keccak_sw_matrix_sa_hw_as_sw = 0, t_enc_keccak_sw_matrix_sa_hw_as_sw = 0, t_dec_keccak_sw_matrix_sa_hw_as_sw = 0, t_total_keccak_sw_matrix_sa_hw_as_sw = 0;
                        ^~~~~~~~~~~~~~~~~~~~~~~~~~~~~~~~~~~~~~
../src/include/test_kem.c:472:157: warning: unused variable 't_total_keccak_hw_mm_matrix_sa_sw_as_sw' [-Wunused-variable]
  volatile unsigned int t_keypair_keccak_hw_mm_matrix_sa_sw_as_sw = 0, t_enc_keccak_hw_mm_matrix_sa_sw_as_sw = 0, t_dec_keccak_hw_mm_matrix_sa_sw_as_sw = 0, t_total_keccak_hw_mm_matrix_sa_sw_as_sw = 0;
                                                                                                                                                             ^~~~~~~~~~~~~~~~~~~~~~~~~~~~~~~~~~~~~~~
../src/include/test_kem.c:472:114: warning: unused variable 't_dec_keccak_hw_mm_matrix_sa_sw_as_sw' [-Wunused-variable]
  volatile unsigned int t_keypair_keccak_hw_mm_matrix_sa_sw_as_sw = 0, t_enc_keccak_hw_mm_matrix_sa_sw_as_sw = 0, t_dec_keccak_hw_mm_matrix_sa_sw_as_sw = 0, t_total_keccak_hw_mm_matrix_sa_sw_as_sw = 0;
                                                                                                                  ^~~~~~~~~~~~~~~~~~~~~~~~~~~~~~~~~~~~~
../src/include/test_kem.c:472:71: warning: unused variable 't_enc_keccak_hw_mm_matrix_sa_sw_as_sw' [-Wunused-variable]
  volatile unsigned int t_keypair_keccak_hw_mm_matrix_sa_sw_as_sw = 0, t_enc_keccak_hw_mm_matrix_sa_sw_as_sw = 0, t_dec_keccak_hw_mm_matrix_sa_sw_as_sw = 0, t_total_keccak_hw_mm_matrix_sa_sw_as_sw = 0;
                                                                       ^~~~~~~~~~~~~~~~~~~~~~~~~~~~~~~~~~~~~
../src/include/test_kem.c:472:24: warning: unused variable 't_keypair_keccak_hw_mm_matrix_sa_sw_as_sw' [-Wunused-variable]
  volatile unsigned int t_keypair_keccak_hw_mm_matrix_sa_sw_as_sw = 0, t_enc_keccak_hw_mm_matrix_sa_sw_as_sw = 0, t_dec_keccak_hw_mm_matrix_sa_sw_as_sw = 0, t_total_keccak_hw_mm_matrix_sa_sw_as_sw = 0;
                        ^~~~~~~~~~~~~~~~~~~~~~~~~~~~~~~~~~~~~~~~~
../src/include/test_kem.c:471:148: warning: unused variable 't_total_keccak_sw_matrix_sa_sw_as_sw' [-Wunused-variable]
  volatile unsigned int t_keypair_keccak_sw_matrix_sa_sw_as_sw = 0, t_enc_keccak_sw_matrix_sa_sw_as_sw = 0, t_dec_keccak_sw_matrix_sa_sw_as_sw = 0, t_total_keccak_sw_matrix_sa_sw_as_sw = 0;
                                                                                                                                                    ^~~~~~~~~~~~~~~~~~~~~~~~~~~~~~~~~~~~
../src/include/test_kem.c:471:108: warning: unused variable 't_dec_keccak_sw_matrix_sa_sw_as_sw' [-Wunused-variable]
  volatile unsigned int t_keypair_keccak_sw_matrix_sa_sw_as_sw = 0, t_enc_keccak_sw_matrix_sa_sw_as_sw = 0, t_dec_keccak_sw_matrix_sa_sw_as_sw = 0, t_total_keccak_sw_matrix_sa_sw_as_sw = 0;
                                                                                                            ^~~~~~~~~~~~~~~~~~~~~~~~~~~~~~~~~~
../src/include/test_kem.c:471:68: warning: unused variable 't_enc_keccak_sw_matrix_sa_sw_as_sw' [-Wunused-variable]
  volatile unsigned int t_keypair_keccak_sw_matrix_sa_sw_as_sw = 0, t_enc_keccak_sw_matrix_sa_sw_as_sw = 0, t_dec_keccak_sw_matrix_sa_sw_as_sw = 0, t_total_keccak_sw_matrix_sa_sw_as_sw = 0;
                                                                    ^~~~~~~~~~~~~~~~~~~~~~~~~~~~~~~~~~
../src/include/test_kem.c:471:24: warning: unused variable 't_keypair_keccak_sw_matrix_sa_sw_as_sw' [-Wunused-variable]
  volatile unsigned int t_keypair_keccak_sw_matrix_sa_sw_as_sw = 0, t_enc_keccak_sw_matrix_sa_sw_as_sw = 0, t_dec_keccak_sw_matrix_sa_sw_as_sw = 0, t_total_keccak_sw_matrix_sa_sw_as_sw = 0;
                        ^~~~~~~~~~~~~~~~~~~~~~~~~~~~~~~~~~~~~~
Finished building: ../src/include/test_kem.c
 
Building target: frodo_sdk.elf
Invoking: ARM v7 gcc linker
arm-none-eabi-gcc -mcpu=cortex-a9 -mfpu=vfpv3 -mfloat-abi=hard -Wl,-build-id=none -specs=Xilinx.spec -Wl,-T -Wl,../src/lscript.ld -L../../frodo_sdk_bsp/ps7_cortexa9_0/lib -o "frodo_sdk.elf"  ./src/include/fips202.o ./src/include/frodo_macrify.o ./src/include/keccak_f1600.o ./src/include/kem.o ./src/include/noise.o ./src/include/random.o ./src/include/test_KEM640.o ./src/include/test_kem.o ./src/include/util.o  ./src/main.o ./src/platform.o   -Wl,--start-group,-lxil,-lgcc,-lc,--end-group
Finished building target: frodo_sdk.elf
 
Invoking: ARM v7 Print Size
arm-none-eabi-size frodo_sdk.elf  |tee "frodo_sdk.elf.size"
   text	   data	    bss	    dec	    hex	filename
 122688	   2776	2104416	2229880	 220678	frodo_sdk.elf
Finished building: frodo_sdk.elf.size
 
21:33:50 **** Incremental Build of configuration Debug for project frodo_sdk ****
make pre-build main-build 
a9-linaro-pre-build-step
 
Building file: ../src/include/test_kem.c
Invoking: ARM v7 gcc compiler
arm-none-eabi-gcc -Wall -O0 -g3 -c -fmessage-length=0 -MT"src/include/test_kem.o" -mcpu=cortex-a9 -mfpu=vfpv3 -mfloat-abi=hard -I../../frodo_sdk_bsp/ps7_cortexa9_0/include -MMD -MP -MF"src/include/test_kem.d" -MT"src/include/test_kem.o" -o "src/include/test_kem.o" "../src/include/test_kem.c"
In file included from ../src/include/test_kem.c:9:
../src/include/test_kem.c: In function 'shake128_hw':
../src/include/test_kem.c:166:30: warning: format '%d' expects argument of type 'int', but argument 2 has type 'u32' {aka 'long unsigned int'} [-Wformat=]
  print_debug(DEBUG_SHAKE_MM, "[SHAKE] u32InWords: %d\n", u32InWords);
                              ^~~~~~~~~~~~~~~~~~~~~~~~~~  ~~~~~~~~~~
../src/include/global_def.h:107:11: note: in definition of macro 'print_debug'
    printf(__VA_ARGS__); \
           ^~~~~~~~~~~
../src/include/test_kem.c:168:30: warning: format '%d' expects argument of type 'int', but argument 2 has type 'u32' {aka 'long unsigned int'} [-Wformat=]
  print_debug(DEBUG_SHAKE_MM, "[SHAKE] u32OutWords: %d\n", u32OutWords);
                              ^~~~~~~~~~~~~~~~~~~~~~~~~~~  ~~~~~~~~~~~
../src/include/global_def.h:107:11: note: in definition of macro 'print_debug'
    printf(__VA_ARGS__); \
           ^~~~~~~~~~~
../src/include/test_kem.c:188:31: warning: format '%x' expects argument of type 'unsigned int', but argument 3 has type 'u32' {aka 'long unsigned int'} [-Wformat=]
   print_debug(DEBUG_SHAKE_MM, "[SHAKE] memoryMMshake[%d]: 0x%08x\n", i, m[i]);
                               ^~~~~~~~~~~~~~~~~~~~~~~~~~~~~~~~~~~~~     ~~~~
../src/include/global_def.h:107:11: note: in definition of macro 'print_debug'
    printf(__VA_ARGS__); \
           ^~~~~~~~~~~
../src/include/test_kem.c:196:32: warning: format '%d' expects argument of type 'int', but argument 2 has type 'long unsigned int' [-Wformat=]
    print_debug(DEBUG_SHAKE_MM, "[SHAKE] memoryMMshake[%d]: 0x%08x\n", u32InWords - 1, m[u32InWords - 1]);
                                ^~~~~~~~~~~~~~~~~~~~~~~~~~~~~~~~~~~~~  ~~~~~~~~~~~~~~
../src/include/global_def.h:107:11: note: in definition of macro 'print_debug'
    printf(__VA_ARGS__); \
           ^~~~~~~~~~~
../src/include/test_kem.c:196:32: warning: format '%x' expects argument of type 'unsigned int', but argument 3 has type 'u32' {aka 'long unsigned int'} [-Wformat=]
    print_debug(DEBUG_SHAKE_MM, "[SHAKE] memoryMMshake[%d]: 0x%08x\n", u32InWords - 1, m[u32InWords - 1]);
                                ^~~~~~~~~~~~~~~~~~~~~~~~~~~~~~~~~~~~~                  ~~~~~~~~~~~~~~~~~
../src/include/global_def.h:107:11: note: in definition of macro 'print_debug'
    printf(__VA_ARGS__); \
           ^~~~~~~~~~~
../src/include/test_kem.c:200:32: warning: format '%d' expects argument of type 'int', but argument 2 has type 'long unsigned int' [-Wformat=]
    print_debug(DEBUG_SHAKE_MM, "[SHAKE] memoryMMshake[%d]: 0x%08x\n", u32InWords - 1, m[u32InWords - 1] & 0xff);
                                ^~~~~~~~~~~~~~~~~~~~~~~~~~~~~~~~~~~~~  ~~~~~~~~~~~~~~
../src/include/global_def.h:107:11: note: in definition of macro 'print_debug'
    printf(__VA_ARGS__); \
           ^~~~~~~~~~~
../src/include/test_kem.c:200:32: warning: format '%x' expects argument of type 'unsigned int', but argument 3 has type 'long unsigned int' [-Wformat=]
    print_debug(DEBUG_SHAKE_MM, "[SHAKE] memoryMMshake[%d]: 0x%08x\n", u32InWords - 1, m[u32InWords - 1] & 0xff);
                                ^~~~~~~~~~~~~~~~~~~~~~~~~~~~~~~~~~~~~                  ~~~~~~~~~~~~~~~~~~~~~~~~
../src/include/global_def.h:107:11: note: in definition of macro 'print_debug'
    printf(__VA_ARGS__); \
           ^~~~~~~~~~~
../src/include/test_kem.c:204:32: warning: format '%d' expects argument of type 'int', but argument 2 has type 'long unsigned int' [-Wformat=]
    print_debug(DEBUG_SHAKE_MM, "[SHAKE] memoryMMshake[%d]: 0x%08x\n", u32InWords - 1, m[u32InWords - 1] & 0xffff);
                                ^~~~~~~~~~~~~~~~~~~~~~~~~~~~~~~~~~~~~  ~~~~~~~~~~~~~~
../src/include/global_def.h:107:11: note: in definition of macro 'print_debug'
    printf(__VA_ARGS__); \
           ^~~~~~~~~~~
../src/include/test_kem.c:204:32: warning: format '%x' expects argument of type 'unsigned int', but argument 3 has type 'long unsigned int' [-Wformat=]
    print_debug(DEBUG_SHAKE_MM, "[SHAKE] memoryMMshake[%d]: 0x%08x\n", u32InWords - 1, m[u32InWords - 1] & 0xffff);
                                ^~~~~~~~~~~~~~~~~~~~~~~~~~~~~~~~~~~~~                  ~~~~~~~~~~~~~~~~~~~~~~~~~~
../src/include/global_def.h:107:11: note: in definition of macro 'print_debug'
    printf(__VA_ARGS__); \
           ^~~~~~~~~~~
../src/include/test_kem.c:208:32: warning: format '%d' expects argument of type 'int', but argument 2 has type 'long unsigned int' [-Wformat=]
    print_debug(DEBUG_SHAKE_MM, "[SHAKE] memoryMMshake[%d]: 0x%08x\n", u32InWords - 1, m[u32InWords - 1] & 0xffffff);
                                ^~~~~~~~~~~~~~~~~~~~~~~~~~~~~~~~~~~~~  ~~~~~~~~~~~~~~
../src/include/global_def.h:107:11: note: in definition of macro 'print_debug'
    printf(__VA_ARGS__); \
           ^~~~~~~~~~~
../src/include/test_kem.c:208:32: warning: format '%x' expects argument of type 'unsigned int', but argument 3 has type 'long unsigned int' [-Wformat=]
    print_debug(DEBUG_SHAKE_MM, "[SHAKE] memoryMMshake[%d]: 0x%08x\n", u32InWords - 1, m[u32InWords - 1] & 0xffffff);
                                ^~~~~~~~~~~~~~~~~~~~~~~~~~~~~~~~~~~~~                  ~~~~~~~~~~~~~~~~~~~~~~~~~~~~
../src/include/global_def.h:107:11: note: in definition of macro 'print_debug'
    printf(__VA_ARGS__); \
           ^~~~~~~~~~~
../src/include/test_kem.c: In function 'KeccakF1600_StatePermute':
../src/include/test_kem.c:285:28: warning: format '%d' expects argument of type 'int', but argument 4 has type 'u32' {aka 'long unsigned int'} [-Wformat=]
   print_debug(DEBUG_TIMER, "[TEST_KEM] Time took to process Keccak-f1600-MM: %lu.%03lu us (%d ticks)\n", whole, thousandths, readTimer);
                            ^~~~~~~~~~~~~~~~~~~~~~~~~~~~~~~~~~~~~~~~~~~~~~~~~~~~~~~~~~~~~~~~~~~~~~~~~~~~                      ~~~~~~~~~
../src/include/global_def.h:107:11: note: in definition of macro 'print_debug'
    printf(__VA_ARGS__); \
           ^~~~~~~~~~~
../src/include/test_kem.c:292:28: warning: format '%d' expects argument of type 'int', but argument 4 has type 'u32' {aka 'long unsigned int'} [-Wformat=]
   print_debug(DEBUG_TIMER, "[TEST_KEM] Time took to process Keccak-f1600-MM: %lu.%03lu us (%d ticks)\n", whole, thousandths, readTimer);
                            ^~~~~~~~~~~~~~~~~~~~~~~~~~~~~~~~~~~~~~~~~~~~~~~~~~~~~~~~~~~~~~~~~~~~~~~~~~~~                      ~~~~~~~~~
../src/include/global_def.h:107:11: note: in definition of macro 'print_debug'
    printf(__VA_ARGS__); \
           ^~~~~~~~~~~
../src/include/test_kem.c: In function 'frodo_mul_add_sa_plus_e':
../src/include/test_kem.c:335:28: warning: format '%d' expects argument of type 'int', but argument 4 has type 'u32' {aka 'long unsigned int'} [-Wformat=]
   print_debug(DEBUG_TIMER, "[TEST_KEM] Time took to process Matrix-SA: %lu.%03lu us (%d ticks)\n", whole, thousandths, readTimer);
                            ^~~~~~~~~~~~~~~~~~~~~~~~~~~~~~~~~~~~~~~~~~~~~~~~~~~~~~~~~~~~~~~~~~~~~~                      ~~~~~~~~~
../src/include/global_def.h:107:11: note: in definition of macro 'print_debug'
    printf(__VA_ARGS__); \
           ^~~~~~~~~~~
../src/include/test_kem.c:342:28: warning: format '%d' expects argument of type 'int', but argument 4 has type 'u32' {aka 'long unsigned int'} [-Wformat=]
   print_debug(DEBUG_TIMER, "[TEST_KEM] Time took to process Matrix-SA: %lu.%03lu us (%d ticks)\n", whole, thousandths, readTimer);
                            ^~~~~~~~~~~~~~~~~~~~~~~~~~~~~~~~~~~~~~~~~~~~~~~~~~~~~~~~~~~~~~~~~~~~~~                      ~~~~~~~~~
../src/include/global_def.h:107:11: note: in definition of macro 'print_debug'
    printf(__VA_ARGS__); \
           ^~~~~~~~~~~
../src/include/test_kem.c: In function 'frodo_mul_add_as_plus_e':
../src/include/test_kem.c:388:28: warning: format '%d' expects argument of type 'int', but argument 4 has type 'u32' {aka 'long unsigned int'} [-Wformat=]
   print_debug(DEBUG_TIMER, "[TEST_KEM] Time took to process Matrix-AS: %lu.%03lu us (%d ticks)\n", whole, thousandths, readTimer);
                            ^~~~~~~~~~~~~~~~~~~~~~~~~~~~~~~~~~~~~~~~~~~~~~~~~~~~~~~~~~~~~~~~~~~~~~                      ~~~~~~~~~
../src/include/global_def.h:107:11: note: in definition of macro 'print_debug'
    printf(__VA_ARGS__); \
           ^~~~~~~~~~~
../src/include/test_kem.c:395:28: warning: format '%d' expects argument of type 'int', but argument 4 has type 'u32' {aka 'long unsigned int'} [-Wformat=]
   print_debug(DEBUG_TIMER, "[TEST_KEM] Time took to process Matrix-AS: %lu.%03lu us (%d ticks)\n", whole, thousandths, readTimer);
                            ^~~~~~~~~~~~~~~~~~~~~~~~~~~~~~~~~~~~~~~~~~~~~~~~~~~~~~~~~~~~~~~~~~~~~~                      ~~~~~~~~~
../src/include/global_def.h:107:11: note: in definition of macro 'print_debug'
    printf(__VA_ARGS__); \
           ^~~~~~~~~~~
../src/include/test_kem.c: In function 'kem_test':
../src/include/test_kem.c:589:16: warning: unused variable 'ucShakeOutHwMM' [-Wunused-variable]
  unsigned char ucShakeOutHwMM[20608];
                ^~~~~~~~~~~~~~
../src/include/test_kem.c:516:15: warning: unused variable 't' [-Wunused-variable]
  unsigned int t, t1, t2, t3;
               ^
../src/include/test_kem.c:478:157: warning: unused variable 't_total_keccak_hw_mm_matrix_sa_hw_as_hw' [-Wunused-variable]
  volatile unsigned int t_keypair_keccak_hw_mm_matrix_sa_hw_as_hw = 0, t_enc_keccak_hw_mm_matrix_sa_hw_as_hw = 0, t_dec_keccak_hw_mm_matrix_sa_hw_as_hw = 0, t_total_keccak_hw_mm_matrix_sa_hw_as_hw = 0;
                                                                                                                                                             ^~~~~~~~~~~~~~~~~~~~~~~~~~~~~~~~~~~~~~~
../src/include/test_kem.c:478:114: warning: unused variable 't_dec_keccak_hw_mm_matrix_sa_hw_as_hw' [-Wunused-variable]
  volatile unsigned int t_keypair_keccak_hw_mm_matrix_sa_hw_as_hw = 0, t_enc_keccak_hw_mm_matrix_sa_hw_as_hw = 0, t_dec_keccak_hw_mm_matrix_sa_hw_as_hw = 0, t_total_keccak_hw_mm_matrix_sa_hw_as_hw = 0;
                                                                                                                  ^~~~~~~~~~~~~~~~~~~~~~~~~~~~~~~~~~~~~
../src/include/test_kem.c:478:71: warning: unused variable 't_enc_keccak_hw_mm_matrix_sa_hw_as_hw' [-Wunused-variable]
  volatile unsigned int t_keypair_keccak_hw_mm_matrix_sa_hw_as_hw = 0, t_enc_keccak_hw_mm_matrix_sa_hw_as_hw = 0, t_dec_keccak_hw_mm_matrix_sa_hw_as_hw = 0, t_total_keccak_hw_mm_matrix_sa_hw_as_hw = 0;
                                                                       ^~~~~~~~~~~~~~~~~~~~~~~~~~~~~~~~~~~~~
../src/include/test_kem.c:478:24: warning: unused variable 't_keypair_keccak_hw_mm_matrix_sa_hw_as_hw' [-Wunused-variable]
  volatile unsigned int t_keypair_keccak_hw_mm_matrix_sa_hw_as_hw = 0, t_enc_keccak_hw_mm_matrix_sa_hw_as_hw = 0, t_dec_keccak_hw_mm_matrix_sa_hw_as_hw = 0, t_total_keccak_hw_mm_matrix_sa_hw_as_hw = 0;
                        ^~~~~~~~~~~~~~~~~~~~~~~~~~~~~~~~~~~~~~~~~
../src/include/test_kem.c:477:148: warning: unused variable 't_total_keccak_sw_matrix_sa_hw_as_hw' [-Wunused-variable]
  volatile unsigned int t_keypair_keccak_sw_matrix_sa_hw_as_hw = 0, t_enc_keccak_sw_matrix_sa_hw_as_hw = 0, t_dec_keccak_sw_matrix_sa_hw_as_hw = 0, t_total_keccak_sw_matrix_sa_hw_as_hw = 0;
                                                                                                                                                    ^~~~~~~~~~~~~~~~~~~~~~~~~~~~~~~~~~~~
../src/include/test_kem.c:477:108: warning: unused variable 't_dec_keccak_sw_matrix_sa_hw_as_hw' [-Wunused-variable]
  volatile unsigned int t_keypair_keccak_sw_matrix_sa_hw_as_hw = 0, t_enc_keccak_sw_matrix_sa_hw_as_hw = 0, t_dec_keccak_sw_matrix_sa_hw_as_hw = 0, t_total_keccak_sw_matrix_sa_hw_as_hw = 0;
                                                                                                            ^~~~~~~~~~~~~~~~~~~~~~~~~~~~~~~~~~
../src/include/test_kem.c:477:68: warning: unused variable 't_enc_keccak_sw_matrix_sa_hw_as_hw' [-Wunused-variable]
  volatile unsigned int t_keypair_keccak_sw_matrix_sa_hw_as_hw = 0, t_enc_keccak_sw_matrix_sa_hw_as_hw = 0, t_dec_keccak_sw_matrix_sa_hw_as_hw = 0, t_total_keccak_sw_matrix_sa_hw_as_hw = 0;
                                                                    ^~~~~~~~~~~~~~~~~~~~~~~~~~~~~~~~~~
../src/include/test_kem.c:477:24: warning: unused variable 't_keypair_keccak_sw_matrix_sa_hw_as_hw' [-Wunused-variable]
  volatile unsigned int t_keypair_keccak_sw_matrix_sa_hw_as_hw = 0, t_enc_keccak_sw_matrix_sa_hw_as_hw = 0, t_dec_keccak_sw_matrix_sa_hw_as_hw = 0, t_total_keccak_sw_matrix_sa_hw_as_hw = 0;
                        ^~~~~~~~~~~~~~~~~~~~~~~~~~~~~~~~~~~~~~
../src/include/test_kem.c:476:157: warning: unused variable 't_total_keccak_hw_mm_matrix_sa_sw_as_hw' [-Wunused-variable]
  volatile unsigned int t_keypair_keccak_hw_mm_matrix_sa_sw_as_hw = 0, t_enc_keccak_hw_mm_matrix_sa_sw_as_hw = 0, t_dec_keccak_hw_mm_matrix_sa_sw_as_hw = 0, t_total_keccak_hw_mm_matrix_sa_sw_as_hw = 0;
                                                                                                                                                             ^~~~~~~~~~~~~~~~~~~~~~~~~~~~~~~~~~~~~~~
../src/include/test_kem.c:476:114: warning: unused variable 't_dec_keccak_hw_mm_matrix_sa_sw_as_hw' [-Wunused-variable]
  volatile unsigned int t_keypair_keccak_hw_mm_matrix_sa_sw_as_hw = 0, t_enc_keccak_hw_mm_matrix_sa_sw_as_hw = 0, t_dec_keccak_hw_mm_matrix_sa_sw_as_hw = 0, t_total_keccak_hw_mm_matrix_sa_sw_as_hw = 0;
                                                                                                                  ^~~~~~~~~~~~~~~~~~~~~~~~~~~~~~~~~~~~~
../src/include/test_kem.c:476:71: warning: unused variable 't_enc_keccak_hw_mm_matrix_sa_sw_as_hw' [-Wunused-variable]
  volatile unsigned int t_keypair_keccak_hw_mm_matrix_sa_sw_as_hw = 0, t_enc_keccak_hw_mm_matrix_sa_sw_as_hw = 0, t_dec_keccak_hw_mm_matrix_sa_sw_as_hw = 0, t_total_keccak_hw_mm_matrix_sa_sw_as_hw = 0;
                                                                       ^~~~~~~~~~~~~~~~~~~~~~~~~~~~~~~~~~~~~
../src/include/test_kem.c:476:24: warning: unused variable 't_keypair_keccak_hw_mm_matrix_sa_sw_as_hw' [-Wunused-variable]
  volatile unsigned int t_keypair_keccak_hw_mm_matrix_sa_sw_as_hw = 0, t_enc_keccak_hw_mm_matrix_sa_sw_as_hw = 0, t_dec_keccak_hw_mm_matrix_sa_sw_as_hw = 0, t_total_keccak_hw_mm_matrix_sa_sw_as_hw = 0;
                        ^~~~~~~~~~~~~~~~~~~~~~~~~~~~~~~~~~~~~~~~~
../src/include/test_kem.c:475:148: warning: unused variable 't_total_keccak_sw_matrix_sa_sw_as_hw' [-Wunused-variable]
  volatile unsigned int t_keypair_keccak_sw_matrix_sa_sw_as_hw = 0, t_enc_keccak_sw_matrix_sa_sw_as_hw = 0, t_dec_keccak_sw_matrix_sa_sw_as_hw = 0, t_total_keccak_sw_matrix_sa_sw_as_hw = 0;
                                                                                                                                                    ^~~~~~~~~~~~~~~~~~~~~~~~~~~~~~~~~~~~
../src/include/test_kem.c:475:108: warning: unused variable 't_dec_keccak_sw_matrix_sa_sw_as_hw' [-Wunused-variable]
  volatile unsigned int t_keypair_keccak_sw_matrix_sa_sw_as_hw = 0, t_enc_keccak_sw_matrix_sa_sw_as_hw = 0, t_dec_keccak_sw_matrix_sa_sw_as_hw = 0, t_total_keccak_sw_matrix_sa_sw_as_hw = 0;
                                                                                                            ^~~~~~~~~~~~~~~~~~~~~~~~~~~~~~~~~~
../src/include/test_kem.c:475:68: warning: unused variable 't_enc_keccak_sw_matrix_sa_sw_as_hw' [-Wunused-variable]
  volatile unsigned int t_keypair_keccak_sw_matrix_sa_sw_as_hw = 0, t_enc_keccak_sw_matrix_sa_sw_as_hw = 0, t_dec_keccak_sw_matrix_sa_sw_as_hw = 0, t_total_keccak_sw_matrix_sa_sw_as_hw = 0;
                                                                    ^~~~~~~~~~~~~~~~~~~~~~~~~~~~~~~~~~
../src/include/test_kem.c:475:24: warning: unused variable 't_keypair_keccak_sw_matrix_sa_sw_as_hw' [-Wunused-variable]
  volatile unsigned int t_keypair_keccak_sw_matrix_sa_sw_as_hw = 0, t_enc_keccak_sw_matrix_sa_sw_as_hw = 0, t_dec_keccak_sw_matrix_sa_sw_as_hw = 0, t_total_keccak_sw_matrix_sa_sw_as_hw = 0;
                        ^~~~~~~~~~~~~~~~~~~~~~~~~~~~~~~~~~~~~~
../src/include/test_kem.c:474:157: warning: unused variable 't_total_keccak_hw_mm_matrix_sa_hw_as_sw' [-Wunused-variable]
  volatile unsigned int t_keypair_keccak_hw_mm_matrix_sa_hw_as_sw = 0, t_enc_keccak_hw_mm_matrix_sa_hw_as_sw = 0, t_dec_keccak_hw_mm_matrix_sa_hw_as_sw = 0, t_total_keccak_hw_mm_matrix_sa_hw_as_sw = 0;
                                                                                                                                                             ^~~~~~~~~~~~~~~~~~~~~~~~~~~~~~~~~~~~~~~
../src/include/test_kem.c:474:114: warning: unused variable 't_dec_keccak_hw_mm_matrix_sa_hw_as_sw' [-Wunused-variable]
  volatile unsigned int t_keypair_keccak_hw_mm_matrix_sa_hw_as_sw = 0, t_enc_keccak_hw_mm_matrix_sa_hw_as_sw = 0, t_dec_keccak_hw_mm_matrix_sa_hw_as_sw = 0, t_total_keccak_hw_mm_matrix_sa_hw_as_sw = 0;
                                                                                                                  ^~~~~~~~~~~~~~~~~~~~~~~~~~~~~~~~~~~~~
../src/include/test_kem.c:474:71: warning: unused variable 't_enc_keccak_hw_mm_matrix_sa_hw_as_sw' [-Wunused-variable]
  volatile unsigned int t_keypair_keccak_hw_mm_matrix_sa_hw_as_sw = 0, t_enc_keccak_hw_mm_matrix_sa_hw_as_sw = 0, t_dec_keccak_hw_mm_matrix_sa_hw_as_sw = 0, t_total_keccak_hw_mm_matrix_sa_hw_as_sw = 0;
                                                                       ^~~~~~~~~~~~~~~~~~~~~~~~~~~~~~~~~~~~~
../src/include/test_kem.c:474:24: warning: unused variable 't_keypair_keccak_hw_mm_matrix_sa_hw_as_sw' [-Wunused-variable]
  volatile unsigned int t_keypair_keccak_hw_mm_matrix_sa_hw_as_sw = 0, t_enc_keccak_hw_mm_matrix_sa_hw_as_sw = 0, t_dec_keccak_hw_mm_matrix_sa_hw_as_sw = 0, t_total_keccak_hw_mm_matrix_sa_hw_as_sw = 0;
                        ^~~~~~~~~~~~~~~~~~~~~~~~~~~~~~~~~~~~~~~~~
../src/include/test_kem.c:473:148: warning: unused variable 't_total_keccak_sw_matrix_sa_hw_as_sw' [-Wunused-variable]
  volatile unsigned int t_keypair_keccak_sw_matrix_sa_hw_as_sw = 0, t_enc_keccak_sw_matrix_sa_hw_as_sw = 0, t_dec_keccak_sw_matrix_sa_hw_as_sw = 0, t_total_keccak_sw_matrix_sa_hw_as_sw = 0;
                                                                                                                                                    ^~~~~~~~~~~~~~~~~~~~~~~~~~~~~~~~~~~~
../src/include/test_kem.c:473:108: warning: unused variable 't_dec_keccak_sw_matrix_sa_hw_as_sw' [-Wunused-variable]
  volatile unsigned int t_keypair_keccak_sw_matrix_sa_hw_as_sw = 0, t_enc_keccak_sw_matrix_sa_hw_as_sw = 0, t_dec_keccak_sw_matrix_sa_hw_as_sw = 0, t_total_keccak_sw_matrix_sa_hw_as_sw = 0;
                                                                                                            ^~~~~~~~~~~~~~~~~~~~~~~~~~~~~~~~~~
../src/include/test_kem.c:473:68: warning: unused variable 't_enc_keccak_sw_matrix_sa_hw_as_sw' [-Wunused-variable]
  volatile unsigned int t_keypair_keccak_sw_matrix_sa_hw_as_sw = 0, t_enc_keccak_sw_matrix_sa_hw_as_sw = 0, t_dec_keccak_sw_matrix_sa_hw_as_sw = 0, t_total_keccak_sw_matrix_sa_hw_as_sw = 0;
                                                                    ^~~~~~~~~~~~~~~~~~~~~~~~~~~~~~~~~~
../src/include/test_kem.c:473:24: warning: unused variable 't_keypair_keccak_sw_matrix_sa_hw_as_sw' [-Wunused-variable]
  volatile unsigned int t_keypair_keccak_sw_matrix_sa_hw_as_sw = 0, t_enc_keccak_sw_matrix_sa_hw_as_sw = 0, t_dec_keccak_sw_matrix_sa_hw_as_sw = 0, t_total_keccak_sw_matrix_sa_hw_as_sw = 0;
                        ^~~~~~~~~~~~~~~~~~~~~~~~~~~~~~~~~~~~~~
../src/include/test_kem.c:472:157: warning: unused variable 't_total_keccak_hw_mm_matrix_sa_sw_as_sw' [-Wunused-variable]
  volatile unsigned int t_keypair_keccak_hw_mm_matrix_sa_sw_as_sw = 0, t_enc_keccak_hw_mm_matrix_sa_sw_as_sw = 0, t_dec_keccak_hw_mm_matrix_sa_sw_as_sw = 0, t_total_keccak_hw_mm_matrix_sa_sw_as_sw = 0;
                                                                                                                                                             ^~~~~~~~~~~~~~~~~~~~~~~~~~~~~~~~~~~~~~~
../src/include/test_kem.c:472:114: warning: unused variable 't_dec_keccak_hw_mm_matrix_sa_sw_as_sw' [-Wunused-variable]
  volatile unsigned int t_keypair_keccak_hw_mm_matrix_sa_sw_as_sw = 0, t_enc_keccak_hw_mm_matrix_sa_sw_as_sw = 0, t_dec_keccak_hw_mm_matrix_sa_sw_as_sw = 0, t_total_keccak_hw_mm_matrix_sa_sw_as_sw = 0;
                                                                                                                  ^~~~~~~~~~~~~~~~~~~~~~~~~~~~~~~~~~~~~
../src/include/test_kem.c:472:71: warning: unused variable 't_enc_keccak_hw_mm_matrix_sa_sw_as_sw' [-Wunused-variable]
  volatile unsigned int t_keypair_keccak_hw_mm_matrix_sa_sw_as_sw = 0, t_enc_keccak_hw_mm_matrix_sa_sw_as_sw = 0, t_dec_keccak_hw_mm_matrix_sa_sw_as_sw = 0, t_total_keccak_hw_mm_matrix_sa_sw_as_sw = 0;
                                                                       ^~~~~~~~~~~~~~~~~~~~~~~~~~~~~~~~~~~~~
../src/include/test_kem.c:472:24: warning: unused variable 't_keypair_keccak_hw_mm_matrix_sa_sw_as_sw' [-Wunused-variable]
  volatile unsigned int t_keypair_keccak_hw_mm_matrix_sa_sw_as_sw = 0, t_enc_keccak_hw_mm_matrix_sa_sw_as_sw = 0, t_dec_keccak_hw_mm_matrix_sa_sw_as_sw = 0, t_total_keccak_hw_mm_matrix_sa_sw_as_sw = 0;
                        ^~~~~~~~~~~~~~~~~~~~~~~~~~~~~~~~~~~~~~~~~
../src/include/test_kem.c:471:148: warning: unused variable 't_total_keccak_sw_matrix_sa_sw_as_sw' [-Wunused-variable]
  volatile unsigned int t_keypair_keccak_sw_matrix_sa_sw_as_sw = 0, t_enc_keccak_sw_matrix_sa_sw_as_sw = 0, t_dec_keccak_sw_matrix_sa_sw_as_sw = 0, t_total_keccak_sw_matrix_sa_sw_as_sw = 0;
                                                                                                                                                    ^~~~~~~~~~~~~~~~~~~~~~~~~~~~~~~~~~~~
../src/include/test_kem.c:471:108: warning: unused variable 't_dec_keccak_sw_matrix_sa_sw_as_sw' [-Wunused-variable]
  volatile unsigned int t_keypair_keccak_sw_matrix_sa_sw_as_sw = 0, t_enc_keccak_sw_matrix_sa_sw_as_sw = 0, t_dec_keccak_sw_matrix_sa_sw_as_sw = 0, t_total_keccak_sw_matrix_sa_sw_as_sw = 0;
                                                                                                            ^~~~~~~~~~~~~~~~~~~~~~~~~~~~~~~~~~
../src/include/test_kem.c:471:68: warning: unused variable 't_enc_keccak_sw_matrix_sa_sw_as_sw' [-Wunused-variable]
  volatile unsigned int t_keypair_keccak_sw_matrix_sa_sw_as_sw = 0, t_enc_keccak_sw_matrix_sa_sw_as_sw = 0, t_dec_keccak_sw_matrix_sa_sw_as_sw = 0, t_total_keccak_sw_matrix_sa_sw_as_sw = 0;
                                                                    ^~~~~~~~~~~~~~~~~~~~~~~~~~~~~~~~~~
../src/include/test_kem.c:471:24: warning: unused variable 't_keypair_keccak_sw_matrix_sa_sw_as_sw' [-Wunused-variable]
  volatile unsigned int t_keypair_keccak_sw_matrix_sa_sw_as_sw = 0, t_enc_keccak_sw_matrix_sa_sw_as_sw = 0, t_dec_keccak_sw_matrix_sa_sw_as_sw = 0, t_total_keccak_sw_matrix_sa_sw_as_sw = 0;
                        ^~~~~~~~~~~~~~~~~~~~~~~~~~~~~~~~~~~~~~
In file included from ../src/include/test_kem.c:9:
../src/include/global_def.h:107:4: warning: 't2' may be used uninitialized in this function [-Wmaybe-uninitialized]
    printf(__VA_ARGS__); \
    ^~~~~~
../src/include/test_kem.c:516:22: note: 't2' was declared here
  unsigned int t, t1, t2, t3;
                      ^~
Finished building: ../src/include/test_kem.c
 
Building target: frodo_sdk.elf
Invoking: ARM v7 gcc linker
arm-none-eabi-gcc -mcpu=cortex-a9 -mfpu=vfpv3 -mfloat-abi=hard -Wl,-build-id=none -specs=Xilinx.spec -Wl,-T -Wl,../src/lscript.ld -L../../frodo_sdk_bsp/ps7_cortexa9_0/lib -o "frodo_sdk.elf"  ./src/include/fips202.o ./src/include/frodo_macrify.o ./src/include/keccak_f1600.o ./src/include/kem.o ./src/include/noise.o ./src/include/random.o ./src/include/test_KEM640.o ./src/include/test_kem.o ./src/include/util.o  ./src/main.o ./src/platform.o   -Wl,--start-group,-lxil,-lgcc,-lc,--end-group
Finished building target: frodo_sdk.elf
 
Invoking: ARM v7 Print Size
arm-none-eabi-size frodo_sdk.elf  |tee "frodo_sdk.elf.size"
   text	   data	    bss	    dec	    hex	filename
 122328	   2776	2104416	2229520	 220510	frodo_sdk.elf
Finished building: frodo_sdk.elf.size
 
21:34:07 **** Incremental Build of configuration Debug for project frodo_sdk ****
make pre-build main-build 
a9-linaro-pre-build-step
 
make: Nothing to be done for 'main-build'.
21:34:19 **** Incremental Build of configuration Debug for project frodo_sdk ****
make pre-build main-build 
a9-linaro-pre-build-step
 
make: Nothing to be done for 'main-build'.
21:34:37 **** Incremental Build of configuration Debug for project frodo_sdk ****
make pre-build main-build 
a9-linaro-pre-build-step
 
make: Nothing to be done for 'main-build'.
21:00:12 **** Incremental Build of configuration Debug for project frodo_sdk ****
make pre-build main-build 
a9-linaro-pre-build-step
 
Building file: ../src/include/test_kem.c
Invoking: ARM v7 gcc compiler
arm-none-eabi-gcc -Wall -O0 -g3 -c -fmessage-length=0 -MT"src/include/test_kem.o" -mcpu=cortex-a9 -mfpu=vfpv3 -mfloat-abi=hard -I../../frodo_sdk_bsp/ps7_cortexa9_0/include -MMD -MP -MF"src/include/test_kem.d" -MT"src/include/test_kem.o" -o "src/include/test_kem.o" "../src/include/test_kem.c"
In file included from ../src/include/test_kem.c:9:
../src/include/test_kem.c: In function 'shake128_hw':
../src/include/test_kem.c:166:30: warning: format '%d' expects argument of type 'int', but argument 2 has type 'u32' {aka 'long unsigned int'} [-Wformat=]
  print_debug(DEBUG_SHAKE_MM, "[SHAKE] u32InWords: %d\n", u32InWords);
                              ^~~~~~~~~~~~~~~~~~~~~~~~~~  ~~~~~~~~~~
../src/include/global_def.h:107:11: note: in definition of macro 'print_debug'
    printf(__VA_ARGS__); \
           ^~~~~~~~~~~
../src/include/test_kem.c:168:30: warning: format '%d' expects argument of type 'int', but argument 2 has type 'u32' {aka 'long unsigned int'} [-Wformat=]
  print_debug(DEBUG_SHAKE_MM, "[SHAKE] u32OutWords: %d\n", u32OutWords);
                              ^~~~~~~~~~~~~~~~~~~~~~~~~~~  ~~~~~~~~~~~
../src/include/global_def.h:107:11: note: in definition of macro 'print_debug'
    printf(__VA_ARGS__); \
           ^~~~~~~~~~~
../src/include/test_kem.c:188:31: warning: format '%x' expects argument of type 'unsigned int', but argument 3 has type 'u32' {aka 'long unsigned int'} [-Wformat=]
   print_debug(DEBUG_SHAKE_MM, "[SHAKE] memoryMMshake[%d]: 0x%08x\n", i, m[i]);
                               ^~~~~~~~~~~~~~~~~~~~~~~~~~~~~~~~~~~~~     ~~~~
../src/include/global_def.h:107:11: note: in definition of macro 'print_debug'
    printf(__VA_ARGS__); \
           ^~~~~~~~~~~
../src/include/test_kem.c:196:32: warning: format '%d' expects argument of type 'int', but argument 2 has type 'long unsigned int' [-Wformat=]
    print_debug(DEBUG_SHAKE_MM, "[SHAKE] memoryMMshake[%d]: 0x%08x\n", u32InWords - 1, m[u32InWords - 1]);
                                ^~~~~~~~~~~~~~~~~~~~~~~~~~~~~~~~~~~~~  ~~~~~~~~~~~~~~
../src/include/global_def.h:107:11: note: in definition of macro 'print_debug'
    printf(__VA_ARGS__); \
           ^~~~~~~~~~~
../src/include/test_kem.c:196:32: warning: format '%x' expects argument of type 'unsigned int', but argument 3 has type 'u32' {aka 'long unsigned int'} [-Wformat=]
    print_debug(DEBUG_SHAKE_MM, "[SHAKE] memoryMMshake[%d]: 0x%08x\n", u32InWords - 1, m[u32InWords - 1]);
                                ^~~~~~~~~~~~~~~~~~~~~~~~~~~~~~~~~~~~~                  ~~~~~~~~~~~~~~~~~
../src/include/global_def.h:107:11: note: in definition of macro 'print_debug'
    printf(__VA_ARGS__); \
           ^~~~~~~~~~~
../src/include/test_kem.c:200:32: warning: format '%d' expects argument of type 'int', but argument 2 has type 'long unsigned int' [-Wformat=]
    print_debug(DEBUG_SHAKE_MM, "[SHAKE] memoryMMshake[%d]: 0x%08x\n", u32InWords - 1, m[u32InWords - 1] & 0xff);
                                ^~~~~~~~~~~~~~~~~~~~~~~~~~~~~~~~~~~~~  ~~~~~~~~~~~~~~
../src/include/global_def.h:107:11: note: in definition of macro 'print_debug'
    printf(__VA_ARGS__); \
           ^~~~~~~~~~~
../src/include/test_kem.c:200:32: warning: format '%x' expects argument of type 'unsigned int', but argument 3 has type 'long unsigned int' [-Wformat=]
    print_debug(DEBUG_SHAKE_MM, "[SHAKE] memoryMMshake[%d]: 0x%08x\n", u32InWords - 1, m[u32InWords - 1] & 0xff);
                                ^~~~~~~~~~~~~~~~~~~~~~~~~~~~~~~~~~~~~                  ~~~~~~~~~~~~~~~~~~~~~~~~
../src/include/global_def.h:107:11: note: in definition of macro 'print_debug'
    printf(__VA_ARGS__); \
           ^~~~~~~~~~~
../src/include/test_kem.c:204:32: warning: format '%d' expects argument of type 'int', but argument 2 has type 'long unsigned int' [-Wformat=]
    print_debug(DEBUG_SHAKE_MM, "[SHAKE] memoryMMshake[%d]: 0x%08x\n", u32InWords - 1, m[u32InWords - 1] & 0xffff);
                                ^~~~~~~~~~~~~~~~~~~~~~~~~~~~~~~~~~~~~  ~~~~~~~~~~~~~~
../src/include/global_def.h:107:11: note: in definition of macro 'print_debug'
    printf(__VA_ARGS__); \
           ^~~~~~~~~~~
../src/include/test_kem.c:204:32: warning: format '%x' expects argument of type 'unsigned int', but argument 3 has type 'long unsigned int' [-Wformat=]
    print_debug(DEBUG_SHAKE_MM, "[SHAKE] memoryMMshake[%d]: 0x%08x\n", u32InWords - 1, m[u32InWords - 1] & 0xffff);
                                ^~~~~~~~~~~~~~~~~~~~~~~~~~~~~~~~~~~~~                  ~~~~~~~~~~~~~~~~~~~~~~~~~~
../src/include/global_def.h:107:11: note: in definition of macro 'print_debug'
    printf(__VA_ARGS__); \
           ^~~~~~~~~~~
../src/include/test_kem.c:208:32: warning: format '%d' expects argument of type 'int', but argument 2 has type 'long unsigned int' [-Wformat=]
    print_debug(DEBUG_SHAKE_MM, "[SHAKE] memoryMMshake[%d]: 0x%08x\n", u32InWords - 1, m[u32InWords - 1] & 0xffffff);
[...]
../src/include/test_kem.c:471:68: warning: unused variable 't_enc_keccak_sw_matrix_sa_sw_as_sw' [-Wunused-variable]
  volatile unsigned int t_keypair_keccak_sw_matrix_sa_sw_as_sw = 0, t_enc_keccak_sw_matrix_sa_sw_as_sw = 0, t_dec_keccak_sw_matrix_sa_sw_as_sw = 0, t_total_keccak_sw_matrix_sa_sw_as_sw = 0;
                                                                    ^~~~~~~~~~~~~~~~~~~~~~~~~~~~~~~~~~
../src/include/test_kem.c:471:24: warning: unused variable 't_keypair_keccak_sw_matrix_sa_sw_as_sw' [-Wunused-variable]
  volatile unsigned int t_keypair_keccak_sw_matrix_sa_sw_as_sw = 0, t_enc_keccak_sw_matrix_sa_sw_as_sw = 0, t_dec_keccak_sw_matrix_sa_sw_as_sw = 0, t_total_keccak_sw_matrix_sa_sw_as_sw = 0;
                        ^~~~~~~~~~~~~~~~~~~~~~~~~~~~~~~~~~~~~~
In file included from ../src/include/test_kem.c:9:
../src/include/global_def.h:107:4: warning: 't2' may be used uninitialized in this function [-Wmaybe-uninitialized]
    printf(__VA_ARGS__); \
    ^~~~~~
../src/include/test_kem.c:516:22: note: 't2' was declared here
  unsigned int t, t1, t2, t3;
                      ^~
Finished building: ../src/include/test_kem.c
 
Building target: frodo_sdk.elf
Invoking: ARM v7 gcc linker
arm-none-eabi-gcc -mcpu=cortex-a9 -mfpu=vfpv3 -mfloat-abi=hard -Wl,-build-id=none -specs=Xilinx.spec -Wl,-T -Wl,../src/lscript.ld -L../../frodo_sdk_bsp/ps7_cortexa9_0/lib -o "frodo_sdk.elf"  ./src/include/fips202.o ./src/include/frodo_macrify.o ./src/include/keccak_f1600.o ./src/include/kem.o ./src/include/noise.o ./src/include/random.o ./src/include/test_KEM640.o ./src/include/test_kem.o ./src/include/util.o  ./src/main.o ./src/platform.o   -Wl,--start-group,-lxil,-lgcc,-lc,--end-group
Finished building target: frodo_sdk.elf
 
Invoking: ARM v7 Print Size
arm-none-eabi-size frodo_sdk.elf  |tee "frodo_sdk.elf.size"
   text	   data	    bss	    dec	    hex	filename
 122328	   2776	2104416	2229520	 220510	frodo_sdk.elf
Finished building: frodo_sdk.elf.size
 
21:19:44 **** Incremental Build of configuration Debug for project frodo_sdk ****
make pre-build main-build 
a9-linaro-pre-build-step
 
Building file: ../src/include/fips202.c
Invoking: ARM v7 gcc compiler
arm-none-eabi-gcc -Wall -O0 -g3 -c -fmessage-length=0 -MT"src/include/fips202.o" -mcpu=cortex-a9 -mfpu=vfpv3 -mfloat-abi=hard -I../../frodo_sdk_bsp/ps7_cortexa9_0/include -MMD -MP -MF"src/include/fips202.d" -MT"src/include/fips202.o" -o "src/include/fips202.o" "../src/include/fips202.c"
../src/include/fips202.c: In function 'keccak_absorb':
../src/include/fips202.c:349:5: warning: implicit declaration of function 'KeccakF1600_StatePermute'; did you mean 'KeccakF1600_StatePermute_SW'? [-Wimplicit-function-declaration]
     KeccakF1600_StatePermute(s);
     ^~~~~~~~~~~~~~~~~~~~~~~~
     KeccakF1600_StatePermute_SW
Finished building: ../src/include/fips202.c
 
Building file: ../src/include/frodo_macrify.c
Invoking: ARM v7 gcc compiler
arm-none-eabi-gcc -Wall -O0 -g3 -c -fmessage-length=0 -MT"src/include/frodo_macrify.o" -mcpu=cortex-a9 -mfpu=vfpv3 -mfloat-abi=hard -I../../frodo_sdk_bsp/ps7_cortexa9_0/include -MMD -MP -MF"src/include/frodo_macrify.d" -MT"src/include/frodo_macrify.o" -o "src/include/frodo_macrify.o" "../src/include/frodo_macrify.c"
../src/include/frodo_macrify.c: In function 'frodo_mul_add_as_plus_e_SW':
../src/include/frodo_macrify.c:284:1: warning: multi-line comment [-Wcomment]
 // XGpio_DiscreteWrite(&axiStartBusyMatrix2, 1, 0x1); // Start gpio set high\
 ^
../src/include/frodo_macrify.c: In function 'frodo_mul_add_sa_plus_e_HW':
../src/include/frodo_macrify.c:804:6: warning: unused variable 't' [-Wunused-variable]
  int t=0;
      ^
Finished building: ../src/include/frodo_macrify.c
 
Building file: ../src/include/keccak_f1600.c
Invoking: ARM v7 gcc compiler
arm-none-eabi-gcc -Wall -O0 -g3 -c -fmessage-length=0 -MT"src/include/keccak_f1600.o" -mcpu=cortex-a9 -mfpu=vfpv3 -mfloat-abi=hard -I../../frodo_sdk_bsp/ps7_cortexa9_0/include -MMD -MP -MF"src/include/keccak_f1600.d" -MT"src/include/keccak_f1600.o" -o "src/include/keccak_f1600.o" "../src/include/keccak_f1600.c"
In file included from ../src/include/keccak_f1600.h:16,
                 from ../src/include/keccak_f1600.c:9:
../src/include/keccak_f1600.c: In function 'KeccakF1600_StatePermute_HW_MM':
../src/include/keccak_f1600.c:164:32: warning: format '%lu' expects argument of type 'long unsigned int', but argument 2 has type 'int' [-Wformat=]
   print_debug(DEBUG_KECCAK_HW, "\tSent data %lu: 0x%lx\n", (i << 1), (u32)(state[i] & 0xffffffff));
                                ^~~~~~~~~~~~~~~~~~~~~~~~~~  ~~~~~~~~
../src/include/global_def.h:107:11: note: in definition of macro 'print_debug'
    printf(__VA_ARGS__); \
           ^~~~~~~~~~~
../src/include/keccak_f1600.c:167:32: warning: format '%lu' expects argument of type 'long unsigned int', but argument 2 has type 'int' [-Wformat=]
   print_debug(DEBUG_KECCAK_HW, "\tSent data %lu: 0x%lx\n", (i << 1) + 1, (u32)(state[i] >> 32));
                                ^~~~~~~~~~~~~~~~~~~~~~~~~~  ~~~~~~~~~~~~
../src/include/global_def.h:107:11: note: in definition of macro 'print_debug'
    printf(__VA_ARGS__); \
           ^~~~~~~~~~~
Finished building: ../src/include/keccak_f1600.c
 
Building file: ../src/include/kem.c
Invoking: ARM v7 gcc compiler
arm-none-eabi-gcc -Wall -O0 -g3 -c -fmessage-length=0 -MT"src/include/kem.o" -mcpu=cortex-a9 -mfpu=vfpv3 -mfloat-abi=hard -I../../frodo_sdk_bsp/ps7_cortexa9_0/include -MMD -MP -MF"src/include/kem.d" -MT"src/include/kem.o" -o "src/include/kem.o" "../src/include/kem.c"
Finished building: ../src/include/kem.c
 
Building file: ../src/include/noise.c
Invoking: ARM v7 gcc compiler
arm-none-eabi-gcc -Wall -O0 -g3 -c -fmessage-length=0 -MT"src/include/noise.o" -mcpu=cortex-a9 -mfpu=vfpv3 -mfloat-abi=hard -I../../frodo_sdk_bsp/ps7_cortexa9_0/include -MMD -MP -MF"src/include/noise.d" -MT"src/include/noise.o" -o "src/include/noise.o" "../src/include/noise.c"
Finished building: ../src/include/noise.c
 
Building file: ../src/include/random.c
Invoking: ARM v7 gcc compiler
arm-none-eabi-gcc -Wall -O0 -g3 -c -fmessage-length=0 -MT"src/include/random.o" -mcpu=cortex-a9 -mfpu=vfpv3 -mfloat-abi=hard -I../../frodo_sdk_bsp/ps7_cortexa9_0/include -MMD -MP -MF"src/include/random.d" -MT"src/include/random.o" -o "src/include/random.o" "../src/include/random.c"
Finished building: ../src/include/random.c
 
Building file: ../src/include/test_kem.c
Invoking: ARM v7 gcc compiler
arm-none-eabi-gcc -Wall -O0 -g3 -c -fmessage-length=0 -MT"src/include/test_kem.o" -mcpu=cortex-a9 -mfpu=vfpv3 -mfloat-abi=hard -I../../frodo_sdk_bsp/ps7_cortexa9_0/include -MMD -MP -MF"src/include/test_kem.d" -MT"src/include/test_kem.o" -o "src/include/test_kem.o" "../src/include/test_kem.c"
In file included from ../src/include/test_kem.c:9:
../src/include/test_kem.c: In function 'KeccakF1600_StatePermute':
../src/include/test_kem.c:285:28: warning: format '%d' expects argument of type 'int', but argument 4 has type 'u32' {aka 'long unsigned int'} [-Wformat=]
   print_debug(DEBUG_TIMER, "[TEST_KEM] Time took to process Keccak-f1600-MM: %lu.%03lu us (%d ticks)\n", whole, thousandths, readTimer);
                            ^~~~~~~~~~~~~~~~~~~~~~~~~~~~~~~~~~~~~~~~~~~~~~~~~~~~~~~~~~~~~~~~~~~~~~~~~~~~                      ~~~~~~~~~
../src/include/global_def.h:107:11: note: in definition of macro 'print_debug'
    printf(__VA_ARGS__); \
           ^~~~~~~~~~~
../src/include/test_kem.c:292:28: warning: format '%d' expects argument of type 'int', but argument 4 has type 'u32' {aka 'long unsigned int'} [-Wformat=]
   print_debug(DEBUG_TIMER, "[TEST_KEM] Time took to process Keccak-f1600-MM: %lu.%03lu us (%d ticks)\n", whole, thousandths, readTimer);
                            ^~~~~~~~~~~~~~~~~~~~~~~~~~~~~~~~~~~~~~~~~~~~~~~~~~~~~~~~~~~~~~~~~~~~~~~~~~~~                      ~~~~~~~~~
../src/include/global_def.h:107:11: note: in definition of macro 'print_debug'
    printf(__VA_ARGS__); \
           ^~~~~~~~~~~
../src/include/test_kem.c: In function 'frodo_mul_add_sa_plus_e':
../src/include/test_kem.c:335:28: warning: format '%d' expects argument of type 'int', but argument 4 has type 'u32' {aka 'long unsigned int'} [-Wformat=]
   print_debug(DEBUG_TIMER, "[TEST_KEM] Time took to process Matrix-SA: %lu.%03lu us (%d ticks)\n", whole, thousandths, readTimer);
                            ^~~~~~~~~~~~~~~~~~~~~~~~~~~~~~~~~~~~~~~~~~~~~~~~~~~~~~~~~~~~~~~~~~~~~~                      ~~~~~~~~~
../src/include/global_def.h:107:11: note: in definition of macro 'print_debug'
    printf(__VA_ARGS__); \
           ^~~~~~~~~~~
../src/include/test_kem.c:342:28: warning: format '%d' expects argument of type 'int', but argument 4 has type 'u32' {aka 'long unsigned int'} [-Wformat=]
   print_debug(DEBUG_TIMER, "[TEST_KEM] Time took to process Matrix-SA: %lu.%03lu us (%d ticks)\n", whole, thousandths, readTimer);
                            ^~~~~~~~~~~~~~~~~~~~~~~~~~~~~~~~~~~~~~~~~~~~~~~~~~~~~~~~~~~~~~~~~~~~~~                      ~~~~~~~~~
../src/include/global_def.h:107:11: note: in definition of macro 'print_debug'
    printf(__VA_ARGS__); \
           ^~~~~~~~~~~
../src/include/test_kem.c: In function 'frodo_mul_add_as_plus_e':
../src/include/test_kem.c:388:28: warning: format '%d' expects argument of type 'int', but argument 4 has type 'u32' {aka 'long unsigned int'} [-Wformat=]
   print_debug(DEBUG_TIMER, "[TEST_KEM] Time took to process Matrix-AS: %lu.%03lu us (%d ticks)\n", whole, thousandths, readTimer);
                            ^~~~~~~~~~~~~~~~~~~~~~~~~~~~~~~~~~~~~~~~~~~~~~~~~~~~~~~~~~~~~~~~~~~~~~                      ~~~~~~~~~
../src/include/global_def.h:107:11: note: in definition of macro 'print_debug'
    printf(__VA_ARGS__); \
           ^~~~~~~~~~~
../src/include/test_kem.c:395:28: warning: format '%d' expects argument of type 'int', but argument 4 has type 'u32' {aka 'long unsigned int'} [-Wformat=]
   print_debug(DEBUG_TIMER, "[TEST_KEM] Time took to process Matrix-AS: %lu.%03lu us (%d ticks)\n", whole, thousandths, readTimer);
                            ^~~~~~~~~~~~~~~~~~~~~~~~~~~~~~~~~~~~~~~~~~~~~~~~~~~~~~~~~~~~~~~~~~~~~~                      ~~~~~~~~~
../src/include/global_def.h:107:11: note: in definition of macro 'print_debug'
    printf(__VA_ARGS__); \
           ^~~~~~~~~~~
../src/include/test_kem.c: In function 'kem_test':
../src/include/test_kem.c:976:31: warning: format '%d' expects argument of type 'int', but argument 2 has type 'long unsigned int' [-Wformat=]
   print_debug(DEBUG_TEST_KEM, "\t\t  Keccak  \t\t|\t\t   %d   \t\t\t|\t\t\t%d  \t\t\t|\t\t\t%lu.%03lu\n", (t_keccak_sw_acc)/666, (t_keccak_hw_acc)/666, wholeKeccak, thousandthsKeccak);
                               ^~~~~~~~~~~~~~~~~~~~~~~~~~~~~~~~~~~~~~~~~~~~~~~~~~~~~~~~~~~~~~~~~~~~~~~~~~  ~~~~~~~~~~~~~~~~~~~~~
../src/include/global_def.h:107:11: note: in definition of macro 'print_debug'
    printf(__VA_ARGS__); \
           ^~~~~~~~~~~
../src/include/test_kem.c:976:31: warning: format '%d' expects argument of type 'int', but argument 3 has type 'long unsigned int' [-Wformat=]
   print_debug(DEBUG_TEST_KEM, "\t\t  Keccak  \t\t|\t\t   %d   \t\t\t|\t\t\t%d  \t\t\t|\t\t\t%lu.%03lu\n", (t_keccak_sw_acc)/666, (t_keccak_hw_acc)/666, wholeKeccak, thousandthsKeccak);
                               ^~~~~~~~~~~~~~~~~~~~~~~~~~~~~~~~~~~~~~~~~~~~~~~~~~~~~~~~~~~~~~~~~~~~~~~~~~                         ~~~~~~~~~~~~~~~~~~~~~
../src/include/global_def.h:107:11: note: in definition of macro 'print_debug'
    printf(__VA_ARGS__); \
           ^~~~~~~~~~~
../src/include/test_kem.c:978:31: warning: format '%d' expects argument of type 'int', but argument 2 has type 'long unsigned int' [-Wformat=]
   print_debug(DEBUG_TEST_KEM, "\t\t Matrix SA\t\t|\t\t   %d   \t\t\t|\t\t\t%d  \t\t\t|\t\t\t%lu.%03lu\n", (t_matrix_sa_sw_acc)/666, (t_matrix_sa_hw_acc)/666, wholeMatrixSa, thousandthsMatrixSa);
                               ^~~~~~~~~~~~~~~~~~~~~~~~~~~~~~~~~~~~~~~~~~~~~~~~~~~~~~~~~~~~~~~~~~~~~~~~~~  ~~~~~~~~~~~~~~~~~~~~~~~~
../src/include/global_def.h:107:11: note: in definition of macro 'print_debug'
    printf(__VA_ARGS__); \
           ^~~~~~~~~~~
../src/include/test_kem.c:978:31: warning: format '%d' expects argument of type 'int', but argument 3 has type 'long unsigned int' [-Wformat=]
   print_debug(DEBUG_TEST_KEM, "\t\t Matrix SA\t\t|\t\t   %d   \t\t\t|\t\t\t%d  \t\t\t|\t\t\t%lu.%03lu\n", (t_matrix_sa_sw_acc)/666, (t_matrix_sa_hw_acc)/666, wholeMatrixSa, thousandthsMatrixSa);
                               ^~~~~~~~~~~~~~~~~~~~~~~~~~~~~~~~~~~~~~~~~~~~~~~~~~~~~~~~~~~~~~~~~~~~~~~~~~                            ~~~~~~~~~~~~~~~~~~~~~~~~
../src/include/global_def.h:107:11: note: in definition of macro 'print_debug'
    printf(__VA_ARGS__); \
           ^~~~~~~~~~~
../src/include/test_kem.c:980:31: warning: format '%d' expects argument of type 'int', but argument 2 has type 'long unsigned int' [-Wformat=]
   print_debug(DEBUG_TEST_KEM, "\t\t Matrix AS\t\t|\t\t   %d   \t\t\t|\t\t\t%d  \t\t\t|\t\t\t%lu.%03lu\n", (t_matrix_as_sw_acc)/666, (t_matrix_as_hw_acc)/666, wholeMatrixAs, thousandthsMatrixAs);
                               ^~~~~~~~~~~~~~~~~~~~~~~~~~~~~~~~~~~~~~~~~~~~~~~~~~~~~~~~~~~~~~~~~~~~~~~~~~  ~~~~~~~~~~~~~~~~~~~~~~~~
../src/include/global_def.h:107:11: note: in definition of macro 'print_debug'
    printf(__VA_ARGS__); \
           ^~~~~~~~~~~
../src/include/test_kem.c:980:31: warning: format '%d' expects argument of type 'int', but argument 3 has type 'long unsigned int' [-Wformat=]
   print_debug(DEBUG_TEST_KEM, "\t\t Matrix AS\t\t|\t\t   %d   \t\t\t|\t\t\t%d  \t\t\t|\t\t\t%lu.%03lu\n", (t_matrix_as_sw_acc)/666, (t_matrix_as_hw_acc)/666, wholeMatrixAs, thousandthsMatrixAs);
                               ^~~~~~~~~~~~~~~~~~~~~~~~~~~~~~~~~~~~~~~~~~~~~~~~~~~~~~~~~~~~~~~~~~~~~~~~~~                            ~~~~~~~~~~~~~~~~~~~~~~~~
../src/include/global_def.h:107:11: note: in definition of macro 'print_debug'
    printf(__VA_ARGS__); \
           ^~~~~~~~~~~
../src/include/test_kem.c:1000:31: warning: format '%d' expects argument of type 'int', but argument 2 has type 'u32' {aka 'long unsigned int'} [-Wformat=]
   print_debug(DEBUG_TEST_KEM, "\t\t  Keccak  \t\t|\t\t\t\t   %d   \t\t\t\t|\t\t\t\t\t%d  \t\t\t\t|\t\t\t%lu.%03lu\n", (readTimerKeccakTotal/countKeccak), (readTimerKeccakProc/countKeccak), wholeKeccakHW, thousandthsKeccakHW);
                               ^~~~~~~~~~~~~~~~~~~~~~~~~~~~~~~~~~~~~~~~~~~~~~~~~~~~~~~~~~~~~~~~~~~~~~~~~~~~~~~~~~~~~~  ~~~~~~~~~~~~~~~~~~~~~~~~~~~~~~~~~~
../src/include/global_def.h:107:11: note: in definition of macro 'print_debug'
    printf(__VA_ARGS__); \
           ^~~~~~~~~~~
../src/include/test_kem.c:1000:31: warning: format '%d' expects argument of type 'int', but argument 3 has type 'u32' {aka 'long unsigned int'} [-Wformat=]
   print_debug(DEBUG_TEST_KEM, "\t\t  Keccak  \t\t|\t\t\t\t   %d   \t\t\t\t|\t\t\t\t\t%d  \t\t\t\t|\t\t\t%lu.%03lu\n", (readTimerKeccakTotal/countKeccak), (readTimerKeccakProc/countKeccak), wholeKeccakHW, thousandthsKeccakHW);
                               ^~~~~~~~~~~~~~~~~~~~~~~~~~~~~~~~~~~~~~~~~~~~~~~~~~~~~~~~~~~~~~~~~~~~~~~~~~~~~~~~~~~~~~                                      ~~~~~~~~~~~~~~~~~~~~~~~~~~~~~~~~~
../src/include/global_def.h:107:11: note: in definition of macro 'print_debug'
    printf(__VA_ARGS__); \
           ^~~~~~~~~~~
../src/include/test_kem.c:1002:31: warning: format '%d' expects argument of type 'int', but argument 2 has type 'u32' {aka 'long unsigned int'} [-Wformat=]
   print_debug(DEBUG_TEST_KEM, "\t\t Matrix SA\t\t|\t\t\t   %d   \t\t\t|\t\t\t\t%d  \t\t\t|\t\t\t%lu.%03lu\n", (readTimerMatrixSaTotal/countMatrixSa), (readTimerMatrixSaProc/countMatrixSa), wholeMatrixSaHW, thousandthsMatrixSaHW);
                               ^~~~~~~~~~~~~~~~~~~~~~~~~~~~~~~~~~~~~~~~~~~~~~~~~~~~~~~~~~~~~~~~~~~~~~~~~~~~~~  ~~~~~~~~~~~~~~~~~~~~~~~~~~~~~~~~~~~~~~
../src/include/global_def.h:107:11: note: in definition of macro 'print_debug'
    printf(__VA_ARGS__); \
           ^~~~~~~~~~~
../src/include/test_kem.c:1002:31: warning: format '%d' expects argument of type 'int', but argument 3 has type 'u32' {aka 'long unsigned int'} [-Wformat=]
   print_debug(DEBUG_TEST_KEM, "\t\t Matrix SA\t\t|\t\t\t   %d   \t\t\t|\t\t\t\t%d  \t\t\t|\t\t\t%lu.%03lu\n", (readTimerMatrixSaTotal/countMatrixSa), (readTimerMatrixSaProc/countMatrixSa), wholeMatrixSaHW, thousandthsMatrixSaHW);
                               ^~~~~~~~~~~~~~~~~~~~~~~~~~~~~~~~~~~~~~~~~~~~~~~~~~~~~~~~~~~~~~~~~~~~~~~~~~~~~~                                          ~~~~~~~~~~~~~~~~~~~~~~~~~~~~~~~~~~~~~
../src/include/global_def.h:107:11: note: in definition of macro 'print_debug'
    printf(__VA_ARGS__); \
           ^~~~~~~~~~~
../src/include/test_kem.c:1004:31: warning: format '%d' expects argument of type 'int', but argument 2 has type 'u32' {aka 'long unsigned int'} [-Wformat=]
   print_debug(DEBUG_TEST_KEM, "\t\t Matrix AS\t\t|\t\t\t   %d   \t\t\t|\t\t\t\t%d  \t\t\t|\t\t\t%lu.%03lu\n", (readTimerMatrixAsTotal/countMatrixAs), (readTimerMatrixAsProc/countMatrixAs), wholeMatrixAsHW, thousandthsMatrixAsHW);
                               ^~~~~~~~~~~~~~~~~~~~~~~~~~~~~~~~~~~~~~~~~~~~~~~~~~~~~~~~~~~~~~~~~~~~~~~~~~~~~~  ~~~~~~~~~~~~~~~~~~~~~~~~~~~~~~~~~~~~~~
../src/include/global_def.h:107:11: note: in definition of macro 'print_debug'
    printf(__VA_ARGS__); \
           ^~~~~~~~~~~
../src/include/test_kem.c:1004:31: warning: format '%d' expects argument of type 'int', but argument 3 has type 'u32' {aka 'long unsigned int'} [-Wformat=]
   print_debug(DEBUG_TEST_KEM, "\t\t Matrix AS\t\t|\t\t\t   %d   \t\t\t|\t\t\t\t%d  \t\t\t|\t\t\t%lu.%03lu\n", (readTimerMatrixAsTotal/countMatrixAs), (readTimerMatrixAsProc/countMatrixAs), wholeMatrixAsHW, thousandthsMatrixAsHW);
                               ^~~~~~~~~~~~~~~~~~~~~~~~~~~~~~~~~~~~~~~~~~~~~~~~~~~~~~~~~~~~~~~~~~~~~~~~~~~~~~                                          ~~~~~~~~~~~~~~~~~~~~~~~~~~~~~~~~~~~~~
../src/include/global_def.h:107:11: note: in definition of macro 'print_debug'
    printf(__VA_ARGS__); \
           ^~~~~~~~~~~
Finished building: ../src/include/test_kem.c
 
Building file: ../src/include/util.c
Invoking: ARM v7 gcc compiler
arm-none-eabi-gcc -Wall -O0 -g3 -c -fmessage-length=0 -MT"src/include/util.o" -mcpu=cortex-a9 -mfpu=vfpv3 -mfloat-abi=hard -I../../frodo_sdk_bsp/ps7_cortexa9_0/include -MMD -MP -MF"src/include/util.d" -MT"src/include/util.o" -o "src/include/util.o" "../src/include/util.c"
Finished building: ../src/include/util.c
 
Building file: ../src/main.c
Invoking: ARM v7 gcc compiler
arm-none-eabi-gcc -Wall -O0 -g3 -c -fmessage-length=0 -MT"src/main.o" -mcpu=cortex-a9 -mfpu=vfpv3 -mfloat-abi=hard -I../../frodo_sdk_bsp/ps7_cortexa9_0/include -MMD -MP -MF"src/main.d" -MT"src/main.o" -o "src/main.o" "../src/main.c"
Finished building: ../src/main.c
 
Building target: frodo_sdk.elf
Invoking: ARM v7 gcc linker
arm-none-eabi-gcc -mcpu=cortex-a9 -mfpu=vfpv3 -mfloat-abi=hard -Wl,-build-id=none -specs=Xilinx.spec -Wl,-T -Wl,../src/lscript.ld -L../../frodo_sdk_bsp/ps7_cortexa9_0/lib -o "frodo_sdk.elf"  ./src/include/fips202.o ./src/include/frodo_macrify.o ./src/include/keccak_f1600.o ./src/include/kem.o ./src/include/noise.o ./src/include/random.o ./src/include/test_KEM640.o ./src/include/test_kem.o ./src/include/util.o  ./src/main.o ./src/platform.o   -Wl,--start-group,-lxil,-lgcc,-lc,--end-group
Finished building target: frodo_sdk.elf
 
Invoking: ARM v7 Print Size
arm-none-eabi-size frodo_sdk.elf  |tee "frodo_sdk.elf.size"
   text	   data	    bss	    dec	    hex	filename
 124768	   2760	2104416	2231944	 220e88	frodo_sdk.elf
Finished building: frodo_sdk.elf.size
 
21:20:24 **** Incremental Build of configuration Debug for project frodo_sdk ****
make pre-build main-build 
a9-linaro-pre-build-step
 
make: Nothing to be done for 'main-build'.
