11:54:30 **** Incremental Build of configuration Debug for project frodo_sdk ****
make pre-build main-build 
a9-linaro-pre-build-step
' '
'Building file: ../src/include/test_kem.c'
'Invoking: ARM v7 gcc compiler'
arm-none-eabi-gcc -Wall -O0 -g3 -c -fmessage-length=0 -MT"src/include/test_kem.o" -mcpu=cortex-a9 -mfpu=vfpv3 -mfloat-abi=hard -I../../frodo_sdk_bsp/ps7_cortexa9_0/include -MMD -MP -MF"src/include/test_kem.d" -MT"src/include/test_kem.o" -o "src/include/test_kem.o" "../src/include/test_kem.c"
In file included from ../src/include/test_kem.c:9:
../src/include/test_kem.c: In function 'matrix_SA_mult':
../src/include/test_kem.c:57:33: warning: format '%lu' expects argument of type 'long unsigned int', but argument 2 has type 'int' [-Wformat=]
    print_debug(DEBUG_MATRIX_MM, "\tB[%lu]: 0x%08x\n", i, B[i]);
                                 ^~~~~~~~~~~~~~~~~~~~  ~
../src/include/global_def.h:95:11: note: in definition of macro 'print_debug'
    printf(__VA_ARGS__); \
           ^~~~~~~~~~~
../src/include/test_kem.c:57:33: warning: format '%x' expects argument of type 'unsigned int', but argument 3 has type 'uint32_t' {aka 'long unsigned int'} [-Wformat=]
    print_debug(DEBUG_MATRIX_MM, "\tB[%lu]: 0x%08x\n", i, B[i]);
                                 ^~~~~~~~~~~~~~~~~~~~     ~~~~
../src/include/global_def.h:95:11: note: in definition of macro 'print_debug'
    printf(__VA_ARGS__); \
           ^~~~~~~~~~~
../src/include/test_kem.c: In function 'kem_test':
../src/include/test_kem.c:134:79: warning: unused variable 't_total_hw_mm' [-Wunused-variable]
  volatile unsigned int t_keypair_hw_mm = 0, t_enc_hw_mm = 0, t_dec_hw_mm = 0, t_total_hw_mm = 0;
                                                                               ^~~~~~~~~~~~~
../src/include/test_kem.c:134:62: warning: unused variable 't_dec_hw_mm' [-Wunused-variable]
  volatile unsigned int t_keypair_hw_mm = 0, t_enc_hw_mm = 0, t_dec_hw_mm = 0, t_total_hw_mm = 0;
                                                              ^~~~~~~~~~~
../src/include/test_kem.c:134:45: warning: unused variable 't_enc_hw_mm' [-Wunused-variable]
  volatile unsigned int t_keypair_hw_mm = 0, t_enc_hw_mm = 0, t_dec_hw_mm = 0, t_total_hw_mm = 0;
                                             ^~~~~~~~~~~
../src/include/test_kem.c:134:24: warning: unused variable 't_keypair_hw_mm' [-Wunused-variable]
  volatile unsigned int t_keypair_hw_mm = 0, t_enc_hw_mm = 0, t_dec_hw_mm = 0, t_total_hw_mm = 0;
                        ^~~~~~~~~~~~~~~
../src/include/test_kem.c:133:70: warning: unused variable 't_total_hw' [-Wunused-variable]
  volatile unsigned int t_keypair_hw = 0, t_enc_hw = 0, t_dec_hw = 0, t_total_hw = 0;
                                                                      ^~~~~~~~~~
../src/include/test_kem.c:133:56: warning: unused variable 't_dec_hw' [-Wunused-variable]
  volatile unsigned int t_keypair_hw = 0, t_enc_hw = 0, t_dec_hw = 0, t_total_hw = 0;
                                                        ^~~~~~~~
../src/include/test_kem.c:133:42: warning: unused variable 't_enc_hw' [-Wunused-variable]
  volatile unsigned int t_keypair_hw = 0, t_enc_hw = 0, t_dec_hw = 0, t_total_hw = 0;
                                          ^~~~~~~~
../src/include/test_kem.c:133:24: warning: unused variable 't_keypair_hw' [-Wunused-variable]
  volatile unsigned int t_keypair_hw = 0, t_enc_hw = 0, t_dec_hw = 0, t_total_hw = 0;
                        ^~~~~~~~~~~~
../src/include/test_kem.c:132:70: warning: unused variable 't_total_sw' [-Wunused-variable]
  volatile unsigned int t_keypair_sw = 0, t_enc_sw = 0, t_dec_sw = 0, t_total_sw = 0;
                                                                      ^~~~~~~~~~
../src/include/test_kem.c:132:56: warning: unused variable 't_dec_sw' [-Wunused-variable]
  volatile unsigned int t_keypair_sw = 0, t_enc_sw = 0, t_dec_sw = 0, t_total_sw = 0;
                                                        ^~~~~~~~
../src/include/test_kem.c:132:42: warning: unused variable 't_enc_sw' [-Wunused-variable]
  volatile unsigned int t_keypair_sw = 0, t_enc_sw = 0, t_dec_sw = 0, t_total_sw = 0;
                                          ^~~~~~~~
../src/include/test_kem.c:132:24: warning: unused variable 't_keypair_sw' [-Wunused-variable]
  volatile unsigned int t_keypair_sw = 0, t_enc_sw = 0, t_dec_sw = 0, t_total_sw = 0;
                        ^~~~~~~~~~~~
'Finished building: ../src/include/test_kem.c'
' '
'Building target: frodo_sdk.elf'
'Invoking: ARM v7 gcc linker'
arm-none-eabi-gcc -mcpu=cortex-a9 -mfpu=vfpv3 -mfloat-abi=hard -Wl,-build-id=none -specs=Xilinx.spec -Wl,-T -Wl,../src/lscript.ld -L../../frodo_sdk_bsp/ps7_cortexa9_0/lib -o "frodo_sdk.elf"  ./src/include/fips202.o ./src/include/frodo_macrify.o ./src/include/keccak_f1600.o ./src/include/kem.o ./src/include/noise.o ./src/include/random.o ./src/include/test_KEM640.o ./src/include/test_kem.o ./src/include/util.o  ./src/main.o ./src/platform.o   -Wl,--start-group,-lxil,-lgcc,-lc,--end-group
'Finished building target: frodo_sdk.elf'
' '
'Invoking: ARM v7 Print Size'
arm-none-eabi-size frodo_sdk.elf  |tee "frodo_sdk.elf.size"
   text	   data	    bss	    dec	    hex	filename
 112640	   2728	 138256	 253624	  3deb8	frodo_sdk.elf
'Finished building: frodo_sdk.elf.size'
' '
11:54:40 **** Incremental Build of configuration Debug for project frodo_sdk ****
make pre-build main-build 
a9-linaro-pre-build-step
' '
make: Nothing to be done for 'main-build'.
11:56:39 **** Incremental Build of configuration Debug for project frodo_sdk ****
make pre-build main-build 
a9-linaro-pre-build-step
' '
'Building file: ../src/include/test_kem.c'
'Invoking: ARM v7 gcc compiler'
arm-none-eabi-gcc -Wall -O0 -g3 -c -fmessage-length=0 -MT"src/include/test_kem.o" -mcpu=cortex-a9 -mfpu=vfpv3 -mfloat-abi=hard -I../../frodo_sdk_bsp/ps7_cortexa9_0/include -MMD -MP -MF"src/include/test_kem.d" -MT"src/include/test_kem.o" -o "src/include/test_kem.o" "../src/include/test_kem.c"
In file included from ../src/include/test_kem.c:9:
../src/include/test_kem.c: In function 'matrix_SA_mult':
../src/include/test_kem.c:57:33: warning: format '%lu' expects argument of type 'long unsigned int', but argument 2 has type 'int' [-Wformat=]
    print_debug(DEBUG_MATRIX_MM, "\tB[%lu]: 0x%08x\n", i, B[i]);
                                 ^~~~~~~~~~~~~~~~~~~~  ~
../src/include/global_def.h:95:11: note: in definition of macro 'print_debug'
    printf(__VA_ARGS__); \
           ^~~~~~~~~~~
../src/include/test_kem.c:57:33: warning: format '%x' expects argument of type 'unsigned int', but argument 3 has type 'uint32_t' {aka 'long unsigned int'} [-Wformat=]
    print_debug(DEBUG_MATRIX_MM, "\tB[%lu]: 0x%08x\n", i, B[i]);
                                 ^~~~~~~~~~~~~~~~~~~~     ~~~~
../src/include/global_def.h:95:11: note: in definition of macro 'print_debug'
    printf(__VA_ARGS__); \
           ^~~~~~~~~~~
../src/include/test_kem.c: In function 'kem_test':
../src/include/test_kem.c:134:79: warning: unused variable 't_total_hw_mm' [-Wunused-variable]
  volatile unsigned int t_keypair_hw_mm = 0, t_enc_hw_mm = 0, t_dec_hw_mm = 0, t_total_hw_mm = 0;
                                                                               ^~~~~~~~~~~~~
../src/include/test_kem.c:134:62: warning: unused variable 't_dec_hw_mm' [-Wunused-variable]
  volatile unsigned int t_keypair_hw_mm = 0, t_enc_hw_mm = 0, t_dec_hw_mm = 0, t_total_hw_mm = 0;
                                                              ^~~~~~~~~~~
../src/include/test_kem.c:134:45: warning: unused variable 't_enc_hw_mm' [-Wunused-variable]
  volatile unsigned int t_keypair_hw_mm = 0, t_enc_hw_mm = 0, t_dec_hw_mm = 0, t_total_hw_mm = 0;
                                             ^~~~~~~~~~~
../src/include/test_kem.c:134:24: warning: unused variable 't_keypair_hw_mm' [-Wunused-variable]
  volatile unsigned int t_keypair_hw_mm = 0, t_enc_hw_mm = 0, t_dec_hw_mm = 0, t_total_hw_mm = 0;
                        ^~~~~~~~~~~~~~~
../src/include/test_kem.c:133:70: warning: unused variable 't_total_hw' [-Wunused-variable]
  volatile unsigned int t_keypair_hw = 0, t_enc_hw = 0, t_dec_hw = 0, t_total_hw = 0;
                                                                      ^~~~~~~~~~
../src/include/test_kem.c:133:56: warning: unused variable 't_dec_hw' [-Wunused-variable]
  volatile unsigned int t_keypair_hw = 0, t_enc_hw = 0, t_dec_hw = 0, t_total_hw = 0;
                                                        ^~~~~~~~
../src/include/test_kem.c:133:42: warning: unused variable 't_enc_hw' [-Wunused-variable]
  volatile unsigned int t_keypair_hw = 0, t_enc_hw = 0, t_dec_hw = 0, t_total_hw = 0;
                                          ^~~~~~~~
../src/include/test_kem.c:133:24: warning: unused variable 't_keypair_hw' [-Wunused-variable]
  volatile unsigned int t_keypair_hw = 0, t_enc_hw = 0, t_dec_hw = 0, t_total_hw = 0;
                        ^~~~~~~~~~~~
../src/include/test_kem.c:132:70: warning: unused variable 't_total_sw' [-Wunused-variable]
  volatile unsigned int t_keypair_sw = 0, t_enc_sw = 0, t_dec_sw = 0, t_total_sw = 0;
                                                                      ^~~~~~~~~~
../src/include/test_kem.c:132:56: warning: unused variable 't_dec_sw' [-Wunused-variable]
  volatile unsigned int t_keypair_sw = 0, t_enc_sw = 0, t_dec_sw = 0, t_total_sw = 0;
                                                        ^~~~~~~~
../src/include/test_kem.c:132:42: warning: unused variable 't_enc_sw' [-Wunused-variable]
  volatile unsigned int t_keypair_sw = 0, t_enc_sw = 0, t_dec_sw = 0, t_total_sw = 0;
                                          ^~~~~~~~
../src/include/test_kem.c:132:24: warning: unused variable 't_keypair_sw' [-Wunused-variable]
  volatile unsigned int t_keypair_sw = 0, t_enc_sw = 0, t_dec_sw = 0, t_total_sw = 0;
                        ^~~~~~~~~~~~
'Finished building: ../src/include/test_kem.c'
' '
'Building target: frodo_sdk.elf'
'Invoking: ARM v7 gcc linker'
arm-none-eabi-gcc -mcpu=cortex-a9 -mfpu=vfpv3 -mfloat-abi=hard -Wl,-build-id=none -specs=Xilinx.spec -Wl,-T -Wl,../src/lscript.ld -L../../frodo_sdk_bsp/ps7_cortexa9_0/lib -o "frodo_sdk.elf"  ./src/include/fips202.o ./src/include/frodo_macrify.o ./src/include/keccak_f1600.o ./src/include/kem.o ./src/include/noise.o ./src/include/random.o ./src/include/test_KEM640.o ./src/include/test_kem.o ./src/include/util.o  ./src/main.o ./src/platform.o   -Wl,--start-group,-lxil,-lgcc,-lc,--end-group
'Finished building target: frodo_sdk.elf'
' '
'Invoking: ARM v7 Print Size'
arm-none-eabi-size frodo_sdk.elf  |tee "frodo_sdk.elf.size"
   text	   data	    bss	    dec	    hex	filename
 110080	   2728	 138256	 251064	  3d4b8	frodo_sdk.elf
'Finished building: frodo_sdk.elf.size'
' '
11:58:26 **** Incremental Build of configuration Debug for project frodo_sdk ****
make pre-build main-build 
a9-linaro-pre-build-step
' '
'Building file: ../src/include/test_kem.c'
'Invoking: ARM v7 gcc compiler'
arm-none-eabi-gcc -Wall -O0 -g3 -c -fmessage-length=0 -MT"src/include/test_kem.o" -mcpu=cortex-a9 -mfpu=vfpv3 -mfloat-abi=hard -I../../frodo_sdk_bsp/ps7_cortexa9_0/include -MMD -MP -MF"src/include/test_kem.d" -MT"src/include/test_kem.o" -o "src/include/test_kem.o" "../src/include/test_kem.c"
../src/include/test_kem.c: In function 'kem_test':
../src/include/test_kem.c:134:79: warning: unused variable 't_total_hw_mm' [-Wunused-variable]
  volatile unsigned int t_keypair_hw_mm = 0, t_enc_hw_mm = 0, t_dec_hw_mm = 0, t_total_hw_mm = 0;
                                                                               ^~~~~~~~~~~~~
../src/include/test_kem.c:134:62: warning: unused variable 't_dec_hw_mm' [-Wunused-variable]
  volatile unsigned int t_keypair_hw_mm = 0, t_enc_hw_mm = 0, t_dec_hw_mm = 0, t_total_hw_mm = 0;
                                                              ^~~~~~~~~~~
../src/include/test_kem.c:134:45: warning: unused variable 't_enc_hw_mm' [-Wunused-variable]
  volatile unsigned int t_keypair_hw_mm = 0, t_enc_hw_mm = 0, t_dec_hw_mm = 0, t_total_hw_mm = 0;
                                             ^~~~~~~~~~~
../src/include/test_kem.c:134:24: warning: unused variable 't_keypair_hw_mm' [-Wunused-variable]
  volatile unsigned int t_keypair_hw_mm = 0, t_enc_hw_mm = 0, t_dec_hw_mm = 0, t_total_hw_mm = 0;
                        ^~~~~~~~~~~~~~~
../src/include/test_kem.c:133:70: warning: unused variable 't_total_hw' [-Wunused-variable]
  volatile unsigned int t_keypair_hw = 0, t_enc_hw = 0, t_dec_hw = 0, t_total_hw = 0;
                                                                      ^~~~~~~~~~
../src/include/test_kem.c:133:56: warning: unused variable 't_dec_hw' [-Wunused-variable]
  volatile unsigned int t_keypair_hw = 0, t_enc_hw = 0, t_dec_hw = 0, t_total_hw = 0;
                                                        ^~~~~~~~
../src/include/test_kem.c:133:42: warning: unused variable 't_enc_hw' [-Wunused-variable]
  volatile unsigned int t_keypair_hw = 0, t_enc_hw = 0, t_dec_hw = 0, t_total_hw = 0;
                                          ^~~~~~~~
../src/include/test_kem.c:133:24: warning: unused variable 't_keypair_hw' [-Wunused-variable]
  volatile unsigned int t_keypair_hw = 0, t_enc_hw = 0, t_dec_hw = 0, t_total_hw = 0;
                        ^~~~~~~~~~~~
../src/include/test_kem.c:132:70: warning: unused variable 't_total_sw' [-Wunused-variable]
  volatile unsigned int t_keypair_sw = 0, t_enc_sw = 0, t_dec_sw = 0, t_total_sw = 0;
                                                                      ^~~~~~~~~~
../src/include/test_kem.c:132:56: warning: unused variable 't_dec_sw' [-Wunused-variable]
  volatile unsigned int t_keypair_sw = 0, t_enc_sw = 0, t_dec_sw = 0, t_total_sw = 0;
                                                        ^~~~~~~~
../src/include/test_kem.c:132:42: warning: unused variable 't_enc_sw' [-Wunused-variable]
  volatile unsigned int t_keypair_sw = 0, t_enc_sw = 0, t_dec_sw = 0, t_total_sw = 0;
                                          ^~~~~~~~
../src/include/test_kem.c:132:24: warning: unused variable 't_keypair_sw' [-Wunused-variable]
  volatile unsigned int t_keypair_sw = 0, t_enc_sw = 0, t_dec_sw = 0, t_total_sw = 0;
                        ^~~~~~~~~~~~
'Finished building: ../src/include/test_kem.c'
' '
'Building target: frodo_sdk.elf'
'Invoking: ARM v7 gcc linker'
arm-none-eabi-gcc -mcpu=cortex-a9 -mfpu=vfpv3 -mfloat-abi=hard -Wl,-build-id=none -specs=Xilinx.spec -Wl,-T -Wl,../src/lscript.ld -L../../frodo_sdk_bsp/ps7_cortexa9_0/lib -o "frodo_sdk.elf"  ./src/include/fips202.o ./src/include/frodo_macrify.o ./src/include/keccak_f1600.o ./src/include/kem.o ./src/include/noise.o ./src/include/random.o ./src/include/test_KEM640.o ./src/include/test_kem.o ./src/include/util.o  ./src/main.o ./src/platform.o   -Wl,--start-group,-lxil,-lgcc,-lc,--end-group
'Finished building target: frodo_sdk.elf'
' '
'Invoking: ARM v7 Print Size'
arm-none-eabi-size frodo_sdk.elf  |tee "frodo_sdk.elf.size"
   text	   data	    bss	    dec	    hex	filename
 110080	   2728	 138256	 251064	  3d4b8	frodo_sdk.elf
'Finished building: frodo_sdk.elf.size'
' '
15:12:53 **** Incremental Build of configuration Debug for project frodo_sdk ****
make pre-build main-build 
a9-linaro-pre-build-step
' '
'Building file: ../src/include/test_kem.c'
'Invoking: ARM v7 gcc compiler'
arm-none-eabi-gcc -Wall -O0 -g3 -c -fmessage-length=0 -MT"src/include/test_kem.o" -mcpu=cortex-a9 -mfpu=vfpv3 -mfloat-abi=hard -I../../frodo_sdk_bsp/ps7_cortexa9_0/include -MMD -MP -MF"src/include/test_kem.d" -MT"src/include/test_kem.o" -o "src/include/test_kem.o" "../src/include/test_kem.c"
../src/include/test_kem.c: In function 'kem_test':
../src/include/test_kem.c:164:79: warning: unused variable 't_total_hw_mm' [-Wunused-variable]
  volatile unsigned int t_keypair_hw_mm = 0, t_enc_hw_mm = 0, t_dec_hw_mm = 0, t_total_hw_mm = 0;
                                                                               ^~~~~~~~~~~~~
../src/include/test_kem.c:164:62: warning: unused variable 't_dec_hw_mm' [-Wunused-variable]
  volatile unsigned int t_keypair_hw_mm = 0, t_enc_hw_mm = 0, t_dec_hw_mm = 0, t_total_hw_mm = 0;
                                                              ^~~~~~~~~~~
../src/include/test_kem.c:164:45: warning: unused variable 't_enc_hw_mm' [-Wunused-variable]
  volatile unsigned int t_keypair_hw_mm = 0, t_enc_hw_mm = 0, t_dec_hw_mm = 0, t_total_hw_mm = 0;
                                             ^~~~~~~~~~~
../src/include/test_kem.c:164:24: warning: unused variable 't_keypair_hw_mm' [-Wunused-variable]
  volatile unsigned int t_keypair_hw_mm = 0, t_enc_hw_mm = 0, t_dec_hw_mm = 0, t_total_hw_mm = 0;
                        ^~~~~~~~~~~~~~~
../src/include/test_kem.c:163:70: warning: unused variable 't_total_hw' [-Wunused-variable]
  volatile unsigned int t_keypair_hw = 0, t_enc_hw = 0, t_dec_hw = 0, t_total_hw = 0;
                                                                      ^~~~~~~~~~
../src/include/test_kem.c:163:56: warning: unused variable 't_dec_hw' [-Wunused-variable]
  volatile unsigned int t_keypair_hw = 0, t_enc_hw = 0, t_dec_hw = 0, t_total_hw = 0;
                                                        ^~~~~~~~
../src/include/test_kem.c:163:42: warning: unused variable 't_enc_hw' [-Wunused-variable]
  volatile unsigned int t_keypair_hw = 0, t_enc_hw = 0, t_dec_hw = 0, t_total_hw = 0;
                                          ^~~~~~~~
../src/include/test_kem.c:163:24: warning: unused variable 't_keypair_hw' [-Wunused-variable]
  volatile unsigned int t_keypair_hw = 0, t_enc_hw = 0, t_dec_hw = 0, t_total_hw = 0;
                        ^~~~~~~~~~~~
../src/include/test_kem.c:162:70: warning: unused variable 't_total_sw' [-Wunused-variable]
  volatile unsigned int t_keypair_sw = 0, t_enc_sw = 0, t_dec_sw = 0, t_total_sw = 0;
                                                                      ^~~~~~~~~~
../src/include/test_kem.c:162:56: warning: unused variable 't_dec_sw' [-Wunused-variable]
  volatile unsigned int t_keypair_sw = 0, t_enc_sw = 0, t_dec_sw = 0, t_total_sw = 0;
                                                        ^~~~~~~~
../src/include/test_kem.c:162:42: warning: unused variable 't_enc_sw' [-Wunused-variable]
  volatile unsigned int t_keypair_sw = 0, t_enc_sw = 0, t_dec_sw = 0, t_total_sw = 0;
                                          ^~~~~~~~
../src/include/test_kem.c:162:24: warning: unused variable 't_keypair_sw' [-Wunused-variable]
  volatile unsigned int t_keypair_sw = 0, t_enc_sw = 0, t_dec_sw = 0, t_total_sw = 0;
                        ^~~~~~~~~~~~
'Finished building: ../src/include/test_kem.c'
' '
'Building target: frodo_sdk.elf'
'Invoking: ARM v7 gcc linker'
arm-none-eabi-gcc -mcpu=cortex-a9 -mfpu=vfpv3 -mfloat-abi=hard -Wl,-build-id=none -specs=Xilinx.spec -Wl,-T -Wl,../src/lscript.ld -L../../frodo_sdk_bsp/ps7_cortexa9_0/lib -o "frodo_sdk.elf"  ./src/include/fips202.o ./src/include/frodo_macrify.o ./src/include/keccak_f1600.o ./src/include/kem.o ./src/include/noise.o ./src/include/random.o ./src/include/test_KEM640.o ./src/include/test_kem.o ./src/include/util.o  ./src/main.o ./src/platform.o   -Wl,--start-group,-lxil,-lgcc,-lc,--end-group
'Finished building target: frodo_sdk.elf'
' '
'Invoking: ARM v7 Print Size'
arm-none-eabi-size frodo_sdk.elf  |tee "frodo_sdk.elf.size"
   text	   data	    bss	    dec	    hex	filename
 110544	   2728	 138256	 251528	  3d688	frodo_sdk.elf
'Finished building: frodo_sdk.elf.size'
' '
15:14:03 **** Incremental Build of configuration Debug for project frodo_sdk ****
make pre-build main-build 
a9-linaro-pre-build-step
' '
'Building file: ../src/include/test_kem.c'
'Invoking: ARM v7 gcc compiler'
arm-none-eabi-gcc -Wall -O0 -g3 -c -fmessage-length=0 -MT"src/include/test_kem.o" -mcpu=cortex-a9 -mfpu=vfpv3 -mfloat-abi=hard -I../../frodo_sdk_bsp/ps7_cortexa9_0/include -MMD -MP -MF"src/include/test_kem.d" -MT"src/include/test_kem.o" -o "src/include/test_kem.o" "../src/include/test_kem.c"
../src/include/test_kem.c: In function 'kem_test':
../src/include/test_kem.c:170:79: warning: unused variable 't_total_hw_mm' [-Wunused-variable]
  volatile unsigned int t_keypair_hw_mm = 0, t_enc_hw_mm = 0, t_dec_hw_mm = 0, t_total_hw_mm = 0;
                                                                               ^~~~~~~~~~~~~
../src/include/test_kem.c:170:62: warning: unused variable 't_dec_hw_mm' [-Wunused-variable]
  volatile unsigned int t_keypair_hw_mm = 0, t_enc_hw_mm = 0, t_dec_hw_mm = 0, t_total_hw_mm = 0;
                                                              ^~~~~~~~~~~
../src/include/test_kem.c:170:45: warning: unused variable 't_enc_hw_mm' [-Wunused-variable]
  volatile unsigned int t_keypair_hw_mm = 0, t_enc_hw_mm = 0, t_dec_hw_mm = 0, t_total_hw_mm = 0;
                                             ^~~~~~~~~~~
../src/include/test_kem.c:170:24: warning: unused variable 't_keypair_hw_mm' [-Wunused-variable]
  volatile unsigned int t_keypair_hw_mm = 0, t_enc_hw_mm = 0, t_dec_hw_mm = 0, t_total_hw_mm = 0;
                        ^~~~~~~~~~~~~~~
../src/include/test_kem.c:169:70: warning: unused variable 't_total_hw' [-Wunused-variable]
  volatile unsigned int t_keypair_hw = 0, t_enc_hw = 0, t_dec_hw = 0, t_total_hw = 0;
                                                                      ^~~~~~~~~~
../src/include/test_kem.c:169:56: warning: unused variable 't_dec_hw' [-Wunused-variable]
  volatile unsigned int t_keypair_hw = 0, t_enc_hw = 0, t_dec_hw = 0, t_total_hw = 0;
                                                        ^~~~~~~~
../src/include/test_kem.c:169:42: warning: unused variable 't_enc_hw' [-Wunused-variable]
  volatile unsigned int t_keypair_hw = 0, t_enc_hw = 0, t_dec_hw = 0, t_total_hw = 0;
                                          ^~~~~~~~
../src/include/test_kem.c:169:24: warning: unused variable 't_keypair_hw' [-Wunused-variable]
  volatile unsigned int t_keypair_hw = 0, t_enc_hw = 0, t_dec_hw = 0, t_total_hw = 0;
                        ^~~~~~~~~~~~
../src/include/test_kem.c:168:70: warning: unused variable 't_total_sw' [-Wunused-variable]
  volatile unsigned int t_keypair_sw = 0, t_enc_sw = 0, t_dec_sw = 0, t_total_sw = 0;
                                                                      ^~~~~~~~~~
../src/include/test_kem.c:168:56: warning: unused variable 't_dec_sw' [-Wunused-variable]
  volatile unsigned int t_keypair_sw = 0, t_enc_sw = 0, t_dec_sw = 0, t_total_sw = 0;
                                                        ^~~~~~~~
../src/include/test_kem.c:168:42: warning: unused variable 't_enc_sw' [-Wunused-variable]
  volatile unsigned int t_keypair_sw = 0, t_enc_sw = 0, t_dec_sw = 0, t_total_sw = 0;
                                          ^~~~~~~~
../src/include/test_kem.c:168:24: warning: unused variable 't_keypair_sw' [-Wunused-variable]
  volatile unsigned int t_keypair_sw = 0, t_enc_sw = 0, t_dec_sw = 0, t_total_sw = 0;
                        ^~~~~~~~~~~~
'Finished building: ../src/include/test_kem.c'
' '
'Building target: frodo_sdk.elf'
'Invoking: ARM v7 gcc linker'
arm-none-eabi-gcc -mcpu=cortex-a9 -mfpu=vfpv3 -mfloat-abi=hard -Wl,-build-id=none -specs=Xilinx.spec -Wl,-T -Wl,../src/lscript.ld -L../../frodo_sdk_bsp/ps7_cortexa9_0/lib -o "frodo_sdk.elf"  ./src/include/fips202.o ./src/include/frodo_macrify.o ./src/include/keccak_f1600.o ./src/include/kem.o ./src/include/noise.o ./src/include/random.o ./src/include/test_KEM640.o ./src/include/test_kem.o ./src/include/util.o  ./src/main.o ./src/platform.o   -Wl,--start-group,-lxil,-lgcc,-lc,--end-group
'Finished building target: frodo_sdk.elf'
' '
'Invoking: ARM v7 Print Size'
arm-none-eabi-size frodo_sdk.elf  |tee "frodo_sdk.elf.size"
   text	   data	    bss	    dec	    hex	filename
 110608	   2728	 138256	 251592	  3d6c8	frodo_sdk.elf
'Finished building: frodo_sdk.elf.size'
' '
