13:40:47 **** Clean-only build of configuration Debug for project frodo_sdk ****
make clean 
rm -rf  ./src/include/fips202.o ./src/include/frodo_macrify.o ./src/include/keccak_f1600.o ./src/include/kem.o ./src/include/noise.o ./src/include/random.o ./src/include/test_KEM640.o ./src/include/test_kem.o ./src/include/util.o  ./src/main.o ./src/platform.o  ./src/include/fips202.d ./src/include/frodo_macrify.d ./src/include/keccak_f1600.d ./src/include/kem.d ./src/include/noise.d ./src/include/random.d ./src/include/test_KEM640.d ./src/include/test_kem.d ./src/include/util.d  ./src/main.d ./src/platform.d  frodo_sdk.elf.size  frodo_sdk.elf
' '
13:40:48 **** Incremental Build of configuration Debug for project frodo_sdk ****
make pre-build main-build 
a9-linaro-pre-build-step
' '
'Building file: ../src/include/fips202.c'
'Invoking: ARM v7 gcc compiler'
arm-none-eabi-gcc -Wall -O0 -g3 -c -fmessage-length=0 -MT"src/include/fips202.o" -mcpu=cortex-a9 -mfpu=vfpv3 -mfloat-abi=hard -I../../frodo_sdk_bsp/ps7_cortexa9_0/include -MMD -MP -MF"src/include/fips202.d" -MT"src/include/fips202.o" -o "src/include/fips202.o" "../src/include/fips202.c"
../src/include/fips202.c: In function 'keccak_absorb':
../src/include/fips202.c:349:5: warning: implicit declaration of function 'KeccakF1600_StatePermute'; did you mean 'KeccakF1600_StatePermute_SW'? [-Wimplicit-function-declaration]
     KeccakF1600_StatePermute(s);
     ^~~~~~~~~~~~~~~~~~~~~~~~
     KeccakF1600_StatePermute_SW
'Finished building: ../src/include/fips202.c'
' '
'Building file: ../src/include/frodo_macrify.c'
'Invoking: ARM v7 gcc compiler'
arm-none-eabi-gcc -Wall -O0 -g3 -c -fmessage-length=0 -MT"src/include/frodo_macrify.o" -mcpu=cortex-a9 -mfpu=vfpv3 -mfloat-abi=hard -I../../frodo_sdk_bsp/ps7_cortexa9_0/include -MMD -MP -MF"src/include/frodo_macrify.d" -MT"src/include/frodo_macrify.o" -o "src/include/frodo_macrify.o" "../src/include/frodo_macrify.c"
In file included from ../src/include/frodo_macrify.h:12,
                 from ../src/include/frodo_macrify.c:9:
../src/include/frodo_macrify.c: In function 'frodo_mul_add_sa_plus_e':
../src/include/frodo_macrify.c:390:36: warning: format '%lx' expects argument of type 'long unsigned int', but argument 3 has type 'int' [-Wformat=]
       print_debug(DEBUG_MATRIX_MM, "\tPos %d: sum: 0x%lx e  sum2: 0x%lx\n", i*PARAMS_N + k, sum[k], sum2[(i*PARAMS_N + k) >> 1] & 0xffff);
                                    ^~~~~~~~~~~~~~~~~~~~~~~~~~~~~~~~~~~~~~~                  ~~~~~~
../src/include/global_def.h:97:11: note: in definition of macro 'print_debug'
    printf(__VA_ARGS__); \
           ^~~~~~~~~~~
../src/include/frodo_macrify.c:398:36: warning: format '%lx' expects argument of type 'long unsigned int', but argument 3 has type 'int' [-Wformat=]
       print_debug(DEBUG_MATRIX_MM, "\tPos %d: sum: 0x%lx e  sum2: 0x%lx\n", i*PARAMS_N + k, sum[k], sum2[(i*PARAMS_N + k) >> 1] >> 16);
                                    ^~~~~~~~~~~~~~~~~~~~~~~~~~~~~~~~~~~~~~~                  ~~~~~~
../src/include/global_def.h:97:11: note: in definition of macro 'print_debug'
    printf(__VA_ARGS__); \
           ^~~~~~~~~~~
'Finished building: ../src/include/frodo_macrify.c'
' '
'Building file: ../src/include/keccak_f1600.c'
'Invoking: ARM v7 gcc compiler'
arm-none-eabi-gcc -Wall -O0 -g3 -c -fmessage-length=0 -MT"src/include/keccak_f1600.o" -mcpu=cortex-a9 -mfpu=vfpv3 -mfloat-abi=hard -I../../frodo_sdk_bsp/ps7_cortexa9_0/include -MMD -MP -MF"src/include/keccak_f1600.d" -MT"src/include/keccak_f1600.o" -o "src/include/keccak_f1600.o" "../src/include/keccak_f1600.c"
In file included from ../src/include/keccak_f1600.h:16,
                 from ../src/include/keccak_f1600.c:9:
../src/include/keccak_f1600.c: In function 'KeccakF1600_StatePermute_HW_MM':
../src/include/keccak_f1600.c:164:32: warning: format '%lu' expects argument of type 'long unsigned int', but argument 2 has type 'int' [-Wformat=]
   print_debug(DEBUG_KECCAK_HW, "\tSent data %lu: 0x%lx\n", (i << 1), (u32)(state[i] & 0xffffffff));
                                ^~~~~~~~~~~~~~~~~~~~~~~~~~  ~~~~~~~~
../src/include/global_def.h:97:11: note: in definition of macro 'print_debug'
    printf(__VA_ARGS__); \
           ^~~~~~~~~~~
../src/include/keccak_f1600.c:167:32: warning: format '%lu' expects argument of type 'long unsigned int', but argument 2 has type 'int' [-Wformat=]
   print_debug(DEBUG_KECCAK_HW, "\tSent data %lu: 0x%lx\n", (i << 1) + 1, (u32)(state[i] >> 32));
                                ^~~~~~~~~~~~~~~~~~~~~~~~~~  ~~~~~~~~~~~~
../src/include/global_def.h:97:11: note: in definition of macro 'print_debug'
    printf(__VA_ARGS__); \
           ^~~~~~~~~~~
'Finished building: ../src/include/keccak_f1600.c'
' '
'Building file: ../src/include/kem.c'
'Invoking: ARM v7 gcc compiler'
arm-none-eabi-gcc -Wall -O0 -g3 -c -fmessage-length=0 -MT"src/include/kem.o" -mcpu=cortex-a9 -mfpu=vfpv3 -mfloat-abi=hard -I../../frodo_sdk_bsp/ps7_cortexa9_0/include -MMD -MP -MF"src/include/kem.d" -MT"src/include/kem.o" -o "src/include/kem.o" "../src/include/kem.c"
'Finished building: ../src/include/kem.c'
' '
'Building file: ../src/include/noise.c'
'Invoking: ARM v7 gcc compiler'
arm-none-eabi-gcc -Wall -O0 -g3 -c -fmessage-length=0 -MT"src/include/noise.o" -mcpu=cortex-a9 -mfpu=vfpv3 -mfloat-abi=hard -I../../frodo_sdk_bsp/ps7_cortexa9_0/include -MMD -MP -MF"src/include/noise.d" -MT"src/include/noise.o" -o "src/include/noise.o" "../src/include/noise.c"
'Finished building: ../src/include/noise.c'
' '
'Building file: ../src/include/random.c'
'Invoking: ARM v7 gcc compiler'
arm-none-eabi-gcc -Wall -O0 -g3 -c -fmessage-length=0 -MT"src/include/random.o" -mcpu=cortex-a9 -mfpu=vfpv3 -mfloat-abi=hard -I../../frodo_sdk_bsp/ps7_cortexa9_0/include -MMD -MP -MF"src/include/random.d" -MT"src/include/random.o" -o "src/include/random.o" "../src/include/random.c"
'Finished building: ../src/include/random.c'
' '
'Building file: ../src/include/test_KEM640.c'
'Invoking: ARM v7 gcc compiler'
arm-none-eabi-gcc -Wall -O0 -g3 -c -fmessage-length=0 -MT"src/include/test_KEM640.o" -mcpu=cortex-a9 -mfpu=vfpv3 -mfloat-abi=hard -I../../frodo_sdk_bsp/ps7_cortexa9_0/include -MMD -MP -MF"src/include/test_KEM640.d" -MT"src/include/test_KEM640.o" -o "src/include/test_KEM640.o" "../src/include/test_KEM640.c"
'Finished building: ../src/include/test_KEM640.c'
' '
'Building file: ../src/include/test_kem.c'
'Invoking: ARM v7 gcc compiler'
arm-none-eabi-gcc -Wall -O0 -g3 -c -fmessage-length=0 -MT"src/include/test_kem.o" -mcpu=cortex-a9 -mfpu=vfpv3 -mfloat-abi=hard -I../../frodo_sdk_bsp/ps7_cortexa9_0/include -MMD -MP -MF"src/include/test_kem.d" -MT"src/include/test_kem.o" -o "src/include/test_kem.o" "../src/include/test_kem.c"
'Finished building: ../src/include/test_kem.c'
' '
'Building file: ../src/include/util.c'
'Invoking: ARM v7 gcc compiler'
arm-none-eabi-gcc -Wall -O0 -g3 -c -fmessage-length=0 -MT"src/include/util.o" -mcpu=cortex-a9 -mfpu=vfpv3 -mfloat-abi=hard -I../../frodo_sdk_bsp/ps7_cortexa9_0/include -MMD -MP -MF"src/include/util.d" -MT"src/include/util.o" -o "src/include/util.o" "../src/include/util.c"
'Finished building: ../src/include/util.c'
' '
'Building file: ../src/main.c'
'Invoking: ARM v7 gcc compiler'
arm-none-eabi-gcc -Wall -O0 -g3 -c -fmessage-length=0 -MT"src/main.o" -mcpu=cortex-a9 -mfpu=vfpv3 -mfloat-abi=hard -I../../frodo_sdk_bsp/ps7_cortexa9_0/include -MMD -MP -MF"src/main.d" -MT"src/main.o" -o "src/main.o" "../src/main.c"
'Finished building: ../src/main.c'
' '
'Building file: ../src/platform.c'
'Invoking: ARM v7 gcc compiler'
arm-none-eabi-gcc -Wall -O0 -g3 -c -fmessage-length=0 -MT"src/platform.o" -mcpu=cortex-a9 -mfpu=vfpv3 -mfloat-abi=hard -I../../frodo_sdk_bsp/ps7_cortexa9_0/include -MMD -MP -MF"src/platform.d" -MT"src/platform.o" -o "src/platform.o" "../src/platform.c"
'Finished building: ../src/platform.c'
' '
'Building target: frodo_sdk.elf'
'Invoking: ARM v7 gcc linker'
arm-none-eabi-gcc -mcpu=cortex-a9 -mfpu=vfpv3 -mfloat-abi=hard -Wl,-build-id=none -specs=Xilinx.spec -Wl,-T -Wl,../src/lscript.ld -L../../frodo_sdk_bsp/ps7_cortexa9_0/lib -o "frodo_sdk.elf"  ./src/include/fips202.o ./src/include/frodo_macrify.o ./src/include/keccak_f1600.o ./src/include/kem.o ./src/include/noise.o ./src/include/random.o ./src/include/test_KEM640.o ./src/include/test_kem.o ./src/include/util.o  ./src/main.o ./src/platform.o   -Wl,--start-group,-lxil,-lgcc,-lc,--end-group
'Finished building target: frodo_sdk.elf'
' '
'Invoking: ARM v7 Print Size'
arm-none-eabi-size frodo_sdk.elf  |tee "frodo_sdk.elf.size"
   text	   data	    bss	    dec	    hex	filename
 113408	   2728	2104336	2220472	 21e1b8	frodo_sdk.elf
'Finished building: frodo_sdk.elf.size'
' '
13:41:22 **** Incremental Build of configuration Debug for project frodo_sdk ****
make pre-build main-build 
a9-linaro-pre-build-step
' '
make: Nothing to be done for 'main-build'.
13:48:02 **** Incremental Build of configuration Debug for project frodo_sdk ****
make pre-build main-build 
a9-linaro-pre-build-step
' '
'Building file: ../src/include/frodo_macrify.c'
'Invoking: ARM v7 gcc compiler'
arm-none-eabi-gcc -Wall -O0 -g3 -c -fmessage-length=0 -MT"src/include/frodo_macrify.o" -mcpu=cortex-a9 -mfpu=vfpv3 -mfloat-abi=hard -I../../frodo_sdk_bsp/ps7_cortexa9_0/include -MMD -MP -MF"src/include/frodo_macrify.d" -MT"src/include/frodo_macrify.o" -o "src/include/frodo_macrify.o" "../src/include/frodo_macrify.c"
In file included from ../src/include/frodo_macrify.h:12,
                 from ../src/include/frodo_macrify.c:9:
../src/include/frodo_macrify.c: In function 'frodo_mul_add_sa_plus_e':
../src/include/frodo_macrify.c:386:36: warning: format '%lx' expects argument of type 'long unsigned int', but argument 3 has type 'int' [-Wformat=]
       print_debug(DEBUG_MATRIX_MM, "\tPos %d: sum: 0x%lx e  sum2: 0x%lx\n", i*PARAMS_N + k, sum[k], sum2[(i*PARAMS_N + k) >> 1] & 0xffff);
                                    ^~~~~~~~~~~~~~~~~~~~~~~~~~~~~~~~~~~~~~~                  ~~~~~~
../src/include/global_def.h:97:11: note: in definition of macro 'print_debug'
    printf(__VA_ARGS__); \
           ^~~~~~~~~~~
../src/include/frodo_macrify.c:394:36: warning: format '%lx' expects argument of type 'long unsigned int', but argument 3 has type 'int' [-Wformat=]
       print_debug(DEBUG_MATRIX_MM, "\tPos %d: sum: 0x%lx e  sum2: 0x%lx\n", i*PARAMS_N + k, sum[k], sum2[(i*PARAMS_N + k) >> 1] >> 16);
                                    ^~~~~~~~~~~~~~~~~~~~~~~~~~~~~~~~~~~~~~~                  ~~~~~~
../src/include/global_def.h:97:11: note: in definition of macro 'print_debug'
    printf(__VA_ARGS__); \
           ^~~~~~~~~~~
'Finished building: ../src/include/frodo_macrify.c'
' '
'Building target: frodo_sdk.elf'
'Invoking: ARM v7 gcc linker'
arm-none-eabi-gcc -mcpu=cortex-a9 -mfpu=vfpv3 -mfloat-abi=hard -Wl,-build-id=none -specs=Xilinx.spec -Wl,-T -Wl,../src/lscript.ld -L../../frodo_sdk_bsp/ps7_cortexa9_0/lib -o "frodo_sdk.elf"  ./src/include/fips202.o ./src/include/frodo_macrify.o ./src/include/keccak_f1600.o ./src/include/kem.o ./src/include/noise.o ./src/include/random.o ./src/include/test_KEM640.o ./src/include/test_kem.o ./src/include/util.o  ./src/main.o ./src/platform.o   -Wl,--start-group,-lxil,-lgcc,-lc,--end-group
'Finished building target: frodo_sdk.elf'
' '
'Invoking: ARM v7 Print Size'
arm-none-eabi-size frodo_sdk.elf  |tee "frodo_sdk.elf.size"
   text	   data	    bss	    dec	    hex	filename
 113256	   2728	2104336	2220320	 21e120	frodo_sdk.elf
'Finished building: frodo_sdk.elf.size'
' '
13:48:39 **** Incremental Build of configuration Debug for project frodo_sdk ****
make pre-build main-build 
a9-linaro-pre-build-step
' '
'Building file: ../src/include/frodo_macrify.c'
'Invoking: ARM v7 gcc compiler'
arm-none-eabi-gcc -Wall -O0 -g3 -c -fmessage-length=0 -MT"src/include/frodo_macrify.o" -mcpu=cortex-a9 -mfpu=vfpv3 -mfloat-abi=hard -I../../frodo_sdk_bsp/ps7_cortexa9_0/include -MMD -MP -MF"src/include/frodo_macrify.d" -MT"src/include/frodo_macrify.o" -o "src/include/frodo_macrify.o" "../src/include/frodo_macrify.c"
In file included from ../src/include/frodo_macrify.h:12,
                 from ../src/include/frodo_macrify.c:9:
../src/include/frodo_macrify.c: In function 'frodo_mul_add_sa_plus_e':
../src/include/frodo_macrify.c:386:36: warning: format '%lx' expects argument of type 'long unsigned int', but argument 3 has type 'int' [-Wformat=]
       print_debug(DEBUG_MATRIX_MM, "\tPos %d: sum: 0x%lx e  sum2: 0x%lx\n", i*PARAMS_N + k, sum[k], sum2[(i*PARAMS_N + k) >> 1] & 0xffff);
                                    ^~~~~~~~~~~~~~~~~~~~~~~~~~~~~~~~~~~~~~~                  ~~~~~~
../src/include/global_def.h:97:11: note: in definition of macro 'print_debug'
    printf(__VA_ARGS__); \
           ^~~~~~~~~~~
../src/include/frodo_macrify.c:394:36: warning: format '%lx' expects argument of type 'long unsigned int', but argument 3 has type 'int' [-Wformat=]
       print_debug(DEBUG_MATRIX_MM, "\tPos %d: sum: 0x%lx e  sum2: 0x%lx\n", i*PARAMS_N + k, sum[k], sum2[(i*PARAMS_N + k) >> 1] >> 16);
                                    ^~~~~~~~~~~~~~~~~~~~~~~~~~~~~~~~~~~~~~~                  ~~~~~~
../src/include/global_def.h:97:11: note: in definition of macro 'print_debug'
    printf(__VA_ARGS__); \
           ^~~~~~~~~~~
'Finished building: ../src/include/frodo_macrify.c'
' '
'Building target: frodo_sdk.elf'
'Invoking: ARM v7 gcc linker'
arm-none-eabi-gcc -mcpu=cortex-a9 -mfpu=vfpv3 -mfloat-abi=hard -Wl,-build-id=none -specs=Xilinx.spec -Wl,-T -Wl,../src/lscript.ld -L../../frodo_sdk_bsp/ps7_cortexa9_0/lib -o "frodo_sdk.elf"  ./src/include/fips202.o ./src/include/frodo_macrify.o ./src/include/keccak_f1600.o ./src/include/kem.o ./src/include/noise.o ./src/include/random.o ./src/include/test_KEM640.o ./src/include/test_kem.o ./src/include/util.o  ./src/main.o ./src/platform.o   -Wl,--start-group,-lxil,-lgcc,-lc,--end-group
'Finished building target: frodo_sdk.elf'
' '
'Invoking: ARM v7 Print Size'
arm-none-eabi-size frodo_sdk.elf  |tee "frodo_sdk.elf.size"
   text	   data	    bss	    dec	    hex	filename
 113248	   2728	2104336	2220312	 21e118	frodo_sdk.elf
'Finished building: frodo_sdk.elf.size'
' '
17:15:18 **** Incremental Build of configuration Debug for project frodo_sdk ****
make pre-build main-build 
a9-linaro-pre-build-step
' '
'Building file: ../src/include/fips202.c'
'Invoking: ARM v7 gcc compiler'
arm-none-eabi-gcc -Wall -O0 -g3 -c -fmessage-length=0 -MT"src/include/fips202.o" -mcpu=cortex-a9 -mfpu=vfpv3 -mfloat-abi=hard -I../../frodo_sdk_bsp/ps7_cortexa9_0/include -MMD -MP -MF"src/include/fips202.d" -MT"src/include/fips202.o" -o "src/include/fips202.o" "../src/include/fips202.c"
../src/include/fips202.c: In function 'keccak_absorb':
../src/include/fips202.c:349:5: warning: implicit declaration of function 'KeccakF1600_StatePermute'; did you mean 'KeccakF1600_StatePermute_SW'? [-Wimplicit-function-declaration]
     KeccakF1600_StatePermute(s);
     ^~~~~~~~~~~~~~~~~~~~~~~~
     KeccakF1600_StatePermute_SW
'Finished building: ../src/include/fips202.c'
' '
'Building file: ../src/include/frodo_macrify.c'
'Invoking: ARM v7 gcc compiler'
arm-none-eabi-gcc -Wall -O0 -g3 -c -fmessage-length=0 -MT"src/include/frodo_macrify.o" -mcpu=cortex-a9 -mfpu=vfpv3 -mfloat-abi=hard -I../../frodo_sdk_bsp/ps7_cortexa9_0/include -MMD -MP -MF"src/include/frodo_macrify.d" -MT"src/include/frodo_macrify.o" -o "src/include/frodo_macrify.o" "../src/include/frodo_macrify.c"
../src/include/frodo_macrify.c: In function 'frodo_mul_add_sa_plus_e':
../src/include/frodo_macrify.c:335:10: warning: suggest parentheses around comparison in operand of '&' [-Wparentheses]
     if(k & 0x1 == 0)
          ^
../src/include/frodo_macrify.c:280:6: warning: unused variable 't' [-Wunused-variable]
  int t=0;
      ^
'Finished building: ../src/include/frodo_macrify.c'
' '
'Building file: ../src/include/keccak_f1600.c'
'Invoking: ARM v7 gcc compiler'
arm-none-eabi-gcc -Wall -O0 -g3 -c -fmessage-length=0 -MT"src/include/keccak_f1600.o" -mcpu=cortex-a9 -mfpu=vfpv3 -mfloat-abi=hard -I../../frodo_sdk_bsp/ps7_cortexa9_0/include -MMD -MP -MF"src/include/keccak_f1600.d" -MT"src/include/keccak_f1600.o" -o "src/include/keccak_f1600.o" "../src/include/keccak_f1600.c"
In file included from ../src/include/keccak_f1600.h:16,
                 from ../src/include/keccak_f1600.c:9:
../src/include/keccak_f1600.c: In function 'KeccakF1600_StatePermute_HW_MM':
../src/include/keccak_f1600.c:164:32: warning: format '%lu' expects argument of type 'long unsigned int', but argument 2 has type 'int' [-Wformat=]
   print_debug(DEBUG_KECCAK_HW, "\tSent data %lu: 0x%lx\n", (i << 1), (u32)(state[i] & 0xffffffff));
                                ^~~~~~~~~~~~~~~~~~~~~~~~~~  ~~~~~~~~
../src/include/global_def.h:97:11: note: in definition of macro 'print_debug'
    printf(__VA_ARGS__); \
           ^~~~~~~~~~~
../src/include/keccak_f1600.c:167:32: warning: format '%lu' expects argument of type 'long unsigned int', but argument 2 has type 'int' [-Wformat=]
   print_debug(DEBUG_KECCAK_HW, "\tSent data %lu: 0x%lx\n", (i << 1) + 1, (u32)(state[i] >> 32));
                                ^~~~~~~~~~~~~~~~~~~~~~~~~~  ~~~~~~~~~~~~
../src/include/global_def.h:97:11: note: in definition of macro 'print_debug'
    printf(__VA_ARGS__); \
           ^~~~~~~~~~~
'Finished building: ../src/include/keccak_f1600.c'
' '
'Building file: ../src/include/kem.c'
'Invoking: ARM v7 gcc compiler'
arm-none-eabi-gcc -Wall -O0 -g3 -c -fmessage-length=0 -MT"src/include/kem.o" -mcpu=cortex-a9 -mfpu=vfpv3 -mfloat-abi=hard -I../../frodo_sdk_bsp/ps7_cortexa9_0/include -MMD -MP -MF"src/include/kem.d" -MT"src/include/kem.o" -o "src/include/kem.o" "../src/include/kem.c"
'Finished building: ../src/include/kem.c'
' '
'Building file: ../src/include/noise.c'
'Invoking: ARM v7 gcc compiler'
arm-none-eabi-gcc -Wall -O0 -g3 -c -fmessage-length=0 -MT"src/include/noise.o" -mcpu=cortex-a9 -mfpu=vfpv3 -mfloat-abi=hard -I../../frodo_sdk_bsp/ps7_cortexa9_0/include -MMD -MP -MF"src/include/noise.d" -MT"src/include/noise.o" -o "src/include/noise.o" "../src/include/noise.c"
'Finished building: ../src/include/noise.c'
' '
'Building file: ../src/include/random.c'
'Invoking: ARM v7 gcc compiler'
arm-none-eabi-gcc -Wall -O0 -g3 -c -fmessage-length=0 -MT"src/include/random.o" -mcpu=cortex-a9 -mfpu=vfpv3 -mfloat-abi=hard -I../../frodo_sdk_bsp/ps7_cortexa9_0/include -MMD -MP -MF"src/include/random.d" -MT"src/include/random.o" -o "src/include/random.o" "../src/include/random.c"
'Finished building: ../src/include/random.c'
' '
'Building file: ../src/include/test_kem.c'
'Invoking: ARM v7 gcc compiler'
arm-none-eabi-gcc -Wall -O0 -g3 -c -fmessage-length=0 -MT"src/include/test_kem.o" -mcpu=cortex-a9 -mfpu=vfpv3 -mfloat-abi=hard -I../../frodo_sdk_bsp/ps7_cortexa9_0/include -MMD -MP -MF"src/include/test_kem.d" -MT"src/include/test_kem.o" -o "src/include/test_kem.o" "../src/include/test_kem.c"
'Finished building: ../src/include/test_kem.c'
' '
'Building file: ../src/include/util.c'
'Invoking: ARM v7 gcc compiler'
arm-none-eabi-gcc -Wall -O0 -g3 -c -fmessage-length=0 -MT"src/include/util.o" -mcpu=cortex-a9 -mfpu=vfpv3 -mfloat-abi=hard -I../../frodo_sdk_bsp/ps7_cortexa9_0/include -MMD -MP -MF"src/include/util.d" -MT"src/include/util.o" -o "src/include/util.o" "../src/include/util.c"
'Finished building: ../src/include/util.c'
' '
'Building file: ../src/main.c'
'Invoking: ARM v7 gcc compiler'
arm-none-eabi-gcc -Wall -O0 -g3 -c -fmessage-length=0 -MT"src/main.o" -mcpu=cortex-a9 -mfpu=vfpv3 -mfloat-abi=hard -I../../frodo_sdk_bsp/ps7_cortexa9_0/include -MMD -MP -MF"src/main.d" -MT"src/main.o" -o "src/main.o" "../src/main.c"
'Finished building: ../src/main.c'
' '
'Building target: frodo_sdk.elf'
'Invoking: ARM v7 gcc linker'
arm-none-eabi-gcc -mcpu=cortex-a9 -mfpu=vfpv3 -mfloat-abi=hard -Wl,-build-id=none -specs=Xilinx.spec -Wl,-T -Wl,../src/lscript.ld -L../../frodo_sdk_bsp/ps7_cortexa9_0/lib -o "frodo_sdk.elf"  ./src/include/fips202.o ./src/include/frodo_macrify.o ./src/include/keccak_f1600.o ./src/include/kem.o ./src/include/noise.o ./src/include/random.o ./src/include/test_KEM640.o ./src/include/test_kem.o ./src/include/util.o  ./src/main.o ./src/platform.o   -Wl,--start-group,-lxil,-lgcc,-lc,--end-group
'Finished building target: frodo_sdk.elf'
' '
'Invoking: ARM v7 Print Size'
arm-none-eabi-size frodo_sdk.elf  |tee "frodo_sdk.elf.size"
   text	   data	    bss	    dec	    hex	filename
 112440	   2728	2104336	2219504	 21ddf0	frodo_sdk.elf
'Finished building: frodo_sdk.elf.size'
' '
17:16:38 **** Incremental Build of configuration Debug for project frodo_sdk ****
make pre-build main-build 
a9-linaro-pre-build-step
' '
'Building file: ../src/include/fips202.c'
'Invoking: ARM v7 gcc compiler'
arm-none-eabi-gcc -Wall -O0 -g3 -c -fmessage-length=0 -MT"src/include/fips202.o" -mcpu=cortex-a9 -mfpu=vfpv3 -mfloat-abi=hard -I../../frodo_sdk_bsp/ps7_cortexa9_0/include -MMD -MP -MF"src/include/fips202.d" -MT"src/include/fips202.o" -o "src/include/fips202.o" "../src/include/fips202.c"
../src/include/fips202.c: In function 'keccak_absorb':
../src/include/fips202.c:349:5: warning: implicit declaration of function 'KeccakF1600_StatePermute'; did you mean 'KeccakF1600_StatePermute_SW'? [-Wimplicit-function-declaration]
     KeccakF1600_StatePermute(s);
     ^~~~~~~~~~~~~~~~~~~~~~~~
     KeccakF1600_StatePermute_SW
'Finished building: ../src/include/fips202.c'
' '
'Building file: ../src/include/frodo_macrify.c'
'Invoking: ARM v7 gcc compiler'
arm-none-eabi-gcc -Wall -O0 -g3 -c -fmessage-length=0 -MT"src/include/frodo_macrify.o" -mcpu=cortex-a9 -mfpu=vfpv3 -mfloat-abi=hard -I../../frodo_sdk_bsp/ps7_cortexa9_0/include -MMD -MP -MF"src/include/frodo_macrify.d" -MT"src/include/frodo_macrify.o" -o "src/include/frodo_macrify.o" "../src/include/frodo_macrify.c"
../src/include/frodo_macrify.c: In function 'frodo_mul_add_sa_plus_e':
../src/include/frodo_macrify.c:284:6: warning: unused variable 'k' [-Wunused-variable]
  int k;
      ^
../src/include/frodo_macrify.c:280:6: warning: unused variable 't' [-Wunused-variable]
  int t=0;
      ^
../src/include/frodo_macrify.c: At top level:
../src/include/frodo_macrify.c:357:3: error: expected identifier or '(' before 'for'
   for (i = 0; i < PARAMS_NBAR; i++) {
   ^~~
../src/include/frodo_macrify.c:357:17: error: expected '=', ',', ';', 'asm' or '__attribute__' before '<' token
   for (i = 0; i < PARAMS_NBAR; i++) {
                 ^
../src/include/frodo_macrify.c:357:33: error: expected '=', ',', ';', 'asm' or '__attribute__' before '++' token
   for (i = 0; i < PARAMS_NBAR; i++) {
                                 ^~
../src/include/frodo_macrify.c:405:23: error: expected declaration specifiers or '...' before '&' token
   XGpio_DiscreteWrite(&axiStartBusyMatrix, 1, 0x0); // Start gpio set low
                       ^
../src/include/frodo_macrify.c:405:44: error: expected declaration specifiers or '...' before numeric constant
   XGpio_DiscreteWrite(&axiStartBusyMatrix, 1, 0x0); // Start gpio set low
                                            ^
../src/include/frodo_macrify.c:405:47: error: expected declaration specifiers or '...' before numeric constant
   XGpio_DiscreteWrite(&axiStartBusyMatrix, 1, 0x0); // Start gpio set low
                                               ^~~
../src/include/frodo_macrify.c:408:2: error: expected identifier or '(' before '}' token
  } //kk for
  ^
../src/include/frodo_macrify.c:465:2: error: expected identifier or '(' before 'return'
  return 1;
  ^~~~~~
../src/include/frodo_macrify.c:466:1: error: expected identifier or '(' before '}' token
 }
 ^
../src/include/frodo_macrify.c: In function 'frodo_mul_add_sa_plus_e':
../src/include/frodo_macrify.c:346:3: warning: control reaches end of non-void function [-Wreturn-type]
   }
   ^
make: *** [src/include/subdir.mk:44: src/include/frodo_macrify.o] Error 1
17:17:03 **** Incremental Build of configuration Debug for project frodo_sdk ****
make pre-build main-build 
a9-linaro-pre-build-step
' '
'Building file: ../src/include/frodo_macrify.c'
'Invoking: ARM v7 gcc compiler'
arm-none-eabi-gcc -Wall -O0 -g3 -c -fmessage-length=0 -MT"src/include/frodo_macrify.o" -mcpu=cortex-a9 -mfpu=vfpv3 -mfloat-abi=hard -I../../frodo_sdk_bsp/ps7_cortexa9_0/include -MMD -MP -MF"src/include/frodo_macrify.d" -MT"src/include/frodo_macrify.o" -o "src/include/frodo_macrify.o" "../src/include/frodo_macrify.c"
In file included from ../src/include/frodo_macrify.h:12,
                 from ../src/include/frodo_macrify.c:9:
../src/include/frodo_macrify.c: In function 'frodo_mul_add_sa_plus_e':
../src/include/frodo_macrify.c:376:36: warning: format '%lx' expects argument of type 'long unsigned int', but argument 3 has type 'int' [-Wformat=]
       print_debug(DEBUG_MATRIX_MM, "\tPos %d: sum: 0x%lx e  sum2: 0x%lx\n", i*PARAMS_N + k, sum[k], sum2[(i*PARAMS_N + k) >> 1] & 0xffff);
                                    ^~~~~~~~~~~~~~~~~~~~~~~~~~~~~~~~~~~~~~~                  ~~~~~~
../src/include/global_def.h:97:11: note: in definition of macro 'print_debug'
    printf(__VA_ARGS__); \
           ^~~~~~~~~~~
../src/include/frodo_macrify.c:384:36: warning: format '%lx' expects argument of type 'long unsigned int', but argument 3 has type 'int' [-Wformat=]
       print_debug(DEBUG_MATRIX_MM, "\tPos %d: sum: 0x%lx e  sum2: 0x%lx\n", i*PARAMS_N + k, sum[k], sum2[(i*PARAMS_N + k) >> 1] >> 16);
                                    ^~~~~~~~~~~~~~~~~~~~~~~~~~~~~~~~~~~~~~~                  ~~~~~~
../src/include/global_def.h:97:11: note: in definition of macro 'print_debug'
    printf(__VA_ARGS__); \
           ^~~~~~~~~~~
'Finished building: ../src/include/frodo_macrify.c'
' '
'Building file: ../src/include/keccak_f1600.c'
'Invoking: ARM v7 gcc compiler'
arm-none-eabi-gcc -Wall -O0 -g3 -c -fmessage-length=0 -MT"src/include/keccak_f1600.o" -mcpu=cortex-a9 -mfpu=vfpv3 -mfloat-abi=hard -I../../frodo_sdk_bsp/ps7_cortexa9_0/include -MMD -MP -MF"src/include/keccak_f1600.d" -MT"src/include/keccak_f1600.o" -o "src/include/keccak_f1600.o" "../src/include/keccak_f1600.c"
In file included from ../src/include/keccak_f1600.h:16,
                 from ../src/include/keccak_f1600.c:9:
../src/include/keccak_f1600.c: In function 'KeccakF1600_StatePermute_HW_MM':
../src/include/keccak_f1600.c:164:32: warning: format '%lu' expects argument of type 'long unsigned int', but argument 2 has type 'int' [-Wformat=]
   print_debug(DEBUG_KECCAK_HW, "\tSent data %lu: 0x%lx\n", (i << 1), (u32)(state[i] & 0xffffffff));
                                ^~~~~~~~~~~~~~~~~~~~~~~~~~  ~~~~~~~~
../src/include/global_def.h:97:11: note: in definition of macro 'print_debug'
    printf(__VA_ARGS__); \
           ^~~~~~~~~~~
../src/include/keccak_f1600.c:167:32: warning: format '%lu' expects argument of type 'long unsigned int', but argument 2 has type 'int' [-Wformat=]
   print_debug(DEBUG_KECCAK_HW, "\tSent data %lu: 0x%lx\n", (i << 1) + 1, (u32)(state[i] >> 32));
                                ^~~~~~~~~~~~~~~~~~~~~~~~~~  ~~~~~~~~~~~~
../src/include/global_def.h:97:11: note: in definition of macro 'print_debug'
    printf(__VA_ARGS__); \
           ^~~~~~~~~~~
'Finished building: ../src/include/keccak_f1600.c'
' '
'Building file: ../src/include/kem.c'
'Invoking: ARM v7 gcc compiler'
arm-none-eabi-gcc -Wall -O0 -g3 -c -fmessage-length=0 -MT"src/include/kem.o" -mcpu=cortex-a9 -mfpu=vfpv3 -mfloat-abi=hard -I../../frodo_sdk_bsp/ps7_cortexa9_0/include -MMD -MP -MF"src/include/kem.d" -MT"src/include/kem.o" -o "src/include/kem.o" "../src/include/kem.c"
'Finished building: ../src/include/kem.c'
' '
'Building file: ../src/include/noise.c'
'Invoking: ARM v7 gcc compiler'
arm-none-eabi-gcc -Wall -O0 -g3 -c -fmessage-length=0 -MT"src/include/noise.o" -mcpu=cortex-a9 -mfpu=vfpv3 -mfloat-abi=hard -I../../frodo_sdk_bsp/ps7_cortexa9_0/include -MMD -MP -MF"src/include/noise.d" -MT"src/include/noise.o" -o "src/include/noise.o" "../src/include/noise.c"
'Finished building: ../src/include/noise.c'
' '
'Building file: ../src/include/random.c'
'Invoking: ARM v7 gcc compiler'
arm-none-eabi-gcc -Wall -O0 -g3 -c -fmessage-length=0 -MT"src/include/random.o" -mcpu=cortex-a9 -mfpu=vfpv3 -mfloat-abi=hard -I../../frodo_sdk_bsp/ps7_cortexa9_0/include -MMD -MP -MF"src/include/random.d" -MT"src/include/random.o" -o "src/include/random.o" "../src/include/random.c"
'Finished building: ../src/include/random.c'
' '
'Building file: ../src/include/test_kem.c'
'Invoking: ARM v7 gcc compiler'
arm-none-eabi-gcc -Wall -O0 -g3 -c -fmessage-length=0 -MT"src/include/test_kem.o" -mcpu=cortex-a9 -mfpu=vfpv3 -mfloat-abi=hard -I../../frodo_sdk_bsp/ps7_cortexa9_0/include -MMD -MP -MF"src/include/test_kem.d" -MT"src/include/test_kem.o" -o "src/include/test_kem.o" "../src/include/test_kem.c"
'Finished building: ../src/include/test_kem.c'
' '
'Building file: ../src/include/util.c'
'Invoking: ARM v7 gcc compiler'
arm-none-eabi-gcc -Wall -O0 -g3 -c -fmessage-length=0 -MT"src/include/util.o" -mcpu=cortex-a9 -mfpu=vfpv3 -mfloat-abi=hard -I../../frodo_sdk_bsp/ps7_cortexa9_0/include -MMD -MP -MF"src/include/util.d" -MT"src/include/util.o" -o "src/include/util.o" "../src/include/util.c"
'Finished building: ../src/include/util.c'
' '
'Building file: ../src/main.c'
'Invoking: ARM v7 gcc compiler'
arm-none-eabi-gcc -Wall -O0 -g3 -c -fmessage-length=0 -MT"src/main.o" -mcpu=cortex-a9 -mfpu=vfpv3 -mfloat-abi=hard -I../../frodo_sdk_bsp/ps7_cortexa9_0/include -MMD -MP -MF"src/main.d" -MT"src/main.o" -o "src/main.o" "../src/main.c"
'Finished building: ../src/main.c'
' '
'Building target: frodo_sdk.elf'
'Invoking: ARM v7 gcc linker'
arm-none-eabi-gcc -mcpu=cortex-a9 -mfpu=vfpv3 -mfloat-abi=hard -Wl,-build-id=none -specs=Xilinx.spec -Wl,-T -Wl,../src/lscript.ld -L../../frodo_sdk_bsp/ps7_cortexa9_0/lib -o "frodo_sdk.elf"  ./src/include/fips202.o ./src/include/frodo_macrify.o ./src/include/keccak_f1600.o ./src/include/kem.o ./src/include/noise.o ./src/include/random.o ./src/include/test_KEM640.o ./src/include/test_kem.o ./src/include/util.o  ./src/main.o ./src/platform.o   -Wl,--start-group,-lxil,-lgcc,-lc,--end-group
'Finished building target: frodo_sdk.elf'
' '
'Invoking: ARM v7 Print Size'
arm-none-eabi-size frodo_sdk.elf  |tee "frodo_sdk.elf.size"
   text	   data	    bss	    dec	    hex	filename
 113248	   2728	2104336	2220312	 21e118	frodo_sdk.elf
'Finished building: frodo_sdk.elf.size'
' '
17:18:09 **** Incremental Build of configuration Debug for project frodo_sdk ****
make pre-build main-build 
a9-linaro-pre-build-step
' '
'Building file: ../src/include/frodo_macrify.c'
'Invoking: ARM v7 gcc compiler'
arm-none-eabi-gcc -Wall -O0 -g3 -c -fmessage-length=0 -MT"src/include/frodo_macrify.o" -mcpu=cortex-a9 -mfpu=vfpv3 -mfloat-abi=hard -I../../frodo_sdk_bsp/ps7_cortexa9_0/include -MMD -MP -MF"src/include/frodo_macrify.d" -MT"src/include/frodo_macrify.o" -o "src/include/frodo_macrify.o" "../src/include/frodo_macrify.c"
In file included from ../src/include/frodo_macrify.h:12,
                 from ../src/include/frodo_macrify.c:9:
../src/include/frodo_macrify.c: In function 'frodo_mul_add_sa_plus_e':
../src/include/frodo_macrify.c:386:36: warning: format '%lx' expects argument of type 'long unsigned int', but argument 3 has type 'int' [-Wformat=]
       print_debug(DEBUG_MATRIX_MM, "\tPos %d: sum: 0x%lx e  sum2: 0x%lx\n", i*PARAMS_N + k, sum[k], sum2[(i*PARAMS_N + k) >> 1] & 0xffff);
                                    ^~~~~~~~~~~~~~~~~~~~~~~~~~~~~~~~~~~~~~~                  ~~~~~~
../src/include/global_def.h:97:11: note: in definition of macro 'print_debug'
    printf(__VA_ARGS__); \
           ^~~~~~~~~~~
../src/include/frodo_macrify.c:394:36: warning: format '%lx' expects argument of type 'long unsigned int', but argument 3 has type 'int' [-Wformat=]
       print_debug(DEBUG_MATRIX_MM, "\tPos %d: sum: 0x%lx e  sum2: 0x%lx\n", i*PARAMS_N + k, sum[k], sum2[(i*PARAMS_N + k) >> 1] >> 16);
                                    ^~~~~~~~~~~~~~~~~~~~~~~~~~~~~~~~~~~~~~~                  ~~~~~~
../src/include/global_def.h:97:11: note: in definition of macro 'print_debug'
    printf(__VA_ARGS__); \
           ^~~~~~~~~~~
'Finished building: ../src/include/frodo_macrify.c'
' '
'Building target: frodo_sdk.elf'
'Invoking: ARM v7 gcc linker'
arm-none-eabi-gcc -mcpu=cortex-a9 -mfpu=vfpv3 -mfloat-abi=hard -Wl,-build-id=none -specs=Xilinx.spec -Wl,-T -Wl,../src/lscript.ld -L../../frodo_sdk_bsp/ps7_cortexa9_0/lib -o "frodo_sdk.elf"  ./src/include/fips202.o ./src/include/frodo_macrify.o ./src/include/keccak_f1600.o ./src/include/kem.o ./src/include/noise.o ./src/include/random.o ./src/include/test_KEM640.o ./src/include/test_kem.o ./src/include/util.o  ./src/main.o ./src/platform.o   -Wl,--start-group,-lxil,-lgcc,-lc,--end-group
'Finished building target: frodo_sdk.elf'
' '
'Invoking: ARM v7 Print Size'
arm-none-eabi-size frodo_sdk.elf  |tee "frodo_sdk.elf.size"
   text	   data	    bss	    dec	    hex	filename
 113248	   2728	2104336	2220312	 21e118	frodo_sdk.elf
'Finished building: frodo_sdk.elf.size'
' '
17:18:30 **** Incremental Build of configuration Debug for project frodo_sdk ****
make pre-build main-build 
a9-linaro-pre-build-step
' '
make: Nothing to be done for 'main-build'.
17:23:40 **** Incremental Build of configuration Debug for project frodo_sdk ****
make pre-build main-build 
a9-linaro-pre-build-step
' '
'Building file: ../src/include/frodo_macrify.c'
'Invoking: ARM v7 gcc compiler'
arm-none-eabi-gcc -Wall -O0 -g3 -c -fmessage-length=0 -MT"src/include/frodo_macrify.o" -mcpu=cortex-a9 -mfpu=vfpv3 -mfloat-abi=hard -I../../frodo_sdk_bsp/ps7_cortexa9_0/include -MMD -MP -MF"src/include/frodo_macrify.d" -MT"src/include/frodo_macrify.o" -o "src/include/frodo_macrify.o" "../src/include/frodo_macrify.c"
In file included from ../src/include/frodo_macrify.h:12,
                 from ../src/include/frodo_macrify.c:9:
../src/include/frodo_macrify.c: In function 'frodo_mul_add_sa_plus_e':
../src/include/frodo_macrify.c:397:36: warning: format '%lx' expects argument of type 'long unsigned int', but argument 3 has type 'int' [-Wformat=]
       print_debug(DEBUG_MATRIX_MM, "\tPos %d: sum: 0x%lx e  sum2: 0x%lx\n", i*PARAMS_N + k, sum[k], sum2[(i*PARAMS_N + k) >> 1] & 0xffff);
                                    ^~~~~~~~~~~~~~~~~~~~~~~~~~~~~~~~~~~~~~~                  ~~~~~~
../src/include/global_def.h:97:11: note: in definition of macro 'print_debug'
    printf(__VA_ARGS__); \
           ^~~~~~~~~~~
../src/include/frodo_macrify.c:405:36: warning: format '%lx' expects argument of type 'long unsigned int', but argument 3 has type 'int' [-Wformat=]
       print_debug(DEBUG_MATRIX_MM, "\tPos %d: sum: 0x%lx e  sum2: 0x%lx\n", i*PARAMS_N + k, sum[k], sum2[(i*PARAMS_N + k) >> 1] >> 16);
                                    ^~~~~~~~~~~~~~~~~~~~~~~~~~~~~~~~~~~~~~~                  ~~~~~~
../src/include/global_def.h:97:11: note: in definition of macro 'print_debug'
    printf(__VA_ARGS__); \
           ^~~~~~~~~~~
'Finished building: ../src/include/frodo_macrify.c'
' '
'Building target: frodo_sdk.elf'
'Invoking: ARM v7 gcc linker'
arm-none-eabi-gcc -mcpu=cortex-a9 -mfpu=vfpv3 -mfloat-abi=hard -Wl,-build-id=none -specs=Xilinx.spec -Wl,-T -Wl,../src/lscript.ld -L../../frodo_sdk_bsp/ps7_cortexa9_0/lib -o "frodo_sdk.elf"  ./src/include/fips202.o ./src/include/frodo_macrify.o ./src/include/keccak_f1600.o ./src/include/kem.o ./src/include/noise.o ./src/include/random.o ./src/include/test_KEM640.o ./src/include/test_kem.o ./src/include/util.o  ./src/main.o ./src/platform.o   -Wl,--start-group,-lxil,-lgcc,-lc,--end-group
'Finished building target: frodo_sdk.elf'
' '
'Invoking: ARM v7 Print Size'
arm-none-eabi-size frodo_sdk.elf  |tee "frodo_sdk.elf.size"
   text	   data	    bss	    dec	    hex	filename
 114096	   2728	2104336	2221160	 21e468	frodo_sdk.elf
'Finished building: frodo_sdk.elf.size'
' '
17:23:54 **** Incremental Build of configuration Debug for project frodo_sdk ****
make pre-build main-build 
a9-linaro-pre-build-step
' '
make: Nothing to be done for 'main-build'.
17:24:18 **** Incremental Build of configuration Debug for project frodo_sdk ****
make pre-build main-build 
a9-linaro-pre-build-step
' '
make: Nothing to be done for 'main-build'.
17:28:45 **** Incremental Build of configuration Debug for project frodo_sdk ****
make pre-build main-build 
a9-linaro-pre-build-step
' '
'Building file: ../src/include/frodo_macrify.c'
'Invoking: ARM v7 gcc compiler'
arm-none-eabi-gcc -Wall -O0 -g3 -c -fmessage-length=0 -MT"src/include/frodo_macrify.o" -mcpu=cortex-a9 -mfpu=vfpv3 -mfloat-abi=hard -I../../frodo_sdk_bsp/ps7_cortexa9_0/include -MMD -MP -MF"src/include/frodo_macrify.d" -MT"src/include/frodo_macrify.o" -o "src/include/frodo_macrify.o" "../src/include/frodo_macrify.c"
In file included from ../src/include/frodo_macrify.h:12,
                 from ../src/include/frodo_macrify.c:9:
../src/include/frodo_macrify.c: In function 'frodo_mul_add_sa_plus_e':
../src/include/frodo_macrify.c:405:36: warning: format '%lx' expects argument of type 'long unsigned int', but argument 3 has type 'int' [-Wformat=]
       print_debug(DEBUG_MATRIX_MM, "\tPos %d: sum: 0x%lx e  sum2: 0x%lx\n", i*PARAMS_N + k, sum[k], sum2[(i*PARAMS_N + k) >> 1] & 0xffff);
                                    ^~~~~~~~~~~~~~~~~~~~~~~~~~~~~~~~~~~~~~~                  ~~~~~~
../src/include/global_def.h:97:11: note: in definition of macro 'print_debug'
    printf(__VA_ARGS__); \
           ^~~~~~~~~~~
../src/include/frodo_macrify.c:413:36: warning: format '%lx' expects argument of type 'long unsigned int', but argument 3 has type 'int' [-Wformat=]
       print_debug(DEBUG_MATRIX_MM, "\tPos %d: sum: 0x%lx e  sum2: 0x%lx\n", i*PARAMS_N + k, sum[k], sum2[(i*PARAMS_N + k) >> 1] >> 16);
                                    ^~~~~~~~~~~~~~~~~~~~~~~~~~~~~~~~~~~~~~~                  ~~~~~~
../src/include/global_def.h:97:11: note: in definition of macro 'print_debug'
    printf(__VA_ARGS__); \
           ^~~~~~~~~~~
'Finished building: ../src/include/frodo_macrify.c'
' '
'Building target: frodo_sdk.elf'
'Invoking: ARM v7 gcc linker'
arm-none-eabi-gcc -mcpu=cortex-a9 -mfpu=vfpv3 -mfloat-abi=hard -Wl,-build-id=none -specs=Xilinx.spec -Wl,-T -Wl,../src/lscript.ld -L../../frodo_sdk_bsp/ps7_cortexa9_0/lib -o "frodo_sdk.elf"  ./src/include/fips202.o ./src/include/frodo_macrify.o ./src/include/keccak_f1600.o ./src/include/kem.o ./src/include/noise.o ./src/include/random.o ./src/include/test_KEM640.o ./src/include/test_kem.o ./src/include/util.o  ./src/main.o ./src/platform.o   -Wl,--start-group,-lxil,-lgcc,-lc,--end-group
'Finished building target: frodo_sdk.elf'
' '
'Invoking: ARM v7 Print Size'
arm-none-eabi-size frodo_sdk.elf  |tee "frodo_sdk.elf.size"
   text	   data	    bss	    dec	    hex	filename
 113968	   2728	2104336	2221032	 21e3e8	frodo_sdk.elf
'Finished building: frodo_sdk.elf.size'
' '
17:29:59 **** Incremental Build of configuration Debug for project frodo_sdk ****
make pre-build main-build 
a9-linaro-pre-build-step
' '
'Building file: ../src/include/fips202.c'
'Invoking: ARM v7 gcc compiler'
arm-none-eabi-gcc -Wall -O0 -g3 -c -fmessage-length=0 -MT"src/include/fips202.o" -mcpu=cortex-a9 -mfpu=vfpv3 -mfloat-abi=hard -I../../frodo_sdk_bsp/ps7_cortexa9_0/include -MMD -MP -MF"src/include/fips202.d" -MT"src/include/fips202.o" -o "src/include/fips202.o" "../src/include/fips202.c"
../src/include/fips202.c: In function 'keccak_absorb':
../src/include/fips202.c:349:5: warning: implicit declaration of function 'KeccakF1600_StatePermute'; did you mean 'KeccakF1600_StatePermute_SW'? [-Wimplicit-function-declaration]
     KeccakF1600_StatePermute(s);
     ^~~~~~~~~~~~~~~~~~~~~~~~
     KeccakF1600_StatePermute_SW
'Finished building: ../src/include/fips202.c'
' '
'Building file: ../src/include/frodo_macrify.c'
'Invoking: ARM v7 gcc compiler'
arm-none-eabi-gcc -Wall -O0 -g3 -c -fmessage-length=0 -MT"src/include/frodo_macrify.o" -mcpu=cortex-a9 -mfpu=vfpv3 -mfloat-abi=hard -I../../frodo_sdk_bsp/ps7_cortexa9_0/include -MMD -MP -MF"src/include/frodo_macrify.d" -MT"src/include/frodo_macrify.o" -o "src/include/frodo_macrify.o" "../src/include/frodo_macrify.c"
../src/include/frodo_macrify.c: In function 'frodo_mul_add_sa_plus_e':
../src/include/frodo_macrify.c:280:6: warning: unused variable 't' [-Wunused-variable]
  int t=0;
      ^
'Finished building: ../src/include/frodo_macrify.c'
' '
'Building file: ../src/include/keccak_f1600.c'
'Invoking: ARM v7 gcc compiler'
arm-none-eabi-gcc -Wall -O0 -g3 -c -fmessage-length=0 -MT"src/include/keccak_f1600.o" -mcpu=cortex-a9 -mfpu=vfpv3 -mfloat-abi=hard -I../../frodo_sdk_bsp/ps7_cortexa9_0/include -MMD -MP -MF"src/include/keccak_f1600.d" -MT"src/include/keccak_f1600.o" -o "src/include/keccak_f1600.o" "../src/include/keccak_f1600.c"
In file included from ../src/include/keccak_f1600.h:16,
                 from ../src/include/keccak_f1600.c:9:
../src/include/keccak_f1600.c: In function 'KeccakF1600_StatePermute_HW_MM':
../src/include/keccak_f1600.c:164:32: warning: format '%lu' expects argument of type 'long unsigned int', but argument 2 has type 'int' [-Wformat=]
   print_debug(DEBUG_KECCAK_HW, "\tSent data %lu: 0x%lx\n", (i << 1), (u32)(state[i] & 0xffffffff));
                                ^~~~~~~~~~~~~~~~~~~~~~~~~~  ~~~~~~~~
../src/include/global_def.h:97:11: note: in definition of macro 'print_debug'
    printf(__VA_ARGS__); \
           ^~~~~~~~~~~
../src/include/keccak_f1600.c:167:32: warning: format '%lu' expects argument of type 'long unsigned int', but argument 2 has type 'int' [-Wformat=]
   print_debug(DEBUG_KECCAK_HW, "\tSent data %lu: 0x%lx\n", (i << 1) + 1, (u32)(state[i] >> 32));
                                ^~~~~~~~~~~~~~~~~~~~~~~~~~  ~~~~~~~~~~~~
../src/include/global_def.h:97:11: note: in definition of macro 'print_debug'
    printf(__VA_ARGS__); \
           ^~~~~~~~~~~
'Finished building: ../src/include/keccak_f1600.c'
' '
'Building file: ../src/include/kem.c'
'Invoking: ARM v7 gcc compiler'
arm-none-eabi-gcc -Wall -O0 -g3 -c -fmessage-length=0 -MT"src/include/kem.o" -mcpu=cortex-a9 -mfpu=vfpv3 -mfloat-abi=hard -I../../frodo_sdk_bsp/ps7_cortexa9_0/include -MMD -MP -MF"src/include/kem.d" -MT"src/include/kem.o" -o "src/include/kem.o" "../src/include/kem.c"
'Finished building: ../src/include/kem.c'
' '
'Building file: ../src/include/noise.c'
'Invoking: ARM v7 gcc compiler'
arm-none-eabi-gcc -Wall -O0 -g3 -c -fmessage-length=0 -MT"src/include/noise.o" -mcpu=cortex-a9 -mfpu=vfpv3 -mfloat-abi=hard -I../../frodo_sdk_bsp/ps7_cortexa9_0/include -MMD -MP -MF"src/include/noise.d" -MT"src/include/noise.o" -o "src/include/noise.o" "../src/include/noise.c"
'Finished building: ../src/include/noise.c'
' '
'Building file: ../src/include/random.c'
'Invoking: ARM v7 gcc compiler'
arm-none-eabi-gcc -Wall -O0 -g3 -c -fmessage-length=0 -MT"src/include/random.o" -mcpu=cortex-a9 -mfpu=vfpv3 -mfloat-abi=hard -I../../frodo_sdk_bsp/ps7_cortexa9_0/include -MMD -MP -MF"src/include/random.d" -MT"src/include/random.o" -o "src/include/random.o" "../src/include/random.c"
'Finished building: ../src/include/random.c'
' '
'Building file: ../src/include/test_kem.c'
'Invoking: ARM v7 gcc compiler'
arm-none-eabi-gcc -Wall -O0 -g3 -c -fmessage-length=0 -MT"src/include/test_kem.o" -mcpu=cortex-a9 -mfpu=vfpv3 -mfloat-abi=hard -I../../frodo_sdk_bsp/ps7_cortexa9_0/include -MMD -MP -MF"src/include/test_kem.d" -MT"src/include/test_kem.o" -o "src/include/test_kem.o" "../src/include/test_kem.c"
'Finished building: ../src/include/test_kem.c'
' '
'Building file: ../src/include/util.c'
'Invoking: ARM v7 gcc compiler'
arm-none-eabi-gcc -Wall -O0 -g3 -c -fmessage-length=0 -MT"src/include/util.o" -mcpu=cortex-a9 -mfpu=vfpv3 -mfloat-abi=hard -I../../frodo_sdk_bsp/ps7_cortexa9_0/include -MMD -MP -MF"src/include/util.d" -MT"src/include/util.o" -o "src/include/util.o" "../src/include/util.c"
'Finished building: ../src/include/util.c'
' '
'Building file: ../src/main.c'
'Invoking: ARM v7 gcc compiler'
arm-none-eabi-gcc -Wall -O0 -g3 -c -fmessage-length=0 -MT"src/main.o" -mcpu=cortex-a9 -mfpu=vfpv3 -mfloat-abi=hard -I../../frodo_sdk_bsp/ps7_cortexa9_0/include -MMD -MP -MF"src/main.d" -MT"src/main.o" -o "src/main.o" "../src/main.c"
'Finished building: ../src/main.c'
' '
'Building target: frodo_sdk.elf'
'Invoking: ARM v7 gcc linker'
arm-none-eabi-gcc -mcpu=cortex-a9 -mfpu=vfpv3 -mfloat-abi=hard -Wl,-build-id=none -specs=Xilinx.spec -Wl,-T -Wl,../src/lscript.ld -L../../frodo_sdk_bsp/ps7_cortexa9_0/lib -o "frodo_sdk.elf"  ./src/include/fips202.o ./src/include/frodo_macrify.o ./src/include/keccak_f1600.o ./src/include/kem.o ./src/include/noise.o ./src/include/random.o ./src/include/test_KEM640.o ./src/include/test_kem.o ./src/include/util.o  ./src/main.o ./src/platform.o   -Wl,--start-group,-lxil,-lgcc,-lc,--end-group
'Finished building target: frodo_sdk.elf'
' '
'Invoking: ARM v7 Print Size'
arm-none-eabi-size frodo_sdk.elf  |tee "frodo_sdk.elf.size"
   text	   data	    bss	    dec	    hex	filename
 112912	   2728	2104336	2219976	 21dfc8	frodo_sdk.elf
'Finished building: frodo_sdk.elf.size'
' '
17:31:50 **** Incremental Build of configuration Debug for project frodo_sdk ****
make pre-build main-build 
a9-linaro-pre-build-step
' '
'Building file: ../src/include/frodo_macrify.c'
'Invoking: ARM v7 gcc compiler'
arm-none-eabi-gcc -Wall -O0 -g3 -c -fmessage-length=0 -MT"src/include/frodo_macrify.o" -mcpu=cortex-a9 -mfpu=vfpv3 -mfloat-abi=hard -I../../frodo_sdk_bsp/ps7_cortexa9_0/include -MMD -MP -MF"src/include/frodo_macrify.d" -MT"src/include/frodo_macrify.o" -o "src/include/frodo_macrify.o" "../src/include/frodo_macrify.c"
../src/include/frodo_macrify.c: In function 'frodo_mul_add_sa_plus_e':
../src/include/frodo_macrify.c:280:6: warning: unused variable 't' [-Wunused-variable]
  int t=0;
      ^
'Finished building: ../src/include/frodo_macrify.c'
' '
'Building target: frodo_sdk.elf'
'Invoking: ARM v7 gcc linker'
arm-none-eabi-gcc -mcpu=cortex-a9 -mfpu=vfpv3 -mfloat-abi=hard -Wl,-build-id=none -specs=Xilinx.spec -Wl,-T -Wl,../src/lscript.ld -L../../frodo_sdk_bsp/ps7_cortexa9_0/lib -o "frodo_sdk.elf"  ./src/include/fips202.o ./src/include/frodo_macrify.o ./src/include/keccak_f1600.o ./src/include/kem.o ./src/include/noise.o ./src/include/random.o ./src/include/test_KEM640.o ./src/include/test_kem.o ./src/include/util.o  ./src/main.o ./src/platform.o   -Wl,--start-group,-lxil,-lgcc,-lc,--end-group
'Finished building target: frodo_sdk.elf'
' '
'Invoking: ARM v7 Print Size'
arm-none-eabi-size frodo_sdk.elf  |tee "frodo_sdk.elf.size"
   text	   data	    bss	    dec	    hex	filename
 112568	   2728	2104336	2219632	 21de70	frodo_sdk.elf
'Finished building: frodo_sdk.elf.size'
' '
17:32:00 **** Incremental Build of configuration Debug for project frodo_sdk ****
make pre-build main-build 
a9-linaro-pre-build-step
' '
make: Nothing to be done for 'main-build'.
