23:33:23 **** Incremental Build of configuration Debug for project frodo_sdk ****
make pre-build main-build 
a9-linaro-pre-build-step
' '
'Building file: ../src/include/keccak_f1600.c'
'Invoking: ARM v7 gcc compiler'
arm-none-eabi-gcc -Wall -O0 -g3 -c -fmessage-length=0 -MT"src/include/keccak_f1600.o" -mcpu=cortex-a9 -mfpu=vfpv3 -mfloat-abi=hard -I../../frodo_sdk_bsp/ps7_cortexa9_0/include -MMD -MP -MF"src/include/keccak_f1600.d" -MT"src/include/keccak_f1600.o" -o "src/include/keccak_f1600.o" "../src/include/keccak_f1600.c"
../src/include/keccak_f1600.c: In function 'printStateMatrixDebug':
../src/include/keccak_f1600.c:23:15: warning: format '%x' expects argument of type 'unsigned int', but argument 2 has type 'uint64_t' {aka 'long long unsigned int'} [-Wformat=]
    printf("%02x", (s[5 * y + x] >> (8 * i)) & 0xff);
            ~~~^   ~~~~~~~~~~~~~~~~~~~~~~~~~~~~~~~~
            %02llx
../src/include/keccak_f1600.c:36:15: warning: format '%x' expects argument of type 'unsigned int', but argument 2 has type 'uint64_t' {aka 'long long unsigned int'} [-Wformat=]
    printf("%02x", (s[5 * y + x] >> (8 * i)) & 0xff);
            ~~~^   ~~~~~~~~~~~~~~~~~~~~~~~~~~~~~~~~
            %02llx
../src/include/keccak_f1600.c:52:14: warning: format '%x' expects argument of type 'unsigned int', but argument 2 has type 'uint64_t' {aka 'long long unsigned int'} [-Wformat=]
   printf("%02x", (s[5 * y + x] >> (8 * i)) & 0xff);
           ~~~^   ~~~~~~~~~~~~~~~~~~~~~~~~~~~~~~~~
           %02llx
../src/include/keccak_f1600.c: In function 'KeccakF1600_StatePermute_HW':
../src/include/keccak_f1600.c:130:6: warning: variable 'Status' set but not used [-Wunused-but-set-variable]
  int Status;
      ^~~~~~
../src/include/keccak_f1600.c:65:13: warning: variable 'thousandths' set but not used [-Wunused-but-set-variable]
  u32 whole, thousandths;
             ^~~~~~~~~~~
'Finished building: ../src/include/keccak_f1600.c'
' '
'Building file: ../src/include/test_kem.c'
'Invoking: ARM v7 gcc compiler'
arm-none-eabi-gcc -Wall -O0 -g3 -c -fmessage-length=0 -MT"src/include/test_kem.o" -mcpu=cortex-a9 -mfpu=vfpv3 -mfloat-abi=hard -I../../frodo_sdk_bsp/ps7_cortexa9_0/include -MMD -MP -MF"src/include/test_kem.d" -MT"src/include/test_kem.o" -o "src/include/test_kem.o" "../src/include/test_kem.c"
../src/include/test_kem.c: In function 'kem_test':
../src/include/test_kem.c:87:10: warning: unused variable 'ct' [-Wunused-variable]
  uint8_t ct[CRYPTO_CIPHERTEXTBYTES];
          ^~
'Finished building: ../src/include/test_kem.c'
' '
'Building target: frodo_sdk.elf'
'Invoking: ARM v7 gcc linker'
arm-none-eabi-gcc -mcpu=cortex-a9 -mfpu=vfpv3 -mfloat-abi=hard -Wl,-build-id=none -specs=Xilinx.spec -Wl,-T -Wl,../src/lscript.ld -L../../frodo_sdk_bsp/ps7_cortexa9_0/lib -o "frodo_sdk.elf"  ./src/include/fips202.o ./src/include/keccak_f1600.o ./src/include/kem.o ./src/include/random.o ./src/include/test_KEM640.o ./src/include/test_kem.o  ./src/main.o ./src/platform.o   -Wl,--start-group,-lxil,-lgcc,-lc,--end-group
'Finished building target: frodo_sdk.elf'
' '
'Invoking: ARM v7 Print Size'
arm-none-eabi-size frodo_sdk.elf  |tee "frodo_sdk.elf.size"
   text	   data	    bss	    dec	    hex	filename
  98916	   2680	 138192	 239788	  3a8ac	frodo_sdk.elf
'Finished building: frodo_sdk.elf.size'
' '
23:33:32 **** Incremental Build of configuration Debug for project frodo_sdk ****
make pre-build main-build 
a9-linaro-pre-build-step
' '
make: Nothing to be done for 'main-build'.
23:34:50 **** Incremental Build of configuration Debug for project frodo_sdk ****
make pre-build main-build 
a9-linaro-pre-build-step
' '
'Building file: ../src/main.c'
'Invoking: ARM v7 gcc compiler'
arm-none-eabi-gcc -Wall -O0 -g3 -c -fmessage-length=0 -MT"src/main.o" -mcpu=cortex-a9 -mfpu=vfpv3 -mfloat-abi=hard -I../../frodo_sdk_bsp/ps7_cortexa9_0/include -MMD -MP -MF"src/main.d" -MT"src/main.o" -o "src/main.o" "../src/main.c"
../src/main.c: In function 'main':
../src/main.c:150:23: warning: format '%d' expects argument of type 'int', but argument 2 has type 'u32' {aka 'long unsigned int'} [-Wformat=]
   printf("\nRaw data %d\nThe Current Temperature is %0d.%03d Centigrades\n", TempRawData, (int)(TempData), XAdcFractionToInt(TempData));
                      ~^                                                      ~~~~~~~~~~~
                      %ld
'Finished building: ../src/main.c'
' '
'Building target: frodo_sdk.elf'
'Invoking: ARM v7 gcc linker'
arm-none-eabi-gcc -mcpu=cortex-a9 -mfpu=vfpv3 -mfloat-abi=hard -Wl,-build-id=none -specs=Xilinx.spec -Wl,-T -Wl,../src/lscript.ld -L../../frodo_sdk_bsp/ps7_cortexa9_0/lib -o "frodo_sdk.elf"  ./src/include/fips202.o ./src/include/keccak_f1600.o ./src/include/kem.o ./src/include/random.o ./src/include/test_KEM640.o ./src/include/test_kem.o  ./src/main.o ./src/platform.o   -Wl,--start-group,-lxil,-lgcc,-lc,--end-group
'Finished building target: frodo_sdk.elf'
' '
'Invoking: ARM v7 Print Size'
arm-none-eabi-size frodo_sdk.elf  |tee "frodo_sdk.elf.size"
   text	   data	    bss	    dec	    hex	filename
  98916	   2680	 138192	 239788	  3a8ac	frodo_sdk.elf
'Finished building: frodo_sdk.elf.size'
' '
