17:46:17 **** Build of project frodo_sdk_bsp ****
make -k all 
"Running Make include in ps7_cortexa9_0/libsrc/coresightps_dcc_v1_5/src"
make -C ps7_cortexa9_0/libsrc/coresightps_dcc_v1_5/src -s include  "SHELL=CMD" "COMPILER=arm-none-eabi-gcc" "ARCHIVER=arm-none-eabi-ar" "COMPILER_FLAGS=  -O2 -c" "EXTRA_COMPILER_FLAGS=-mcpu=cortex-a9 -mfpu=vfpv3 -mfloat-abi=hard -nostartfiles -g -Wall -Wextra"
"Running Make include in ps7_cortexa9_0/libsrc/cpu_cortexa9_v2_7/src"
make -C ps7_cortexa9_0/libsrc/cpu_cortexa9_v2_7/src -s include  "SHELL=CMD" "COMPILER=arm-none-eabi-gcc" "ARCHIVER=arm-none-eabi-ar" "COMPILER_FLAGS=  -O2 -c" "EXTRA_COMPILER_FLAGS=-mcpu=cortex-a9 -mfpu=vfpv3 -mfloat-abi=hard -nostartfiles -g -Wall -Wextra"
"Running Make include in ps7_cortexa9_0/libsrc/ddrps_v1_0/src"
make -C ps7_cortexa9_0/libsrc/ddrps_v1_0/src -s include  "SHELL=CMD" "COMPILER=arm-none-eabi-gcc" "ARCHIVER=arm-none-eabi-ar" "COMPILER_FLAGS=  -O2 -c" "EXTRA_COMPILER_FLAGS=-mcpu=cortex-a9 -mfpu=vfpv3 -mfloat-abi=hard -nostartfiles -g -Wall -Wextra"
"Running Make include in ps7_cortexa9_0/libsrc/devcfg_v3_5/src"
make -C ps7_cortexa9_0/libsrc/devcfg_v3_5/src -s include  "SHELL=CMD" "COMPILER=arm-none-eabi-gcc" "ARCHIVER=arm-none-eabi-ar" "COMPILER_FLAGS=  -O2 -c" "EXTRA_COMPILER_FLAGS=-mcpu=cortex-a9 -mfpu=vfpv3 -mfloat-abi=hard -nostartfiles -g -Wall -Wextra"
"Running Make include in ps7_cortexa9_0/libsrc/dmaps_v2_4/src"
make -C ps7_cortexa9_0/libsrc/dmaps_v2_4/src -s include  "SHELL=CMD" "COMPILER=arm-none-eabi-gcc" "ARCHIVER=arm-none-eabi-ar" "COMPILER_FLAGS=  -O2 -c" "EXTRA_COMPILER_FLAGS=-mcpu=cortex-a9 -mfpu=vfpv3 -mfloat-abi=hard -nostartfiles -g -Wall -Wextra"
"Running Make include in ps7_cortexa9_0/libsrc/emacps_v3_9/src"
make -C ps7_cortexa9_0/libsrc/emacps_v3_9/src -s include  "SHELL=CMD" "COMPILER=arm-none-eabi-gcc" "ARCHIVER=arm-none-eabi-ar" "COMPILER_FLAGS=  -O2 -c" "EXTRA_COMPILER_FLAGS=-mcpu=cortex-a9 -mfpu=vfpv3 -mfloat-abi=hard -nostartfiles -g -Wall -Wextra"
"Running Make include in ps7_cortexa9_0/libsrc/gpiops_v3_5/src"
make -C ps7_cortexa9_0/libsrc/gpiops_v3_5/src -s include  "SHELL=CMD" "COMPILER=arm-none-eabi-gcc" "ARCHIVER=arm-none-eabi-ar" "COMPILER_FLAGS=  -O2 -c" "EXTRA_COMPILER_FLAGS=-mcpu=cortex-a9 -mfpu=vfpv3 -mfloat-abi=hard -nostartfiles -g -Wall -Wextra"
"Running Make include in ps7_cortexa9_0/libsrc/gpio_v4_4/src"
make -C ps7_cortexa9_0/libsrc/gpio_v4_4/src -s include  "SHELL=CMD" "COMPILER=arm-none-eabi-gcc" "ARCHIVER=arm-none-eabi-ar" "COMPILER_FLAGS=  -O2 -c" "EXTRA_COMPILER_FLAGS=-mcpu=cortex-a9 -mfpu=vfpv3 -mfloat-abi=hard -nostartfiles -g -Wall -Wextra"
"Running Make include in ps7_cortexa9_0/libsrc/keccak_f1600_mm_ip_v1_0/src"
make -C ps7_cortexa9_0/libsrc/keccak_f1600_mm_ip_v1_0/src -s include  "SHELL=CMD" "COMPILER=arm-none-eabi-gcc" "ARCHIVER=arm-none-eabi-ar" "COMPILER_FLAGS=  -O2 -c" "EXTRA_COMPILER_FLAGS=-mcpu=cortex-a9 -mfpu=vfpv3 -mfloat-abi=hard -nostartfiles -g -Wall -Wextra"
"Running Make include in ps7_cortexa9_0/libsrc/llfifo_v5_3/src"
make -C ps7_cortexa9_0/libsrc/llfifo_v5_3/src -s include  "SHELL=CMD" "COMPILER=arm-none-eabi-gcc" "ARCHIVER=arm-none-eabi-ar" "COMPILER_FLAGS=  -O2 -c" "EXTRA_COMPILER_FLAGS=-mcpu=cortex-a9 -mfpu=vfpv3 -mfloat-abi=hard -nostartfiles -g -Wall -Wextra"
"Running Make include in ps7_cortexa9_0/libsrc/matrix_as_plus_e_mm_ip_v1_0/src"
make -C ps7_cortexa9_0/libsrc/matrix_as_plus_e_mm_ip_v1_0/src -s include  "SHELL=CMD" "COMPILER=arm-none-eabi-gcc" "ARCHIVER=arm-none-eabi-ar" "COMPILER_FLAGS=  -O2 -c" "EXTRA_COMPILER_FLAGS=-mcpu=cortex-a9 -mfpu=vfpv3 -mfloat-abi=hard -nostartfiles -g -Wall -Wextra"
"Running Make include in ps7_cortexa9_0/libsrc/matrix_sa_plus_e_mm_ip_v1_0/src"
make -C ps7_cortexa9_0/libsrc/matrix_sa_plus_e_mm_ip_v1_0/src -s include  "SHELL=CMD" "COMPILER=arm-none-eabi-gcc" "ARCHIVER=arm-none-eabi-ar" "COMPILER_FLAGS=  -O2 -c" "EXTRA_COMPILER_FLAGS=-mcpu=cortex-a9 -mfpu=vfpv3 -mfloat-abi=hard -nostartfiles -g -Wall -Wextra"
"Running Make include in ps7_cortexa9_0/libsrc/qspips_v3_6/src"
make -C ps7_cortexa9_0/libsrc/qspips_v3_6/src -s include  "SHELL=CMD" "COMPILER=arm-none-eabi-gcc" "ARCHIVER=arm-none-eabi-ar" "COMPILER_FLAGS=  -O2 -c" "EXTRA_COMPILER_FLAGS=-mcpu=cortex-a9 -mfpu=vfpv3 -mfloat-abi=hard -nostartfiles -g -Wall -Wextra"
"Running Make include in ps7_cortexa9_0/libsrc/scugic_v4_0/src"
make -C ps7_cortexa9_0/libsrc/scugic_v4_0/src -s include  "SHELL=CMD" "COMPILER=arm-none-eabi-gcc" "ARCHIVER=arm-none-eabi-ar" "COMPILER_FLAGS=  -O2 -c" "EXTRA_COMPILER_FLAGS=-mcpu=cortex-a9 -mfpu=vfpv3 -mfloat-abi=hard -nostartfiles -g -Wall -Wextra"
"Running Make include in ps7_cortexa9_0/libsrc/scutimer_v2_1/src"
make -C ps7_cortexa9_0/libsrc/scutimer_v2_1/src -s include  "SHELL=CMD" "COMPILER=arm-none-eabi-gcc" "ARCHIVER=arm-none-eabi-ar" "COMPILER_FLAGS=  -O2 -c" "EXTRA_COMPILER_FLAGS=-mcpu=cortex-a9 -mfpu=vfpv3 -mfloat-abi=hard -nostartfiles -g -Wall -Wextra"
"Running Make include in ps7_cortexa9_0/libsrc/scuwdt_v2_1/src"
make -C ps7_cortexa9_0/libsrc/scuwdt_v2_1/src -s include  "SHELL=CMD" "COMPILER=arm-none-eabi-gcc" "ARCHIVER=arm-none-eabi-ar" "COMPILER_FLAGS=  -O2 -c" "EXTRA_COMPILER_FLAGS=-mcpu=cortex-a9 -mfpu=vfpv3 -mfloat-abi=hard -nostartfiles -g -Wall -Wextra"
"Running Make include in ps7_cortexa9_0/libsrc/sdps_v3_7/src"
make -C ps7_cortexa9_0/libsrc/sdps_v3_7/src -s include  "SHELL=CMD" "COMPILER=arm-none-eabi-gcc" "ARCHIVER=arm-none-eabi-ar" "COMPILER_FLAGS=  -O2 -c" "EXTRA_COMPILER_FLAGS=-mcpu=cortex-a9 -mfpu=vfpv3 -mfloat-abi=hard -nostartfiles -g -Wall -Wextra"
"Running Make include in ps7_cortexa9_0/libsrc/standalone_v7_0/src"
make -C ps7_cortexa9_0/libsrc/standalone_v7_0/src -s include  "SHELL=CMD" "COMPILER=arm-none-eabi-gcc" "ARCHIVER=arm-none-eabi-ar" "COMPILER_FLAGS=  -O2 -c" "EXTRA_COMPILER_FLAGS=-mcpu=cortex-a9 -mfpu=vfpv3 -mfloat-abi=hard -nostartfiles -g -Wall -Wextra"
"Running Make include in ps7_cortexa9_0/libsrc/ttcps_v3_9/src"
make -C ps7_cortexa9_0/libsrc/ttcps_v3_9/src -s include  "SHELL=CMD" "COMPILER=arm-none-eabi-gcc" "ARCHIVER=arm-none-eabi-ar" "COMPILER_FLAGS=  -O2 -c" "EXTRA_COMPILER_FLAGS=-mcpu=cortex-a9 -mfpu=vfpv3 -mfloat-abi=hard -nostartfiles -g -Wall -Wextra"
"Running Make include in ps7_cortexa9_0/libsrc/uartps_v3_7/src"
make -C ps7_cortexa9_0/libsrc/uartps_v3_7/src -s include  "SHELL=CMD" "COMPILER=arm-none-eabi-gcc" "ARCHIVER=arm-none-eabi-ar" "COMPILER_FLAGS=  -O2 -c" "EXTRA_COMPILER_FLAGS=-mcpu=cortex-a9 -mfpu=vfpv3 -mfloat-abi=hard -nostartfiles -g -Wall -Wextra"
"Running Make include in ps7_cortexa9_0/libsrc/usbps_v2_4/src"
make -C ps7_cortexa9_0/libsrc/usbps_v2_4/src -s include  "SHELL=CMD" "COMPILER=arm-none-eabi-gcc" "ARCHIVER=arm-none-eabi-ar" "COMPILER_FLAGS=  -O2 -c" "EXTRA_COMPILER_FLAGS=-mcpu=cortex-a9 -mfpu=vfpv3 -mfloat-abi=hard -nostartfiles -g -Wall -Wextra"
"Running Make include in ps7_cortexa9_0/libsrc/xadcps_v2_3/src"
make -C ps7_cortexa9_0/libsrc/xadcps_v2_3/src -s include  "SHELL=CMD" "COMPILER=arm-none-eabi-gcc" "ARCHIVER=arm-none-eabi-ar" "COMPILER_FLAGS=  -O2 -c" "EXTRA_COMPILER_FLAGS=-mcpu=cortex-a9 -mfpu=vfpv3 -mfloat-abi=hard -nostartfiles -g -Wall -Wextra"
"Running Make libs in ps7_cortexa9_0/libsrc/coresightps_dcc_v1_5/src"
make -C ps7_cortexa9_0/libsrc/coresightps_dcc_v1_5/src -s libs  "SHELL=CMD" "COMPILER=arm-none-eabi-gcc" "ARCHIVER=arm-none-eabi-ar" "COMPILER_FLAGS=  -O2 -c" "EXTRA_COMPILER_FLAGS=-mcpu=cortex-a9 -mfpu=vfpv3 -mfloat-abi=hard -nostartfiles -g -Wall -Wextra"
"Compiling coresightps_dcc"
arm-none-eabi-ar: creating ../../../lib/libxil.a
"Running Make libs in ps7_cortexa9_0/libsrc/cpu_cortexa9_v2_7/src"
make -C ps7_cortexa9_0/libsrc/cpu_cortexa9_v2_7/src -s libs  "SHELL=CMD" "COMPILER=arm-none-eabi-gcc" "ARCHIVER=arm-none-eabi-ar" "COMPILER_FLAGS=  -O2 -c" "EXTRA_COMPILER_FLAGS=-mcpu=cortex-a9 -mfpu=vfpv3 -mfloat-abi=hard -nostartfiles -g -Wall -Wextra"
"Compiling cpu_cortexa9"
"Running Make libs in ps7_cortexa9_0/libsrc/ddrps_v1_0/src"
make -C ps7_cortexa9_0/libsrc/ddrps_v1_0/src -s libs  "SHELL=CMD" "COMPILER=arm-none-eabi-gcc" "ARCHIVER=arm-none-eabi-ar" "COMPILER_FLAGS=  -O2 -c" "EXTRA_COMPILER_FLAGS=-mcpu=cortex-a9 -mfpu=vfpv3 -mfloat-abi=hard -nostartfiles -g -Wall -Wextra"
"Compiling ddrps"
"Running Make libs in ps7_cortexa9_0/libsrc/devcfg_v3_5/src"
make -C ps7_cortexa9_0/libsrc/devcfg_v3_5/src -s libs  "SHELL=CMD" "COMPILER=arm-none-eabi-gcc" "ARCHIVER=arm-none-eabi-ar" "COMPILER_FLAGS=  -O2 -c" "EXTRA_COMPILER_FLAGS=-mcpu=cortex-a9 -mfpu=vfpv3 -mfloat-abi=hard -nostartfiles -g -Wall -Wextra"
"Compiling devcfg"
"Running Make libs in ps7_cortexa9_0/libsrc/dmaps_v2_4/src"
make -C ps7_cortexa9_0/libsrc/dmaps_v2_4/src -s libs  "SHELL=CMD" "COMPILER=arm-none-eabi-gcc" "ARCHIVER=arm-none-eabi-ar" "COMPILER_FLAGS=  -O2 -c" "EXTRA_COMPILER_FLAGS=-mcpu=cortex-a9 -mfpu=vfpv3 -mfloat-abi=hard -nostartfiles -g -Wall -Wextra"
"Compiling dmaps"
"Running Make libs in ps7_cortexa9_0/libsrc/emacps_v3_9/src"
make -C ps7_cortexa9_0/libsrc/emacps_v3_9/src -s libs  "SHELL=CMD" "COMPILER=arm-none-eabi-gcc" "ARCHIVER=arm-none-eabi-ar" "COMPILER_FLAGS=  -O2 -c" "EXTRA_COMPILER_FLAGS=-mcpu=cortex-a9 -mfpu=vfpv3 -mfloat-abi=hard -nostartfiles -g -Wall -Wextra"
"Compiling emacps"
"Running Make libs in ps7_cortexa9_0/libsrc/gpiops_v3_5/src"
make -C ps7_cortexa9_0/libsrc/gpiops_v3_5/src -s libs  "SHELL=CMD" "COMPILER=arm-none-eabi-gcc" "ARCHIVER=arm-none-eabi-ar" "COMPILER_FLAGS=  -O2 -c" "EXTRA_COMPILER_FLAGS=-mcpu=cortex-a9 -mfpu=vfpv3 -mfloat-abi=hard -nostartfiles -g -Wall -Wextra"
"Compiling gpiops"
"Running Make libs in ps7_cortexa9_0/libsrc/gpio_v4_4/src"
make -C ps7_cortexa9_0/libsrc/gpio_v4_4/src -s libs  "SHELL=CMD" "COMPILER=arm-none-eabi-gcc" "ARCHIVER=arm-none-eabi-ar" "COMPILER_FLAGS=  -O2 -c" "EXTRA_COMPILER_FLAGS=-mcpu=cortex-a9 -mfpu=vfpv3 -mfloat-abi=hard -nostartfiles -g -Wall -Wextra"
"Compiling gpio"
"Running Make libs in ps7_cortexa9_0/libsrc/keccak_f1600_mm_ip_v1_0/src"
make -C ps7_cortexa9_0/libsrc/keccak_f1600_mm_ip_v1_0/src -s libs  "SHELL=CMD" "COMPILER=arm-none-eabi-gcc" "ARCHIVER=arm-none-eabi-ar" "COMPILER_FLAGS=  -O2 -c" "EXTRA_COMPILER_FLAGS=-mcpu=cortex-a9 -mfpu=vfpv3 -mfloat-abi=hard -nostartfiles -g -Wall -Wextra"
"Compiling keccak_f1600_mm_ip..."
keccak_f1600_mm_ip_selftest.c: In function 'KECCAK_F1600_MM_IP_Reg_SelfTest':
keccak_f1600_mm_ip_selftest.c:52:67: warning: comparison of integer expressions of different signedness: 'u32' {aka 'long unsigned int'} and 'int' [-Wsign-compare]
    if ( KECCAK_F1600_MM_IP_mReadReg (baseaddr, read_loop_index*4) != (read_loop_index+1)*READ_WRITE_MUL_FACTOR){
                                                                   ^~
keccak_f1600_mm_ip_selftest.c:36:6: warning: unused variable 'Index' [-Wunused-variable]
  int Index;
      ^~~~~
"Running Make libs in ps7_cortexa9_0/libsrc/llfifo_v5_3/src"
make -C ps7_cortexa9_0/libsrc/llfifo_v5_3/src -s libs  "SHELL=CMD" "COMPILER=arm-none-eabi-gcc" "ARCHIVER=arm-none-eabi-ar" "COMPILER_FLAGS=  -O2 -c" "EXTRA_COMPILER_FLAGS=-mcpu=cortex-a9 -mfpu=vfpv3 -mfloat-abi=hard -nostartfiles -g -Wall -Wextra"
"Compiling llfifo"
"Running Make libs in ps7_cortexa9_0/libsrc/matrix_as_plus_e_mm_ip_v1_0/src"
make -C ps7_cortexa9_0/libsrc/matrix_as_plus_e_mm_ip_v1_0/src -s libs  "SHELL=CMD" "COMPILER=arm-none-eabi-gcc" "ARCHIVER=arm-none-eabi-ar" "COMPILER_FLAGS=  -O2 -c" "EXTRA_COMPILER_FLAGS=-mcpu=cortex-a9 -mfpu=vfpv3 -mfloat-abi=hard -nostartfiles -g -Wall -Wextra"
"Compiling matrix_as_plus_e_mm_ip..."
matrix_as_plus_e_mm_ip_selftest.c: In function 'MATRIX_AS_PLUS_E_MM_IP_Reg_SelfTest':
matrix_as_plus_e_mm_ip_selftest.c:52:71: warning: comparison of integer expressions of different signedness: 'u32' {aka 'long unsigned int'} and 'int' [-Wsign-compare]
    if ( MATRIX_AS_PLUS_E_MM_IP_mReadReg (baseaddr, read_loop_index*4) != (read_loop_index+1)*READ_WRITE_MUL_FACTOR){
                                                                       ^~
matrix_as_plus_e_mm_ip_selftest.c:36:6: warning: unused variable 'Index' [-Wunused-variable]
  int Index;
      ^~~~~
"Running Make libs in ps7_cortexa9_0/libsrc/matrix_sa_plus_e_mm_ip_v1_0/src"
make -C ps7_cortexa9_0/libsrc/matrix_sa_plus_e_mm_ip_v1_0/src -s libs  "SHELL=CMD" "COMPILER=arm-none-eabi-gcc" "ARCHIVER=arm-none-eabi-ar" "COMPILER_FLAGS=  -O2 -c" "EXTRA_COMPILER_FLAGS=-mcpu=cortex-a9 -mfpu=vfpv3 -mfloat-abi=hard -nostartfiles -g -Wall -Wextra"
"Compiling matrix_sa_plus_e_mm_ip..."
matrix_sa_plus_e_mm_ip_selftest.c: In function 'MATRIX_SA_PLUS_E_MM_IP_Reg_SelfTest':
matrix_sa_plus_e_mm_ip_selftest.c:52:71: warning: comparison of integer expressions of different signedness: 'u32' {aka 'long unsigned int'} and 'int' [-Wsign-compare]
    if ( MATRIX_SA_PLUS_E_MM_IP_mReadReg (baseaddr, read_loop_index*4) != (read_loop_index+1)*READ_WRITE_MUL_FACTOR){
                                                                       ^~
matrix_sa_plus_e_mm_ip_selftest.c:36:6: warning: unused variable 'Index' [-Wunused-variable]
  int Index;
      ^~~~~
"Running Make libs in ps7_cortexa9_0/libsrc/qspips_v3_6/src"
make -C ps7_cortexa9_0/libsrc/qspips_v3_6/src -s libs  "SHELL=CMD" "COMPILER=arm-none-eabi-gcc" "ARCHIVER=arm-none-eabi-ar" "COMPILER_FLAGS=  -O2 -c" "EXTRA_COMPILER_FLAGS=-mcpu=cortex-a9 -mfpu=vfpv3 -mfloat-abi=hard -nostartfiles -g -Wall -Wextra"
"Compiling qspips"
"Running Make libs in ps7_cortexa9_0/libsrc/scugic_v4_0/src"
make -C ps7_cortexa9_0/libsrc/scugic_v4_0/src -s libs  "SHELL=CMD" "COMPILER=arm-none-eabi-gcc" "ARCHIVER=arm-none-eabi-ar" "COMPILER_FLAGS=  -O2 -c" "EXTRA_COMPILER_FLAGS=-mcpu=cortex-a9 -mfpu=vfpv3 -mfloat-abi=hard -nostartfiles -g -Wall -Wextra"
"Compiling scugic"
"Running Make libs in ps7_cortexa9_0/libsrc/scutimer_v2_1/src"
make -C ps7_cortexa9_0/libsrc/scutimer_v2_1/src -s libs  "SHELL=CMD" "COMPILER=arm-none-eabi-gcc" "ARCHIVER=arm-none-eabi-ar" "COMPILER_FLAGS=  -O2 -c" "EXTRA_COMPILER_FLAGS=-mcpu=cortex-a9 -mfpu=vfpv3 -mfloat-abi=hard -nostartfiles -g -Wall -Wextra"
"Compiling scutimer"
"Running Make libs in ps7_cortexa9_0/libsrc/scuwdt_v2_1/src"
make -C ps7_cortexa9_0/libsrc/scuwdt_v2_1/src -s libs  "SHELL=CMD" "COMPILER=arm-none-eabi-gcc" "ARCHIVER=arm-none-eabi-ar" "COMPILER_FLAGS=  -O2 -c" "EXTRA_COMPILER_FLAGS=-mcpu=cortex-a9 -mfpu=vfpv3 -mfloat-abi=hard -nostartfiles -g -Wall -Wextra"
"Compiling scuwdt"
"Running Make libs in ps7_cortexa9_0/libsrc/sdps_v3_7/src"
make -C ps7_cortexa9_0/libsrc/sdps_v3_7/src -s libs  "SHELL=CMD" "COMPILER=arm-none-eabi-gcc" "ARCHIVER=arm-none-eabi-ar" "COMPILER_FLAGS=  -O2 -c" "EXTRA_COMPILER_FLAGS=-mcpu=cortex-a9 -mfpu=vfpv3 -mfloat-abi=hard -nostartfiles -g -Wall -Wextra"
"Compiling sdps"
"Running Make libs in ps7_cortexa9_0/libsrc/standalone_v7_0/src"
make -C ps7_cortexa9_0/libsrc/standalone_v7_0/src -s libs  "SHELL=CMD" "COMPILER=arm-none-eabi-gcc" "ARCHIVER=arm-none-eabi-ar" "COMPILER_FLAGS=  -O2 -c" "EXTRA_COMPILER_FLAGS=-mcpu=cortex-a9 -mfpu=vfpv3 -mfloat-abi=hard -nostartfiles -g -Wall -Wextra"
"Compiling standalone"
In file included from usleep.c:56:
xtime_l.h:87:9: note: #pragma message: For the sleep routines, Global timer is being used
 #pragma message ("For the sleep routines, Global timer is being used")
         ^~~~~~~
In file included from xil_sleeptimer.c:51:
xtime_l.h:87:9: note: #pragma message: For the sleep routines, Global timer is being used
 #pragma message ("For the sleep routines, Global timer is being used")
         ^~~~~~~
In file included from xtime_l.c:49:
xtime_l.h:87:9: note: #pragma message: For the sleep routines, Global timer is being used
 #pragma message ("For the sleep routines, Global timer is being used")
         ^~~~~~~
In file included from sleep.c:53:
xtime_l.h:87:9: note: #pragma message: For the sleep routines, Global timer is being used
 #pragma message ("For the sleep routines, Global timer is being used")
         ^~~~~~~
"Running Make libs in ps7_cortexa9_0/libsrc/ttcps_v3_9/src"
make -C ps7_cortexa9_0/libsrc/ttcps_v3_9/src -s libs  "SHELL=CMD" "COMPILER=arm-none-eabi-gcc" "ARCHIVER=arm-none-eabi-ar" "COMPILER_FLAGS=  -O2 -c" "EXTRA_COMPILER_FLAGS=-mcpu=cortex-a9 -mfpu=vfpv3 -mfloat-abi=hard -nostartfiles -g -Wall -Wextra"
"Compiling ttcps"
"Running Make libs in ps7_cortexa9_0/libsrc/uartps_v3_7/src"
make -C ps7_cortexa9_0/libsrc/uartps_v3_7/src -s libs  "SHELL=CMD" "COMPILER=arm-none-eabi-gcc" "ARCHIVER=arm-none-eabi-ar" "COMPILER_FLAGS=  -O2 -c" "EXTRA_COMPILER_FLAGS=-mcpu=cortex-a9 -mfpu=vfpv3 -mfloat-abi=hard -nostartfiles -g -Wall -Wextra"
"Compiling uartps"
"Running Make libs in ps7_cortexa9_0/libsrc/usbps_v2_4/src"
make -C ps7_cortexa9_0/libsrc/usbps_v2_4/src -s libs  "SHELL=CMD" "COMPILER=arm-none-eabi-gcc" "ARCHIVER=arm-none-eabi-ar" "COMPILER_FLAGS=  -O2 -c" "EXTRA_COMPILER_FLAGS=-mcpu=cortex-a9 -mfpu=vfpv3 -mfloat-abi=hard -nostartfiles -g -Wall -Wextra"
"Compiling usbps"
"Running Make libs in ps7_cortexa9_0/libsrc/xadcps_v2_3/src"
make -C ps7_cortexa9_0/libsrc/xadcps_v2_3/src -s libs  "SHELL=CMD" "COMPILER=arm-none-eabi-gcc" "ARCHIVER=arm-none-eabi-ar" "COMPILER_FLAGS=  -O2 -c" "EXTRA_COMPILER_FLAGS=-mcpu=cortex-a9 -mfpu=vfpv3 -mfloat-abi=hard -nostartfiles -g -Wall -Wextra"
"Compiling xadcps"
'Finished building libraries'
17:46:48 **** Build of configuration Debug for project frodo_sdk ****
make pre-build main-build 
a9-linaro-pre-build-step
 
Building file: ../src/include/fips202.c
Invoking: ARM v7 gcc compiler
arm-none-eabi-gcc -Wall -O0 -g3 -c -fmessage-length=0 -MT"src/include/fips202.o" -mcpu=cortex-a9 -mfpu=vfpv3 -mfloat-abi=hard -I../../frodo_sdk_bsp/ps7_cortexa9_0/include -MMD -MP -MF"src/include/fips202.d" -MT"src/include/fips202.o" -o "src/include/fips202.o" "../src/include/fips202.c"
../src/include/fips202.c: In function 'keccak_absorb':
../src/include/fips202.c:349:5: warning: implicit declaration of function 'KeccakF1600_StatePermute'; did you mean 'KeccakF1600_StatePermute_SW'? [-Wimplicit-function-declaration]
     KeccakF1600_StatePermute(s);
     ^~~~~~~~~~~~~~~~~~~~~~~~
     KeccakF1600_StatePermute_SW
Finished building: ../src/include/fips202.c
 
Building file: ../src/include/frodo_macrify.c
Invoking: ARM v7 gcc compiler
arm-none-eabi-gcc -Wall -O0 -g3 -c -fmessage-length=0 -MT"src/include/frodo_macrify.o" -mcpu=cortex-a9 -mfpu=vfpv3 -mfloat-abi=hard -I../../frodo_sdk_bsp/ps7_cortexa9_0/include -MMD -MP -MF"src/include/frodo_macrify.d" -MT"src/include/frodo_macrify.o" -o "src/include/frodo_macrify.o" "../src/include/frodo_macrify.c"
../src/include/frodo_macrify.c: In function 'frodo_mul_add_sa_plus_e_HW':
../src/include/frodo_macrify.c:567:6: warning: unused variable 't' [-Wunused-variable]
  int t=0;
      ^
Finished building: ../src/include/frodo_macrify.c
 
Building file: ../src/include/keccak_f1600.c
Invoking: ARM v7 gcc compiler
arm-none-eabi-gcc -Wall -O0 -g3 -c -fmessage-length=0 -MT"src/include/keccak_f1600.o" -mcpu=cortex-a9 -mfpu=vfpv3 -mfloat-abi=hard -I../../frodo_sdk_bsp/ps7_cortexa9_0/include -MMD -MP -MF"src/include/keccak_f1600.d" -MT"src/include/keccak_f1600.o" -o "src/include/keccak_f1600.o" "../src/include/keccak_f1600.c"
In file included from ../src/include/keccak_f1600.h:16,
                 from ../src/include/keccak_f1600.c:9:
../src/include/keccak_f1600.c: In function 'KeccakF1600_StatePermute_HW_MM':
../src/include/keccak_f1600.c:164:32: warning: format '%lu' expects argument of type 'long unsigned int', but argument 2 has type 'int' [-Wformat=]
   print_debug(DEBUG_KECCAK_HW, "\tSent data %lu: 0x%lx\n", (i << 1), (u32)(state[i] & 0xffffffff));
                                ^~~~~~~~~~~~~~~~~~~~~~~~~~  ~~~~~~~~
../src/include/global_def.h:98:11: note: in definition of macro 'print_debug'
    printf(__VA_ARGS__); \
           ^~~~~~~~~~~
../src/include/keccak_f1600.c:167:32: warning: format '%lu' expects argument of type 'long unsigned int', but argument 2 has type 'int' [-Wformat=]
   print_debug(DEBUG_KECCAK_HW, "\tSent data %lu: 0x%lx\n", (i << 1) + 1, (u32)(state[i] >> 32));
                                ^~~~~~~~~~~~~~~~~~~~~~~~~~  ~~~~~~~~~~~~
../src/include/global_def.h:98:11: note: in definition of macro 'print_debug'
    printf(__VA_ARGS__); \
           ^~~~~~~~~~~
Finished building: ../src/include/keccak_f1600.c
 
Building file: ../src/include/kem.c
Invoking: ARM v7 gcc compiler
arm-none-eabi-gcc -Wall -O0 -g3 -c -fmessage-length=0 -MT"src/include/kem.o" -mcpu=cortex-a9 -mfpu=vfpv3 -mfloat-abi=hard -I../../frodo_sdk_bsp/ps7_cortexa9_0/include -MMD -MP -MF"src/include/kem.d" -MT"src/include/kem.o" -o "src/include/kem.o" "../src/include/kem.c"
Finished building: ../src/include/kem.c
 
Building file: ../src/include/noise.c
Invoking: ARM v7 gcc compiler
arm-none-eabi-gcc -Wall -O0 -g3 -c -fmessage-length=0 -MT"src/include/noise.o" -mcpu=cortex-a9 -mfpu=vfpv3 -mfloat-abi=hard -I../../frodo_sdk_bsp/ps7_cortexa9_0/include -MMD -MP -MF"src/include/noise.d" -MT"src/include/noise.o" -o "src/include/noise.o" "../src/include/noise.c"
Finished building: ../src/include/noise.c
 
Building file: ../src/include/random.c
Invoking: ARM v7 gcc compiler
arm-none-eabi-gcc -Wall -O0 -g3 -c -fmessage-length=0 -MT"src/include/random.o" -mcpu=cortex-a9 -mfpu=vfpv3 -mfloat-abi=hard -I../../frodo_sdk_bsp/ps7_cortexa9_0/include -MMD -MP -MF"src/include/random.d" -MT"src/include/random.o" -o "src/include/random.o" "../src/include/random.c"
Finished building: ../src/include/random.c
 
Building file: ../src/include/test_KEM640.c
Invoking: ARM v7 gcc compiler
arm-none-eabi-gcc -Wall -O0 -g3 -c -fmessage-length=0 -MT"src/include/test_KEM640.o" -mcpu=cortex-a9 -mfpu=vfpv3 -mfloat-abi=hard -I../../frodo_sdk_bsp/ps7_cortexa9_0/include -MMD -MP -MF"src/include/test_KEM640.d" -MT"src/include/test_KEM640.o" -o "src/include/test_KEM640.o" "../src/include/test_KEM640.c"
Finished building: ../src/include/test_KEM640.c
 
Building file: ../src/include/test_kem.c
Invoking: ARM v7 gcc compiler
arm-none-eabi-gcc -Wall -O0 -g3 -c -fmessage-length=0 -MT"src/include/test_kem.o" -mcpu=cortex-a9 -mfpu=vfpv3 -mfloat-abi=hard -I../../frodo_sdk_bsp/ps7_cortexa9_0/include -MMD -MP -MF"src/include/test_kem.d" -MT"src/include/test_kem.o" -o "src/include/test_kem.o" "../src/include/test_kem.c"
../src/include/test_kem.c: In function 'matrix_AS_mult':
../src/include/test_kem.c:79:9: warning: unused variable 'j' [-Wunused-variable]
  int i, j;
         ^
../src/include/test_kem.c: In function 'kem_test':
../src/include/test_kem.c:246:130: warning: unused variable 't_total_keccak_hw_mm_matrix_hw' [-Wunused-variable]
  volatile unsigned int t_keypair_keccak_hw_mm_matrix_hw = 0, t_enc_keccak_hw_mm_matrix_hw = 0, t_dec_keccak_hw_mm_matrix_hw = 0, t_total_keccak_hw_mm_matrix_hw = 0;
                                                                                                                                  ^~~~~~~~~~~~~~~~~~~~~~~~~~~~~~
../src/include/test_kem.c:246:96: warning: unused variable 't_dec_keccak_hw_mm_matrix_hw' [-Wunused-variable]
  volatile unsigned int t_keypair_keccak_hw_mm_matrix_hw = 0, t_enc_keccak_hw_mm_matrix_hw = 0, t_dec_keccak_hw_mm_matrix_hw = 0, t_total_keccak_hw_mm_matrix_hw = 0;
                                                                                                ^~~~~~~~~~~~~~~~~~~~~~~~~~~~
../src/include/test_kem.c:246:62: warning: unused variable 't_enc_keccak_hw_mm_matrix_hw' [-Wunused-variable]
  volatile unsigned int t_keypair_keccak_hw_mm_matrix_hw = 0, t_enc_keccak_hw_mm_matrix_hw = 0, t_dec_keccak_hw_mm_matrix_hw = 0, t_total_keccak_hw_mm_matrix_hw = 0;
                                                              ^~~~~~~~~~~~~~~~~~~~~~~~~~~~
../src/include/test_kem.c:246:24: warning: unused variable 't_keypair_keccak_hw_mm_matrix_hw' [-Wunused-variable]
  volatile unsigned int t_keypair_keccak_hw_mm_matrix_hw = 0, t_enc_keccak_hw_mm_matrix_hw = 0, t_dec_keccak_hw_mm_matrix_hw = 0, t_total_keccak_hw_mm_matrix_hw = 0;
                        ^~~~~~~~~~~~~~~~~~~~~~~~~~~~~~~~
../src/include/test_kem.c:245:121: warning: unused variable 't_total_keccak_hw_matrix_hw' [-Wunused-variable]
  volatile unsigned int t_keypair_keccak_hw_matrix_hw = 0, t_enc_keccak_hw_matrix_hw = 0, t_dec_keccak_hw_matrix_hw = 0, t_total_keccak_hw_matrix_hw = 0;
                                                                                                                         ^~~~~~~~~~~~~~~~~~~~~~~~~~~
../src/include/test_kem.c:245:90: warning: unused variable 't_dec_keccak_hw_matrix_hw' [-Wunused-variable]
  volatile unsigned int t_keypair_keccak_hw_matrix_hw = 0, t_enc_keccak_hw_matrix_hw = 0, t_dec_keccak_hw_matrix_hw = 0, t_total_keccak_hw_matrix_hw = 0;
                                                                                          ^~~~~~~~~~~~~~~~~~~~~~~~~
../src/include/test_kem.c:245:59: warning: unused variable 't_enc_keccak_hw_matrix_hw' [-Wunused-variable]
  volatile unsigned int t_keypair_keccak_hw_matrix_hw = 0, t_enc_keccak_hw_matrix_hw = 0, t_dec_keccak_hw_matrix_hw = 0, t_total_keccak_hw_matrix_hw = 0;
                                                           ^~~~~~~~~~~~~~~~~~~~~~~~~
../src/include/test_kem.c:245:24: warning: unused variable 't_keypair_keccak_hw_matrix_hw' [-Wunused-variable]
  volatile unsigned int t_keypair_keccak_hw_matrix_hw = 0, t_enc_keccak_hw_matrix_hw = 0, t_dec_keccak_hw_matrix_hw = 0, t_total_keccak_hw_matrix_hw = 0;
                        ^~~~~~~~~~~~~~~~~~~~~~~~~~~~~
../src/include/test_kem.c:244:121: warning: unused variable 't_total_keccak_sw_matrix_hw' [-Wunused-variable]
  volatile unsigned int t_keypair_keccak_sw_matrix_hw = 0, t_enc_keccak_sw_matrix_hw = 0, t_dec_keccak_sw_matrix_hw = 0, t_total_keccak_sw_matrix_hw = 0;
                                                                                                                         ^~~~~~~~~~~~~~~~~~~~~~~~~~~
../src/include/test_kem.c:244:90: warning: unused variable 't_dec_keccak_sw_matrix_hw' [-Wunused-variable]
  volatile unsigned int t_keypair_keccak_sw_matrix_hw = 0, t_enc_keccak_sw_matrix_hw = 0, t_dec_keccak_sw_matrix_hw = 0, t_total_keccak_sw_matrix_hw = 0;
                                                                                          ^~~~~~~~~~~~~~~~~~~~~~~~~
../src/include/test_kem.c:244:59: warning: unused variable 't_enc_keccak_sw_matrix_hw' [-Wunused-variable]
  volatile unsigned int t_keypair_keccak_sw_matrix_hw = 0, t_enc_keccak_sw_matrix_hw = 0, t_dec_keccak_sw_matrix_hw = 0, t_total_keccak_sw_matrix_hw = 0;
                                                           ^~~~~~~~~~~~~~~~~~~~~~~~~
../src/include/test_kem.c:244:24: warning: unused variable 't_keypair_keccak_sw_matrix_hw' [-Wunused-variable]
  volatile unsigned int t_keypair_keccak_sw_matrix_hw = 0, t_enc_keccak_sw_matrix_hw = 0, t_dec_keccak_sw_matrix_hw = 0, t_total_keccak_sw_matrix_hw = 0;
                        ^~~~~~~~~~~~~~~~~~~~~~~~~~~~~
../src/include/test_kem.c:243:130: warning: unused variable 't_total_keccak_hw_mm_matrix_sw' [-Wunused-variable]
  volatile unsigned int t_keypair_keccak_hw_mm_matrix_sw = 0, t_enc_keccak_hw_mm_matrix_sw = 0, t_dec_keccak_hw_mm_matrix_sw = 0, t_total_keccak_hw_mm_matrix_sw = 0;
                                                                                                                                  ^~~~~~~~~~~~~~~~~~~~~~~~~~~~~~
../src/include/test_kem.c:243:96: warning: unused variable 't_dec_keccak_hw_mm_matrix_sw' [-Wunused-variable]
  volatile unsigned int t_keypair_keccak_hw_mm_matrix_sw = 0, t_enc_keccak_hw_mm_matrix_sw = 0, t_dec_keccak_hw_mm_matrix_sw = 0, t_total_keccak_hw_mm_matrix_sw = 0;
                                                                                                ^~~~~~~~~~~~~~~~~~~~~~~~~~~~
../src/include/test_kem.c:243:62: warning: unused variable 't_enc_keccak_hw_mm_matrix_sw' [-Wunused-variable]
  volatile unsigned int t_keypair_keccak_hw_mm_matrix_sw = 0, t_enc_keccak_hw_mm_matrix_sw = 0, t_dec_keccak_hw_mm_matrix_sw = 0, t_total_keccak_hw_mm_matrix_sw = 0;
                                                              ^~~~~~~~~~~~~~~~~~~~~~~~~~~~
../src/include/test_kem.c:243:24: warning: unused variable 't_keypair_keccak_hw_mm_matrix_sw' [-Wunused-variable]
  volatile unsigned int t_keypair_keccak_hw_mm_matrix_sw = 0, t_enc_keccak_hw_mm_matrix_sw = 0, t_dec_keccak_hw_mm_matrix_sw = 0, t_total_keccak_hw_mm_matrix_sw = 0;
                        ^~~~~~~~~~~~~~~~~~~~~~~~~~~~~~~~
../src/include/test_kem.c:242:121: warning: unused variable 't_total_keccak_hw_matrix_sw' [-Wunused-variable]
  volatile unsigned int t_keypair_keccak_hw_matrix_sw = 0, t_enc_keccak_hw_matrix_sw = 0, t_dec_keccak_hw_matrix_sw = 0, t_total_keccak_hw_matrix_sw = 0;
                                                                                                                         ^~~~~~~~~~~~~~~~~~~~~~~~~~~
../src/include/test_kem.c:242:90: warning: unused variable 't_dec_keccak_hw_matrix_sw' [-Wunused-variable]
  volatile unsigned int t_keypair_keccak_hw_matrix_sw = 0, t_enc_keccak_hw_matrix_sw = 0, t_dec_keccak_hw_matrix_sw = 0, t_total_keccak_hw_matrix_sw = 0;
                                                                                          ^~~~~~~~~~~~~~~~~~~~~~~~~
../src/include/test_kem.c:242:59: warning: unused variable 't_enc_keccak_hw_matrix_sw' [-Wunused-variable]
  volatile unsigned int t_keypair_keccak_hw_matrix_sw = 0, t_enc_keccak_hw_matrix_sw = 0, t_dec_keccak_hw_matrix_sw = 0, t_total_keccak_hw_matrix_sw = 0;
                                                           ^~~~~~~~~~~~~~~~~~~~~~~~~
../src/include/test_kem.c:242:24: warning: unused variable 't_keypair_keccak_hw_matrix_sw' [-Wunused-variable]
  volatile unsigned int t_keypair_keccak_hw_matrix_sw = 0, t_enc_keccak_hw_matrix_sw = 0, t_dec_keccak_hw_matrix_sw = 0, t_total_keccak_hw_matrix_sw = 0;
                        ^~~~~~~~~~~~~~~~~~~~~~~~~~~~~
../src/include/test_kem.c:241:121: warning: unused variable 't_total_keccak_sw_matrix_sw' [-Wunused-variable]
  volatile unsigned int t_keypair_keccak_sw_matrix_sw = 0, t_enc_keccak_sw_matrix_sw = 0, t_dec_keccak_sw_matrix_sw = 0, t_total_keccak_sw_matrix_sw = 0;
                                                                                                                         ^~~~~~~~~~~~~~~~~~~~~~~~~~~
../src/include/test_kem.c:241:90: warning: unused variable 't_dec_keccak_sw_matrix_sw' [-Wunused-variable]
  volatile unsigned int t_keypair_keccak_sw_matrix_sw = 0, t_enc_keccak_sw_matrix_sw = 0, t_dec_keccak_sw_matrix_sw = 0, t_total_keccak_sw_matrix_sw = 0;
                                                                                          ^~~~~~~~~~~~~~~~~~~~~~~~~
../src/include/test_kem.c:241:59: warning: unused variable 't_enc_keccak_sw_matrix_sw' [-Wunused-variable]
  volatile unsigned int t_keypair_keccak_sw_matrix_sw = 0, t_enc_keccak_sw_matrix_sw = 0, t_dec_keccak_sw_matrix_sw = 0, t_total_keccak_sw_matrix_sw = 0;
                                                           ^~~~~~~~~~~~~~~~~~~~~~~~~
../src/include/test_kem.c:241:24: warning: unused variable 't_keypair_keccak_sw_matrix_sw' [-Wunused-variable]
  volatile unsigned int t_keypair_keccak_sw_matrix_sw = 0, t_enc_keccak_sw_matrix_sw = 0, t_dec_keccak_sw_matrix_sw = 0, t_total_keccak_sw_matrix_sw = 0;
                        ^~~~~~~~~~~~~~~~~~~~~~~~~~~~~
../src/include/test_kem.c: In function 'frodo_mul_add_sa_plus_e':
../src/include/test_kem.c:194:1: warning: control reaches end of non-void function [-Wreturn-type]
 }
 ^
Finished building: ../src/include/test_kem.c
 
Building file: ../src/include/util.c
Invoking: ARM v7 gcc compiler
arm-none-eabi-gcc -Wall -O0 -g3 -c -fmessage-length=0 -MT"src/include/util.o" -mcpu=cortex-a9 -mfpu=vfpv3 -mfloat-abi=hard -I../../frodo_sdk_bsp/ps7_cortexa9_0/include -MMD -MP -MF"src/include/util.d" -MT"src/include/util.o" -o "src/include/util.o" "../src/include/util.c"
Finished building: ../src/include/util.c
 
Building file: ../src/main.c
Invoking: ARM v7 gcc compiler
arm-none-eabi-gcc -Wall -O0 -g3 -c -fmessage-length=0 -MT"src/main.o" -mcpu=cortex-a9 -mfpu=vfpv3 -mfloat-abi=hard -I../../frodo_sdk_bsp/ps7_cortexa9_0/include -MMD -MP -MF"src/main.d" -MT"src/main.o" -o "src/main.o" "../src/main.c"
Finished building: ../src/main.c
 
Building file: ../src/platform.c
Invoking: ARM v7 gcc compiler
arm-none-eabi-gcc -Wall -O0 -g3 -c -fmessage-length=0 -MT"src/platform.o" -mcpu=cortex-a9 -mfpu=vfpv3 -mfloat-abi=hard -I../../frodo_sdk_bsp/ps7_cortexa9_0/include -MMD -MP -MF"src/platform.d" -MT"src/platform.o" -o "src/platform.o" "../src/platform.c"
Finished building: ../src/platform.c
 
Building target: frodo_sdk.elf
Invoking: ARM v7 gcc linker
arm-none-eabi-gcc -mcpu=cortex-a9 -mfpu=vfpv3 -mfloat-abi=hard -Wl,-build-id=none -specs=Xilinx.spec -Wl,-T -Wl,../src/lscript.ld -L../../frodo_sdk_bsp/ps7_cortexa9_0/lib -o "frodo_sdk.elf"  ./src/include/fips202.o ./src/include/frodo_macrify.o ./src/include/keccak_f1600.o ./src/include/kem.o ./src/include/noise.o ./src/include/random.o ./src/include/test_KEM640.o ./src/include/test_kem.o ./src/include/util.o  ./src/main.o ./src/platform.o   -Wl,--start-group,-lxil,-lgcc,-lc,--end-group
Finished building target: frodo_sdk.elf
 
Invoking: ARM v7 Print Size
arm-none-eabi-size frodo_sdk.elf  |tee "frodo_sdk.elf.size"
   text	   data	    bss	    dec	    hex	filename
 126992	   2744	2104368	2234104	 2216f8	frodo_sdk.elf
Finished building: frodo_sdk.elf.size
 
17:58:41 **** Incremental Build of configuration Debug for project frodo_sdk ****
make pre-build main-build 
a9-linaro-pre-build-step
 
make: Nothing to be done for 'main-build'.
09:49:10 **** Incremental Build of configuration Debug for project frodo_sdk ****
make pre-build main-build 
a9-linaro-pre-build-step
 
make: Nothing to be done for 'main-build'.
10:04:33 **** Incremental Build of configuration Debug for project frodo_sdk ****
make pre-build main-build 
a9-linaro-pre-build-step
 
Building file: ../src/include/test_kem.c
Invoking: ARM v7 gcc compiler
arm-none-eabi-gcc -Wall -O0 -g3 -c -fmessage-length=0 -MT"src/include/test_kem.o" -mcpu=cortex-a9 -mfpu=vfpv3 -mfloat-abi=hard -I../../frodo_sdk_bsp/ps7_cortexa9_0/include -MMD -MP -MF"src/include/test_kem.d" -MT"src/include/test_kem.o" -o "src/include/test_kem.o" "../src/include/test_kem.c"
../src/include/test_kem.c: In function 'matrix_AS_mult':
../src/include/test_kem.c:79:9: warning: unused variable 'j' [-Wunused-variable]
  int i, j;
         ^
../src/include/test_kem.c: In function 'kem_test':
../src/include/test_kem.c:303:6: error: redefinition of 'A'
  u32 A[1280] = {0x00020001, 0x00040003, 0x00060005, 0x00080007, 0x000A0009, 0x000C000B, 0x000E000D, 0x0010000F, 0x00120011, 0x00140013, 0x00160015, 0x00180017, 0x001A0019, 0x001C001B, 0x001E001D, 0x0020001F, 0x00220021, 0x00240023, 0x00260025, 0x00280027, 0x002A0029, 0x002C002B, 0x002E002D, 0x0030002F, 0x00320031, 0x00340033, 0x00360035, 0x00380037, 0x003A0039, 0x003C003B, 0x003E003D, 0x0040003F, 0x00420041, 0x00440043, 0x00460045, 0x00480047, 0x004A0049, 0x004C004B, 0x004E004D, 0x0050004F, 0x00520051, 0x00540053, 0x00560055, 0x00580057, 0x005A0059, 0x005C005B, 0x005E005D, 0x0060005F, 0x00620061, 0x00640063, 0x00660065, 0x00680067, 0x006A0069, 0x006C006B, 0x006E006D, 0x0070006F, 0x00720071, 0x00740073, 0x00760075, 0x00780077, 0x007A0079, 0x007C007B, 0x007E007D, 0x0080007F, 0x00820081, 0x00840083, 0x00860085, 0x00880087, 0x008A0089, 0x008C008B, 0x008E008D, 0x0090008F, 0x00920091, 0x00940093, 0x00960095, 0x00980097, 0x009A0099, 0x009C009B, 0x009E009D, 0x00A0009F, 0x00A200A1, 0x00A400A3, 0x00A600A5, 0x00A800A7, 0x00AA00A9, 0x00AC00AB, 0x00AE00AD, 0x00B000AF, 0x00B200B1, 0x00B400B3, 0x00B600B5, 0x00B800B7, 0x00BA00B9, 0x00BC00BB, 0x00BE00BD, 0x00C000BF, 0x00C200C1, 0x00C400C3, 0x00C600C5, 0x00C800C7, 0x00CA00C9, 0x00CC00CB, 0x00CE00CD, 0x00D000CF, 0x00D200D1, 0x00D400D3, 0x00D600D5, 0x00D800D7, 0x00DA00D9, 0x00DC00DB, 0x00DE00DD, 0x00E000DF, 0x00E200E1, 0x00E400E3, 0x00E600E5, 0x00E800E7, 0x00EA00E9, 0x00EC00EB, 0x00EE00ED, 0x00F000EF, 0x00F200F1, 0x00F400F3, 0x00F600F5, 0x00F800F7, 0x00FA00F9, 0x00FC00FB, 0x00FE00FD, 0x010000FF, 0x01020101, 0x01040103, 0x01060105, 0x01080107, 0x010A0109, 0x010C010B, 0x010E010D, 0x0110010F, 0x01120111, 0x01140113, 0x01160115, 0x01180117, 0x011A0119, 0x011C011B, 0x011E011D, 0x0120011F, 0x01220121, 0x01240123, 0x01260125, 0x01280127, 0x012A0129, 0x012C012B, 0x012E012D, 0x0130012F, 0x01320131, 0x01340133, 0x01360135, 0x01380137, 0x013A0139, 0x013C013B, 0x013E013D, 0x0140013F, 0x01420141, 0x01440143, 0x01460145, 0x01480147, 0x014A0149, 0x014C014B, 0x014E014D, 0x0150014F, 0x01520151, 0x01540153, 0x01560155, 0x01580157, 0x015A0159, 0x015C015B, 0x015E015D, 0x0160015F, 0x01620161, 0x01640163, 0x01660165, 0x01680167, 0x016A0169, 0x016C016B, 0x016E016D, 0x0170016F, 0x01720171, 0x01740173, 0x01760175, 0x01780177, 0x017A0179, 0x017C017B, 0x017E017D, 0x0180017F, 0x01820181, 0x01840183, 0x01860185, 0x01880187, 0x018A0189, 0x018C018B, 0x018E018D, 0x0190018F, 0x01920191, 0x01940193, 0x01960195, 0x01980197, 0x019A0199, 0x019C019B, 0x019E019D, 0x01A0019F, 0x01A201A1, 0x01A401A3, 0x01A601A5, 0x01A801A7, 0x01AA01A9, 0x01AC01AB, 0x01AE01AD, 0x01B001AF, 0x01B201B1, 0x01B401B3, 0x01B601B5, 0x01B801B7, 0x01BA01B9, 0x01BC01BB, 0x01BE01BD, 0x01C001BF, 0x01C201C1, 0x01C401C3, 0x01C601C5, 0x01C801C7, 0x01CA01C9, 0x01CC01CB, 0x01CE01CD, 0x01D001CF, 0x01D201D1, 0x01D401D3, 0x01D601D5, 0x01D801D7, 0x01DA01D9, 0x01DC01DB, 0x01DE01DD, 0x01E001DF, 0x01E201E1, 0x01E401E3, 0x01E601E5, 0x01E801E7, 0x01EA01E9, 0x01EC01EB, 0x01EE01ED, 0x01F001EF, 0x01F201F1, 0x01F401F3, 0x01F601F5, 0x01F801F7, 0x01FA01F9, 0x01FC01FB, 0x01FE01FD, 0x020001FF, 0x02020201, 0x02040203, 0x02060205, 0x02080207, 0x020A0209, 0x020C020B, 0x020E020D, 0x0210020F, 0x02120211, 0x02140213, 0x02160215, 0x02180217, 0x021A0219, 0x021C021B, 0x021E021D, 0x0220021F, 0x02220221, 0x02240223, 0x02260225, 0x02280227, 0x022A0229, 0x022C022B, 0x022E022D, 0x0230022F, 0x02320231, 0x02340233, 0x02360235, 0x02380237, 0x023A0239, 0x023C023B, 0x023E023D, 0x0240023F, 0x02420241, 0x02440243, 0x02460245, 0x02480247, 0x024A0249, 0x024C024B, 0x024E024D, 0x0250024F, 0x02520251, 0x02540253, 0x02560255, 0x02580257, 0x025A0259, 0x025C025B, 0x025E025D, 0x0260025F, 0x02620261, 0x02640263, 0x02660265, 0x02680267, 0x026A0269, 0x026C026B, 0x026E026D, 0x0270026F, 0x02720271, 0x02740273, 0x02760275, 0x02780277, 0x027A0279, 0x027C027B, 0x027E027D, 0x0280027F, 0x02820281, 0x02840283, 0x02860285, 0x02880287, 0x028A0289, 0x028C028B, 0x028E028D, 0x0290028F, 0x02920291, 0x02940293, 0x02960295, 0x02980297, 0x029A0299, 0x029C029B, 0x029E029D, 0x02A0029F, 0x02A202A1, 0x02A402A3, 0x02A602A5, 0x02A802A7, 0x02AA02A9, 0x02AC02AB, 0x02AE02AD, 0x02B002AF, 0x02B202B1, 0x02B402B3, 0x02B602B5, 0x02B802B7, 0x02BA02B9, 0x02BC02BB, 0x02BE02BD, 0x02C002BF, 0x02C202C1, 0x02C402C3, 0x02C602C5, 0x02C802C7, 0x02CA02C9, 0x02CC02CB, 0x02CE02CD, 0x02D002CF, 0x02D202D1, 0x02D402D3, 0x02D602D5, 0x02D802D7, 0x02DA02D9, 0x02DC02DB, 0x02DE02DD, 0x02E002DF, 0x02E202E1, 0x02E402E3, 0x02E602E5, 0x02E802E7, 0x02EA02E9, 0x02EC02EB, 0x02EE02ED, 0x02F002EF, 0x02F202F1, 0x02F402F3, 0x02F602F5, 0x02F802F7, 0x02FA02F9, 0x02FC02FB, 0x02FE02FD, 0x030002FF, 0x03020301, 0x03040303, 0x03060305, 0x03080307, 0x030A0309, 0x030C030B, 0x030E030D, 0x0310030F, 0x03120311, 0x03140313, 0x03160315, 0x03180317, 0x031A0319, 0x031C031B, 0x031E031D, 0x0320031F, 0x03220321, 0x03240323, 0x03260325, 0x03280327, 0x032A0329, 0x032C032B, 0x032E032D, 0x0330032F, 0x03320331, 0x03340333, 0x03360335, 0x03380337, 0x033A0339, 0x033C033B, 0x033E033D, 0x0340033F, 0x03420341, 0x03440343, 0x03460345, 0x03480347, 0x034A0349, 0x034C034B, 0x034E034D, 0x0350034F, 0x03520351, 0x03540353, 0x03560355, 0x03580357, 0x035A0359, 0x035C035B, 0x035E035D, 0x0360035F, 0x03620361, 0x03640363, 0x03660365, 0x03680367, 0x036A0369, 0x036C036B, 0x036E036D, 0x0370036F, 0x03720371, 0x03740373, 0x03760375, 0x03780377, 0x037A0379, 0x037C037B, 0x037E037D, 0x0380037F, 0x03820381, 0x03840383, 0x03860385, 0x03880387, 0x038A0389, 0x038C038B, 0x038E038D, 0x0390038F, 0x03920391, 0x03940393, 0x03960395, 0x03980397, 0x039A0399, 0x039C039B, 0x039E039D, 0x03A0039F, 0x03A203A1, 0x03A403A3, 0x03A603A5, 0x03A803A7, 0x03AA03A9, 0x03AC03AB, 0x03AE03AD, 0x03B003AF, 0x03B203B1, 0x03B403B3, 0x03B603B5, 0x03B803B7, 0x03BA03B9, 0x03BC03BB, 0x03BE03BD, 0x03C003BF, 0x03C203C1, 0x03C403C3, 0x03C603C5, 0x03C803C7, 0x03CA03C9, 0x03CC03CB, 0x03CE03CD, 0x03D003CF, 0x03D203D1, 0x03D403D3, 0x03D603D5, 0x03D803D7, 0x03DA03D9, 0x03DC03DB, 0x03DE03DD, 0x03E003DF, 0x03E203E1, 0x03E403E3, 0x03E603E5, 0x03E803E7, 0x03EA03E9, 0x03EC03EB, 0x03EE03ED, 0x03F003EF, 0x03F203F1, 0x03F403F3, 0x03F603F5, 0x03F803F7, 0x03FA03F9, 0x03FC03FB, 0x03FE03FD, 0x040003FF, 0x04020401, 0x04040403, 0x04060405, 0x04080407, 0x040A0409, 0x040C040B, 0x040E040D, 0x0410040F, 0x04120411, 0x04140413, 0x04160415, 0x04180417, 0x041A0419, 0x041C041B, 0x041E041D, 0x0420041F, 0x04220421, 0x04240423, 0x04260425, 0x04280427, 0x042A0429, 0x042C042B, 0x042E042D, 0x0430042F, 0x04320431, 0x04340433, 0x04360435, 0x04380437, 0x043A0439, 0x043C043B, 0x043E043D, 0x0440043F, 0x04420441, 0x04440443, 0x04460445, 0x04480447, 0x044A0449, 0x044C044B, 0x044E044D, 0x0450044F, 0x04520451, 0x04540453, 0x04560455, 0x04580457, 0x045A0459, 0x045C045B, 0x045E045D, 0x0460045F, 0x04620461, 0x04640463, 0x04660465, 0x04680467, 0x046A0469, 0x046C046B, 0x046E046D, 0x0470046F, 0x04720471, 0x04740473, 0x04760475, 0x04780477, 0x047A0479, 0x047C047B, 0x047E047D, 0x0480047F, 0x04820481, 0x04840483, 0x04860485, 0x04880487, 0x048A0489, 0x048C048B, 0x048E048D, 0x0490048F, 0x04920491, 0x04940493, 0x04960495, 0x04980497, 0x049A0499, 0x049C049B, 0x049E049D, 0x04A0049F, 0x04A204A1, 0x04A404A3, 0x04A604A5, 0x04A804A7, 0x04AA04A9, 0x04AC04AB, 0x04AE04AD, 0x04B004AF, 0x04B204B1, 0x04B404B3, 0x04B604B5, 0x04B804B7, 0x04BA04B9, 0x04BC04BB, 0x04BE04BD, 0x04C004BF, 0x04C204C1, 0x04C404C3, 0x04C604C5, 0x04C804C7, 0x04CA04C9, 0x04CC04CB, 0x04CE04CD, 0x04D004CF, 0x04D204D1, 0x04D404D3, 0x04D604D5, 0x04D804D7, 0x04DA04D9, 0x04DC04DB, 0x04DE04DD, 0x04E004DF, 0x04E204E1, 0x04E404E3, 0x04E604E5, 0x04E804E7, 0x04EA04E9, 0x04EC04EB, 0x04EE04ED, 0x04F004EF, 0x04F204F1, 0x04F404F3, 0x04F604F5, 0x04F804F7, 0x04FA04F9, 0x04FC04FB, 0x04FE04FD, 0x050004FF, 0x05020501, 0x05040503, 0x05060505, 0x05080507, 0x050A0509, 0x050C050B, 0x050E050D, 0x0510050F, 0x05120511, 0x05140513, 0x05160515, 0x05180517, 0x051A0519, 0x051C051B, 0x051E051D, 0x0520051F, 0x05220521, 0x05240523, 0x05260525, 0x05280527, 0x052A0529, 0x052C052B, 0x052E052D, 0x0530052F, 0x05320531, 0x05340533, 0x05360535, 0x05380537, 0x053A0539, 0x053C053B, 0x053E053D, 0x0540053F, 0x05420541, 0x05440543, 0x05460545, 0x05480547, 0x054A0549, 0x054C054B, 0x054E054D, 0x0550054F, 0x05520551, 0x05540553, 0x05560555, 0x05580557, 0x055A0559, 0x055C055B, 0x055E055D, 0x0560055F, 0x05620561, 0x05640563, 0x05660565, 0x05680567, 0x056A0569, 0x056C056B, 0x056E056D, 0x0570056F, 0x05720571, 0x05740573, 0x05760575, 0x05780577, 0x057A0579, 0x057C057B, 0x057E057D, 0x0580057F, 0x05820581, 0x05840583, 0x05860585, 0x05880587, 0x058A0589, 0x058C058B, 0x058E058D, 0x0590058F, 0x05920591, 0x05940593, 0x05960595, 0x05980597, 0x059A0599, 0x059C059B, 0x059E059D, 0x05A0059F, 0x05A205A1, 0x05A405A3, 0x05A605A5, 0x05A805A7, 0x05AA05A9, 0x05AC05AB, 0x05AE05AD, 0x05B005AF, 0x05B205B1, 0x05B405B3, 0x05B605B5, 0x05B805B7, 0x05BA05B9, 0x05BC05BB, 0x05BE05BD, 0x05C005BF, 0x05C205C1, 0x05C405C3, 0x05C605C5, 0x05C805C7, 0x05CA05C9, 0x05CC05CB, 0x05CE05CD, 0x05D005CF, 0x05D205D1, 0x05D405D3, 0x05D605D5, 0x05D805D7, 0x05DA05D9, 0x05DC05DB, 0x05DE05DD, 0x05E005DF, 0x05E205E1, 0x05E405E3, 0x05E605E5, 0x05E805E7, 0x05EA05E9, 0x05EC05EB, 0x05EE05ED, 0x05F005EF, 0x05F205F1, 0x05F405F3, 0x05F605F5, 0x05F805F7, 0x05FA05F9, 0x05FC05FB, 0x05FE05FD, 0x060005FF, 0x06020601, 0x06040603, 0x06060605, 0x06080607, 0x060A0609, 0x060C060B, 0x060E060D, 0x0610060F, 0x06120611, 0x06140613, 0x06160615, 0x06180617, 0x061A0619, 0x061C061B, 0x061E061D, 0x0620061F, 0x06220621, 0x06240623, 0x06260625, 0x06280627, 0x062A0629, 0x062C062B, 0x062E062D, 0x0630062F, 0x06320631, 0x06340633, 0x06360635, 0x06380637, 0x063A0639, 0x063C063B, 0x063E063D, 0x0640063F, 0x06420641, 0x06440643, 0x06460645, 0x06480647, 0x064A0649, 0x064C064B, 0x064E064D, 0x0650064F, 0x06520651, 0x06540653, 0x06560655, 0x06580657, 0x065A0659, 0x065C065B, 0x065E065D, 0x0660065F, 0x06620661, 0x06640663, 0x06660665, 0x06680667, 0x066A0669, 0x066C066B, 0x066E066D, 0x0670066F, 0x06720671, 0x06740673, 0x06760675, 0x06780677, 0x067A0679, 0x067C067B, 0x067E067D, 0x0680067F, 0x06820681, 0x06840683, 0x06860685, 0x06880687, 0x068A0689, 0x068C068B, 0x068E068D, 0x0690068F, 0x06920691, 0x06940693, 0x06960695, 0x06980697, 0x069A0699, 0x069C069B, 0x069E069D, 0x06A0069F, 0x06A206A1, 0x06A406A3, 0x06A606A5, 0x06A806A7, 0x06AA06A9, 0x06AC06AB, 0x06AE06AD, 0x06B006AF, 0x06B206B1, 0x06B406B3, 0x06B606B5, 0x06B806B7, 0x06BA06B9, 0x06BC06BB, 0x06BE06BD, 0x06C006BF, 0x06C206C1, 0x06C406C3, 0x06C606C5, 0x06C806C7, 0x06CA06C9, 0x06CC06CB, 0x06CE06CD, 0x06D006CF, 0x06D206D1, 0x06D406D3, 0x06D606D5, 0x06D806D7, 0x06DA06D9, 0x06DC06DB, 0x06DE06DD, 0x06E006DF, 0x06E206E1, 0x06E406E3, 0x06E606E5, 0x06E806E7, 0x06EA06E9, 0x06EC06EB, 0x06EE06ED, 0x06F006EF, 0x06F206F1, 0x06F406F3, 0x06F606F5, 0x06F806F7, 0x06FA06F9, 0x06FC06FB, 0x06FE06FD, 0x070006FF, 0x07020701, 0x07040703, 0x07060705, 0x07080707, 0x070A0709, 0x070C070B, 0x070E070D, 0x0710070F, 0x07120711, 0x07140713, 0x07160715, 0x07180717, 0x071A0719, 0x071C071B, 0x071E071D, 0x0720071F, 0x07220721, 0x07240723, 0x07260725, 0x07280727, 0x072A0729, 0x072C072B, 0x072E072D, 0x0730072F, 0x07320731, 0x07340733, 0x07360735, 0x07380737, 0x073A0739, 0x073C073B, 0x073E073D, 0x0740073F, 0x07420741, 0x07440743, 0x07460745, 0x07480747, 0x074A0749, 0x074C074B, 0x074E074D, 0x0750074F, 0x07520751, 0x07540753, 0x07560755, 0x07580757, 0x075A0759, 0x075C075B, 0x075E075D, 0x0760075F, 0x07620761, 0x07640763, 0x07660765, 0x07680767, 0x076A0769, 0x076C076B, 0x076E076D, 0x0770076F, 0x07720771, 0x07740773, 0x07760775, 0x07780777, 0x077A0779, 0x077C077B, 0x077E077D, 0x0780077F, 0x07820781, 0x07840783, 0x07860785, 0x07880787, 0x078A0789, 0x078C078B, 0x078E078D, 0x0790078F, 0x07920791, 0x07940793, 0x07960795, 0x07980797, 0x079A0799, 0x079C079B, 0x079E079D, 0x07A0079F, 0x07A207A1, 0x07A407A3, 0x07A607A5, 0x07A807A7, 0x07AA07A9, 0x07AC07AB, 0x07AE07AD, 0x07B007AF, 0x07B207B1, 0x07B407B3, 0x07B607B5, 0x07B807B7, 0x07BA07B9, 0x07BC07BB, 0x07BE07BD, 0x07C007BF, 0x07C207C1, 0x07C407C3, 0x07C607C5, 0x07C807C7, 0x07CA07C9, 0x07CC07CB, 0x07CE07CD, 0x07D007CF,
      ^
../src/include/test_kem.c:294:6: note: previous definition of 'A' was here
  u32 A[1280] = {0x00010002, 0x00030004, 0x00050006, 0x00070008, 0x0009000A, 0x000B000C, 0x000D000E, 0x000F0010, 0x00110012, 0x00130014, 0x00150016, 0x00170018, 0x0019001A, 0x001B001C, 0x001D001E, 0x001F0020, 0x00210022, 0x00230024, 0x00250026, 0x00270028, 0x0029002A, 0x002B002C, 0x002D002E, 0x002F0030, 0x00310032, 0x00330034, 0x00350036, 0x00370038, 0x0039003A, 0x003B003C, 0x003D003E, 0x003F0040, 0x00410042, 0x00430044, 0x00450046, 0x00470048, 0x0049004A, 0x004B004C, 0x004D004E, 0x004F0050, 0x00510052, 0x00530054, 0x00550056, 0x00570058, 0x0059005A, 0x005B005C, 0x005D005E, 0x005F0060, 0x00610062, 0x00630064, 0x00650066, 0x00670068, 0x0069006A, 0x006B006C, 0x006D006E, 0x006F0070, 0x00710072, 0x00730074, 0x00750076, 0x00770078, 0x0079007A, 0x007B007C, 0x007D007E, 0x007F0080, 0x00810082, 0x00830084, 0x00850086, 0x00870088, 0x0089008A, 0x008B008C, 0x008D008E, 0x008F0090, 0x00910092, 0x00930094, 0x00950096, 0x00970098, 0x0099009A, 0x009B009C, 0x009D009E, 0x009F00A0, 0x00A100A2, 0x00A300A4, 0x00A500A6, 0x00A700A8, 0x00A900AA, 0x00AB00AC, 0x00AD00AE, 0x00AF00B0, 0x00B100B2, 0x00B300B4, 0x00B500B6, 0x00B700B8, 0x00B900BA, 0x00BB00BC, 0x00BD00BE, 0x00BF00C0, 0x00C100C2, 0x00C300C4, 0x00C500C6, 0x00C700C8, 0x00C900CA, 0x00CB00CC, 0x00CD00CE, 0x00CF00D0, 0x00D100D2, 0x00D300D4, 0x00D500D6, 0x00D700D8, 0x00D900DA, 0x00DB00DC, 0x00DD00DE, 0x00DF00E0, 0x00E100E2, 0x00E300E4, 0x00E500E6, 0x00E700E8, 0x00E900EA, 0x00EB00EC, 0x00ED00EE, 0x00EF00F0, 0x00F100F2, 0x00F300F4, 0x00F500F6, 0x00F700F8, 0x00F900FA, 0x00FB00FC, 0x00FD00FE, 0x00FF0100, 0x01010102, 0x01030104, 0x01050106, 0x01070108, 0x0109010A, 0x010B010C, 0x010D010E, 0x010F0110, 0x01110112, 0x01130114, 0x01150116, 0x01170118, 0x0119011A, 0x011B011C, 0x011D011E, 0x011F0120, 0x01210122, 0x01230124, 0x01250126, 0x01270128, 0x0129012A, 0x012B012C, 0x012D012E, 0x012F0130, 0x01310132, 0x01330134, 0x01350136, 0x01370138, 0x0139013A, 0x013B013C, 0x013D013E, 0x013F0140, 0x01410142, 0x01430144, 0x01450146, 0x01470148, 0x0149014A, 0x014B014C, 0x014D014E, 0x014F0150, 0x01510152, 0x01530154, 0x01550156, 0x01570158, 0x0159015A, 0x015B015C, 0x015D015E, 0x015F0160, 0x01610162, 0x01630164, 0x01650166, 0x01670168, 0x0169016A, 0x016B016C, 0x016D016E, 0x016F0170, 0x01710172, 0x01730174, 0x01750176, 0x01770178, 0x0179017A, 0x017B017C, 0x017D017E, 0x017F0180, 0x01810182, 0x01830184, 0x01850186, 0x01870188, 0x0189018A, 0x018B018C, 0x018D018E, 0x018F0190, 0x01910192, 0x01930194, 0x01950196, 0x01970198, 0x0199019A, 0x019B019C, 0x019D019E, 0x019F01A0, 0x01A101A2, 0x01A301A4, 0x01A501A6, 0x01A701A8, 0x01A901AA, 0x01AB01AC, 0x01AD01AE, 0x01AF01B0, 0x01B101B2, 0x01B301B4, 0x01B501B6, 0x01B701B8, 0x01B901BA, 0x01BB01BC, 0x01BD01BE, 0x01BF01C0, 0x01C101C2, 0x01C301C4, 0x01C501C6, 0x01C701C8, 0x01C901CA, 0x01CB01CC, 0x01CD01CE, 0x01CF01D0, 0x01D101D2, 0x01D301D4, 0x01D501D6, 0x01D701D8, 0x01D901DA, 0x01DB01DC, 0x01DD01DE, 0x01DF01E0, 0x01E101E2, 0x01E301E4, 0x01E501E6, 0x01E701E8, 0x01E901EA, 0x01EB01EC, 0x01ED01EE, 0x01EF01F0, 0x01F101F2, 0x01F301F4, 0x01F501F6, 0x01F701F8, 0x01F901FA, 0x01FB01FC, 0x01FD01FE, 0x01FF0200, 0x02010202, 0x02030204, 0x02050206, 0x02070208, 0x0209020A, 0x020B020C, 0x020D020E, 0x020F0210, 0x02110212, 0x02130214, 0x02150216, 0x02170218, 0x0219021A, 0x021B021C, 0x021D021E, 0x021F0220, 0x02210222, 0x02230224, 0x02250226, 0x02270228, 0x0229022A, 0x022B022C, 0x022D022E, 0x022F0230, 0x02310232, 0x02330234, 0x02350236, 0x02370238, 0x0239023A, 0x023B023C, 0x023D023E, 0x023F0240, 0x02410242, 0x02430244, 0x02450246, 0x02470248, 0x0249024A, 0x024B024C, 0x024D024E, 0x024F0250, 0x02510252, 0x02530254, 0x02550256, 0x02570258, 0x0259025A, 0x025B025C, 0x025D025E, 0x025F0260, 0x02610262, 0x02630264, 0x02650266, 0x02670268, 0x0269026A, 0x026B026C, 0x026D026E, 0x026F0270, 0x02710272, 0x02730274, 0x02750276, 0x02770278, 0x0279027A, 0x027B027C, 0x027D027E, 0x027F0280, 0x02810282, 0x02830284, 0x02850286, 0x02870288, 0x0289028A, 0x028B028C, 0x028D028E, 0x028F0290, 0x02910292, 0x02930294, 0x02950296, 0x02970298, 0x0299029A, 0x029B029C, 0x029D029E, 0x029F02A0, 0x02A102A2, 0x02A302A4, 0x02A502A6, 0x02A702A8, 0x02A902AA, 0x02AB02AC, 0x02AD02AE, 0x02AF02B0, 0x02B102B2, 0x02B302B4, 0x02B502B6, 0x02B702B8, 0x02B902BA, 0x02BB02BC, 0x02BD02BE, 0x02BF02C0, 0x02C102C2, 0x02C302C4, 0x02C502C6, 0x02C702C8, 0x02C902CA, 0x02CB02CC, 0x02CD02CE, 0x02CF02D0, 0x02D102D2, 0x02D302D4, 0x02D502D6, 0x02D702D8, 0x02D902DA, 0x02DB02DC, 0x02DD02DE, 0x02DF02E0, 0x02E102E2, 0x02E302E4, 0x02E502E6, 0x02E702E8, 0x02E902EA, 0x02EB02EC, 0x02ED02EE, 0x02EF02F0, 0x02F102F2, 0x02F302F4, 0x02F502F6, 0x02F702F8, 0x02F902FA, 0x02FB02FC, 0x02FD02FE, 0x02FF0300, 0x03010302, 0x03030304, 0x03050306, 0x03070308, 0x0309030A, 0x030B030C, 0x030D030E, 0x030F0310, 0x03110312, 0x03130314, 0x03150316, 0x03170318, 0x0319031A, 0x031B031C, 0x031D031E, 0x031F0320, 0x03210322, 0x03230324, 0x03250326, 0x03270328, 0x0329032A, 0x032B032C, 0x032D032E, 0x032F0330, 0x03310332, 0x03330334, 0x03350336, 0x03370338, 0x0339033A, 0x033B033C, 0x033D033E, 0x033F0340, 0x03410342, 0x03430344, 0x03450346, 0x03470348, 0x0349034A, 0x034B034C, 0x034D034E, 0x034F0350, 0x03510352, 0x03530354, 0x03550356, 0x03570358, 0x0359035A, 0x035B035C, 0x035D035E, 0x035F0360, 0x03610362, 0x03630364, 0x03650366, 0x03670368, 0x0369036A, 0x036B036C, 0x036D036E, 0x036F0370, 0x03710372, 0x03730374, 0x03750376, 0x03770378, 0x0379037A, 0x037B037C, 0x037D037E, 0x037F0380, 0x03810382, 0x03830384, 0x03850386, 0x03870388, 0x0389038A, 0x038B038C, 0x038D038E, 0x038F0390, 0x03910392, 0x03930394, 0x03950396, 0x03970398, 0x0399039A, 0x039B039C, 0x039D039E, 0x039F03A0, 0x03A103A2, 0x03A303A4, 0x03A503A6, 0x03A703A8, 0x03A903AA, 0x03AB03AC, 0x03AD03AE, 0x03AF03B0, 0x03B103B2, 0x03B303B4, 0x03B503B6, 0x03B703B8, 0x03B903BA, 0x03BB03BC, 0x03BD03BE, 0x03BF03C0, 0x03C103C2, 0x03C303C4, 0x03C503C6, 0x03C703C8, 0x03C903CA, 0x03CB03CC, 0x03CD03CE, 0x03CF03D0, 0x03D103D2, 0x03D303D4, 0x03D503D6, 0x03D703D8, 0x03D903DA, 0x03DB03DC, 0x03DD03DE, 0x03DF03E0, 0x03E103E2, 0x03E303E4, 0x03E503E6, 0x03E703E8, 0x03E903EA, 0x03EB03EC, 0x03ED03EE, 0x03EF03F0, 0x03F103F2, 0x03F303F4, 0x03F503F6, 0x03F703F8, 0x03F903FA, 0x03FB03FC, 0x03FD03FE, 0x03FF0400, 0x04010402, 0x04030404, 0x04050406, 0x04070408, 0x0409040A, 0x040B040C, 0x040D040E, 0x040F0410, 0x04110412, 0x04130414, 0x04150416, 0x04170418, 0x0419041A, 0x041B041C, 0x041D041E, 0x041F0420, 0x04210422, 0x04230424, 0x04250426, 0x04270428, 0x0429042A, 0x042B042C, 0x042D042E, 0x042F0430, 0x04310432, 0x04330434, 0x04350436, 0x04370438, 0x0439043A, 0x043B043C, 0x043D043E, 0x043F0440, 0x04410442, 0x04430444, 0x04450446, 0x04470448, 0x0449044A, 0x044B044C, 0x044D044E, 0x044F0450, 0x04510452, 0x04530454, 0x04550456, 0x04570458, 0x0459045A, 0x045B045C, 0x045D045E, 0x045F0460, 0x04610462, 0x04630464, 0x04650466, 0x04670468, 0x0469046A, 0x046B046C, 0x046D046E, 0x046F0470, 0x04710472, 0x04730474, 0x04750476, 0x04770478, 0x0479047A, 0x047B047C, 0x047D047E, 0x047F0480, 0x04810482, 0x04830484, 0x04850486, 0x04870488, 0x0489048A, 0x048B048C, 0x048D048E, 0x048F0490, 0x04910492, 0x04930494, 0x04950496, 0x04970498, 0x0499049A, 0x049B049C, 0x049D049E, 0x049F04A0, 0x04A104A2, 0x04A304A4, 0x04A504A6, 0x04A704A8, 0x04A904AA, 0x04AB04AC, 0x04AD04AE, 0x04AF04B0, 0x04B104B2, 0x04B304B4, 0x04B504B6, 0x04B704B8, 0x04B904BA, 0x04BB04BC, 0x04BD04BE, 0x04BF04C0, 0x04C104C2, 0x04C304C4, 0x04C504C6, 0x04C704C8, 0x04C904CA, 0x04CB04CC, 0x04CD04CE, 0x04CF04D0, 0x04D104D2, 0x04D304D4, 0x04D504D6, 0x04D704D8, 0x04D904DA, 0x04DB04DC, 0x04DD04DE, 0x04DF04E0, 0x04E104E2, 0x04E304E4, 0x04E504E6, 0x04E704E8, 0x04E904EA, 0x04EB04EC, 0x04ED04EE, 0x04EF04F0, 0x04F104F2, 0x04F304F4, 0x04F504F6, 0x04F704F8, 0x04F904FA, 0x04FB04FC, 0x04FD04FE, 0x04FF0500, 0x05010502, 0x05030504, 0x05050506, 0x05070508, 0x0509050A, 0x050B050C, 0x050D050E, 0x050F0510, 0x05110512, 0x05130514, 0x05150516, 0x05170518, 0x0519051A, 0x051B051C, 0x051D051E, 0x051F0520, 0x05210522, 0x05230524, 0x05250526, 0x05270528, 0x0529052A, 0x052B052C, 0x052D052E, 0x052F0530, 0x05310532, 0x05330534, 0x05350536, 0x05370538, 0x0539053A, 0x053B053C, 0x053D053E, 0x053F0540, 0x05410542, 0x05430544, 0x05450546, 0x05470548, 0x0549054A, 0x054B054C, 0x054D054E, 0x054F0550, 0x05510552, 0x05530554, 0x05550556, 0x05570558, 0x0559055A, 0x055B055C, 0x055D055E, 0x055F0560, 0x05610562, 0x05630564, 0x05650566, 0x05670568, 0x0569056A, 0x056B056C, 0x056D056E, 0x056F0570, 0x05710572, 0x05730574, 0x05750576, 0x05770578, 0x0579057A, 0x057B057C, 0x057D057E, 0x057F0580, 0x05810582, 0x05830584, 0x05850586, 0x05870588, 0x0589058A, 0x058B058C, 0x058D058E, 0x058F0590, 0x05910592, 0x05930594, 0x05950596, 0x05970598, 0x0599059A, 0x059B059C, 0x059D059E, 0x059F05A0, 0x05A105A2, 0x05A305A4, 0x05A505A6, 0x05A705A8, 0x05A905AA, 0x05AB05AC, 0x05AD05AE, 0x05AF05B0, 0x05B105B2, 0x05B305B4, 0x05B505B6, 0x05B705B8, 0x05B905BA, 0x05BB05BC, 0x05BD05BE, 0x05BF05C0, 0x05C105C2, 0x05C305C4, 0x05C505C6, 0x05C705C8, 0x05C905CA, 0x05CB05CC, 0x05CD05CE, 0x05CF05D0, 0x05D105D2, 0x05D305D4, 0x05D505D6, 0x05D705D8, 0x05D905DA, 0x05DB05DC, 0x05DD05DE, 0x05DF05E0, 0x05E105E2, 0x05E305E4, 0x05E505E6, 0x05E705E8, 0x05E905EA, 0x05EB05EC, 0x05ED05EE, 0x05EF05F0, 0x05F105F2, 0x05F305F4, 0x05F505F6, 0x05F705F8, 0x05F905FA, 0x05FB05FC, 0x05FD05FE, 0x05FF0600, 0x06010602, 0x06030604, 0x06050606, 0x06070608, 0x0609060A, 0x060B060C, 0x060D060E, 0x060F0610, 0x06110612, 0x06130614, 0x06150616, 0x06170618, 0x0619061A, 0x061B061C, 0x061D061E, 0x061F0620, 0x06210622, 0x06230624, 0x06250626, 0x06270628, 0x0629062A, 0x062B062C, 0x062D062E, 0x062F0630, 0x06310632, 0x06330634, 0x06350636, 0x06370638, 0x0639063A, 0x063B063C, 0x063D063E, 0x063F0640, 0x06410642, 0x06430644, 0x06450646, 0x06470648, 0x0649064A, 0x064B064C, 0x064D064E, 0x064F0650, 0x06510652, 0x06530654, 0x06550656, 0x06570658, 0x0659065A, 0x065B065C, 0x065D065E, 0x065F0660, 0x06610662, 0x06630664, 0x06650666, 0x06670668, 0x0669066A, 0x066B066C, 0x066D066E, 0x066F0670, 0x06710672, 0x06730674, 0x06750676, 0x06770678, 0x0679067A, 0x067B067C, 0x067D067E, 0x067F0680, 0x06810682, 0x06830684, 0x06850686, 0x06870688, 0x0689068A, 0x068B068C, 0x068D068E, 0x068F0690, 0x06910692, 0x06930694, 0x06950696, 0x06970698, 0x0699069A, 0x069B069C, 0x069D069E, 0x069F06A0, 0x06A106A2, 0x06A306A4, 0x06A506A6, 0x06A706A8, 0x06A906AA, 0x06AB06AC, 0x06AD06AE, 0x06AF06B0, 0x06B106B2, 0x06B306B4, 0x06B506B6, 0x06B706B8, 0x06B906BA, 0x06BB06BC, 0x06BD06BE, 0x06BF06C0, 0x06C106C2, 0x06C306C4, 0x06C506C6, 0x06C706C8, 0x06C906CA, 0x06CB06CC, 0x06CD06CE, 0x06CF06D0, 0x06D106D2, 0x06D306D4, 0x06D506D6, 0x06D706D8, 0x06D906DA, 0x06DB06DC, 0x06DD06DE, 0x06DF06E0, 0x06E106E2, 0x06E306E4, 0x06E506E6, 0x06E706E8, 0x06E906EA, 0x06EB06EC, 0x06ED06EE, 0x06EF06F0, 0x06F106F2, 0x06F306F4, 0x06F506F6, 0x06F706F8, 0x06F906FA, 0x06FB06FC, 0x06FD06FE, 0x06FF0700, 0x07010702, 0x07030704, 0x07050706, 0x07070708, 0x0709070A, 0x070B070C, 0x070D070E, 0x070F0710, 0x07110712, 0x07130714, 0x07150716, 0x07170718, 0x0719071A, 0x071B071C, 0x071D071E, 0x071F0720, 0x07210722, 0x07230724, 0x07250726, 0x07270728, 0x0729072A, 0x072B072C, 0x072D072E, 0x072F0730, 0x07310732, 0x07330734, 0x07350736, 0x07370738, 0x0739073A, 0x073B073C, 0x073D073E, 0x073F0740, 0x07410742, 0x07430744, 0x07450746, 0x07470748, 0x0749074A, 0x074B074C, 0x074D074E, 0x074F0750, 0x07510752, 0x07530754, 0x07550756, 0x07570758, 0x0759075A, 0x075B075C, 0x075D075E, 0x075F0760, 0x07610762, 0x07630764, 0x07650766, 0x07670768, 0x0769076A, 0x076B076C, 0x076D076E, 0x076F0770, 0x07710772, 0x07730774, 0x07750776, 0x07770778, 0x0779077A, 0x077B077C, 0x077D077E, 0x077F0780, 0x07810782, 0x07830784, 0x07850786, 0x07870788, 0x0789078A, 0x078B078C, 0x078D078E, 0x078F0790, 0x07910792, 0x07930794, 0x07950796, 0x07970798, 0x0799079A, 0x079B079C, 0x079D079E, 0x079F07A0, 0x07A107A2, 0x07A307A4, 0x07A507A6, 0x07A707A8, 0x07A907AA, 0x07AB07AC, 0x07AD07AE, 0x07AF07B0, 0x07B107B2, 0x07B307B4, 0x07B507B6, 0x07B707B8, 0x07B907BA, 0x07BB07BC, 0x07BD07BE, 0x07BF07C0, 0x07C107C2, 0x07C307C4, 0x07C507C6, 0x07C707C8, 0x07C907CA, 0x07CB07CC, 0x07CD07CE, 0x07CF07D0, 0x07D107D2, 0x07D307D4, 0x07D507D6, 0x07D707D8, 0x07D907DA, 0x07DB07DC, 0x07DD07DE, 0x07DF07E0, 0x07E107E2, 0x07E307E4, 0x07E507E6, 0x07E707E8, 0x07E907EA, 0x07EB07EC, 0x07ED07EE, 0x07EF07F0, 0x07F107F2, 0x07F307F4, 0x07F507F6, 0x07F707F8, 0x07F907FA, 0x07FB07FC, 0x07FD07FE, 0x07FF0800, 0x08010802, 0x08030804, 0x08050806, 0x08070808, 0x0809080A, 0x080B080C, 0x080D080E, 0x080F0810, 0x08110812, 0x08130814, 0x08150816, 0x08170818, 0x0819081A, 0x081B081C, 0x081D081E, 0x081F0820, 0x08210822, 0x08230824, 0x08250826, 0x08270828, 0x0829082A, 0x082B082C, 0x082D082E, 0x082F0830, 0x08310832, 0x08330834, 0x08350836, 0x08370838, 0x0839083A, 0x083B083C, 0x083D083E, 0x083F0840, 0x08410842, 0x08430844, 0x08450846, 0x08470848, 0x0849084A, 0x084B084C, 0x084D084E, 0x084F0850, 0x08510852, 0x08530854, 0x08550856, 0x08570858, 0x0859085A, 0x085B085C, 0x085D085E, 0x085F0860, 0x08610862, 0x08630864, 0x08650866, 0x08670868, 0x0869086A, 0x086B086C, 0x086D086E, 0x086F0870, 0x08710872, 0x08730874, 0x08750876, 0x08770878, 0x0879087A, 0x087B087C, 0x087D087E, 0x087F0880, 0x08810882, 0x08830884, 0x08850886, 0x08870888, 0x0889088A, 0x088B088C, 0x088D088E, 0x088F0890, 0x08910892, 0x08930894, 0x08950896, 0x08970898, 0x0899089A, 0x089B089C, 0x089D089E, 0x089F08A0, 0x08A108A2, 0x08A308A4, 0x08A508A6, 0x08A708A8, 0x08A908AA, 0x08AB08AC, 0x08AD08AE, 0x08AF08B0, 0x08B108B2, 0x08B308B4, 0x08B508B6, 0x08B708B8, 0x08B908BA, 0x08BB08BC, 0x08BD08BE, 0x08BF08C0, 0x08C108C2, 0x08C308C4, 0x08C508C6, 0x08C708C8, 0x08C908CA, 0x08CB08CC, 0x08CD08CE, 0x08CF08D0, 0x08D108D2, 0x08D308D4, 0x08D508D6, 0x08D708D8, 0x08D908DA, 0x08DB08DC, 0x08DD08DE, 0x08DF08E0, 0x08E108E2, 0x08E308E4, 0x08E508E6, 0x08E708E8, 0x08E908EA, 0x08EB08EC, 0x08ED08EE, 0x08EF08F0, 0x08F108F2, 0x08F308F4, 0x08F508F6, 0x08F708F8, 0x08F908FA, 0x08FB08FC, 0x08FD08FE, 0x08FF0900, 0x09010902, 0x09030904, 0x09050906, 0x09070908, 0x0909090A, 0x090B090C, 0x090D090E, 0x090F0910, 0x09110912, 0x09130914, 0x09150916, 0x09170918, 0x0919091A, 0x091B091C, 0x091D091E, 0x091F0920, 0x09210922, 0x09230924, 0x09250926, 0x09270928, 0x0929092A, 0x092B092C, 0x092D092E, 0x092F0930, 0x09310932, 0x09330934, 0x09350936, 0x09370938, 0x0939093A, 0x093B093C, 0x093D093E, 0x093F0940, 0x09410942, 0x09430944, 0x09450946, 0x09470948, 0x0949094A, 0x094B094C, 0x094D094E, 0x094F0950, 0x09510952, 0x09530954, 0x09550956, 0x09570958, 0x0959095A, 0x095B095C, 0x095D095E, 0x095F0960, 0x09610962, 0x09630964, 0x09650966, 0x09670968, 0x0969096A, 0x096B096C, 0x096D096E, 0x096F0970, 0x09710972, 0x09730974, 0x09750976, 0x09770978, 0x0979097A, 0x097B097C, 0x097D097E, 0x097F0980, 0x09810982, 0x09830984, 0x09850986, 0x09870988, 0x0989098A, 0x098B098C, 0x098D098E, 0x098F0990, 0x09910992, 0x09930994, 0x09950996, 0x09970998, 0x0999099A, 0x099B099C, 0x099D099E, 0x099F09A0, 0x09A109A2, 0x09A309A4, 0x09A509A6, 0x09A709A8, 0x09A909AA, 0x09AB09AC, 0x09AD09AE, 0x09AF09B0, 0x09B109B2, 0x09B309B4, 0x09B509B6, 0x09B709B8, 0x09B909BA, 0x09BB09BC, 0x09BD09BE, 0x09BF09C0, 0x09C109C2, 0x09C309C4, 0x09C509C6, 0x09C709C8, 0x09C909CA, 0x09CB09CC, 0x09CD09CE, 0x09CF09D0, 0x09D109D2, 0x09D309D4, 0x09D509D6, 0x09D709D8, 0x09D909DA, 0x09DB09DC, 0x09DD09DE, 0x09DF09E0, 0x09E109E2, 0x09E309E4, 0x09E509E6, 0x09E709E8, 0x09E909EA, 0x09EB09EC, 0x09ED09EE, 0x09EF09F0, 0x09F109F2, 0x09F309F4, 0x09F509F6, 0x09F709F8, 0x09F909FA, 0x09FB09FC, 0x09FD09FE, 0x09FF0A00};
      ^
../src/include/test_kem.c:305:6: error: conflicting types for 'S'
  u32 S[2560] = {0x00020001, 0x00040003, 0x00060005, 0x00080007, 0x000A0009, 0x000C000B, 0x000E000D, 0x0010000F, 0x00120011, 0x00140013, 0x00160015, 0x00180017, 0x001A0019, 0x001C001B, 0x001E001D, 0x0020001F, 0x00220021, 0x00240023, 0x00260025, 0x00280027, 0x002A0029, 0x002C002B, 0x002E002D, 0x0030002F, 0x00320031, 0x00340033, 0x00360035, 0x00380037, 0x003A0039, 0x003C003B, 0x003E003D, 0x0040003F, 0x00420041, 0x00440043, 0x00460045, 0x00480047, 0x004A0049, 0x004C004B, 0x004E004D, 0x0050004F, 0x00520051, 0x00540053, 0x00560055, 0x00580057, 0x005A0059, 0x005C005B, 0x005E005D, 0x0060005F, 0x00620061, 0x00640063, 0x00660065, 0x00680067, 0x006A0069, 0x006C006B, 0x006E006D, 0x0070006F, 0x00720071, 0x00740073, 0x00760075, 0x00780077, 0x007A0079, 0x007C007B, 0x007E007D, 0x0080007F, 0x00820081, 0x00840083, 0x00860085, 0x00880087, 0x008A0089, 0x008C008B, 0x008E008D, 0x0090008F, 0x00920091, 0x00940093, 0x00960095, 0x00980097, 0x009A0099, 0x009C009B, 0x009E009D, 0x00A0009F, 0x00A200A1, 0x00A400A3, 0x00A600A5, 0x00A800A7, 0x00AA00A9, 0x00AC00AB, 0x00AE00AD, 0x00B000AF, 0x00B200B1, 0x00B400B3, 0x00B600B5, 0x00B800B7, 0x00BA00B9, 0x00BC00BB, 0x00BE00BD, 0x00C000BF, 0x00C200C1, 0x00C400C3, 0x00C600C5, 0x00C800C7, 0x00CA00C9, 0x00CC00CB, 0x00CE00CD, 0x00D000CF, 0x00D200D1, 0x00D400D3, 0x00D600D5, 0x00D800D7, 0x00DA00D9, 0x00DC00DB, 0x00DE00DD, 0x00E000DF, 0x00E200E1, 0x00E400E3, 0x00E600E5, 0x00E800E7, 0x00EA00E9, 0x00EC00EB, 0x00EE00ED, 0x00F000EF, 0x00F200F1, 0x00F400F3, 0x00F600F5, 0x00F800F7, 0x00FA00F9, 0x00FC00FB, 0x00FE00FD, 0x010000FF, 0x01020101, 0x01040103, 0x01060105, 0x01080107, 0x010A0109, 0x010C010B, 0x010E010D, 0x0110010F, 0x01120111, 0x01140113, 0x01160115, 0x01180117, 0x011A0119, 0x011C011B, 0x011E011D, 0x0120011F, 0x01220121, 0x01240123, 0x01260125, 0x01280127, 0x012A0129, 0x012C012B, 0x012E012D, 0x0130012F, 0x01320131, 0x01340133, 0x01360135, 0x01380137, 0x013A0139, 0x013C013B, 0x013E013D, 0x0140013F, 0x01420141, 0x01440143, 0x01460145, 0x01480147, 0x014A0149, 0x014C014B, 0x014E014D, 0x0150014F, 0x01520151, 0x01540153, 0x01560155, 0x01580157, 0x015A0159, 0x015C015B, 0x015E015D, 0x0160015F, 0x01620161, 0x01640163, 0x01660165, 0x01680167, 0x016A0169, 0x016C016B, 0x016E016D, 0x0170016F, 0x01720171, 0x01740173, 0x01760175, 0x01780177, 0x017A0179, 0x017C017B, 0x017E017D, 0x0180017F, 0x01820181, 0x01840183, 0x01860185, 0x01880187, 0x018A0189, 0x018C018B, 0x018E018D, 0x0190018F, 0x01920191, 0x01940193, 0x01960195, 0x01980197, 0x019A0199, 0x019C019B, 0x019E019D, 0x01A0019F, 0x01A201A1, 0x01A401A3, 0x01A601A5, 0x01A801A7, 0x01AA01A9, 0x01AC01AB, 0x01AE01AD, 0x01B001AF, 0x01B201B1, 0x01B401B3, 0x01B601B5, 0x01B801B7, 0x01BA01B9, 0x01BC01BB, 0x01BE01BD, 0x01C001BF, 0x01C201C1, 0x01C401C3, 0x01C601C5, 0x01C801C7, 0x01CA01C9, 0x01CC01CB, 0x01CE01CD, 0x01D001CF, 0x01D201D1, 0x01D401D3, 0x01D601D5, 0x01D801D7, 0x01DA01D9, 0x01DC01DB, 0x01DE01DD, 0x01E001DF, 0x01E201E1, 0x01E401E3, 0x01E601E5, 0x01E801E7, 0x01EA01E9, 0x01EC01EB, 0x01EE01ED, 0x01F001EF, 0x01F201F1, 0x01F401F3, 0x01F601F5, 0x01F801F7, 0x01FA01F9, 0x01FC01FB, 0x01FE01FD, 0x020001FF, 0x02020201, 0x02040203, 0x02060205, 0x02080207, 0x020A0209, 0x020C020B, 0x020E020D, 0x0210020F, 0x02120211, 0x02140213, 0x02160215, 0x02180217, 0x021A0219, 0x021C021B, 0x021E021D, 0x0220021F, 0x02220221, 0x02240223, 0x02260225, 0x02280227, 0x022A0229, 0x022C022B, 0x022E022D, 0x0230022F, 0x02320231, 0x02340233, 0x02360235, 0x02380237, 0x023A0239, 0x023C023B, 0x023E023D, 0x0240023F, 0x02420241, 0x02440243, 0x02460245, 0x02480247, 0x024A0249, 0x024C024B, 0x024E024D, 0x0250024F, 0x02520251, 0x02540253, 0x02560255, 0x02580257, 0x025A0259, 0x025C025B, 0x025E025D, 0x0260025F, 0x02620261, 0x02640263, 0x02660265, 0x02680267, 0x026A0269, 0x026C026B, 0x026E026D, 0x0270026F, 0x02720271, 0x02740273, 0x02760275, 0x02780277, 0x027A0279, 0x027C027B, 0x027E027D, 0x0280027F, 0x02820281, 0x02840283, 0x02860285, 0x02880287, 0x028A0289, 0x028C028B, 0x028E028D, 0x0290028F, 0x02920291, 0x02940293, 0x02960295, 0x02980297, 0x029A0299, 0x029C029B, 0x029E029D, 0x02A0029F, 0x02A202A1, 0x02A402A3, 0x02A602A5, 0x02A802A7, 0x02AA02A9, 0x02AC02AB, 0x02AE02AD, 0x02B002AF, 0x02B202B1, 0x02B402B3, 0x02B602B5, 0x02B802B7, 0x02BA02B9, 0x02BC02BB, 0x02BE02BD, 0x02C002BF, 0x02C202C1, 0x02C402C3, 0x02C602C5, 0x02C802C7, 0x02CA02C9, 0x02CC02CB, 0x02CE02CD, 0x02D002CF, 0x02D202D1, 0x02D402D3, 0x02D602D5, 0x02D802D7, 0x02DA02D9, 0x02DC02DB, 0x02DE02DD, 0x02E002DF, 0x02E202E1, 0x02E402E3, 0x02E602E5, 0x02E802E7, 0x02EA02E9, 0x02EC02EB, 0x02EE02ED, 0x02F002EF, 0x02F202F1, 0x02F402F3, 0x02F602F5, 0x02F802F7, 0x02FA02F9, 0x02FC02FB, 0x02FE02FD, 0x030002FF, 0x03020301, 0x03040303, 0x03060305, 0x03080307, 0x030A0309, 0x030C030B, 0x030E030D, 0x0310030F, 0x03120311, 0x03140313, 0x03160315, 0x03180317, 0x031A0319, 0x031C031B, 0x031E031D, 0x0320031F, 0x03220321, 0x03240323, 0x03260325, 0x03280327, 0x032A0329, 0x032C032B, 0x032E032D, 0x0330032F, 0x03320331, 0x03340333, 0x03360335, 0x03380337, 0x033A0339, 0x033C033B, 0x033E033D, 0x0340033F, 0x03420341, 0x03440343, 0x03460345, 0x03480347, 0x034A0349, 0x034C034B, 0x034E034D, 0x0350034F, 0x03520351, 0x03540353, 0x03560355, 0x03580357, 0x035A0359, 0x035C035B, 0x035E035D, 0x0360035F, 0x03620361, 0x03640363, 0x03660365, 0x03680367, 0x036A0369, 0x036C036B, 0x036E036D, 0x0370036F, 0x03720371, 0x03740373, 0x03760375, 0x03780377, 0x037A0379, 0x037C037B, 0x037E037D, 0x0380037F, 0x03820381, 0x03840383, 0x03860385, 0x03880387, 0x038A0389, 0x038C038B, 0x038E038D, 0x0390038F, 0x03920391, 0x03940393, 0x03960395, 0x03980397, 0x039A0399, 0x039C039B, 0x039E039D, 0x03A0039F, 0x03A203A1, 0x03A403A3, 0x03A603A5, 0x03A803A7, 0x03AA03A9, 0x03AC03AB, 0x03AE03AD, 0x03B003AF, 0x03B203B1, 0x03B403B3, 0x03B603B5, 0x03B803B7, 0x03BA03B9, 0x03BC03BB, 0x03BE03BD, 0x03C003BF, 0x03C203C1, 0x03C403C3, 0x03C603C5, 0x03C803C7, 0x03CA03C9, 0x03CC03CB, 0x03CE03CD, 0x03D003CF, 0x03D203D1, 0x03D403D3, 0x03D603D5, 0x03D803D7, 0x03DA03D9, 0x03DC03DB, 0x03DE03DD, 0x03E003DF, 0x03E203E1, 0x03E403E3, 0x03E603E5, 0x03E803E7, 0x03EA03E9, 0x03EC03EB, 0x03EE03ED, 0x03F003EF, 0x03F203F1, 0x03F403F3, 0x03F603F5, 0x03F803F7, 0x03FA03F9, 0x03FC03FB, 0x03FE03FD, 0x040003FF, 0x04020401, 0x04040403, 0x04060405, 0x04080407, 0x040A0409, 0x040C040B, 0x040E040D, 0x0410040F, 0x04120411, 0x04140413, 0x04160415, 0x04180417, 0x041A0419, 0x041C041B, 0x041E041D, 0x0420041F, 0x04220421, 0x04240423, 0x04260425, 0x04280427, 0x042A0429, 0x042C042B, 0x042E042D, 0x0430042F, 0x04320431, 0x04340433, 0x04360435, 0x04380437, 0x043A0439, 0x043C043B, 0x043E043D, 0x0440043F, 0x04420441, 0x04440443, 0x04460445, 0x04480447, 0x044A0449, 0x044C044B, 0x044E044D, 0x0450044F, 0x04520451, 0x04540453, 0x04560455, 0x04580457, 0x045A0459, 0x045C045B, 0x045E045D, 0x0460045F, 0x04620461, 0x04640463, 0x04660465, 0x04680467, 0x046A0469, 0x046C046B, 0x046E046D, 0x0470046F, 0x04720471, 0x04740473, 0x04760475, 0x04780477, 0x047A0479, 0x047C047B, 0x047E047D, 0x0480047F, 0x04820481, 0x04840483, 0x04860485, 0x04880487, 0x048A0489, 0x048C048B, 0x048E048D, 0x0490048F, 0x04920491, 0x04940493, 0x04960495, 0x04980497, 0x049A0499, 0x049C049B, 0x049E049D, 0x04A0049F, 0x04A204A1, 0x04A404A3, 0x04A604A5, 0x04A804A7, 0x04AA04A9, 0x04AC04AB, 0x04AE04AD, 0x04B004AF, 0x04B204B1, 0x04B404B3, 0x04B604B5, 0x04B804B7, 0x04BA04B9, 0x04BC04BB, 0x04BE04BD, 0x04C004BF, 0x04C204C1, 0x04C404C3, 0x04C604C5, 0x04C804C7, 0x04CA04C9, 0x04CC04CB, 0x04CE04CD, 0x04D004CF, 0x04D204D1, 0x04D404D3, 0x04D604D5, 0x04D804D7, 0x04DA04D9, 0x04DC04DB, 0x04DE04DD, 0x04E004DF, 0x04E204E1, 0x04E404E3, 0x04E604E5, 0x04E804E7, 0x04EA04E9, 0x04EC04EB, 0x04EE04ED, 0x04F004EF, 0x04F204F1, 0x04F404F3, 0x04F604F5, 0x04F804F7, 0x04FA04F9, 0x04FC04FB, 0x04FE04FD, 0x050004FF, 0x05020501, 0x05040503, 0x05060505, 0x05080507, 0x050A0509, 0x050C050B, 0x050E050D, 0x0510050F, 0x05120511, 0x05140513, 0x05160515, 0x05180517, 0x051A0519, 0x051C051B, 0x051E051D, 0x0520051F, 0x05220521, 0x05240523, 0x05260525, 0x05280527, 0x052A0529, 0x052C052B, 0x052E052D, 0x0530052F, 0x05320531, 0x05340533, 0x05360535, 0x05380537, 0x053A0539, 0x053C053B, 0x053E053D, 0x0540053F, 0x05420541, 0x05440543, 0x05460545, 0x05480547, 0x054A0549, 0x054C054B, 0x054E054D, 0x0550054F, 0x05520551, 0x05540553, 0x05560555, 0x05580557, 0x055A0559, 0x055C055B, 0x055E055D, 0x0560055F, 0x05620561, 0x05640563, 0x05660565, 0x05680567, 0x056A0569, 0x056C056B, 0x056E056D, 0x0570056F, 0x05720571, 0x05740573, 0x05760575, 0x05780577, 0x057A0579, 0x057C057B, 0x057E057D, 0x0580057F, 0x05820581, 0x05840583, 0x05860585, 0x05880587, 0x058A0589, 0x058C058B, 0x058E058D, 0x0590058F, 0x05920591, 0x05940593, 0x05960595, 0x05980597, 0x059A0599, 0x059C059B, 0x059E059D, 0x05A0059F, 0x05A205A1, 0x05A405A3, 0x05A605A5, 0x05A805A7, 0x05AA05A9, 0x05AC05AB, 0x05AE05AD, 0x05B005AF, 0x05B205B1, 0x05B405B3, 0x05B605B5, 0x05B805B7, 0x05BA05B9, 0x05BC05BB, 0x05BE05BD, 0x05C005BF, 0x05C205C1, 0x05C405C3, 0x05C605C5, 0x05C805C7, 0x05CA05C9, 0x05CC05CB, 0x05CE05CD, 0x05D005CF, 0x05D205D1, 0x05D405D3, 0x05D605D5, 0x05D805D7, 0x05DA05D9, 0x05DC05DB, 0x05DE05DD, 0x05E005DF, 0x05E205E1, 0x05E405E3, 0x05E605E5, 0x05E805E7, 0x05EA05E9, 0x05EC05EB, 0x05EE05ED, 0x05F005EF, 0x05F205F1, 0x05F405F3, 0x05F605F5, 0x05F805F7, 0x05FA05F9, 0x05FC05FB, 0x05FE05FD, 0x060005FF, 0x06020601, 0x06040603, 0x06060605, 0x06080607, 0x060A0609, 0x060C060B, 0x060E060D, 0x0610060F, 0x06120611, 0x06140613, 0x06160615, 0x06180617, 0x061A0619, 0x061C061B, 0x061E061D, 0x0620061F, 0x06220621, 0x06240623, 0x06260625, 0x06280627, 0x062A0629, 0x062C062B, 0x062E062D, 0x0630062F, 0x06320631, 0x06340633, 0x06360635, 0x06380637, 0x063A0639, 0x063C063B, 0x063E063D, 0x0640063F, 0x06420641, 0x06440643, 0x06460645, 0x06480647, 0x064A0649, 0x064C064B, 0x064E064D, 0x0650064F, 0x06520651, 0x06540653, 0x06560655, 0x06580657, 0x065A0659, 0x065C065B, 0x065E065D, 0x0660065F, 0x06620661, 0x06640663, 0x06660665, 0x06680667, 0x066A0669, 0x066C066B, 0x066E066D, 0x0670066F, 0x06720671, 0x06740673, 0x06760675, 0x06780677, 0x067A0679, 0x067C067B, 0x067E067D, 0x0680067F, 0x06820681, 0x06840683, 0x06860685, 0x06880687, 0x068A0689, 0x068C068B, 0x068E068D, 0x0690068F, 0x06920691, 0x06940693, 0x06960695, 0x06980697, 0x069A0699, 0x069C069B, 0x069E069D, 0x06A0069F, 0x06A206A1, 0x06A406A3, 0x06A606A5, 0x06A806A7, 0x06AA06A9, 0x06AC06AB, 0x06AE06AD, 0x06B006AF, 0x06B206B1, 0x06B406B3, 0x06B606B5, 0x06B806B7, 0x06BA06B9, 0x06BC06BB, 0x06BE06BD, 0x06C006BF, 0x06C206C1, 0x06C406C3, 0x06C606C5, 0x06C806C7, 0x06CA06C9, 0x06CC06CB, 0x06CE06CD, 0x06D006CF, 0x06D206D1, 0x06D406D3, 0x06D606D5, 0x06D806D7, 0x06DA06D9, 0x06DC06DB, 0x06DE06DD, 0x06E006DF, 0x06E206E1, 0x06E406E3, 0x06E606E5, 0x06E806E7, 0x06EA06E9, 0x06EC06EB, 0x06EE06ED, 0x06F006EF, 0x06F206F1, 0x06F406F3, 0x06F606F5, 0x06F806F7, 0x06FA06F9, 0x06FC06FB, 0x06FE06FD, 0x070006FF, 0x07020701, 0x07040703, 0x07060705, 0x07080707, 0x070A0709, 0x070C070B, 0x070E070D, 0x0710070F, 0x07120711, 0x07140713, 0x07160715, 0x07180717, 0x071A0719, 0x071C071B, 0x071E071D, 0x0720071F, 0x07220721, 0x07240723, 0x07260725, 0x07280727, 0x072A0729, 0x072C072B, 0x072E072D, 0x0730072F, 0x07320731, 0x07340733, 0x07360735, 0x07380737, 0x073A0739, 0x073C073B, 0x073E073D, 0x0740073F, 0x07420741, 0x07440743, 0x07460745, 0x07480747, 0x074A0749, 0x074C074B, 0x074E074D, 0x0750074F, 0x07520751, 0x07540753, 0x07560755, 0x07580757, 0x075A0759, 0x075C075B, 0x075E075D, 0x0760075F, 0x07620761, 0x07640763, 0x07660765, 0x07680767, 0x076A0769, 0x076C076B, 0x076E076D, 0x0770076F, 0x07720771, 0x07740773, 0x07760775, 0x07780777, 0x077A0779, 0x077C077B, 0x077E077D, 0x0780077F, 0x07820781, 0x07840783, 0x07860785, 0x07880787, 0x078A0789, 0x078C078B, 0x078E078D, 0x0790078F, 0x07920791, 0x07940793, 0x07960795, 0x07980797, 0x079A0799, 0x079C079B, 0x079E079D, 0x07A0079F, 0x07A207A1, 0x07A407A3, 0x07A607A5, 0x07A807A7, 0x07AA07A9, 0x07AC07AB, 0x07AE07AD, 0x07B007AF, 0x07B207B1, 0x07B407B3, 0x07B607B5, 0x07B807B7, 0x07BA07B9, 0x07BC07BB, 0x07BE07BD, 0x07C007BF, 0x07C207C1, 0x07C407C3, 0x07C607C5, 0x07C807C7, 0x07CA07C9, 0x07CC07CB, 0x07CE07CD, 0x07D007CF,
      ^
../src/include/test_kem.c:293:6: note: previous definition of 'S' was here
  u32 S[16] = {0x00010003, 0x00050007, 0x0009000B, 0x000D000F, 0x00110013, 0x00150017, 0x0019001B, 0x001D001F, 0x00210023, 0x00250027, 0x0029002B, 0x002D002F, 0x00310033, 0x00350037, 0x0039003B, 0x003D003F};
      ^
../src/include/test_kem.c:311:17: error: 'A2' undeclared (first use in this function); did you mean 'B2'?
  matrix_AS_mult(A2, S2, B2);
                 ^~
                 B2
../src/include/test_kem.c:311:17: note: each undeclared identifier is reported only once for each function it appears in
../src/include/test_kem.c:311:21: error: 'S2' undeclared (first use in this function); did you mean 'B2'?
  matrix_AS_mult(A2, S2, B2);
                     ^~
                     B2
../src/include/test_kem.c:305:6: warning: unused variable 'S' [-Wunused-variable]
  u32 S[2560] = {0x00020001, 0x00040003, 0x00060005, 0x00080007, 0x000A0009, 0x000C000B, 0x000E000D, 0x0010000F, 0x00120011, 0x00140013, 0x00160015, 0x00180017, 0x001A0019, 0x001C001B, 0x001E001D, 0x0020001F, 0x00220021, 0x00240023, 0x00260025, 0x00280027, 0x002A0029, 0x002C002B, 0x002E002D, 0x0030002F, 0x00320031, 0x00340033, 0x00360035, 0x00380037, 0x003A0039, 0x003C003B, 0x003E003D, 0x0040003F, 0x00420041, 0x00440043, 0x00460045, 0x00480047, 0x004A0049, 0x004C004B, 0x004E004D, 0x0050004F, 0x00520051, 0x00540053, 0x00560055, 0x00580057, 0x005A0059, 0x005C005B, 0x005E005D, 0x0060005F, 0x00620061, 0x00640063, 0x00660065, 0x00680067, 0x006A0069, 0x006C006B, 0x006E006D, 0x0070006F, 0x00720071, 0x00740073, 0x00760075, 0x00780077, 0x007A0079, 0x007C007B, 0x007E007D, 0x0080007F, 0x00820081, 0x00840083, 0x00860085, 0x00880087, 0x008A0089, 0x008C008B, 0x008E008D, 0x0090008F, 0x00920091, 0x00940093, 0x00960095, 0x00980097, 0x009A0099, 0x009C009B, 0x009E009D, 0x00A0009F, 0x00A200A1, 0x00A400A3, 0x00A600A5, 0x00A800A7, 0x00AA00A9, 0x00AC00AB, 0x00AE00AD, 0x00B000AF, 0x00B200B1, 0x00B400B3, 0x00B600B5, 0x00B800B7, 0x00BA00B9, 0x00BC00BB, 0x00BE00BD, 0x00C000BF, 0x00C200C1, 0x00C400C3, 0x00C600C5, 0x00C800C7, 0x00CA00C9, 0x00CC00CB, 0x00CE00CD, 0x00D000CF, 0x00D200D1, 0x00D400D3, 0x00D600D5, 0x00D800D7, 0x00DA00D9, 0x00DC00DB, 0x00DE00DD, 0x00E000DF, 0x00E200E1, 0x00E400E3, 0x00E600E5, 0x00E800E7, 0x00EA00E9, 0x00EC00EB, 0x00EE00ED, 0x00F000EF, 0x00F200F1, 0x00F400F3, 0x00F600F5, 0x00F800F7, 0x00FA00F9, 0x00FC00FB, 0x00FE00FD, 0x010000FF, 0x01020101, 0x01040103, 0x01060105, 0x01080107, 0x010A0109, 0x010C010B, 0x010E010D, 0x0110010F, 0x01120111, 0x01140113, 0x01160115, 0x01180117, 0x011A0119, 0x011C011B, 0x011E011D, 0x0120011F, 0x01220121, 0x01240123, 0x01260125, 0x01280127, 0x012A0129, 0x012C012B, 0x012E012D, 0x0130012F, 0x01320131, 0x01340133, 0x01360135, 0x01380137, 0x013A0139, 0x013C013B, 0x013E013D, 0x0140013F, 0x01420141, 0x01440143, 0x01460145, 0x01480147, 0x014A0149, 0x014C014B, 0x014E014D, 0x0150014F, 0x01520151, 0x01540153, 0x01560155, 0x01580157, 0x015A0159, 0x015C015B, 0x015E015D, 0x0160015F, 0x01620161, 0x01640163, 0x01660165, 0x01680167, 0x016A0169, 0x016C016B, 0x016E016D, 0x0170016F, 0x01720171, 0x01740173, 0x01760175, 0x01780177, 0x017A0179, 0x017C017B, 0x017E017D, 0x0180017F, 0x01820181, 0x01840183, 0x01860185, 0x01880187, 0x018A0189, 0x018C018B, 0x018E018D, 0x0190018F, 0x01920191, 0x01940193, 0x01960195, 0x01980197, 0x019A0199, 0x019C019B, 0x019E019D, 0x01A0019F, 0x01A201A1, 0x01A401A3, 0x01A601A5, 0x01A801A7, 0x01AA01A9, 0x01AC01AB, 0x01AE01AD, 0x01B001AF, 0x01B201B1, 0x01B401B3, 0x01B601B5, 0x01B801B7, 0x01BA01B9, 0x01BC01BB, 0x01BE01BD, 0x01C001BF, 0x01C201C1, 0x01C401C3, 0x01C601C5, 0x01C801C7, 0x01CA01C9, 0x01CC01CB, 0x01CE01CD, 0x01D001CF, 0x01D201D1, 0x01D401D3, 0x01D601D5, 0x01D801D7, 0x01DA01D9, 0x01DC01DB, 0x01DE01DD, 0x01E001DF, 0x01E201E1, 0x01E401E3, 0x01E601E5, 0x01E801E7, 0x01EA01E9, 0x01EC01EB, 0x01EE01ED, 0x01F001EF, 0x01F201F1, 0x01F401F3, 0x01F601F5, 0x01F801F7, 0x01FA01F9, 0x01FC01FB, 0x01FE01FD, 0x020001FF, 0x02020201, 0x02040203, 0x02060205, 0x02080207, 0x020A0209, 0x020C020B, 0x020E020D, 0x0210020F, 0x02120211, 0x02140213, 0x02160215, 0x02180217, 0x021A0219, 0x021C021B, 0x021E021D, 0x0220021F, 0x02220221, 0x02240223, 0x02260225, 0x02280227, 0x022A0229, 0x022C022B, 0x022E022D, 0x0230022F, 0x02320231, 0x02340233, 0x02360235, 0x02380237, 0x023A0239, 0x023C023B, 0x023E023D, 0x0240023F, 0x02420241, 0x02440243, 0x02460245, 0x02480247, 0x024A0249, 0x024C024B, 0x024E024D, 0x0250024F, 0x02520251, 0x02540253, 0x02560255, 0x02580257, 0x025A0259, 0x025C025B, 0x025E025D, 0x0260025F, 0x02620261, 0x02640263, 0x02660265, 0x02680267, 0x026A0269, 0x026C026B, 0x026E026D, 0x0270026F, 0x02720271, 0x02740273, 0x02760275, 0x02780277, 0x027A0279, 0x027C027B, 0x027E027D, 0x0280027F, 0x02820281, 0x02840283, 0x02860285, 0x02880287, 0x028A0289, 0x028C028B, 0x028E028D, 0x0290028F, 0x02920291, 0x02940293, 0x02960295, 0x02980297, 0x029A0299, 0x029C029B, 0x029E029D, 0x02A0029F, 0x02A202A1, 0x02A402A3, 0x02A602A5, 0x02A802A7, 0x02AA02A9, 0x02AC02AB, 0x02AE02AD, 0x02B002AF, 0x02B202B1, 0x02B402B3, 0x02B602B5, 0x02B802B7, 0x02BA02B9, 0x02BC02BB, 0x02BE02BD, 0x02C002BF, 0x02C202C1, 0x02C402C3, 0x02C602C5, 0x02C802C7, 0x02CA02C9, 0x02CC02CB, 0x02CE02CD, 0x02D002CF, 0x02D202D1, 0x02D402D3, 0x02D602D5, 0x02D802D7, 0x02DA02D9, 0x02DC02DB, 0x02DE02DD, 0x02E002DF, 0x02E202E1, 0x02E402E3, 0x02E602E5, 0x02E802E7, 0x02EA02E9, 0x02EC02EB, 0x02EE02ED, 0x02F002EF, 0x02F202F1, 0x02F402F3, 0x02F602F5, 0x02F802F7, 0x02FA02F9, 0x02FC02FB, 0x02FE02FD, 0x030002FF, 0x03020301, 0x03040303, 0x03060305, 0x03080307, 0x030A0309, 0x030C030B, 0x030E030D, 0x0310030F, 0x03120311, 0x03140313, 0x03160315, 0x03180317, 0x031A0319, 0x031C031B, 0x031E031D, 0x0320031F, 0x03220321, 0x03240323, 0x03260325, 0x03280327, 0x032A0329, 0x032C032B, 0x032E032D, 0x0330032F, 0x03320331, 0x03340333, 0x03360335, 0x03380337, 0x033A0339, 0x033C033B, 0x033E033D, 0x0340033F, 0x03420341, 0x03440343, 0x03460345, 0x03480347, 0x034A0349, 0x034C034B, 0x034E
[...]
      ^
../src/include/test_kem.c:246:130: warning: unused variable 't_total_keccak_hw_mm_matrix_hw' [-Wunused-variable]
  volatile unsigned int t_keypair_keccak_hw_mm_matrix_hw = 0, t_enc_keccak_hw_mm_matrix_hw = 0, t_dec_keccak_hw_mm_matrix_hw = 0, t_total_keccak_hw_mm_matrix_hw = 0;
                                                                                                                                  ^~~~~~~~~~~~~~~~~~~~~~~~~~~~~~
../src/include/test_kem.c:246:96: warning: unused variable 't_dec_keccak_hw_mm_matrix_hw' [-Wunused-variable]
  volatile unsigned int t_keypair_keccak_hw_mm_matrix_hw = 0, t_enc_keccak_hw_mm_matrix_hw = 0, t_dec_keccak_hw_mm_matrix_hw = 0, t_total_keccak_hw_mm_matrix_hw = 0;
                                                                                                ^~~~~~~~~~~~~~~~~~~~~~~~~~~~
../src/include/test_kem.c:246:62: warning: unused variable 't_enc_keccak_hw_mm_matrix_hw' [-Wunused-variable]
  volatile unsigned int t_keypair_keccak_hw_mm_matrix_hw = 0, t_enc_keccak_hw_mm_matrix_hw = 0, t_dec_keccak_hw_mm_matrix_hw = 0, t_total_keccak_hw_mm_matrix_hw = 0;
                                                              ^~~~~~~~~~~~~~~~~~~~~~~~~~~~
../src/include/test_kem.c:246:24: warning: unused variable 't_keypair_keccak_hw_mm_matrix_hw' [-Wunused-variable]
  volatile unsigned int t_keypair_keccak_hw_mm_matrix_hw = 0, t_enc_keccak_hw_mm_matrix_hw = 0, t_dec_keccak_hw_mm_matrix_hw = 0, t_total_keccak_hw_mm_matrix_hw = 0;
                        ^~~~~~~~~~~~~~~~~~~~~~~~~~~~~~~~
../src/include/test_kem.c:245:121: warning: unused variable 't_total_keccak_hw_matrix_hw' [-Wunused-variable]
  volatile unsigned int t_keypair_keccak_hw_matrix_hw = 0, t_enc_keccak_hw_matrix_hw = 0, t_dec_keccak_hw_matrix_hw = 0, t_total_keccak_hw_matrix_hw = 0;
                                                                                                                         ^~~~~~~~~~~~~~~~~~~~~~~~~~~
../src/include/test_kem.c:245:90: warning: unused variable 't_dec_keccak_hw_matrix_hw' [-Wunused-variable]
  volatile unsigned int t_keypair_keccak_hw_matrix_hw = 0, t_enc_keccak_hw_matrix_hw = 0, t_dec_keccak_hw_matrix_hw = 0, t_total_keccak_hw_matrix_hw = 0;
                                                                                          ^~~~~~~~~~~~~~~~~~~~~~~~~
../src/include/test_kem.c:245:59: warning: unused variable 't_enc_keccak_hw_matrix_hw' [-Wunused-variable]
  volatile unsigned int t_keypair_keccak_hw_matrix_hw = 0, t_enc_keccak_hw_matrix_hw = 0, t_dec_keccak_hw_matrix_hw = 0, t_total_keccak_hw_matrix_hw = 0;
                                                           ^~~~~~~~~~~~~~~~~~~~~~~~~
../src/include/test_kem.c:245:24: warning: unused variable 't_keypair_keccak_hw_matrix_hw' [-Wunused-variable]
  volatile unsigned int t_keypair_keccak_hw_matrix_hw = 0, t_enc_keccak_hw_matrix_hw = 0, t_dec_keccak_hw_matrix_hw = 0, t_total_keccak_hw_matrix_hw = 0;
                        ^~~~~~~~~~~~~~~~~~~~~~~~~~~~~
../src/include/test_kem.c:244:121: warning: unused variable 't_total_keccak_sw_matrix_hw' [-Wunused-variable]
  volatile unsigned int t_keypair_keccak_sw_matrix_hw = 0, t_enc_keccak_sw_matrix_hw = 0, t_dec_keccak_sw_matrix_hw = 0, t_total_keccak_sw_matrix_hw = 0;
                                                                                                                         ^~~~~~~~~~~~~~~~~~~~~~~~~~~
../src/include/test_kem.c:244:90: warning: unused variable 't_dec_keccak_sw_matrix_hw' [-Wunused-variable]
  volatile unsigned int t_keypair_keccak_sw_matrix_hw = 0, t_enc_keccak_sw_matrix_hw = 0, t_dec_keccak_sw_matrix_hw = 0, t_total_keccak_sw_matrix_hw = 0;
                                                                                          ^~~~~~~~~~~~~~~~~~~~~~~~~
../src/include/test_kem.c:244:59: warning: unused variable 't_enc_keccak_sw_matrix_hw' [-Wunused-variable]
  volatile unsigned int t_keypair_keccak_sw_matrix_hw = 0, t_enc_keccak_sw_matrix_hw = 0, t_dec_keccak_sw_matrix_hw = 0, t_total_keccak_sw_matrix_hw = 0;
                                                           ^~~~~~~~~~~~~~~~~~~~~~~~~
../src/include/test_kem.c:244:24: warning: unused variable 't_keypair_keccak_sw_matrix_hw' [-Wunused-variable]
  volatile unsigned int t_keypair_keccak_sw_matrix_hw = 0, t_enc_keccak_sw_matrix_hw = 0, t_dec_keccak_sw_matrix_hw = 0, t_total_keccak_sw_matrix_hw = 0;
                        ^~~~~~~~~~~~~~~~~~~~~~~~~~~~~
../src/include/test_kem.c:243:130: warning: unused variable 't_total_keccak_hw_mm_matrix_sw' [-Wunused-variable]
  volatile unsigned int t_keypair_keccak_hw_mm_matrix_sw = 0, t_enc_keccak_hw_mm_matrix_sw = 0, t_dec_keccak_hw_mm_matrix_sw = 0, t_total_keccak_hw_mm_matrix_sw = 0;
                                                                                                                                  ^~~~~~~~~~~~~~~~~~~~~~~~~~~~~~
../src/include/test_kem.c:243:96: warning: unused variable 't_dec_keccak_hw_mm_matrix_sw' [-Wunused-variable]
  volatile unsigned int t_keypair_keccak_hw_mm_matrix_sw = 0, t_enc_keccak_hw_mm_matrix_sw = 0, t_dec_keccak_hw_mm_matrix_sw = 0, t_total_keccak_hw_mm_matrix_sw = 0;
                                                                                                ^~~~~~~~~~~~~~~~~~~~~~~~~~~~
../src/include/test_kem.c:243:62: warning: unused variable 't_enc_keccak_hw_mm_matrix_sw' [-Wunused-variable]
  volatile unsigned int t_keypair_keccak_hw_mm_matrix_sw = 0, t_enc_keccak_hw_mm_matrix_sw = 0, t_dec_keccak_hw_mm_matrix_sw = 0, t_total_keccak_hw_mm_matrix_sw = 0;
                                                              ^~~~~~~~~~~~~~~~~~~~~~~~~~~~
../src/include/test_kem.c:243:24: warning: unused variable 't_keypair_keccak_hw_mm_matrix_sw' [-Wunused-variable]
  volatile unsigned int t_keypair_keccak_hw_mm_matrix_sw = 0, t_enc_keccak_hw_mm_matrix_sw = 0, t_dec_keccak_hw_mm_matrix_sw = 0, t_total_keccak_hw_mm_matrix_sw = 0;
                        ^~~~~~~~~~~~~~~~~~~~~~~~~~~~~~~~
../src/include/test_kem.c:242:121: warning: unused variable 't_total_keccak_hw_matrix_sw' [-Wunused-variable]
  volatile unsigned int t_keypair_keccak_hw_matrix_sw = 0, t_enc_keccak_hw_matrix_sw = 0, t_dec_keccak_hw_matrix_sw = 0, t_total_keccak_hw_matrix_sw = 0;
                                                                                                                         ^~~~~~~~~~~~~~~~~~~~~~~~~~~
../src/include/test_kem.c:242:90: warning: unused variable 't_dec_keccak_hw_matrix_sw' [-Wunused-variable]
  volatile unsigned int t_keypair_keccak_hw_matrix_sw = 0, t_enc_keccak_hw_matrix_sw = 0, t_dec_keccak_hw_matrix_sw = 0, t_total_keccak_hw_matrix_sw = 0;
                                                                                          ^~~~~~~~~~~~~~~~~~~~~~~~~
../src/include/test_kem.c:242:59: warning: unused variable 't_enc_keccak_hw_matrix_sw' [-Wunused-variable]
  volatile unsigned int t_keypair_keccak_hw_matrix_sw = 0, t_enc_keccak_hw_matrix_sw = 0, t_dec_keccak_hw_matrix_sw = 0, t_total_keccak_hw_matrix_sw = 0;
                                                           ^~~~~~~~~~~~~~~~~~~~~~~~~
../src/include/test_kem.c:242:24: warning: unused variable 't_keypair_keccak_hw_matrix_sw' [-Wunused-variable]
  volatile unsigned int t_keypair_keccak_hw_matrix_sw = 0, t_enc_keccak_hw_matrix_sw = 0, t_dec_keccak_hw_matrix_sw = 0, t_total_keccak_hw_matrix_sw = 0;
                        ^~~~~~~~~~~~~~~~~~~~~~~~~~~~~
../src/include/test_kem.c:241:121: warning: unused variable 't_total_keccak_sw_matrix_sw' [-Wunused-variable]
  volatile unsigned int t_keypair_keccak_sw_matrix_sw = 0, t_enc_keccak_sw_matrix_sw = 0, t_dec_keccak_sw_matrix_sw = 0, t_total_keccak_sw_matrix_sw = 0;
                                                                                                                         ^~~~~~~~~~~~~~~~~~~~~~~~~~~
../src/include/test_kem.c:241:90: warning: unused variable 't_dec_keccak_sw_matrix_sw' [-Wunused-variable]
  volatile unsigned int t_keypair_keccak_sw_matrix_sw = 0, t_enc_keccak_sw_matrix_sw = 0, t_dec_keccak_sw_matrix_sw = 0, t_total_keccak_sw_matrix_sw = 0;
                                                                                          ^~~~~~~~~~~~~~~~~~~~~~~~~
../src/include/test_kem.c:241:59: warning: unused variable 't_enc_keccak_sw_matrix_sw' [-Wunused-variable]
  volatile unsigned int t_keypair_keccak_sw_matrix_sw = 0, t_enc_keccak_sw_matrix_sw = 0, t_dec_keccak_sw_matrix_sw = 0, t_total_keccak_sw_matrix_sw = 0;
                                                           ^~~~~~~~~~~~~~~~~~~~~~~~~
../src/include/test_kem.c:241:24: warning: unused variable 't_keypair_keccak_sw_matrix_sw' [-Wunused-variable]
  volatile unsigned int t_keypair_keccak_sw_matrix_sw = 0, t_enc_keccak_sw_matrix_sw = 0, t_dec_keccak_sw_matrix_sw = 0, t_total_keccak_sw_matrix_sw = 0;
                        ^~~~~~~~~~~~~~~~~~~~~~~~~~~~~
../src/include/test_kem.c: In function 'frodo_mul_add_sa_plus_e':
../src/include/test_kem.c:194:1: warning: control reaches end of non-void function [-Wreturn-type]
 }
 ^
make: *** [src/include/subdir.mk:44: src/include/test_kem.o] Error 1
10:04:53 **** Incremental Build of configuration Debug for project frodo_sdk ****
make pre-build main-build 
a9-linaro-pre-build-step
 
Building file: ../src/include/test_kem.c
Invoking: ARM v7 gcc compiler
arm-none-eabi-gcc -Wall -O0 -g3 -c -fmessage-length=0 -MT"src/include/test_kem.o" -mcpu=cortex-a9 -mfpu=vfpv3 -mfloat-abi=hard -I../../frodo_sdk_bsp/ps7_cortexa9_0/include -MMD -MP -MF"src/include/test_kem.d" -MT"src/include/test_kem.o" -o "src/include/test_kem.o" "../src/include/test_kem.c"
../src/include/test_kem.c: In function 'matrix_AS_mult':
../src/include/test_kem.c:79:9: warning: unused variable 'j' [-Wunused-variable]
  int i, j;
         ^
../src/include/test_kem.c: In function 'kem_test':
../src/include/test_kem.c:246:130: warning: unused variable 't_total_keccak_hw_mm_matrix_hw' [-Wunused-variable]
  volatile unsigned int t_keypair_keccak_hw_mm_matrix_hw = 0, t_enc_keccak_hw_mm_matrix_hw = 0, t_dec_keccak_hw_mm_matrix_hw = 0, t_total_keccak_hw_mm_matrix_hw = 0;
                                                                                                                                  ^~~~~~~~~~~~~~~~~~~~~~~~~~~~~~
../src/include/test_kem.c:246:96: warning: unused variable 't_dec_keccak_hw_mm_matrix_hw' [-Wunused-variable]
  volatile unsigned int t_keypair_keccak_hw_mm_matrix_hw = 0, t_enc_keccak_hw_mm_matrix_hw = 0, t_dec_keccak_hw_mm_matrix_hw = 0, t_total_keccak_hw_mm_matrix_hw = 0;
                                                                                                ^~~~~~~~~~~~~~~~~~~~~~~~~~~~
../src/include/test_kem.c:246:62: warning: unused variable 't_enc_keccak_hw_mm_matrix_hw' [-Wunused-variable]
  volatile unsigned int t_keypair_keccak_hw_mm_matrix_hw = 0, t_enc_keccak_hw_mm_matrix_hw = 0, t_dec_keccak_hw_mm_matrix_hw = 0, t_total_keccak_hw_mm_matrix_hw = 0;
                                                              ^~~~~~~~~~~~~~~~~~~~~~~~~~~~
../src/include/test_kem.c:246:24: warning: unused variable 't_keypair_keccak_hw_mm_matrix_hw' [-Wunused-variable]
  volatile unsigned int t_keypair_keccak_hw_mm_matrix_hw = 0, t_enc_keccak_hw_mm_matrix_hw = 0, t_dec_keccak_hw_mm_matrix_hw = 0, t_total_keccak_hw_mm_matrix_hw = 0;
                        ^~~~~~~~~~~~~~~~~~~~~~~~~~~~~~~~
../src/include/test_kem.c:245:121: warning: unused variable 't_total_keccak_hw_matrix_hw' [-Wunused-variable]
  volatile unsigned int t_keypair_keccak_hw_matrix_hw = 0, t_enc_keccak_hw_matrix_hw = 0, t_dec_keccak_hw_matrix_hw = 0, t_total_keccak_hw_matrix_hw = 0;
                                                                                                                         ^~~~~~~~~~~~~~~~~~~~~~~~~~~
../src/include/test_kem.c:245:90: warning: unused variable 't_dec_keccak_hw_matrix_hw' [-Wunused-variable]
  volatile unsigned int t_keypair_keccak_hw_matrix_hw = 0, t_enc_keccak_hw_matrix_hw = 0, t_dec_keccak_hw_matrix_hw = 0, t_total_keccak_hw_matrix_hw = 0;
                                                                                          ^~~~~~~~~~~~~~~~~~~~~~~~~
../src/include/test_kem.c:245:59: warning: unused variable 't_enc_keccak_hw_matrix_hw' [-Wunused-variable]
  volatile unsigned int t_keypair_keccak_hw_matrix_hw = 0, t_enc_keccak_hw_matrix_hw = 0, t_dec_keccak_hw_matrix_hw = 0, t_total_keccak_hw_matrix_hw = 0;
                                                           ^~~~~~~~~~~~~~~~~~~~~~~~~
../src/include/test_kem.c:245:24: warning: unused variable 't_keypair_keccak_hw_matrix_hw' [-Wunused-variable]
  volatile unsigned int t_keypair_keccak_hw_matrix_hw = 0, t_enc_keccak_hw_matrix_hw = 0, t_dec_keccak_hw_matrix_hw = 0, t_total_keccak_hw_matrix_hw = 0;
                        ^~~~~~~~~~~~~~~~~~~~~~~~~~~~~
../src/include/test_kem.c:244:121: warning: unused variable 't_total_keccak_sw_matrix_hw' [-Wunused-variable]
  volatile unsigned int t_keypair_keccak_sw_matrix_hw = 0, t_enc_keccak_sw_matrix_hw = 0, t_dec_keccak_sw_matrix_hw = 0, t_total_keccak_sw_matrix_hw = 0;
                                                                                                                         ^~~~~~~~~~~~~~~~~~~~~~~~~~~
../src/include/test_kem.c:244:90: warning: unused variable 't_dec_keccak_sw_matrix_hw' [-Wunused-variable]
  volatile unsigned int t_keypair_keccak_sw_matrix_hw = 0, t_enc_keccak_sw_matrix_hw = 0, t_dec_keccak_sw_matrix_hw = 0, t_total_keccak_sw_matrix_hw = 0;
                                                                                          ^~~~~~~~~~~~~~~~~~~~~~~~~
../src/include/test_kem.c:244:59: warning: unused variable 't_enc_keccak_sw_matrix_hw' [-Wunused-variable]
  volatile unsigned int t_keypair_keccak_sw_matrix_hw = 0, t_enc_keccak_sw_matrix_hw = 0, t_dec_keccak_sw_matrix_hw = 0, t_total_keccak_sw_matrix_hw = 0;
                                                           ^~~~~~~~~~~~~~~~~~~~~~~~~
../src/include/test_kem.c:244:24: warning: unused variable 't_keypair_keccak_sw_matrix_hw' [-Wunused-variable]
  volatile unsigned int t_keypair_keccak_sw_matrix_hw = 0, t_enc_keccak_sw_matrix_hw = 0, t_dec_keccak_sw_matrix_hw = 0, t_total_keccak_sw_matrix_hw = 0;
                        ^~~~~~~~~~~~~~~~~~~~~~~~~~~~~
../src/include/test_kem.c:243:130: warning: unused variable 't_total_keccak_hw_mm_matrix_sw' [-Wunused-variable]
  volatile unsigned int t_keypair_keccak_hw_mm_matrix_sw = 0, t_enc_keccak_hw_mm_matrix_sw = 0, t_dec_keccak_hw_mm_matrix_sw = 0, t_total_keccak_hw_mm_matrix_sw = 0;
                                                                                                                                  ^~~~~~~~~~~~~~~~~~~~~~~~~~~~~~
../src/include/test_kem.c:243:96: warning: unused variable 't_dec_keccak_hw_mm_matrix_sw' [-Wunused-variable]
  volatile unsigned int t_keypair_keccak_hw_mm_matrix_sw = 0, t_enc_keccak_hw_mm_matrix_sw = 0, t_dec_keccak_hw_mm_matrix_sw = 0, t_total_keccak_hw_mm_matrix_sw = 0;
                                                                                                ^~~~~~~~~~~~~~~~~~~~~~~~~~~~
../src/include/test_kem.c:243:62: warning: unused variable 't_enc_keccak_hw_mm_matrix_sw' [-Wunused-variable]
  volatile unsigned int t_keypair_keccak_hw_mm_matrix_sw = 0, t_enc_keccak_hw_mm_matrix_sw = 0, t_dec_keccak_hw_mm_matrix_sw = 0, t_total_keccak_hw_mm_matrix_sw = 0;
                                                              ^~~~~~~~~~~~~~~~~~~~~~~~~~~~
../src/include/test_kem.c:243:24: warning: unused variable 't_keypair_keccak_hw_mm_matrix_sw' [-Wunused-variable]
  volatile unsigned int t_keypair_keccak_hw_mm_matrix_sw = 0, t_enc_keccak_hw_mm_matrix_sw = 0, t_dec_keccak_hw_mm_matrix_sw = 0, t_total_keccak_hw_mm_matrix_sw = 0;
                        ^~~~~~~~~~~~~~~~~~~~~~~~~~~~~~~~
../src/include/test_kem.c:242:121: warning: unused variable 't_total_keccak_hw_matrix_sw' [-Wunused-variable]
  volatile unsigned int t_keypair_keccak_hw_matrix_sw = 0, t_enc_keccak_hw_matrix_sw = 0, t_dec_keccak_hw_matrix_sw = 0, t_total_keccak_hw_matrix_sw = 0;
                                                                                                                         ^~~~~~~~~~~~~~~~~~~~~~~~~~~
../src/include/test_kem.c:242:90: warning: unused variable 't_dec_keccak_hw_matrix_sw' [-Wunused-variable]
  volatile unsigned int t_keypair_keccak_hw_matrix_sw = 0, t_enc_keccak_hw_matrix_sw = 0, t_dec_keccak_hw_matrix_sw = 0, t_total_keccak_hw_matrix_sw = 0;
                                                                                          ^~~~~~~~~~~~~~~~~~~~~~~~~
../src/include/test_kem.c:242:59: warning: unused variable 't_enc_keccak_hw_matrix_sw' [-Wunused-variable]
  volatile unsigned int t_keypair_keccak_hw_matrix_sw = 0, t_enc_keccak_hw_matrix_sw = 0, t_dec_keccak_hw_matrix_sw = 0, t_total_keccak_hw_matrix_sw = 0;
                                                           ^~~~~~~~~~~~~~~~~~~~~~~~~
../src/include/test_kem.c:242:24: warning: unused variable 't_keypair_keccak_hw_matrix_sw' [-Wunused-variable]
  volatile unsigned int t_keypair_keccak_hw_matrix_sw = 0, t_enc_keccak_hw_matrix_sw = 0, t_dec_keccak_hw_matrix_sw = 0, t_total_keccak_hw_matrix_sw = 0;
                        ^~~~~~~~~~~~~~~~~~~~~~~~~~~~~
../src/include/test_kem.c:241:121: warning: unused variable 't_total_keccak_sw_matrix_sw' [-Wunused-variable]
  volatile unsigned int t_keypair_keccak_sw_matrix_sw = 0, t_enc_keccak_sw_matrix_sw = 0, t_dec_keccak_sw_matrix_sw = 0, t_total_keccak_sw_matrix_sw = 0;
                                                                                                                         ^~~~~~~~~~~~~~~~~~~~~~~~~~~
../src/include/test_kem.c:241:90: warning: unused variable 't_dec_keccak_sw_matrix_sw' [-Wunused-variable]
  volatile unsigned int t_keypair_keccak_sw_matrix_sw = 0, t_enc_keccak_sw_matrix_sw = 0, t_dec_keccak_sw_matrix_sw = 0, t_total_keccak_sw_matrix_sw = 0;
                                                                                          ^~~~~~~~~~~~~~~~~~~~~~~~~
../src/include/test_kem.c:241:59: warning: unused variable 't_enc_keccak_sw_matrix_sw' [-Wunused-variable]
  volatile unsigned int t_keypair_keccak_sw_matrix_sw = 0, t_enc_keccak_sw_matrix_sw = 0, t_dec_keccak_sw_matrix_sw = 0, t_total_keccak_sw_matrix_sw = 0;
                                                           ^~~~~~~~~~~~~~~~~~~~~~~~~
../src/include/test_kem.c:241:24: warning: unused variable 't_keypair_keccak_sw_matrix_sw' [-Wunused-variable]
  volatile unsigned int t_keypair_keccak_sw_matrix_sw = 0, t_enc_keccak_sw_matrix_sw = 0, t_dec_keccak_sw_matrix_sw = 0, t_total_keccak_sw_matrix_sw = 0;
                        ^~~~~~~~~~~~~~~~~~~~~~~~~~~~~
../src/include/test_kem.c: In function 'frodo_mul_add_sa_plus_e':
../src/include/test_kem.c:194:1: warning: control reaches end of non-void function [-Wreturn-type]
 }
 ^
Finished building: ../src/include/test_kem.c
 
Building target: frodo_sdk.elf
Invoking: ARM v7 gcc linker
arm-none-eabi-gcc -mcpu=cortex-a9 -mfpu=vfpv3 -mfloat-abi=hard -Wl,-build-id=none -specs=Xilinx.spec -Wl,-T -Wl,../src/lscript.ld -L../../frodo_sdk_bsp/ps7_cortexa9_0/lib -o "frodo_sdk.elf"  ./src/include/fips202.o ./src/include/frodo_macrify.o ./src/include/keccak_f1600.o ./src/include/kem.o ./src/include/noise.o ./src/include/random.o ./src/include/test_KEM640.o ./src/include/test_kem.o ./src/include/util.o  ./src/main.o ./src/platform.o   -Wl,--start-group,-lxil,-lgcc,-lc,--end-group
Finished building target: frodo_sdk.elf
 
Invoking: ARM v7 Print Size
arm-none-eabi-size frodo_sdk.elf  |tee "frodo_sdk.elf.size"
   text	   data	    bss	    dec	    hex	filename
 132112	   2744	2104368	2239224	 222af8	frodo_sdk.elf
Finished building: frodo_sdk.elf.size
 
