00:27:43 **** Incremental Build of configuration Debug for project frodo-client ****
make pre-build main-build 
a9-linaro-pre-build-step
 
Building file: ../src/main.c
Invoking: ARM v7 gcc compiler
arm-none-eabi-gcc -Wall -O0 -g3 -c -fmessage-length=0 -MT"src/main.o" -mcpu=cortex-a9 -mfpu=vfpv3 -mfloat-abi=hard -I../../frodo-client_bsp/ps7_cortexa9_0/include -MMD -MP -MF"src/main.d" -MT"src/main.o" -o "src/main.o" "../src/main.c"
In file included from ../src/include/weg_smw3000.h:11,
                 from ../src/include/global_def.h:29,
                 from ../src/main.c:30:
../src/include/global_def.h:306:1: warning: multi-line comment [-Wcomment]
 //#define print_debug(debugLevel, ...) \
 ^
In file included from ../src/main.c:30:
../src/include/global_def.h:306:1: warning: multi-line comment [-Wcomment]
 //#define print_debug(debugLevel, ...) \
 ^
In file included from ../src/main.c:30:
../src/main.c: In function 'main':
../src/include/global_def.h:315:11: warning: format '%x' expects argument of type 'unsigned int', but argument 5 has type 'u32' {aka 'long unsigned int'} [-Wformat=]
    printf("%s:%d:%s() | " fmt, __FILE__, __LINE__, __func__, ## __VA_ARGS__); \
           ^~~~~~~~~~~~~~~
../src/main.c:743:6: note: in expansion of macro 'print_debug'
      print_debug(DEBUG_MAIN, "Failed to get data (rv: 0x%08x).\r\n", rv);
      ^~~~~~~~~~~
../src/main.c:743:60: note: format string is defined here
      print_debug(DEBUG_MAIN, "Failed to get data (rv: 0x%08x).\r\n", rv);
                                                         ~~~^
                                                         %08lx
Finished building: ../src/main.c
 
Building target: frodo-client.elf
Invoking: ARM v7 gcc linker
arm-none-eabi-gcc -mcpu=cortex-a9 -mfpu=vfpv3 -mfloat-abi=hard -Wl,-build-id=none -specs=Xilinx.spec -Wl,-T -Wl,../src/lscript.ld -L../../frodo-client_bsp/ps7_cortexa9_0/lib -o "frodo-client.elf"  ./src/include/aes256ctr.o ./src/include/fips202.o ./src/include/frodo_macrify.o ./src/include/global_func.o ./src/include/keccak_f1600.o ./src/include/kem.o ./src/include/noise.o ./src/include/random.o ./src/include/test_KEM640.o ./src/include/test_kem.o ./src/include/util.o ./src/include/weg_smw3000.o  ./src/i2c_access.o ./src/iic_phyreset.o ./src/main.o ./src/platform.o ./src/platform_mb.o ./src/platform_zynq.o ./src/platform_zynqmp.o ./src/sfp.o ./src/si5324.o ./src/tcp_perf_client.o   -Wl,--start-group,-lxil,-lgcc,-lc,--end-group -Wl,--start-group,-lxil,-llwip4,-lgcc,-lc,--end-group
Finished building target: frodo-client.elf
 
Invoking: ARM v7 Print Size
arm-none-eabi-size frodo-client.elf  |tee "frodo-client.elf.size"
   text	   data	    bss	    dec	    hex	filename
 248008	   3768	31578400	31830176	1e5b0a0	frodo-client.elf
Finished building: frodo-client.elf.size
 
00:27:52 **** Incremental Build of configuration Debug for project frodo-client ****
make pre-build main-build 
a9-linaro-pre-build-step
 
make: Nothing to be done for 'main-build'.
00:28:14 **** Incremental Build of configuration Debug for project frodo-server ****
make pre-build main-build 
a9-linaro-pre-build-step
 
make: Nothing to be done for 'main-build'.
