19:26:56 **** Clean-only build of configuration Debug for project frodo_sdk ****
make clean 
rm -rf  ./src/include/keccak_f1600.o ./src/include/kem.o ./src/include/random.o ./src/include/test_KEM640.o ./src/include/test_kem.o  ./src/main.o ./src/platform.o  ./src/include/keccak_f1600.d ./src/include/kem.d ./src/include/random.d ./src/include/test_KEM640.d ./src/include/test_kem.d  ./src/main.d ./src/platform.d  frodo_sdk.elf.size  frodo_sdk.elf
' '
19:26:57 **** Clean-only build of project frodo_sdk_bsp ****
make -k clean 
make -C ps7_cortexa9_0/libsrc/coresightps_dcc_v1_5/src -s clean 
make -C ps7_cortexa9_0/libsrc/cpu_cortexa9_v2_7/src -s clean 
make -C ps7_cortexa9_0/libsrc/ddrps_v1_0/src -s clean 
make -C ps7_cortexa9_0/libsrc/devcfg_v3_5/src -s clean 
make -C ps7_cortexa9_0/libsrc/dmaps_v2_4/src -s clean 
make -C ps7_cortexa9_0/libsrc/emacps_v3_9/src -s clean 
make -C ps7_cortexa9_0/libsrc/gpiops_v3_5/src -s clean 
make -C ps7_cortexa9_0/libsrc/gpio_v4_4/src -s clean 
make -C ps7_cortexa9_0/libsrc/llfifo_v5_3/src -s clean 
make -C ps7_cortexa9_0/libsrc/qspips_v3_6/src -s clean 
make -C ps7_cortexa9_0/libsrc/scugic_v4_0/src -s clean 
make -C ps7_cortexa9_0/libsrc/scutimer_v2_1/src -s clean 
make -C ps7_cortexa9_0/libsrc/scuwdt_v2_1/src -s clean 
make -C ps7_cortexa9_0/libsrc/sdps_v3_7/src -s clean 
make -C ps7_cortexa9_0/libsrc/standalone_v7_0/src -s clean 
make -C ps7_cortexa9_0/libsrc/ttcps_v3_9/src -s clean 
make -C ps7_cortexa9_0/libsrc/uartps_v3_7/src -s clean 
make -C ps7_cortexa9_0/libsrc/usbps_v2_4/src -s clean 
make -C ps7_cortexa9_0/libsrc/xadcps_v2_3/src -s clean 
rm -f ps7_cortexa9_0/lib/libxil.a
19:27:02 **** Build of project frodo_sdk_bsp ****
make -k all 
"Running Make include in ps7_cortexa9_0/libsrc/coresightps_dcc_v1_5/src"
make -C ps7_cortexa9_0/libsrc/coresightps_dcc_v1_5/src -s include  "SHELL=CMD" "COMPILER=arm-none-eabi-gcc" "ARCHIVER=arm-none-eabi-ar" "COMPILER_FLAGS=  -O2 -c" "EXTRA_COMPILER_FLAGS=-mcpu=cortex-a9 -mfpu=vfpv3 -mfloat-abi=hard -nostartfiles -g -Wall -Wextra"
"Running Make include in ps7_cortexa9_0/libsrc/cpu_cortexa9_v2_7/src"
make -C ps7_cortexa9_0/libsrc/cpu_cortexa9_v2_7/src -s include  "SHELL=CMD" "COMPILER=arm-none-eabi-gcc" "ARCHIVER=arm-none-eabi-ar" "COMPILER_FLAGS=  -O2 -c" "EXTRA_COMPILER_FLAGS=-mcpu=cortex-a9 -mfpu=vfpv3 -mfloat-abi=hard -nostartfiles -g -Wall -Wextra"
"Running Make include in ps7_cortexa9_0/libsrc/ddrps_v1_0/src"
make -C ps7_cortexa9_0/libsrc/ddrps_v1_0/src -s include  "SHELL=CMD" "COMPILER=arm-none-eabi-gcc" "ARCHIVER=arm-none-eabi-ar" "COMPILER_FLAGS=  -O2 -c" "EXTRA_COMPILER_FLAGS=-mcpu=cortex-a9 -mfpu=vfpv3 -mfloat-abi=hard -nostartfiles -g -Wall -Wextra"
"Running Make include in ps7_cortexa9_0/libsrc/devcfg_v3_5/src"
make -C ps7_cortexa9_0/libsrc/devcfg_v3_5/src -s include  "SHELL=CMD" "COMPILER=arm-none-eabi-gcc" "ARCHIVER=arm-none-eabi-ar" "COMPILER_FLAGS=  -O2 -c" "EXTRA_COMPILER_FLAGS=-mcpu=cortex-a9 -mfpu=vfpv3 -mfloat-abi=hard -nostartfiles -g -Wall -Wextra"
"Running Make include in ps7_cortexa9_0/libsrc/dmaps_v2_4/src"
make -C ps7_cortexa9_0/libsrc/dmaps_v2_4/src -s include  "SHELL=CMD" "COMPILER=arm-none-eabi-gcc" "ARCHIVER=arm-none-eabi-ar" "COMPILER_FLAGS=  -O2 -c" "EXTRA_COMPILER_FLAGS=-mcpu=cortex-a9 -mfpu=vfpv3 -mfloat-abi=hard -nostartfiles -g -Wall -Wextra"
"Running Make include in ps7_cortexa9_0/libsrc/emacps_v3_9/src"
make -C ps7_cortexa9_0/libsrc/emacps_v3_9/src -s include  "SHELL=CMD" "COMPILER=arm-none-eabi-gcc" "ARCHIVER=arm-none-eabi-ar" "COMPILER_FLAGS=  -O2 -c" "EXTRA_COMPILER_FLAGS=-mcpu=cortex-a9 -mfpu=vfpv3 -mfloat-abi=hard -nostartfiles -g -Wall -Wextra"
"Running Make include in ps7_cortexa9_0/libsrc/gpiops_v3_5/src"
make -C ps7_cortexa9_0/libsrc/gpiops_v3_5/src -s include  "SHELL=CMD" "COMPILER=arm-none-eabi-gcc" "ARCHIVER=arm-none-eabi-ar" "COMPILER_FLAGS=  -O2 -c" "EXTRA_COMPILER_FLAGS=-mcpu=cortex-a9 -mfpu=vfpv3 -mfloat-abi=hard -nostartfiles -g -Wall -Wextra"
"Running Make include in ps7_cortexa9_0/libsrc/gpio_v4_4/src"
make -C ps7_cortexa9_0/libsrc/gpio_v4_4/src -s include  "SHELL=CMD" "COMPILER=arm-none-eabi-gcc" "ARCHIVER=arm-none-eabi-ar" "COMPILER_FLAGS=  -O2 -c" "EXTRA_COMPILER_FLAGS=-mcpu=cortex-a9 -mfpu=vfpv3 -mfloat-abi=hard -nostartfiles -g -Wall -Wextra"
"Running Make include in ps7_cortexa9_0/libsrc/llfifo_v5_3/src"
make -C ps7_cortexa9_0/libsrc/llfifo_v5_3/src -s include  "SHELL=CMD" "COMPILER=arm-none-eabi-gcc" "ARCHIVER=arm-none-eabi-ar" "COMPILER_FLAGS=  -O2 -c" "EXTRA_COMPILER_FLAGS=-mcpu=cortex-a9 -mfpu=vfpv3 -mfloat-abi=hard -nostartfiles -g -Wall -Wextra"
"Running Make include in ps7_cortexa9_0/libsrc/qspips_v3_6/src"
make -C ps7_cortexa9_0/libsrc/qspips_v3_6/src -s include  "SHELL=CMD" "COMPILER=arm-none-eabi-gcc" "ARCHIVER=arm-none-eabi-ar" "COMPILER_FLAGS=  -O2 -c" "EXTRA_COMPILER_FLAGS=-mcpu=cortex-a9 -mfpu=vfpv3 -mfloat-abi=hard -nostartfiles -g -Wall -Wextra"
"Running Make include in ps7_cortexa9_0/libsrc/scugic_v4_0/src"
make -C ps7_cortexa9_0/libsrc/scugic_v4_0/src -s include  "SHELL=CMD" "COMPILER=arm-none-eabi-gcc" "ARCHIVER=arm-none-eabi-ar" "COMPILER_FLAGS=  -O2 -c" "EXTRA_COMPILER_FLAGS=-mcpu=cortex-a9 -mfpu=vfpv3 -mfloat-abi=hard -nostartfiles -g -Wall -Wextra"
"Running Make include in ps7_cortexa9_0/libsrc/scutimer_v2_1/src"
make -C ps7_cortexa9_0/libsrc/scutimer_v2_1/src -s include  "SHELL=CMD" "COMPILER=arm-none-eabi-gcc" "ARCHIVER=arm-none-eabi-ar" "COMPILER_FLAGS=  -O2 -c" "EXTRA_COMPILER_FLAGS=-mcpu=cortex-a9 -mfpu=vfpv3 -mfloat-abi=hard -nostartfiles -g -Wall -Wextra"
"Running Make include in ps7_cortexa9_0/libsrc/scuwdt_v2_1/src"
make -C ps7_cortexa9_0/libsrc/scuwdt_v2_1/src -s include  "SHELL=CMD" "COMPILER=arm-none-eabi-gcc" "ARCHIVER=arm-none-eabi-ar" "COMPILER_FLAGS=  -O2 -c" "EXTRA_COMPILER_FLAGS=-mcpu=cortex-a9 -mfpu=vfpv3 -mfloat-abi=hard -nostartfiles -g -Wall -Wextra"
"Running Make include in ps7_cortexa9_0/libsrc/sdps_v3_7/src"
make -C ps7_cortexa9_0/libsrc/sdps_v3_7/src -s include  "SHELL=CMD" "COMPILER=arm-none-eabi-gcc" "ARCHIVER=arm-none-eabi-ar" "COMPILER_FLAGS=  -O2 -c" "EXTRA_COMPILER_FLAGS=-mcpu=cortex-a9 -mfpu=vfpv3 -mfloat-abi=hard -nostartfiles -g -Wall -Wextra"
"Running Make include in ps7_cortexa9_0/libsrc/standalone_v7_0/src"
make -C ps7_cortexa9_0/libsrc/standalone_v7_0/src -s include  "SHELL=CMD" "COMPILER=arm-none-eabi-gcc" "ARCHIVER=arm-none-eabi-ar" "COMPILER_FLAGS=  -O2 -c" "EXTRA_COMPILER_FLAGS=-mcpu=cortex-a9 -mfpu=vfpv3 -mfloat-abi=hard -nostartfiles -g -Wall -Wextra"
"Running Make include in ps7_cortexa9_0/libsrc/ttcps_v3_9/src"
make -C ps7_cortexa9_0/libsrc/ttcps_v3_9/src -s include  "SHELL=CMD" "COMPILER=arm-none-eabi-gcc" "ARCHIVER=arm-none-eabi-ar" "COMPILER_FLAGS=  -O2 -c" "EXTRA_COMPILER_FLAGS=-mcpu=cortex-a9 -mfpu=vfpv3 -mfloat-abi=hard -nostartfiles -g -Wall -Wextra"
"Running Make include in ps7_cortexa9_0/libsrc/uartps_v3_7/src"
make -C ps7_cortexa9_0/libsrc/uartps_v3_7/src -s include  "SHELL=CMD" "COMPILER=arm-none-eabi-gcc" "ARCHIVER=arm-none-eabi-ar" "COMPILER_FLAGS=  -O2 -c" "EXTRA_COMPILER_FLAGS=-mcpu=cortex-a9 -mfpu=vfpv3 -mfloat-abi=hard -nostartfiles -g -Wall -Wextra"
"Running Make include in ps7_cortexa9_0/libsrc/usbps_v2_4/src"
make -C ps7_cortexa9_0/libsrc/usbps_v2_4/src -s include  "SHELL=CMD" "COMPILER=arm-none-eabi-gcc" "ARCHIVER=arm-none-eabi-ar" "COMPILER_FLAGS=  -O2 -c" "EXTRA_COMPILER_FLAGS=-mcpu=cortex-a9 -mfpu=vfpv3 -mfloat-abi=hard -nostartfiles -g -Wall -Wextra"
"Running Make include in ps7_cortexa9_0/libsrc/xadcps_v2_3/src"
make -C ps7_cortexa9_0/libsrc/xadcps_v2_3/src -s include  "SHELL=CMD" "COMPILER=arm-none-eabi-gcc" "ARCHIVER=arm-none-eabi-ar" "COMPILER_FLAGS=  -O2 -c" "EXTRA_COMPILER_FLAGS=-mcpu=cortex-a9 -mfpu=vfpv3 -mfloat-abi=hard -nostartfiles -g -Wall -Wextra"
"Running Make libs in ps7_cortexa9_0/libsrc/coresightps_dcc_v1_5/src"
make -C ps7_cortexa9_0/libsrc/coresightps_dcc_v1_5/src -s libs  "SHELL=CMD" "COMPILER=arm-none-eabi-gcc" "ARCHIVER=arm-none-eabi-ar" "COMPILER_FLAGS=  -O2 -c" "EXTRA_COMPILER_FLAGS=-mcpu=cortex-a9 -mfpu=vfpv3 -mfloat-abi=hard -nostartfiles -g -Wall -Wextra"
"Compiling coresightps_dcc"
arm-none-eabi-ar: creating ../../../lib/libxil.a
"Running Make libs in ps7_cortexa9_0/libsrc/cpu_cortexa9_v2_7/src"
make -C ps7_cortexa9_0/libsrc/cpu_cortexa9_v2_7/src -s libs  "SHELL=CMD" "COMPILER=arm-none-eabi-gcc" "ARCHIVER=arm-none-eabi-ar" "COMPILER_FLAGS=  -O2 -c" "EXTRA_COMPILER_FLAGS=-mcpu=cortex-a9 -mfpu=vfpv3 -mfloat-abi=hard -nostartfiles -g -Wall -Wextra"
"Compiling cpu_cortexa9"
"Running Make libs in ps7_cortexa9_0/libsrc/ddrps_v1_0/src"
make -C ps7_cortexa9_0/libsrc/ddrps_v1_0/src -s libs  "SHELL=CMD" "COMPILER=arm-none-eabi-gcc" "ARCHIVER=arm-none-eabi-ar" "COMPILER_FLAGS=  -O2 -c" "EXTRA_COMPILER_FLAGS=-mcpu=cortex-a9 -mfpu=vfpv3 -mfloat-abi=hard -nostartfiles -g -Wall -Wextra"
"Compiling ddrps"
"Running Make libs in ps7_cortexa9_0/libsrc/devcfg_v3_5/src"
make -C ps7_cortexa9_0/libsrc/devcfg_v3_5/src -s libs  "SHELL=CMD" "COMPILER=arm-none-eabi-gcc" "ARCHIVER=arm-none-eabi-ar" "COMPILER_FLAGS=  -O2 -c" "EXTRA_COMPILER_FLAGS=-mcpu=cortex-a9 -mfpu=vfpv3 -mfloat-abi=hard -nostartfiles -g -Wall -Wextra"
"Compiling devcfg"
"Running Make libs in ps7_cortexa9_0/libsrc/dmaps_v2_4/src"
make -C ps7_cortexa9_0/libsrc/dmaps_v2_4/src -s libs  "SHELL=CMD" "COMPILER=arm-none-eabi-gcc" "ARCHIVER=arm-none-eabi-ar" "COMPILER_FLAGS=  -O2 -c" "EXTRA_COMPILER_FLAGS=-mcpu=cortex-a9 -mfpu=vfpv3 -mfloat-abi=hard -nostartfiles -g -Wall -Wextra"
"Compiling dmaps"
"Running Make libs in ps7_cortexa9_0/libsrc/emacps_v3_9/src"
make -C ps7_cortexa9_0/libsrc/emacps_v3_9/src -s libs  "SHELL=CMD" "COMPILER=arm-none-eabi-gcc" "ARCHIVER=arm-none-eabi-ar" "COMPILER_FLAGS=  -O2 -c" "EXTRA_COMPILER_FLAGS=-mcpu=cortex-a9 -mfpu=vfpv3 -mfloat-abi=hard -nostartfiles -g -Wall -Wextra"
"Compiling emacps"
"Running Make libs in ps7_cortexa9_0/libsrc/gpiops_v3_5/src"
make -C ps7_cortexa9_0/libsrc/gpiops_v3_5/src -s libs  "SHELL=CMD" "COMPILER=arm-none-eabi-gcc" "ARCHIVER=arm-none-eabi-ar" "COMPILER_FLAGS=  -O2 -c" "EXTRA_COMPILER_FLAGS=-mcpu=cortex-a9 -mfpu=vfpv3 -mfloat-abi=hard -nostartfiles -g -Wall -Wextra"
"Compiling gpiops"
"Running Make libs in ps7_cortexa9_0/libsrc/gpio_v4_4/src"
make -C ps7_cortexa9_0/libsrc/gpio_v4_4/src -s libs  "SHELL=CMD" "COMPILER=arm-none-eabi-gcc" "ARCHIVER=arm-none-eabi-ar" "COMPILER_FLAGS=  -O2 -c" "EXTRA_COMPILER_FLAGS=-mcpu=cortex-a9 -mfpu=vfpv3 -mfloat-abi=hard -nostartfiles -g -Wall -Wextra"
"Compiling gpio"
"Running Make libs in ps7_cortexa9_0/libsrc/llfifo_v5_3/src"
make -C ps7_cortexa9_0/libsrc/llfifo_v5_3/src -s libs  "SHELL=CMD" "COMPILER=arm-none-eabi-gcc" "ARCHIVER=arm-none-eabi-ar" "COMPILER_FLAGS=  -O2 -c" "EXTRA_COMPILER_FLAGS=-mcpu=cortex-a9 -mfpu=vfpv3 -mfloat-abi=hard -nostartfiles -g -Wall -Wextra"
"Compiling llfifo"
"Running Make libs in ps7_cortexa9_0/libsrc/qspips_v3_6/src"
make -C ps7_cortexa9_0/libsrc/qspips_v3_6/src -s libs  "SHELL=CMD" "COMPILER=arm-none-eabi-gcc" "ARCHIVER=arm-none-eabi-ar" "COMPILER_FLAGS=  -O2 -c" "EXTRA_COMPILER_FLAGS=-mcpu=cortex-a9 -mfpu=vfpv3 -mfloat-abi=hard -nostartfiles -g -Wall -Wextra"
"Compiling qspips"
"Running Make libs in ps7_cortexa9_0/libsrc/scugic_v4_0/src"
make -C ps7_cortexa9_0/libsrc/scugic_v4_0/src -s libs  "SHELL=CMD" "COMPILER=arm-none-eabi-gcc" "ARCHIVER=arm-none-eabi-ar" "COMPILER_FLAGS=  -O2 -c" "EXTRA_COMPILER_FLAGS=-mcpu=cortex-a9 -mfpu=vfpv3 -mfloat-abi=hard -nostartfiles -g -Wall -Wextra"
"Compiling scugic"
"Running Make libs in ps7_cortexa9_0/libsrc/scutimer_v2_1/src"
make -C ps7_cortexa9_0/libsrc/scutimer_v2_1/src -s libs  "SHELL=CMD" "COMPILER=arm-none-eabi-gcc" "ARCHIVER=arm-none-eabi-ar" "COMPILER_FLAGS=  -O2 -c" "EXTRA_COMPILER_FLAGS=-mcpu=cortex-a9 -mfpu=vfpv3 -mfloat-abi=hard -nostartfiles -g -Wall -Wextra"
"Compiling scutimer"
"Running Make libs in ps7_cortexa9_0/libsrc/scuwdt_v2_1/src"
make -C ps7_cortexa9_0/libsrc/scuwdt_v2_1/src -s libs  "SHELL=CMD" "COMPILER=arm-none-eabi-gcc" "ARCHIVER=arm-none-eabi-ar" "COMPILER_FLAGS=  -O2 -c" "EXTRA_COMPILER_FLAGS=-mcpu=cortex-a9 -mfpu=vfpv3 -mfloat-abi=hard -nostartfiles -g -Wall -Wextra"
"Compiling scuwdt"
"Running Make libs in ps7_cortexa9_0/libsrc/sdps_v3_7/src"
make -C ps7_cortexa9_0/libsrc/sdps_v3_7/src -s libs  "SHELL=CMD" "COMPILER=arm-none-eabi-gcc" "ARCHIVER=arm-none-eabi-ar" "COMPILER_FLAGS=  -O2 -c" "EXTRA_COMPILER_FLAGS=-mcpu=cortex-a9 -mfpu=vfpv3 -mfloat-abi=hard -nostartfiles -g -Wall -Wextra"
"Compiling sdps"
"Running Make libs in ps7_cortexa9_0/libsrc/standalone_v7_0/src"
make -C ps7_cortexa9_0/libsrc/standalone_v7_0/src -s libs  "SHELL=CMD" "COMPILER=arm-none-eabi-gcc" "ARCHIVER=arm-none-eabi-ar" "COMPILER_FLAGS=  -O2 -c" "EXTRA_COMPILER_FLAGS=-mcpu=cortex-a9 -mfpu=vfpv3 -mfloat-abi=hard -nostartfiles -g -Wall -Wextra"
"Compiling standalone"
In file included from usleep.c:56:
xtime_l.h:87:9: note: #pragma message: For the sleep routines, Global timer is being used
 #pragma message ("For the sleep routines, Global timer is being used")
         ^~~~~~~
In file included from xil_sleeptimer.c:51:
xtime_l.h:87:9: note: #pragma message: For the sleep routines, Global timer is being used
 #pragma message ("For the sleep routines, Global timer is being used")
         ^~~~~~~
In file included from xtime_l.c:49:
xtime_l.h:87:9: note: #pragma message: For the sleep routines, Global timer is being used
 #pragma message ("For the sleep routines, Global timer is being used")
         ^~~~~~~
In file included from sleep.c:53:
xtime_l.h:87:9: note: #pragma message: For the sleep routines, Global timer is being used
 #pragma message ("For the sleep routines, Global timer is being used")
         ^~~~~~~
"Running Make libs in ps7_cortexa9_0/libsrc/ttcps_v3_9/src"
make -C ps7_cortexa9_0/libsrc/ttcps_v3_9/src -s libs  "SHELL=CMD" "COMPILER=arm-none-eabi-gcc" "ARCHIVER=arm-none-eabi-ar" "COMPILER_FLAGS=  -O2 -c" "EXTRA_COMPILER_FLAGS=-mcpu=cortex-a9 -mfpu=vfpv3 -mfloat-abi=hard -nostartfiles -g -Wall -Wextra"
"Compiling ttcps"
"Running Make libs in ps7_cortexa9_0/libsrc/uartps_v3_7/src"
make -C ps7_cortexa9_0/libsrc/uartps_v3_7/src -s libs  "SHELL=CMD" "COMPILER=arm-none-eabi-gcc" "ARCHIVER=arm-none-eabi-ar" "COMPILER_FLAGS=  -O2 -c" "EXTRA_COMPILER_FLAGS=-mcpu=cortex-a9 -mfpu=vfpv3 -mfloat-abi=hard -nostartfiles -g -Wall -Wextra"
"Compiling uartps"
"Running Make libs in ps7_cortexa9_0/libsrc/usbps_v2_4/src"
make -C ps7_cortexa9_0/libsrc/usbps_v2_4/src -s libs  "SHELL=CMD" "COMPILER=arm-none-eabi-gcc" "ARCHIVER=arm-none-eabi-ar" "COMPILER_FLAGS=  -O2 -c" "EXTRA_COMPILER_FLAGS=-mcpu=cortex-a9 -mfpu=vfpv3 -mfloat-abi=hard -nostartfiles -g -Wall -Wextra"
"Compiling usbps"
"Running Make libs in ps7_cortexa9_0/libsrc/xadcps_v2_3/src"
make -C ps7_cortexa9_0/libsrc/xadcps_v2_3/src -s libs  "SHELL=CMD" "COMPILER=arm-none-eabi-gcc" "ARCHIVER=arm-none-eabi-ar" "COMPILER_FLAGS=  -O2 -c" "EXTRA_COMPILER_FLAGS=-mcpu=cortex-a9 -mfpu=vfpv3 -mfloat-abi=hard -nostartfiles -g -Wall -Wextra"
"Compiling xadcps"
'Finished building libraries'
19:28:33 **** Build of configuration Debug for project frodo_sdk ****
make pre-build main-build 
a9-linaro-pre-build-step
' '
'Building file: ../src/include/keccak_f1600.c'
'Invoking: ARM v7 gcc compiler'
arm-none-eabi-gcc -Wall -O0 -g3 -c -fmessage-length=0 -MT"src/include/keccak_f1600.o" -mcpu=cortex-a9 -mfpu=vfpv3 -mfloat-abi=hard -I../../frodo_sdk_bsp/ps7_cortexa9_0/include -MMD -MP -MF"src/include/keccak_f1600.d" -MT"src/include/keccak_f1600.o" -o "src/include/keccak_f1600.o" "../src/include/keccak_f1600.c"
'Finished building: ../src/include/keccak_f1600.c'
' '
'Building file: ../src/include/kem.c'
'Invoking: ARM v7 gcc compiler'
arm-none-eabi-gcc -Wall -O0 -g3 -c -fmessage-length=0 -MT"src/include/kem.o" -mcpu=cortex-a9 -mfpu=vfpv3 -mfloat-abi=hard -I../../frodo_sdk_bsp/ps7_cortexa9_0/include -MMD -MP -MF"src/include/kem.d" -MT"src/include/kem.o" -o "src/include/kem.o" "../src/include/kem.c"
../src/include/kem.c: In function 'crypto_kem_keypair':
../src/include/kem.c:33:2: warning: implicit declaration of function 'randombytes'; did you mean 'random'? [-Wimplicit-function-declaration]
  randombytes(randomness, CRYPTO_BYTES + CRYPTO_BYTES + BYTES_SEED_A);
  ^~~~~~~~~~~
  random
../src/include/kem.c:30:10: warning: unused variable 'shake_input_seedSE' [-Wunused-variable]
  uint8_t shake_input_seedSE[1 + CRYPTO_BYTES];           // contains secret data
          ^~~~~~~~~~~~~~~~~~
../src/include/kem.c:28:11: warning: unused variable 'randomness_seedSE' [-Wunused-variable]
  uint8_t *randomness_seedSE = &randomness[CRYPTO_BYTES]; // contains secret data
           ^~~~~~~~~~~~~~~~~
../src/include/kem.c:27:11: warning: unused variable 'randomness_s' [-Wunused-variable]
  uint8_t *randomness_s = &randomness[0];                 // contains secret data
           ^~~~~~~~~~~~
../src/include/kem.c:25:12: warning: unused variable 'E' [-Wunused-variable]
  uint16_t *E = (uint16_t *)&S[PARAMS_N*PARAMS_NBAR];     // contains secret data
            ^
../src/include/kem.c:23:11: warning: unused variable 'B' [-Wunused-variable]
  uint16_t B[PARAMS_N*PARAMS_NBAR] = {0};
           ^
../src/include/kem.c:21:11: warning: unused variable 'sk_pkh' [-Wunused-variable]
  uint8_t *sk_pkh = &sk[CRYPTO_BYTES + CRYPTO_PUBLICKEYBYTES + 2*PARAMS_N*PARAMS_NBAR];
           ^~~~~~
../src/include/kem.c:20:11: warning: unused variable 'sk_S' [-Wunused-variable]
  uint8_t *sk_S = &sk[CRYPTO_BYTES + CRYPTO_PUBLICKEYBYTES];
           ^~~~
../src/include/kem.c:19:11: warning: unused variable 'sk_pk' [-Wunused-variable]
  uint8_t *sk_pk = &sk[CRYPTO_BYTES];
           ^~~~~
../src/include/kem.c:18:11: warning: unused variable 'sk_s' [-Wunused-variable]
  uint8_t *sk_s = &sk[0];
           ^~~~
../src/include/kem.c:17:11: warning: unused variable 'pk_b' [-Wunused-variable]
  uint8_t *pk_b = &pk[BYTES_SEED_A];
           ^~~~
../src/include/kem.c:16:11: warning: unused variable 'pk_seedA' [-Wunused-variable]
  uint8_t *pk_seedA = &pk[0];
           ^~~~~~~~
'Finished building: ../src/include/kem.c'
' '
'Building file: ../src/include/random.c'
'Invoking: ARM v7 gcc compiler'
arm-none-eabi-gcc -Wall -O0 -g3 -c -fmessage-length=0 -MT"src/include/random.o" -mcpu=cortex-a9 -mfpu=vfpv3 -mfloat-abi=hard -I../../frodo_sdk_bsp/ps7_cortexa9_0/include -MMD -MP -MF"src/include/random.d" -MT"src/include/random.o" -o "src/include/random.o" "../src/include/random.c"
../src/include/random.c: In function 'randombytes':
../src/include/random.c:17:35: warning: format '%d' expects argument of type 'int', but argument 2 has type 'long long unsigned int' [-Wformat=]
  printf("Random bytes requested: %d\n", ullnBytesCount);
                                  ~^     ~~~~~~~~~~~~~~
                                  %lld
../src/include/random.c:29:16: warning: format '%d' expects argument of type 'int', but argument 2 has type 'long long unsigned int' [-Wformat=]
   printf("i : %d\n", i);
               ~^     ~
               %lld
../src/include/random.c:14:6: warning: unused variable 'idx' [-Wunused-variable]
  u32 idx = 0;
      ^~~
'Finished building: ../src/include/random.c'
' '
'Building file: ../src/include/test_KEM640.c'
'Invoking: ARM v7 gcc compiler'
arm-none-eabi-gcc -Wall -O0 -g3 -c -fmessage-length=0 -MT"src/include/test_KEM640.o" -mcpu=cortex-a9 -mfpu=vfpv3 -mfloat-abi=hard -I../../frodo_sdk_bsp/ps7_cortexa9_0/include -MMD -MP -MF"src/include/test_KEM640.d" -MT"src/include/test_KEM640.o" -o "src/include/test_KEM640.o" "../src/include/test_KEM640.c"
'Finished building: ../src/include/test_KEM640.c'
' '
'Building file: ../src/include/test_kem.c'
'Invoking: ARM v7 gcc compiler'
arm-none-eabi-gcc -Wall -O0 -g3 -c -fmessage-length=0 -MT"src/include/test_kem.o" -mcpu=cortex-a9 -mfpu=vfpv3 -mfloat-abi=hard -I../../frodo_sdk_bsp/ps7_cortexa9_0/include -MMD -MP -MF"src/include/test_kem.d" -MT"src/include/test_kem.o" -o "src/include/test_kem.o" "../src/include/test_kem.c"
../src/include/test_kem.c: In function 'kem_test':
../src/include/test_kem.c:23:13: warning: unused variable 'ct' [-Wunused-variable]
     uint8_t ct[CRYPTO_CIPHERTEXTBYTES];
             ^~
'Finished building: ../src/include/test_kem.c'
' '
'Building file: ../src/main.c'
'Invoking: ARM v7 gcc compiler'
arm-none-eabi-gcc -Wall -O0 -g3 -c -fmessage-length=0 -MT"src/main.o" -mcpu=cortex-a9 -mfpu=vfpv3 -mfloat-abi=hard -I../../frodo_sdk_bsp/ps7_cortexa9_0/include -MMD -MP -MF"src/main.d" -MT"src/main.o" -o "src/main.o" "../src/main.c"
'Finished building: ../src/main.c'
' '
'Building file: ../src/platform.c'
'Invoking: ARM v7 gcc compiler'
arm-none-eabi-gcc -Wall -O0 -g3 -c -fmessage-length=0 -MT"src/platform.o" -mcpu=cortex-a9 -mfpu=vfpv3 -mfloat-abi=hard -I../../frodo_sdk_bsp/ps7_cortexa9_0/include -MMD -MP -MF"src/platform.d" -MT"src/platform.o" -o "src/platform.o" "../src/platform.c"
'Finished building: ../src/platform.c'
' '
'Building target: frodo_sdk.elf'
'Invoking: ARM v7 gcc linker'
arm-none-eabi-gcc -mcpu=cortex-a9 -mfpu=vfpv3 -mfloat-abi=hard -Wl,-build-id=none -specs=Xilinx.spec -Wl,-T -Wl,../src/lscript.ld -L../../frodo_sdk_bsp/ps7_cortexa9_0/lib -o "frodo_sdk.elf"  ./src/include/keccak_f1600.o ./src/include/kem.o ./src/include/random.o ./src/include/test_KEM640.o ./src/include/test_kem.o  ./src/main.o ./src/platform.o   -Wl,--start-group,-lxil,-lgcc,-lc,--end-group
'Finished building target: frodo_sdk.elf'
' '
'Invoking: ARM v7 Print Size'
arm-none-eabi-size frodo_sdk.elf  |tee "frodo_sdk.elf.size"
   text	   data	    bss	    dec	    hex	filename
  81372	   2680	 203728	 287780	  46424	frodo_sdk.elf
'Finished building: frodo_sdk.elf.size'
' '
19:29:06 **** Incremental Build of configuration Debug for project frodo_sdk ****
make pre-build main-build 
a9-linaro-pre-build-step
' '
make: Nothing to be done for 'main-build'.
19:29:38 **** Auto Build of configuration Debug for project frodo_sdk ****
make pre-build main-build 
a9-linaro-pre-build-step
' '
'Building target: frodo_sdk.elf'
'Invoking: ARM v7 gcc linker'
arm-none-eabi-gcc -mcpu=cortex-a9 -mfpu=vfpv3 -mfloat-abi=hard -Wl,-build-id=none -specs=Xilinx.spec -Wl,-T -Wl,../src/lscript.ld -L../../frodo_sdk_bsp/ps7_cortexa9_0/lib -o "frodo_sdk.elf"  ./src/include/keccak_f1600.o ./src/include/kem.o ./src/include/random.o ./src/include/test_KEM640.o ./src/include/test_kem.o  ./src/main.o ./src/platform.o   -Wl,--start-group,-lxil,-lgcc,-lc,--end-group
'Finished building target: frodo_sdk.elf'
' '
'Invoking: ARM v7 Print Size'
arm-none-eabi-size frodo_sdk.elf  |tee "frodo_sdk.elf.size"
   text	   data	    bss	    dec	    hex	filename
  81372	   2680	 138192	 222244	  36424	frodo_sdk.elf
'Finished building: frodo_sdk.elf.size'
' '
19:29:55 **** Auto Build of configuration Debug for project frodo_sdk ****
make pre-build main-build 
a9-linaro-pre-build-step
' '
'Building file: ../src/include/random.c'
'Invoking: ARM v7 gcc compiler'
arm-none-eabi-gcc -Wall -O0 -g3 -c -fmessage-length=0 -MT"src/include/random.o" -mcpu=cortex-a9 -mfpu=vfpv3 -mfloat-abi=hard -I../../frodo_sdk_bsp/ps7_cortexa9_0/include -MMD -MP -MF"src/include/random.d" -MT"src/include/random.o" -o "src/include/random.o" "../src/include/random.c"
../src/include/random.c: In function 'randombytes':
../src/include/random.c:17:35: warning: format '%d' expects argument of type 'int', but argument 2 has type 'long long unsigned int' [-Wformat=]
  printf("Random bytes requested: %d\n", ullnBytesCount);
                                  ~^     ~~~~~~~~~~~~~~
                                  %lld
../src/include/random.c:29:16: warning: format '%d' expects argument of type 'int', but argument 2 has type 'u32' {aka 'long unsigned int'} [-Wformat=]
   printf("i : %d\n", i);
               ~^     ~
               %ld
../src/include/random.c:14:6: warning: unused variable 'idx' [-Wunused-variable]
  u32 idx = 0;
      ^~~
'Finished building: ../src/include/random.c'
' '
'Building target: frodo_sdk.elf'
'Invoking: ARM v7 gcc linker'
arm-none-eabi-gcc -mcpu=cortex-a9 -mfpu=vfpv3 -mfloat-abi=hard -Wl,-build-id=none -specs=Xilinx.spec -Wl,-T -Wl,../src/lscript.ld -L../../frodo_sdk_bsp/ps7_cortexa9_0/lib -o "frodo_sdk.elf"  ./src/include/keccak_f1600.o ./src/include/kem.o ./src/include/random.o ./src/include/test_KEM640.o ./src/include/test_kem.o  ./src/main.o ./src/platform.o   -Wl,--start-group,-lxil,-lgcc,-lc,--end-group
'Finished building target: frodo_sdk.elf'
' '
'Invoking: ARM v7 Print Size'
arm-none-eabi-size frodo_sdk.elf  |tee "frodo_sdk.elf.size"
   text	   data	    bss	    dec	    hex	filename
  81372	   2680	 138192	 222244	  36424	frodo_sdk.elf
'Finished building: frodo_sdk.elf.size'
' '
19:30:02 **** Incremental Build of configuration Debug for project frodo_sdk ****
make pre-build main-build 
a9-linaro-pre-build-step
' '
make: Nothing to be done for 'main-build'.
19:30:40 **** Auto Build of configuration Debug for project frodo_sdk ****
make pre-build main-build 
a9-linaro-pre-build-step
' '
'Building file: ../src/include/random.c'
'Invoking: ARM v7 gcc compiler'
arm-none-eabi-gcc -Wall -O0 -g3 -c -fmessage-length=0 -MT"src/include/random.o" -mcpu=cortex-a9 -mfpu=vfpv3 -mfloat-abi=hard -I../../frodo_sdk_bsp/ps7_cortexa9_0/include -MMD -MP -MF"src/include/random.d" -MT"src/include/random.o" -o "src/include/random.o" "../src/include/random.c"
../src/include/random.c:10:5: error: conflicting types for 'randombytes'
 int randombytes(unsigned char* random_array, u32 nbytes)
     ^~~~~~~~~~~
In file included from ../src/include/random.c:8:
../src/include/random.h:14:5: note: previous declaration of 'randombytes' was here
 int randombytes(unsigned char* random_array, unsigned long long nbytes);
     ^~~~~~~~~~~
../src/include/random.c: In function 'randombytes':
../src/include/random.c:17:35: warning: format '%d' expects argument of type 'int', but argument 2 has type 'u32' {aka 'long unsigned int'} [-Wformat=]
  printf("Random bytes requested: %d\n", nbytes);
                                  ~^     ~~~~~~
                                  %ld
../src/include/random.c:29:16: warning: format '%d' expects argument of type 'int', but argument 2 has type 'u32' {aka 'long unsigned int'} [-Wformat=]
   printf("i : %d\n", i);
               ~^     ~
               %ld
../src/include/random.c:14:6: warning: unused variable 'idx' [-Wunused-variable]
  u32 idx = 0;
      ^~~
../src/include/random.c:12:6: warning: unused variable 'ullnBytesCount' [-Wunused-variable]
  u32 ullnBytesCount = nbytes;
      ^~~~~~~~~~~~~~
make: *** [src/include/subdir.mk:32: src/include/random.o] Error 1
19:30:49 **** Auto Build of configuration Debug for project frodo_sdk ****
make pre-build main-build 
a9-linaro-pre-build-step
' '
'Building file: ../src/include/random.c'
'Invoking: ARM v7 gcc compiler'
arm-none-eabi-gcc -Wall -O0 -g3 -c -fmessage-length=0 -MT"src/include/random.o" -mcpu=cortex-a9 -mfpu=vfpv3 -mfloat-abi=hard -I../../frodo_sdk_bsp/ps7_cortexa9_0/include -MMD -MP -MF"src/include/random.d" -MT"src/include/random.o" -o "src/include/random.o" "../src/include/random.c"
In file included from ../src/include/random.c:8:
../src/include/random.h:14:46: error: unknown type name 'nbytes'
 int randombytes(unsigned char* random_array, nbytes nbytes);
                                              ^~~~~~
../src/include/random.c: In function 'randombytes':
../src/include/random.c:17:35: warning: format '%d' expects argument of type 'int', but argument 2 has type 'u32' {aka 'long unsigned int'} [-Wformat=]
  printf("Random bytes requested: %d\n", nbytes);
                                  ~^     ~~~~~~
                                  %ld
../src/include/random.c:29:16: warning: format '%d' expects argument of type 'int', but argument 2 has type 'u32' {aka 'long unsigned int'} [-Wformat=]
   printf("i : %d\n", i);
               ~^     ~
               %ld
../src/include/random.c:14:6: warning: unused variable 'idx' [-Wunused-variable]
  u32 idx = 0;
      ^~~
../src/include/random.c:12:6: warning: unused variable 'ullnBytesCount' [-Wunused-variable]
  u32 ullnBytesCount = nbytes;
      ^~~~~~~~~~~~~~
make: *** [src/include/subdir.mk:32: src/include/random.o] Error 1
19:30:51 **** Auto Build of configuration Debug for project frodo_sdk ****
make pre-build main-build 
a9-linaro-pre-build-step
' '
'Building file: ../src/include/random.c'
'Invoking: ARM v7 gcc compiler'
arm-none-eabi-gcc -Wall -O0 -g3 -c -fmessage-length=0 -MT"src/include/random.o" -mcpu=cortex-a9 -mfpu=vfpv3 -mfloat-abi=hard -I../../frodo_sdk_bsp/ps7_cortexa9_0/include -MMD -MP -MF"src/include/random.d" -MT"src/include/random.o" -o "src/include/random.o" "../src/include/random.c"
../src/include/random.c: In function 'randombytes':
../src/include/random.c:17:35: warning: format '%d' expects argument of type 'int', but argument 2 has type 'u32' {aka 'long unsigned int'} [-Wformat=]
  printf("Random bytes requested: %d\n", nbytes);
                                  ~^     ~~~~~~
                                  %ld
../src/include/random.c:29:16: warning: format '%d' expects argument of type 'int', but argument 2 has type 'u32' {aka 'long unsigned int'} [-Wformat=]
   printf("i : %d\n", i);
               ~^     ~
               %ld
../src/include/random.c:14:6: warning: unused variable 'idx' [-Wunused-variable]
  u32 idx = 0;
      ^~~
../src/include/random.c:12:6: warning: unused variable 'ullnBytesCount' [-Wunused-variable]
  u32 ullnBytesCount = nbytes;
      ^~~~~~~~~~~~~~
'Finished building: ../src/include/random.c'
' '
'Building target: frodo_sdk.elf'
'Invoking: ARM v7 gcc linker'
arm-none-eabi-gcc -mcpu=cortex-a9 -mfpu=vfpv3 -mfloat-abi=hard -Wl,-build-id=none -specs=Xilinx.spec -Wl,-T -Wl,../src/lscript.ld -L../../frodo_sdk_bsp/ps7_cortexa9_0/lib -o "frodo_sdk.elf"  ./src/include/keccak_f1600.o ./src/include/kem.o ./src/include/random.o ./src/include/test_KEM640.o ./src/include/test_kem.o  ./src/main.o ./src/platform.o   -Wl,--start-group,-lxil,-lgcc,-lc,--end-group
'Finished building target: frodo_sdk.elf'
' '
'Invoking: ARM v7 Print Size'
arm-none-eabi-size frodo_sdk.elf  |tee "frodo_sdk.elf.size"
   text	   data	    bss	    dec	    hex	filename
  81372	   2680	 138192	 222244	  36424	frodo_sdk.elf
'Finished building: frodo_sdk.elf.size'
' '
19:30:56 **** Incremental Build of configuration Debug for project frodo_sdk ****
make pre-build main-build 
a9-linaro-pre-build-step
' '
make: Nothing to be done for 'main-build'.
19:32:36 **** Auto Build of configuration Debug for project frodo_sdk ****
make pre-build main-build 
a9-linaro-pre-build-step
' '
'Building file: ../src/include/random.c'
'Invoking: ARM v7 gcc compiler'
arm-none-eabi-gcc -Wall -O0 -g3 -c -fmessage-length=0 -MT"src/include/random.o" -mcpu=cortex-a9 -mfpu=vfpv3 -mfloat-abi=hard -I../../frodo_sdk_bsp/ps7_cortexa9_0/include -MMD -MP -MF"src/include/random.d" -MT"src/include/random.o" -o "src/include/random.o" "../src/include/random.c"
../src/include/random.c: In function 'randombytes':
../src/include/random.c:17:35: warning: format '%d' expects argument of type 'int', but argument 2 has type 'u32' {aka 'long unsigned int'} [-Wformat=]
  printf("Random bytes requested: %d\n", nbytes);
                                  ~^     ~~~~~~
                                  %ld
../src/include/random.c:28:20: warning: format '%d' expects argument of type 'int', but argument 2 has type 'u32' {aka 'long unsigned int'} [-Wformat=]
   printf("nbytes: %d  \tRandom: %x   \t  i : %d\n", nbytes, u32Random, i);
                   ~^                                ~~~~~~
                   %ld
../src/include/random.c:28:34: warning: format '%x' expects argument of type 'unsigned int', but argument 3 has type 'u32' {aka 'long unsigned int'} [-Wformat=]
   printf("nbytes: %d  \tRandom: %x   \t  i : %d\n", nbytes, u32Random, i);
                                 ~^                          ~~~~~~~~~
                                 %lx
../src/include/random.c:28:47: warning: format '%d' expects argument of type 'int', but argument 4 has type 'int32_t' {aka 'long int'} [-Wformat=]
   printf("nbytes: %d  \tRandom: %x   \t  i : %d\n", nbytes, u32Random, i);
                                              ~^                        ~
                                              %ld
../src/include/random.c:14:6: warning: unused variable 'idx' [-Wunused-variable]
  u32 idx = 0;
      ^~~
../src/include/random.c:12:6: warning: unused variable 'ullnBytesCount' [-Wunused-variable]
  u32 ullnBytesCount = nbytes;
      ^~~~~~~~~~~~~~
'Finished building: ../src/include/random.c'
' '
'Building target: frodo_sdk.elf'
'Invoking: ARM v7 gcc linker'
arm-none-eabi-gcc -mcpu=cortex-a9 -mfpu=vfpv3 -mfloat-abi=hard -Wl,-build-id=none -specs=Xilinx.spec -Wl,-T -Wl,../src/lscript.ld -L../../frodo_sdk_bsp/ps7_cortexa9_0/lib -o "frodo_sdk.elf"  ./src/include/keccak_f1600.o ./src/include/kem.o ./src/include/random.o ./src/include/test_KEM640.o ./src/include/test_kem.o  ./src/main.o ./src/platform.o   -Wl,--start-group,-lxil,-lgcc,-lc,--end-group
'Finished building target: frodo_sdk.elf'
' '
'Invoking: ARM v7 Print Size'
arm-none-eabi-size frodo_sdk.elf  |tee "frodo_sdk.elf.size"
   text	   data	    bss	    dec	    hex	filename
  81468	   2680	 138192	 222340	  36484	frodo_sdk.elf
'Finished building: frodo_sdk.elf.size'
' '
19:32:43 **** Incremental Build of configuration Debug for project frodo_sdk ****
make pre-build main-build 
a9-linaro-pre-build-step
' '
make: Nothing to be done for 'main-build'.
19:35:05 **** Incremental Build of configuration Debug for project frodo_sdk ****
make pre-build main-build 
a9-linaro-pre-build-step
' '
'Building file: ../src/include/random.c'
'Invoking: ARM v7 gcc compiler'
arm-none-eabi-gcc -Wall -O0 -g3 -c -fmessage-length=0 -MT"src/include/random.o" -mcpu=cortex-a9 -mfpu=vfpv3 -mfloat-abi=hard -I../../frodo_sdk_bsp/ps7_cortexa9_0/include -MMD -MP -MF"src/include/random.d" -MT"src/include/random.o" -o "src/include/random.o" "../src/include/random.c"
../src/include/random.c: In function 'randombytes':
../src/include/random.c:17:35: warning: format '%d' expects argument of type 'int', but argument 2 has type 'u32' {aka 'long unsigned int'} [-Wformat=]
  printf("Random bytes requested: %d\n", nbytes);
                                  ~^     ~~~~~~
                                  %ld
../src/include/random.c:28:20: warning: format '%d' expects argument of type 'int', but argument 2 has type 'u32' {aka 'long unsigned int'} [-Wformat=]
   printf("nbytes: %d  \tRandom: %x   \t  i : %d\n", nbytes, u32Random, i);
                   ~^                                ~~~~~~
                   %ld
../src/include/random.c:28:34: warning: format '%x' expects argument of type 'unsigned int', but argument 3 has type 'u32' {aka 'long unsigned int'} [-Wformat=]
   printf("nbytes: %d  \tRandom: %x   \t  i : %d\n", nbytes, u32Random, i);
                                 ~^                          ~~~~~~~~~
                                 %lx
../src/include/random.c:28:47: warning: format '%d' expects argument of type 'int', but argument 4 has type 'u32' {aka 'long unsigned int'} [-Wformat=]
   printf("nbytes: %d  \tRandom: %x   \t  i : %d\n", nbytes, u32Random, i);
                                              ~^                        ~
                                              %ld
../src/include/random.c:14:6: warning: unused variable 'idx' [-Wunused-variable]
  u32 idx = 0;
      ^~~
../src/include/random.c:12:6: warning: unused variable 'ullnBytesCount' [-Wunused-variable]
  u32 ullnBytesCount = nbytes;
      ^~~~~~~~~~~~~~
'Finished building: ../src/include/random.c'
' '
'Building target: frodo_sdk.elf'
'Invoking: ARM v7 gcc linker'
arm-none-eabi-gcc -mcpu=cortex-a9 -mfpu=vfpv3 -mfloat-abi=hard -Wl,-build-id=none -specs=Xilinx.spec -Wl,-T -Wl,../src/lscript.ld -L../../frodo_sdk_bsp/ps7_cortexa9_0/lib -o "frodo_sdk.elf"  ./src/include/keccak_f1600.o ./src/include/kem.o ./src/include/random.o ./src/include/test_KEM640.o ./src/include/test_kem.o  ./src/main.o ./src/platform.o   -Wl,--start-group,-lxil,-lgcc,-lc,--end-group
'Finished building target: frodo_sdk.elf'
' '
'Invoking: ARM v7 Print Size'
arm-none-eabi-size frodo_sdk.elf  |tee "frodo_sdk.elf.size"
   text	   data	    bss	    dec	    hex	filename
  81724	   2680	 138192	 222596	  36584	frodo_sdk.elf
'Finished building: frodo_sdk.elf.size'
' '
19:37:23 **** Incremental Build of configuration Debug for project frodo_sdk ****
make pre-build main-build 
a9-linaro-pre-build-step
' '
'Building file: ../src/include/kem.c'
'Invoking: ARM v7 gcc compiler'
arm-none-eabi-gcc -Wall -O0 -g3 -c -fmessage-length=0 -MT"src/include/kem.o" -mcpu=cortex-a9 -mfpu=vfpv3 -mfloat-abi=hard -I../../frodo_sdk_bsp/ps7_cortexa9_0/include -MMD -MP -MF"src/include/kem.d" -MT"src/include/kem.o" -o "src/include/kem.o" "../src/include/kem.c"
../src/include/kem.c: In function 'crypto_kem_keypair':
../src/include/kem.c:33:2: warning: implicit declaration of function 'randombytes'; did you mean 'random'? [-Wimplicit-function-declaration]
  randombytes(randomness, CRYPTO_BYTES + CRYPTO_BYTES + BYTES_SEED_A);
  ^~~~~~~~~~~
  random
../src/include/kem.c:30:10: warning: unused variable 'shake_input_seedSE' [-Wunused-variable]
  uint8_t shake_input_seedSE[1 + CRYPTO_BYTES];           // contains secret data
          ^~~~~~~~~~~~~~~~~~
../src/include/kem.c:28:11: warning: unused variable 'randomness_seedSE' [-Wunused-variable]
  uint8_t *randomness_seedSE = &randomness[CRYPTO_BYTES]; // contains secret data
           ^~~~~~~~~~~~~~~~~
../src/include/kem.c:27:11: warning: unused variable 'randomness_s' [-Wunused-variable]
  uint8_t *randomness_s = &randomness[0];                 // contains secret data
           ^~~~~~~~~~~~
../src/include/kem.c:25:12: warning: unused variable 'E' [-Wunused-variable]
  uint16_t *E = (uint16_t *)&S[PARAMS_N*PARAMS_NBAR];     // contains secret data
            ^
../src/include/kem.c:23:11: warning: unused variable 'B' [-Wunused-variable]
  uint16_t B[PARAMS_N*PARAMS_NBAR] = {0};
           ^
../src/include/kem.c:21:11: warning: unused variable 'sk_pkh' [-Wunused-variable]
  uint8_t *sk_pkh = &sk[CRYPTO_BYTES + CRYPTO_PUBLICKEYBYTES + 2*PARAMS_N*PARAMS_NBAR];
           ^~~~~~
../src/include/kem.c:20:11: warning: unused variable 'sk_S' [-Wunused-variable]
  uint8_t *sk_S = &sk[CRYPTO_BYTES + CRYPTO_PUBLICKEYBYTES];
           ^~~~
../src/include/kem.c:19:11: warning: unused variable 'sk_pk' [-Wunused-variable]
  uint8_t *sk_pk = &sk[CRYPTO_BYTES];
           ^~~~~
../src/include/kem.c:18:11: warning: unused variable 'sk_s' [-Wunused-variable]
  uint8_t *sk_s = &sk[0];
           ^~~~
../src/include/kem.c:17:11: warning: unused variable 'pk_b' [-Wunused-variable]
  uint8_t *pk_b = &pk[BYTES_SEED_A];
           ^~~~
../src/include/kem.c:16:11: warning: unused variable 'pk_seedA' [-Wunused-variable]
  uint8_t *pk_seedA = &pk[0];
           ^~~~~~~~
'Finished building: ../src/include/kem.c'
' '
'Building target: frodo_sdk.elf'
'Invoking: ARM v7 gcc linker'
arm-none-eabi-gcc -mcpu=cortex-a9 -mfpu=vfpv3 -mfloat-abi=hard -Wl,-build-id=none -specs=Xilinx.spec -Wl,-T -Wl,../src/lscript.ld -L../../frodo_sdk_bsp/ps7_cortexa9_0/lib -o "frodo_sdk.elf"  ./src/include/keccak_f1600.o ./src/include/kem.o ./src/include/random.o ./src/include/test_KEM640.o ./src/include/test_kem.o  ./src/main.o ./src/platform.o   -Wl,--start-group,-lxil,-lgcc,-lc,--end-group
'Finished building target: frodo_sdk.elf'
' '
'Invoking: ARM v7 Print Size'
arm-none-eabi-size frodo_sdk.elf  |tee "frodo_sdk.elf.size"
   text	   data	    bss	    dec	    hex	filename
  81724	   2680	 138192	 222596	  36584	frodo_sdk.elf
'Finished building: frodo_sdk.elf.size'
' '
19:38:57 **** Auto Build of configuration Debug for project frodo_sdk ****
make pre-build main-build 
a9-linaro-pre-build-step
' '
'Building file: ../src/include/random.c'
'Invoking: ARM v7 gcc compiler'
arm-none-eabi-gcc -Wall -O0 -g3 -c -fmessage-length=0 -MT"src/include/random.o" -mcpu=cortex-a9 -mfpu=vfpv3 -mfloat-abi=hard -I../../frodo_sdk_bsp/ps7_cortexa9_0/include -MMD -MP -MF"src/include/random.d" -MT"src/include/random.o" -o "src/include/random.o" "../src/include/random.c"
../src/include/random.c: In function 'randombytes':
../src/include/random.c:17:35: warning: format '%d' expects argument of type 'int', but argument 2 has type 'u32' {aka 'long unsigned int'} [-Wformat=]
  printf("Random bytes requested: %d\n", nbytes);
                                  ~^     ~~~~~~
                                  %ld
../src/include/random.c:29:20: warning: format '%d' expects argument of type 'int', but argument 2 has type 'u32' {aka 'long unsigned int'} [-Wformat=]
   printf("nbytes: %d  \tRandom: %x   \t  i : %d\n", nbytes, u32Random, idx);
                   ~^                                ~~~~~~
                   %ld
../src/include/random.c:29:34: warning: format '%x' expects argument of type 'unsigned int', but argument 3 has type 'u32' {aka 'long unsigned int'} [-Wformat=]
   printf("nbytes: %d  \tRandom: %x   \t  i : %d\n", nbytes, u32Random, idx);
                                 ~^                          ~~~~~~~~~
                                 %lx
../src/include/random.c:29:47: warning: format '%d' expects argument of type 'int', but argument 4 has type 'u32' {aka 'long unsigned int'} [-Wformat=]
   printf("nbytes: %d  \tRandom: %x   \t  i : %d\n", nbytes, u32Random, idx);
                                              ~^                        ~~~
                                              %ld
../src/include/random.c:12:6: warning: unused variable 'ullnBytesCount' [-Wunused-variable]
  u32 ullnBytesCount = nbytes;
      ^~~~~~~~~~~~~~
'Finished building: ../src/include/random.c'
' '
'Building target: frodo_sdk.elf'
'Invoking: ARM v7 gcc linker'
arm-none-eabi-gcc -mcpu=cortex-a9 -mfpu=vfpv3 -mfloat-abi=hard -Wl,-build-id=none -specs=Xilinx.spec -Wl,-T -Wl,../src/lscript.ld -L../../frodo_sdk_bsp/ps7_cortexa9_0/lib -o "frodo_sdk.elf"  ./src/include/keccak_f1600.o ./src/include/kem.o ./src/include/random.o ./src/include/test_KEM640.o ./src/include/test_kem.o  ./src/main.o ./src/platform.o   -Wl,--start-group,-lxil,-lgcc,-lc,--end-group
'Finished building target: frodo_sdk.elf'
' '
'Invoking: ARM v7 Print Size'
arm-none-eabi-size frodo_sdk.elf  |tee "frodo_sdk.elf.size"
   text	   data	    bss	    dec	    hex	filename
  81724	   2680	 138192	 222596	  36584	frodo_sdk.elf
'Finished building: frodo_sdk.elf.size'
' '
19:39:02 **** Incremental Build of configuration Debug for project frodo_sdk ****
make pre-build main-build 
a9-linaro-pre-build-step
' '
make: Nothing to be done for 'main-build'.
19:40:23 **** Incremental Build of configuration Debug for project frodo_sdk ****
make pre-build main-build 
a9-linaro-pre-build-step
' '
'Building file: ../src/include/random.c'
'Invoking: ARM v7 gcc compiler'
arm-none-eabi-gcc -Wall -O0 -g3 -c -fmessage-length=0 -MT"src/include/random.o" -mcpu=cortex-a9 -mfpu=vfpv3 -mfloat-abi=hard -I../../frodo_sdk_bsp/ps7_cortexa9_0/include -MMD -MP -MF"src/include/random.d" -MT"src/include/random.o" -o "src/include/random.o" "../src/include/random.c"
../src/include/random.c: In function 'randombytes':
../src/include/random.c:17:35: warning: format '%d' expects argument of type 'int', but argument 2 has type 'u32' {aka 'long unsigned int'} [-Wformat=]
  printf("Random bytes requested: %d\n", nbytes);
                                  ~^     ~~~~~~
                                  %ld
../src/include/random.c:29:20: warning: format '%d' expects argument of type 'int', but argument 2 has type 'u32' {aka 'long unsigned int'} [-Wformat=]
   printf("nbytes: %d  \tRandom: %x   \t  i : %d\n", nbytes, u32Random, idx);
                   ~^                                ~~~~~~
                   %ld
../src/include/random.c:29:34: warning: format '%x' expects argument of type 'unsigned int', but argument 3 has type 'u32' {aka 'long unsigned int'} [-Wformat=]
   printf("nbytes: %d  \tRandom: %x   \t  i : %d\n", nbytes, u32Random, idx);
                                 ~^                          ~~~~~~~~~
                                 %lx
../src/include/random.c:29:47: warning: format '%d' expects argument of type 'int', but argument 4 has type 'u32' {aka 'long unsigned int'} [-Wformat=]
   printf("nbytes: %d  \tRandom: %x   \t  i : %d\n", nbytes, u32Random, idx);
                                              ~^                        ~~~
                                              %ld
../src/include/random.c:12:6: warning: unused variable 'ullnBytesCount' [-Wunused-variable]
  u32 ullnBytesCount = nbytes;
      ^~~~~~~~~~~~~~
'Finished building: ../src/include/random.c'
' '
'Building target: frodo_sdk.elf'
'Invoking: ARM v7 gcc linker'
arm-none-eabi-gcc -mcpu=cortex-a9 -mfpu=vfpv3 -mfloat-abi=hard -Wl,-build-id=none -specs=Xilinx.spec -Wl,-T -Wl,../src/lscript.ld -L../../frodo_sdk_bsp/ps7_cortexa9_0/lib -o "frodo_sdk.elf"  ./src/include/keccak_f1600.o ./src/include/kem.o ./src/include/random.o ./src/include/test_KEM640.o ./src/include/test_kem.o  ./src/main.o ./src/platform.o   -Wl,--start-group,-lxil,-lgcc,-lc,--end-group
'Finished building target: frodo_sdk.elf'
' '
'Invoking: ARM v7 Print Size'
arm-none-eabi-size frodo_sdk.elf  |tee "frodo_sdk.elf.size"
   text	   data	    bss	    dec	    hex	filename
  81724	   2680	 138192	 222596	  36584	frodo_sdk.elf
'Finished building: frodo_sdk.elf.size'
' '
19:42:48 **** Auto Build of configuration Debug for project frodo_sdk ****
make pre-build main-build 
a9-linaro-pre-build-step
' '
'Building file: ../src/include/kem.c'
'Invoking: ARM v7 gcc compiler'
arm-none-eabi-gcc -Wall -O0 -g3 -c -fmessage-length=0 -MT"src/include/kem.o" -mcpu=cortex-a9 -mfpu=vfpv3 -mfloat-abi=hard -I../../frodo_sdk_bsp/ps7_cortexa9_0/include -MMD -MP -MF"src/include/kem.d" -MT"src/include/kem.o" -o "src/include/kem.o" "../src/include/kem.c"
../src/include/kem.c: In function 'crypto_kem_keypair':
../src/include/kem.c:33:2: warning: implicit declaration of function 'randombytes'; did you mean 'random'? [-Wimplicit-function-declaration]
  randombytes(randomness, CRYPTO_BYTES + CRYPTO_BYTES + BYTES_SEED_A);
  ^~~~~~~~~~~
  random
../src/include/kem.c:30:10: warning: unused variable 'shake_input_seedSE' [-Wunused-variable]
  uint8_t shake_input_seedSE[1 + CRYPTO_BYTES];           // contains secret data
          ^~~~~~~~~~~~~~~~~~
../src/include/kem.c:29:11: warning: unused variable 'randomness_z' [-Wunused-variable]
  uint8_t *randomness_z = &randomness[2*CRYPTO_BYTES];
           ^~~~~~~~~~~~
../src/include/kem.c:28:11: warning: unused variable 'randomness_seedSE' [-Wunused-variable]
  uint8_t *randomness_seedSE = &randomness[CRYPTO_BYTES]; // contains secret data
           ^~~~~~~~~~~~~~~~~
../src/include/kem.c:25:12: warning: unused variable 'E' [-Wunused-variable]
  uint16_t *E = (uint16_t *)&S[PARAMS_N*PARAMS_NBAR];     // contains secret data
            ^
../src/include/kem.c:23:11: warning: unused variable 'B' [-Wunused-variable]
  uint16_t B[PARAMS_N*PARAMS_NBAR] = {0};
           ^
../src/include/kem.c:21:11: warning: unused variable 'sk_pkh' [-Wunused-variable]
  uint8_t *sk_pkh = &sk[CRYPTO_BYTES + CRYPTO_PUBLICKEYBYTES + 2*PARAMS_N*PARAMS_NBAR];
           ^~~~~~
../src/include/kem.c:20:11: warning: unused variable 'sk_S' [-Wunused-variable]
  uint8_t *sk_S = &sk[CRYPTO_BYTES + CRYPTO_PUBLICKEYBYTES];
           ^~~~
../src/include/kem.c:19:11: warning: unused variable 'sk_pk' [-Wunused-variable]
  uint8_t *sk_pk = &sk[CRYPTO_BYTES];
           ^~~~~
../src/include/kem.c:18:11: warning: unused variable 'sk_s' [-Wunused-variable]
  uint8_t *sk_s = &sk[0];
           ^~~~
../src/include/kem.c:17:11: warning: unused variable 'pk_b' [-Wunused-variable]
  uint8_t *pk_b = &pk[BYTES_SEED_A];
           ^~~~
../src/include/kem.c:16:11: warning: unused variable 'pk_seedA' [-Wunused-variable]
  uint8_t *pk_seedA = &pk[0];
           ^~~~~~~~
'Finished building: ../src/include/kem.c'
' '
'Building target: frodo_sdk.elf'
'Invoking: ARM v7 gcc linker'
arm-none-eabi-gcc -mcpu=cortex-a9 -mfpu=vfpv3 -mfloat-abi=hard -Wl,-build-id=none -specs=Xilinx.spec -Wl,-T -Wl,../src/lscript.ld -L../../frodo_sdk_bsp/ps7_cortexa9_0/lib -o "frodo_sdk.elf"  ./src/include/keccak_f1600.o ./src/include/kem.o ./src/include/random.o ./src/include/test_KEM640.o ./src/include/test_kem.o  ./src/main.o ./src/platform.o   -Wl,--start-group,-lxil,-lgcc,-lc,--end-group
'Finished building target: frodo_sdk.elf'
' '
'Invoking: ARM v7 Print Size'
arm-none-eabi-size frodo_sdk.elf  |tee "frodo_sdk.elf.size"
   text	   data	    bss	    dec	    hex	filename
  81732	   2680	 138192	 222604	  3658c	frodo_sdk.elf
'Finished building: frodo_sdk.elf.size'
' '
19:42:59 **** Incremental Build of configuration Debug for project frodo_sdk ****
make pre-build main-build 
a9-linaro-pre-build-step
' '
'Building file: ../src/include/kem.c'
'Invoking: ARM v7 gcc compiler'
arm-none-eabi-gcc -Wall -O0 -g3 -c -fmessage-length=0 -MT"src/include/kem.o" -mcpu=cortex-a9 -mfpu=vfpv3 -mfloat-abi=hard -I../../frodo_sdk_bsp/ps7_cortexa9_0/include -MMD -MP -MF"src/include/kem.d" -MT"src/include/kem.o" -o "src/include/kem.o" "../src/include/kem.c"
../src/include/kem.c: In function 'crypto_kem_keypair':
../src/include/kem.c:33:2: warning: implicit declaration of function 'randombytes'; did you mean 'random'? [-Wimplicit-function-declaration]
  randombytes(randomness, CRYPTO_BYTES + CRYPTO_BYTES + BYTES_SEED_A);
  ^~~~~~~~~~~
  random
../src/include/kem.c:30:10: warning: unused variable 'shake_input_seedSE' [-Wunused-variable]
  uint8_t shake_input_seedSE[1 + CRYPTO_BYTES];           // contains secret data
          ^~~~~~~~~~~~~~~~~~
../src/include/kem.c:29:11: warning: unused variable 'randomness_z' [-Wunused-variable]
  uint8_t *randomness_z = &randomness[2*CRYPTO_BYTES];
           ^~~~~~~~~~~~
../src/include/kem.c:28:11: warning: unused variable 'randomness_seedSE' [-Wunused-variable]
  uint8_t *randomness_seedSE = &randomness[CRYPTO_BYTES]; // contains secret data
           ^~~~~~~~~~~~~~~~~
../src/include/kem.c:25:12: warning: unused variable 'E' [-Wunused-variable]
  uint16_t *E = (uint16_t *)&S[PARAMS_N*PARAMS_NBAR];     // contains secret data
            ^
../src/include/kem.c:23:11: warning: unused variable 'B' [-Wunused-variable]
  uint16_t B[PARAMS_N*PARAMS_NBAR] = {0};
           ^
../src/include/kem.c:21:11: warning: unused variable 'sk_pkh' [-Wunused-variable]
  uint8_t *sk_pkh = &sk[CRYPTO_BYTES + CRYPTO_PUBLICKEYBYTES + 2*PARAMS_N*PARAMS_NBAR];
           ^~~~~~
../src/include/kem.c:20:11: warning: unused variable 'sk_S' [-Wunused-variable]
  uint8_t *sk_S = &sk[CRYPTO_BYTES + CRYPTO_PUBLICKEYBYTES];
           ^~~~
../src/include/kem.c:19:11: warning: unused variable 'sk_pk' [-Wunused-variable]
  uint8_t *sk_pk = &sk[CRYPTO_BYTES];
           ^~~~~
../src/include/kem.c:18:11: warning: unused variable 'sk_s' [-Wunused-variable]
  uint8_t *sk_s = &sk[0];
           ^~~~
../src/include/kem.c:17:11: warning: unused variable 'pk_b' [-Wunused-variable]
  uint8_t *pk_b = &pk[BYTES_SEED_A];
           ^~~~
../src/include/kem.c:16:11: warning: unused variable 'pk_seedA' [-Wunused-variable]
  uint8_t *pk_seedA = &pk[0];
           ^~~~~~~~
'Finished building: ../src/include/kem.c'
' '
'Building target: frodo_sdk.elf'
'Invoking: ARM v7 gcc linker'
arm-none-eabi-gcc -mcpu=cortex-a9 -mfpu=vfpv3 -mfloat-abi=hard -Wl,-build-id=none -specs=Xilinx.spec -Wl,-T -Wl,../src/lscript.ld -L../../frodo_sdk_bsp/ps7_cortexa9_0/lib -o "frodo_sdk.elf"  ./src/include/keccak_f1600.o ./src/include/kem.o ./src/include/random.o ./src/include/test_KEM640.o ./src/include/test_kem.o  ./src/main.o ./src/platform.o   -Wl,--start-group,-lxil,-lgcc,-lc,--end-group
'Finished building target: frodo_sdk.elf'
' '
'Invoking: ARM v7 Print Size'
arm-none-eabi-size frodo_sdk.elf  |tee "frodo_sdk.elf.size"
   text	   data	    bss	    dec	    hex	filename
  81732	   2680	 138192	 222604	  3658c	frodo_sdk.elf
'Finished building: frodo_sdk.elf.size'
' '
19:44:00 **** Incremental Build of configuration Debug for project frodo_sdk ****
make pre-build main-build 
a9-linaro-pre-build-step
' '
'Building file: ../src/include/kem.c'
'Invoking: ARM v7 gcc compiler'
arm-none-eabi-gcc -Wall -O0 -g3 -c -fmessage-length=0 -MT"src/include/kem.o" -mcpu=cortex-a9 -mfpu=vfpv3 -mfloat-abi=hard -I../../frodo_sdk_bsp/ps7_cortexa9_0/include -MMD -MP -MF"src/include/kem.d" -MT"src/include/kem.o" -o "src/include/kem.o" "../src/include/kem.c"
../src/include/kem.c: In function 'crypto_kem_keypair':
../src/include/kem.c:33:2: warning: implicit declaration of function 'randombytes'; did you mean 'random'? [-Wimplicit-function-declaration]
  randombytes(randomness, CRYPTO_BYTES + CRYPTO_BYTES + BYTES_SEED_A);
  ^~~~~~~~~~~
  random
../src/include/kem.c:30:10: warning: unused variable 'shake_input_seedSE' [-Wunused-variable]
  uint8_t shake_input_seedSE[1 + CRYPTO_BYTES];           // contains secret data
          ^~~~~~~~~~~~~~~~~~
../src/include/kem.c:28:11: warning: unused variable 'randomness_seedSE' [-Wunused-variable]
  uint8_t *randomness_seedSE = &randomness[CRYPTO_BYTES]; // contains secret data
           ^~~~~~~~~~~~~~~~~
../src/include/kem.c:25:12: warning: unused variable 'E' [-Wunused-variable]
  uint16_t *E = (uint16_t *)&S[PARAMS_N*PARAMS_NBAR];     // contains secret data
            ^
../src/include/kem.c:23:11: warning: unused variable 'B' [-Wunused-variable]
  uint16_t B[PARAMS_N*PARAMS_NBAR] = {0};
           ^
../src/include/kem.c:21:11: warning: unused variable 'sk_pkh' [-Wunused-variable]
  uint8_t *sk_pkh = &sk[CRYPTO_BYTES + CRYPTO_PUBLICKEYBYTES + 2*PARAMS_N*PARAMS_NBAR];
           ^~~~~~
../src/include/kem.c:20:11: warning: unused variable 'sk_S' [-Wunused-variable]
  uint8_t *sk_S = &sk[CRYPTO_BYTES + CRYPTO_PUBLICKEYBYTES];
           ^~~~
../src/include/kem.c:19:11: warning: unused variable 'sk_pk' [-Wunused-variable]
  uint8_t *sk_pk = &sk[CRYPTO_BYTES];
           ^~~~~
../src/include/kem.c:18:11: warning: unused variable 'sk_s' [-Wunused-variable]
  uint8_t *sk_s = &sk[0];
           ^~~~
../src/include/kem.c:17:11: warning: unused variable 'pk_b' [-Wunused-variable]
  uint8_t *pk_b = &pk[BYTES_SEED_A];
           ^~~~
../src/include/kem.c:16:11: warning: unused variable 'pk_seedA' [-Wunused-variable]
  uint8_t *pk_seedA = &pk[0];
           ^~~~~~~~
'Finished building: ../src/include/kem.c'
' '
'Building target: frodo_sdk.elf'
'Invoking: ARM v7 gcc linker'
arm-none-eabi-gcc -mcpu=cortex-a9 -mfpu=vfpv3 -mfloat-abi=hard -Wl,-build-id=none -specs=Xilinx.spec -Wl,-T -Wl,../src/lscript.ld -L../../frodo_sdk_bsp/ps7_cortexa9_0/lib -o "frodo_sdk.elf"  ./src/include/keccak_f1600.o ./src/include/kem.o ./src/include/random.o ./src/include/test_KEM640.o ./src/include/test_kem.o  ./src/main.o ./src/platform.o   -Wl,--start-group,-lxil,-lgcc,-lc,--end-group
'Finished building target: frodo_sdk.elf'
' '
'Invoking: ARM v7 Print Size'
arm-none-eabi-size frodo_sdk.elf  |tee "frodo_sdk.elf.size"
   text	   data	    bss	    dec	    hex	filename
  81868	   2680	 138192	 222740	  36614	frodo_sdk.elf
'Finished building: frodo_sdk.elf.size'
' '
19:47:10 **** Incremental Build of configuration Debug for project frodo_sdk ****
make pre-build main-build 
a9-linaro-pre-build-step
' '
'Building file: ../src/include/kem.c'
'Invoking: ARM v7 gcc compiler'
arm-none-eabi-gcc -Wall -O0 -g3 -c -fmessage-length=0 -MT"src/include/kem.o" -mcpu=cortex-a9 -mfpu=vfpv3 -mfloat-abi=hard -I../../frodo_sdk_bsp/ps7_cortexa9_0/include -MMD -MP -MF"src/include/kem.d" -MT"src/include/kem.o" -o "src/include/kem.o" "../src/include/kem.c"
../src/include/kem.c: In function 'crypto_kem_keypair':
../src/include/kem.c:33:2: warning: implicit declaration of function 'randombytes'; did you mean 'random'? [-Wimplicit-function-declaration]
  randombytes(randomness, CRYPTO_BYTES + CRYPTO_BYTES + BYTES_SEED_A);
  ^~~~~~~~~~~
  random
../src/include/kem.c:30:10: warning: unused variable 'shake_input_seedSE' [-Wunused-variable]
  uint8_t shake_input_seedSE[1 + CRYPTO_BYTES];           // contains secret data
          ^~~~~~~~~~~~~~~~~~
../src/include/kem.c:28:11: warning: unused variable 'randomness_seedSE' [-Wunused-variable]
  uint8_t *randomness_seedSE = &randomness[CRYPTO_BYTES]; // contains secret data
           ^~~~~~~~~~~~~~~~~
../src/include/kem.c:27:11: warning: unused variable 'randomness_s' [-Wunused-variable]
  uint8_t *randomness_s = &randomness[0];                 // contains secret data
           ^~~~~~~~~~~~
../src/include/kem.c:25:12: warning: unused variable 'E' [-Wunused-variable]
  uint16_t *E = (uint16_t *)&S[PARAMS_N*PARAMS_NBAR];     // contains secret data
            ^
../src/include/kem.c:23:11: warning: unused variable 'B' [-Wunused-variable]
  uint16_t B[PARAMS_N*PARAMS_NBAR] = {0};
           ^
../src/include/kem.c:21:11: warning: unused variable 'sk_pkh' [-Wunused-variable]
  uint8_t *sk_pkh = &sk[CRYPTO_BYTES + CRYPTO_PUBLICKEYBYTES + 2*PARAMS_N*PARAMS_NBAR];
           ^~~~~~
../src/include/kem.c:20:11: warning: unused variable 'sk_S' [-Wunused-variable]
  uint8_t *sk_S = &sk[CRYPTO_BYTES + CRYPTO_PUBLICKEYBYTES];
           ^~~~
../src/include/kem.c:19:11: warning: unused variable 'sk_pk' [-Wunused-variable]
  uint8_t *sk_pk = &sk[CRYPTO_BYTES];
           ^~~~~
../src/include/kem.c:18:11: warning: unused variable 'sk_s' [-Wunused-variable]
  uint8_t *sk_s = &sk[0];
           ^~~~
../src/include/kem.c:17:11: warning: unused variable 'pk_b' [-Wunused-variable]
  uint8_t *pk_b = &pk[BYTES_SEED_A];
           ^~~~
../src/include/kem.c:16:11: warning: unused variable 'pk_seedA' [-Wunused-variable]
  uint8_t *pk_seedA = &pk[0];
           ^~~~~~~~
'Finished building: ../src/include/kem.c'
' '
'Building file: ../src/include/random.c'
'Invoking: ARM v7 gcc compiler'
arm-none-eabi-gcc -Wall -O0 -g3 -c -fmessage-length=0 -MT"src/include/random.o" -mcpu=cortex-a9 -mfpu=vfpv3 -mfloat-abi=hard -I../../frodo_sdk_bsp/ps7_cortexa9_0/include -MMD -MP -MF"src/include/random.d" -MT"src/include/random.o" -o "src/include/random.o" "../src/include/random.c"
../src/include/random.c: In function 'randombytes':
../src/include/random.c:12:6: warning: unused variable 'ullnBytesCount' [-Wunused-variable]
  u32 ullnBytesCount = nbytes;
      ^~~~~~~~~~~~~~
'Finished building: ../src/include/random.c'
' '
'Building target: frodo_sdk.elf'
'Invoking: ARM v7 gcc linker'
arm-none-eabi-gcc -mcpu=cortex-a9 -mfpu=vfpv3 -mfloat-abi=hard -Wl,-build-id=none -specs=Xilinx.spec -Wl,-T -Wl,../src/lscript.ld -L../../frodo_sdk_bsp/ps7_cortexa9_0/lib -o "frodo_sdk.elf"  ./src/include/keccak_f1600.o ./src/include/kem.o ./src/include/random.o ./src/include/test_KEM640.o ./src/include/test_kem.o  ./src/main.o ./src/platform.o   -Wl,--start-group,-lxil,-lgcc,-lc,--end-group
'Finished building target: frodo_sdk.elf'
' '
'Invoking: ARM v7 Print Size'
arm-none-eabi-size frodo_sdk.elf  |tee "frodo_sdk.elf.size"
   text	   data	    bss	    dec	    hex	filename
  81396	   2680	 138192	 222268	  3643c	frodo_sdk.elf
'Finished building: frodo_sdk.elf.size'
' '
19:48:57 **** Incremental Build of configuration Debug for project frodo_sdk ****
make pre-build main-build 
a9-linaro-pre-build-step
' '
make: Nothing to be done for 'main-build'.
