20:18:21 **** Incremental Build of configuration Debug for project frodo_sdk ****
make pre-build main-build 
a9-linaro-pre-build-step
 
Building file: ../src/include/test_kem.c
Invoking: ARM v7 gcc compiler
arm-none-eabi-gcc -Wall -O0 -g3 -c -fmessage-length=0 -MT"src/include/test_kem.o" -mcpu=cortex-a9 -mfpu=vfpv3 -mfloat-abi=hard -I../../frodo_sdk_bsp/ps7_cortexa9_0/include -MMD -MP -MF"src/include/test_kem.d" -MT"src/include/test_kem.o" -o "src/include/test_kem.o" "../src/include/test_kem.c"
In file included from ../src/include/test_kem.c:9:
../src/include/test_kem.c: In function 'kem_test':
../src/include/test_kem.c:860:31: warning: format '%lu' expects argument of type 'long unsigned int', but argument 2 has type 'unsigned int' [-Wformat=]
   print_debug(DEBUG_TEST_KEM, "[TEST_KEM] Total time using Shake128 SW and Matrix SA_SW AS_SW is %lu ns (including function call)\n", t_total_shake128_hw_mm_matrix_sa_sw_as_sw);
                               ^~~~~~~~~~~~~~~~~~~~~~~~~~~~~~~~~~~~~~~~~~~~~~~~~~~~~~~~~~~~~~~~~~~~~~~~~~~~~~~~~~~~~~~~~~~~~~~~~~~~~~  ~~~~~~~~~~~~~~~~~~~~~~~~~~~~~~~~~~~~~~~~~
../src/include/global_def.h:107:11: note: in definition of macro 'print_debug'
    printf(__VA_ARGS__); \
           ^~~~~~~~~~~
../src/include/test_kem.c:876:31: warning: format '%lu' expects argument of type 'long unsigned int', but argument 2 has type 'unsigned int' [-Wformat=]
   print_debug(DEBUG_TEST_KEM, "[TEST_KEM] Total time using Shake128 SW and Matrix SA_SW AS_SW is %lu ns (including function call)\n", t_total_shake128_sw_matrix_sa_hw_as_sw);
                               ^~~~~~~~~~~~~~~~~~~~~~~~~~~~~~~~~~~~~~~~~~~~~~~~~~~~~~~~~~~~~~~~~~~~~~~~~~~~~~~~~~~~~~~~~~~~~~~~~~~~~~  ~~~~~~~~~~~~~~~~~~~~~~~~~~~~~~~~~~~~~~
../src/include/global_def.h:107:11: note: in definition of macro 'print_debug'
    printf(__VA_ARGS__); \
           ^~~~~~~~~~~
../src/include/test_kem.c:893:31: warning: format '%lu' expects argument of type 'long unsigned int', but argument 2 has type 'unsigned int' [-Wformat=]
   print_debug(DEBUG_TEST_KEM, "[TEST_KEM] Total time using Shake128 SW and Matrix SA_SW AS_SW is %lu ns (including function call)\n", t_total_shake128_hw_mm_matrix_sa_hw_as_sw);
                               ^~~~~~~~~~~~~~~~~~~~~~~~~~~~~~~~~~~~~~~~~~~~~~~~~~~~~~~~~~~~~~~~~~~~~~~~~~~~~~~~~~~~~~~~~~~~~~~~~~~~~~  ~~~~~~~~~~~~~~~~~~~~~~~~~~~~~~~~~~~~~~~~~
../src/include/global_def.h:107:11: note: in definition of macro 'print_debug'
    printf(__VA_ARGS__); \
           ^~~~~~~~~~~
../src/include/test_kem.c:910:31: warning: format '%lu' expects argument of type 'long unsigned int', but argument 2 has type 'unsigned int' [-Wformat=]
   print_debug(DEBUG_TEST_KEM, "[TEST_KEM] Total time using Shake128 SW and Matrix SA_SW AS_SW is %lu ns (including function call)\n", t_total_shake128_sw_matrix_sa_sw_as_hw);
                               ^~~~~~~~~~~~~~~~~~~~~~~~~~~~~~~~~~~~~~~~~~~~~~~~~~~~~~~~~~~~~~~~~~~~~~~~~~~~~~~~~~~~~~~~~~~~~~~~~~~~~~  ~~~~~~~~~~~~~~~~~~~~~~~~~~~~~~~~~~~~~~
../src/include/global_def.h:107:11: note: in definition of macro 'print_debug'
    printf(__VA_ARGS__); \
           ^~~~~~~~~~~
../src/include/test_kem.c:927:31: warning: format '%lu' expects argument of type 'long unsigned int', but argument 2 has type 'unsigned int' [-Wformat=]
   print_debug(DEBUG_TEST_KEM, "[TEST_KEM] Total time using Shake128 SW and Matrix SA_SW AS_SW is %lu ns (including function call)\n", t_total_shake128_hw_mm_matrix_sa_sw_as_hw);
                               ^~~~~~~~~~~~~~~~~~~~~~~~~~~~~~~~~~~~~~~~~~~~~~~~~~~~~~~~~~~~~~~~~~~~~~~~~~~~~~~~~~~~~~~~~~~~~~~~~~~~~~  ~~~~~~~~~~~~~~~~~~~~~~~~~~~~~~~~~~~~~~~~~
../src/include/global_def.h:107:11: note: in definition of macro 'print_debug'
    printf(__VA_ARGS__); \
           ^~~~~~~~~~~
../src/include/test_kem.c:944:31: warning: format '%lu' expects argument of type 'long unsigned int', but argument 2 has type 'unsigned int' [-Wformat=]
   print_debug(DEBUG_TEST_KEM, "[TEST_KEM] Total time using Shake128 SW and Matrix SA_SW AS_SW is %lu ns (including function call)\n", t_keypair_shake128_sw_matrix_sa_hw_as_hw);
                               ^~~~~~~~~~~~~~~~~~~~~~~~~~~~~~~~~~~~~~~~~~~~~~~~~~~~~~~~~~~~~~~~~~~~~~~~~~~~~~~~~~~~~~~~~~~~~~~~~~~~~~  ~~~~~~~~~~~~~~~~~~~~~~~~~~~~~~~~~~~~~~~~
../src/include/global_def.h:107:11: note: in definition of macro 'print_debug'
    printf(__VA_ARGS__); \
           ^~~~~~~~~~~
../src/include/test_kem.c:961:31: warning: format '%lu' expects argument of type 'long unsigned int', but argument 2 has type 'unsigned int' [-Wformat=]
   print_debug(DEBUG_TEST_KEM, "[TEST_KEM] Total time using Shake128 SW and Matrix SA_SW AS_SW is %lu ns (including function call)\n", t_total_shake128_hw_mm_matrix_sa_hw_as_hw);
                               ^~~~~~~~~~~~~~~~~~~~~~~~~~~~~~~~~~~~~~~~~~~~~~~~~~~~~~~~~~~~~~~~~~~~~~~~~~~~~~~~~~~~~~~~~~~~~~~~~~~~~~  ~~~~~~~~~~~~~~~~~~~~~~~~~~~~~~~~~~~~~~~~~
../src/include/global_def.h:107:11: note: in definition of macro 'print_debug'
    printf(__VA_ARGS__); \
           ^~~~~~~~~~~
../src/include/test_kem.c:1006:31: warning: format '%lu' expects argument of type 'long unsigned int', but argument 2 has type 'unsigned int' [-Wformat=]
   print_debug(DEBUG_TEST_KEM, "\t\t  SW  \t\t|\t SA_SW AS_HW  \t|\t\t\t %lu \t\t|\t\t\t %lu \t\t|\t\t\t %lu \t\t\t|\t\t %lu \t\t|\t\t\t %lu.%03lu\n", t_keypair_shake128_sw_matrix_sa_sw_as_hw, t_enc_shake128_sw_matrix_sa_sw_as_hw, t_dec_shake128_sw_matrix_sa_sw_as_hw, t_total_shake128_sw_matrix_sa_sw_as_hw, wholeShake128SwMatrixSaSwAsHw, thousandthsShake128SwMatrixSaSwAsHw);
                               ^~~~~~~~~~~~~~~~~~~~~~~~~~~~~~~~~~~~~~~~~~~~~~~~~~~~~~~~~~~~~~~~~~~~~~~~~~~~~~~~~~~~~~~~~~~~~~~~~~~~~~~~~~~~~~~~~~~~~~  ~~~~~~~~~~~~~~~~~~~~~~~~~~~~~~~~~~~~~~~~
../src/include/global_def.h:107:11: note: in definition of macro 'print_debug'
    printf(__VA_ARGS__); \
           ^~~~~~~~~~~
../src/include/test_kem.c:1006:31: warning: format '%lu' expects argument of type 'long unsigned int', but argument 3 has type 'unsigned int' [-Wformat=]
   print_debug(DEBUG_TEST_KEM, "\t\t  SW  \t\t|\t SA_SW AS_HW  \t|\t\t\t %lu \t\t|\t\t\t %lu \t\t|\t\t\t %lu \t\t\t|\t\t %lu \t\t|\t\t\t %lu.%03lu\n", t_keypair_shake128_sw_matrix_sa_sw_as_hw, t_enc_shake128_sw_matrix_sa_sw_as_hw, t_dec_shake128_sw_matrix_sa_sw_as_hw, t_total_shake128_sw_matrix_sa_sw_as_hw, wholeShake128SwMatrixSaSwAsHw, thousandthsShake128SwMatrixSaSwAsHw);
                               ^~~~~~~~~~~~~~~~~~~~~~~~~~~~~~~~~~~~~~~~~~~~~~~~~~~~~~~~~~~~~~~~~~~~~~~~~~~~~~~~~~~~~~~~~~~~~~~~~~~~~~~~~~~~~~~~~~~~~~                                            ~~~~~~~~~~~~~~~~~~~~~~~~~~~~~~~~~~~~
../src/include/global_def.h:107:11: note: in definition of macro 'print_debug'
    printf(__VA_ARGS__); \
           ^~~~~~~~~~~
../src/include/test_kem.c:1006:31: warning: format '%lu' expects argument of type 'long unsigned int', but argument 4 has type 'unsigned int' [-Wformat=]
   print_debug(DEBUG_TEST_KEM, "\t\t  SW  \t\t|\t SA_SW AS_HW  \t|\t\t\t %lu \t\t|\t\t\t %lu \t\t|\t\t\t %lu \t\t\t|\t\t %lu \t\t|\t\t\t %lu.%03lu\n", t_keypair_shake128_sw_matrix_sa_sw_as_hw, t_enc_shake128_sw_matrix_sa_sw_as_hw, t_dec_shake128_sw_matrix_sa_sw_as_hw, t_total_shake128_sw_matrix_sa_sw_as_hw, wholeShake128SwMatrixSaSwAsHw, thousandthsShake128SwMatrixSaSwAsHw);
                               ^~~~~~~~~~~~~~~~~~~~~~~~~~~~~~~~~~~~~~~~~~~~~~~~~~~~~~~~~~~~~~~~~~~~~~~~~~~~~~~~~~~~~~~~~~~~~~~~~~~~~~~~~~~~~~~~~~~~~~                                                                                  ~~~~~~~~~~~~~~~~~~~~~~~~~~~~~~~~~~~~
../src/include/global_def.h:107:11: note: in definition of macro 'print_debug'
    printf(__VA_ARGS__); \
           ^~~~~~~~~~~
../src/include/test_kem.c:1006:31: warning: format '%lu' expects argument of type 'long unsigned int', but argument 5 has type 'unsigned int' [-Wformat=]
   print_debug(DEBUG_TEST_KEM, "\t\t  SW  \t\t|\t SA_SW AS_HW  \t|\t\t\t %lu \t\t|\t\t\t %lu \t\t|\t\t\t %lu \t\t\t|\t\t %lu \t\t|\t\t\t %lu.%03lu\n", t_keypair_shake128_sw_matrix_sa_sw_as_hw, t_enc_shake128_sw_matrix_sa_sw_as_hw, t_dec_shake128_sw_matrix_sa_sw_as_hw, t_total_shake128_sw_matrix_sa_sw_as_hw, wholeShake128SwMatrixSaSwAsHw, thousandthsShake128SwMatrixSaSwAsHw);
                               ^~~~~~~~~~~~~~~~~~~~~~~~~~~~~~~~~~~~~~~~~~~~~~~~~~~~~~~~~~~~~~~~~~~~~~~~~~~~~~~~~~~~~~~~~~~~~~~~~~~~~~~~~~~~~~~~~~~~~~                                                                                                                        ~~~~~~~~~~~~~~~~~~~~~~~~~~~~~~~~~~~~~~
../src/include/global_def.h:107:11: note: in definition of macro 'print_debug'
    printf(__VA_ARGS__); \
           ^~~~~~~~~~~
../src/include/test_kem.c:1008:31: warning: format '%lu' expects argument of type 'long unsigned int', but argument 2 has type 'unsigned int' [-Wformat=]
   print_debug(DEBUG_TEST_KEM, "\t\t  SW  \t\t|\t SA_HW AS_SW  \t|\t\t\t %lu \t\t|\t\t\t %lu \t\t|\t\t\t %lu \t\t\t|\t\t %lu \t\t|\t\t\t %lu.%03lu\n", t_keypair_shake128_sw_matrix_sa_hw_as_sw, t_enc_shake128_sw_matrix_sa_hw_as_sw, t_dec_shake128_sw_matrix_sa_hw_as_sw, t_total_shake128_sw_matrix_sa_hw_as_sw, wholeShake128SwMatrixSaHwAsSw, thousandthsShake128SwMatrixSaHwAsSw);
                               ^~~~~~~~~~~~~~~~~~~~~~~~~~~~~~~~~~~~~~~~~~~~~~~~~~~~~~~~~~~~~~~~~~~~~~~~~~~~~~~~~~~~~~~~~~~~~~~~~~~~~~~~~~~~~~~~~~~~~~  ~~~~~~~~~~~~~~~~~~~~~~~~~~~~~~~~~~~~~~~~
../src/include/global_def.h:107:11: note: in definition of macro 'print_debug'
    printf(__VA_ARGS__); \
           ^~~~~~~~~~~
../src/include/test_kem.c:1008:31: warning: format '%lu' expects argument of type 'long unsigned int', but argument 3 has type 'unsigned int' [-Wformat=]
   print_debug(DEBUG_TEST_KEM, "\t\t  SW  \t\t|\t SA_HW AS_SW  \t|\t\t\t %lu \t\t|\t\t\t %lu \t\t|\t\t\t %lu \t\t\t|\t\t %lu \t\t|\t\t\t %lu.%03lu\n", t_keypair_shake128_sw_matrix_sa_hw_as_sw, t_enc_shake128_sw_matrix_sa_hw_as_sw, t_dec_shake128_sw_matrix_sa_hw_as_sw, t_total_shake128_sw_matrix_sa_hw_as_sw, wholeShake128SwMatrixSaHwAsSw, thousandthsShake128SwMatrixSaHwAsSw);
                               ^~~~~~~~~~~~~~~~~~~~~~~~~~~~~~~~~~~~~~~~~~~~~~~~~~~~~~~~~~~~~~~~~~~~~~~~~~~~~~~~~~~~~~~~~~~~~~~~~~~~~~~~~~~~~~~~~~~~~~                                            ~~~~~~~~~~~~~~~~~~~~~~~~~~~~~~~~~~~~
../src/include/global_def.h:107:11: note: in definition of macro 'print_debug'
    printf(__VA_ARGS__); \
           ^~~~~~~~~~~
../src/include/test_kem.c:1008:31: warning: format '%lu' expects argument of type 'long unsigned int', but argument 4 has type 'unsigned int' [-Wformat=]
   print_debug(DEBUG_TEST_KEM, "\t\t  SW  \t\t|\t SA_HW AS_SW  \t|\t\t\t %lu \t\t|\t\t\t %lu \t\t|\t\t\t %lu \t\t\t|\t\t %lu \t\t|\t\t\t %lu.%03lu\n", t_keypair_shake128_sw_matrix_sa_hw_as_sw, t_enc_shake128_sw_matrix_sa_hw_as_sw, t_dec_shake128_sw_matrix_sa_hw_as_sw, t_total_shake128_sw_matrix_sa_hw_as_sw, wholeShake128SwMatrixSaHwAsSw, thousandthsShake128SwMatrixSaHwAsSw);
                               ^~~~~~~~~~~~~~~~~~~~~~~~~~~~~~~~~~~~~~~~~~~~~~~~~~~~~~~~~~~~~~~~~~~~~~~~~~~~~~~~~~~~~~~~~~~~~~~~~~~~~~~~~~~~~~~~~~~~~~                                                                                  ~~~~~~~~~~~~~~~~~~~~~~~~~~~~~~~~~~~~
../src/include/global_def.h:107:11: note: in definition of macro 'print_debug'
    printf(__VA_ARGS__); \
           ^~~~~~~~~~~
../src/include/test_kem.c:1008:31: warning: format '%lu' expects argument of type 'long unsigned int', but argument 5 has type 'unsigned int' [-Wformat=]
   print_debug(DEBUG_TEST_KEM, "\t\t  SW  \t\t|\t SA_HW AS_SW  \t|\t\t\t %lu \t\t|\t\t\t %lu \t\t|\t\t\t %lu \t\t\t|\t\t %lu \t\t|\t\t\t %lu.%03lu\n", t_keypair_shake128_sw_matrix_sa_hw_as_sw, t_enc_shake128_sw_matrix_sa_hw_as_sw, t_dec_shake128_sw_matrix_sa_hw_as_sw, t_total_shake128_sw_matrix_sa_hw_as_sw, wholeShake128SwMatrixSaHwAsSw, thousandthsShake128SwMatrixSaHwAsSw);
                               ^~~~~~~~~~~~~~~~~~~~~~~~~~~~~~~~~~~~~~~~~~~~~~~~~~~~~~~~~~~~~~~~~~~~~~~~~~~~~~~~~~~~~~~~~~~~~~~~~~~~~~~~~~~~~~~~~~~~~~                                                                                                                        ~~~~~~~~~~~~~~~~~~~~~~~~~~~~~~~~~~~~~~
../src/include/global_def.h:107:11: note: in definition of macro 'print_debug'
    printf(__VA_ARGS__); \
           ^~~~~~~~~~~
../src/include/test_kem.c:1010:31: warning: format '%lu' expects argument of type 'long unsigned int', but argument 2 has type 'unsigned int' [-Wformat=]
   print_debug(DEBUG_TEST_KEM, "\t\t  SW  \t\t|\t SA_HW AS_HW  \t|\t\t\t %lu \t\t|\t\t\t %lu \t\t|\t\t\t %lu \t\t\t|\t\t %lu \t\t|\t\t\t %lu.%03lu\n", t_keypair_shake128_sw_matrix_sa_hw_as_hw, t_enc_shake128_sw_matrix_sa_hw_as_hw, t_dec_shake128_sw_matrix_sa_hw_as_hw, t_total_shake128_sw_matrix_sa_hw_as_hw, wholeShake128SwMatrixSaHwAsHw, thousandthsShake128SwMatrixSaHwAsHw);
                               ^~~~~~~~~~~~~~~~~~~~~~~~~~~~~~~~~~~~~~~~~~~~~~~~~~~~~~~~~~~~~~~~~~~~~~~~~~~~~~~~~~~~~~~~~~~~~~~~~~~~~~~~~~~~~~~~~~~~~~  ~~~~~~~~~~~~~~~~~~~~~~~~~~~~~~~~~~~~~~~~
../src/include/global_def.h:107:11: note: in definition of macro 'print_debug'
    printf(__VA_ARGS__); \
           ^~~~~~~~~~~
../src/include/test_kem.c:1010:31: warning: format '%lu' expects argument of type 'long unsigned int', but argument 3 has type 'unsigned int' [-Wformat=]
   print_debug(DEBUG_TEST_KEM, "\t\t  SW  \t\t|\t SA_HW AS_HW  \t|\t\t\t %lu \t\t|\t\t\t %lu \t\t|\t\t\t %lu \t\t\t|\t\t %lu \t\t|\t\t\t %lu.%03lu\n", t_keypair_shake128_sw_matrix_sa_hw_as_hw, t_enc_shake128_sw_matrix_sa_hw_as_hw, t_dec_shake128_sw_matrix_sa_hw_as_hw, t_total_shake128_sw_matrix_sa_hw_as_hw, wholeShake128SwMatrixSaHwAsHw, thousandthsShake128SwMatrixSaHwAsHw);
                               ^~~~~~~~~~~~~~~~~~~~~~~~~~~~~~~~~~~~~~~~~~~~~~~~~~~~~~~~~~~~~~~~~~~~~~~~~~~~~~~~~~~~~~~~~~~~~~~~~~~~~~~~~~~~~~~~~~~~~~                                            ~~~~~~~~~~~~~~~~~~~~~~~~~~~~~~~~~~~~
../src/include/global_def.h:107:11: note: in definition of macro 'print_debug'
    printf(__VA_ARGS__); \
           ^~~~~~~~~~~
../src/include/test_kem.c:1010:31: warning: format '%lu' expects argument of type 'long unsigned int', but argument 4 has type 'unsigned int' [-Wformat=]
   print_debug(DEBUG_TEST_KEM, "\t\t  SW  \t\t|\t SA_HW AS_HW  \t|\t\t\t %lu \t\t|\t\t\t %lu \t\t|\t\t\t %lu \t\t\t|\t\t %lu \t\t|\t\t\t %lu.%03lu\n", t_keypair_shake128_sw_matrix_sa_hw_as_hw, t_enc_shake128_sw_matrix_sa_hw_as_hw, t_dec_shake128_sw_matrix_sa_hw_as_hw, t_total_shake128_sw_matrix_sa_hw_as_hw, wholeShake128SwMatrixSaHwAsHw, thousandthsShake128SwMatrixSaHwAsHw);
                               ^~~~~~~~~~~~~~~~~~~~~~~~~~~~~~~~~~~~~~~~~~~~~~~~~~~~~~~~~~~~~~~~~~~~~~~~~~~~~~~~~~~~~~~~~~~~~~~~~~~~~~~~~~~~~~~~~~~~~~                                                                                  ~~~~~~~~~~~~~~~~~~~~~~~~~~~~~~~~~~~~
../src/include/global_def.h:107:11: note: in definition of macro 'print_debug'
    printf(__VA_ARGS__); \
           ^~~~~~~~~~~
../src/include/test_kem.c:1010:31: warning: format '%lu' expects argument of type 'long unsigned int', but argument 5 has type 'unsigned int' [-Wformat=]
   print_debug(DEBUG_TEST_KEM, "\t\t  SW  \t\t|\t SA_HW AS_HW  \t|\t\t\t %lu \t\t|\t\t\t %lu \t\t|\t\t\t %lu \t\t\t|\t\t %lu \t\t|\t\t\t %lu.%03lu\n", t_keypair_shake128_sw_matrix_sa_hw_as_hw, t_enc_shake128_sw_matrix_sa_hw_as_hw, t_dec_shake128_sw_matrix_sa_hw_as_hw, t_total_shake128_sw_matrix_sa_hw_as_hw, wholeShake128SwMatrixSaHwAsHw, thousandthsShake128SwMatrixSaHwAsHw);
                               ^~~~~~~~~~~~~~~~~~~~~~~~~~~~~~~~~~~~~~~~~~~~~~~~~~~~~~~~~~~~~~~~~~~~~~~~~~~~~~~~~~~~~~~~~~~~~~~~~~~~~~~~~~~~~~~~~~~~~~                                                                                                                        ~~~~~~~~~~~~~~~~~~~~~~~~~~~~~~~~~~~~~~
../src/include/global_def.h:107:11: note: in definition of macro 'print_debug'
    printf(__VA_ARGS__); \
           ^~~~~~~~~~~
../src/include/test_kem.c:1012:31: warning: format '%lu' expects argument of type 'long unsigned int', but argument 2 has type 'unsigned int' [-Wformat=]
   print_debug(DEBUG_TEST_KEM, "\t HW MM\t\t|\t SA_SW AS_SW  \t|\t\t\t %lu \t\t|\t\t\t %lu \t\t|\t\t\t %lu \t\t\t|\t\t %lu \t\t|\t\t\t %lu.%03lu\n", t_keypair_shake128_hw_mm_matrix_sa_sw_as_sw, t_enc_shake128_hw_mm_matrix_sa_sw_as_sw, t_dec_shake128_hw_mm_matrix_sa_sw_as_sw, t_total_shake128_hw_mm_matrix_sa_sw_as_sw, wholeShake128HwMMMatrixSaSwAsSw, thousandthsShake128HwMMMatrixSaSwAsSw);
                               ^~~~~~~~~~~~~~~~~~~~~~~~~~~~~~~~~~~~~~~~~~~~~~~~~~~~~~~~~~~~~~~~~~~~~~~~~~~~~~~~~~~~~~~~~~~~~~~~~~~~~~~~~~~~~~~~~~~~  ~~~~~~~~~~~~~~~~~~~~~~~~~~~~~~~~~~~~~~~~~~~
../src/include/global_def.h:107:11: note: in definition of macro 'print_debug'
    printf(__VA_ARGS__); \
           ^~~~~~~~~~~
../src/include/test_kem.c:1012:31: warning: format '%lu' expects argument of type 'long unsigned int', but argument 3 has type 'unsigned int' [-Wformat=]
   print_debug(DEBUG_TEST_KEM, "\t HW MM\t\t|\t SA_SW AS_SW  \t|\t\t\t %lu \t\t|\t\t\t %lu \t\t|\t\t\t %lu \t\t\t|\t\t %lu \t\t|\t\t\t %lu.%03lu\n", t_keypair_shake128_hw_mm_matrix_sa_sw_as_sw, t_enc_shake128_hw_mm_matrix_sa_sw_as_sw, t_dec_shake128_hw_mm_matrix_sa_sw_as_sw, t_total_shake128_hw_mm_matrix_sa_sw_as_sw, wholeShake128HwMMMatrixSaSwAsSw, thousandthsShake128HwMMMatrixSaSwAsSw);
                               ^~~~~~~~~~~~~~~~~~~~~~~~~~~~~~~~~~~~~~~~~~~~~~~~~~~~~~~~~~~~~~~~~~~~~~~~~~~~~~~~~~~~~~~~~~~~~~~~~~~~~~~~~~~~~~~~~~~~                                               ~~~~~~~~~~~~~~~~~~~~~~~~~~~~~~~~~~~~~~~
../src/include/global_def.h:107:11: note: in definition of macro 'print_debug'
    printf(__VA_ARGS__); \
           ^~~~~~~~~~~
../src/include/test_kem.c:1012:31: warning: format '%lu' expects argument of type 'long unsigned int', but argument 4 has type 'unsigned int' [-Wformat=]
   print_debug(DEBUG_TEST_KEM, "\t HW MM\t\t|\t SA_SW AS_SW  \t|\t\t\t %lu \t\t|\t\t\t %lu \t\t|\t\t\t %lu \t\t\t|\t\t %lu \t\t|\t\t\t %lu.%03lu\n", t_keypair_shake128_hw_mm_matrix_sa_sw_as_sw, t_enc_shake128_hw_mm_matrix_sa_sw_as_sw, t_dec_shake128_hw_mm_matrix_sa_sw_as_sw, t_total_shake128_hw_mm_matrix_sa_sw_as_sw, wholeShake128HwMMMatrixSaSwAsSw, thousandthsShake128HwMMMatrixSaSwAsSw);
                               ^~~~~~~~~~~~~~~~~~~~~~~~~~~~~~~~~~~~~~~~~~~~~~~~~~~~~~~~~~~~~~~~~~~~~~~~~~~~~~~~~~~~~~~~~~~~~~~~~~~~~~~~~~~~~~~~~~~~                                                                                        ~~~~~~~~~~~~~~~~~~~~~~~~~~~~~~~~~~~~~~~
../src/include/global_def.h:107:11: note: in definition of macro 'print_debug'
    printf(__VA_ARGS__); \
           ^~~~~~~~~~~
../src/include/test_kem.c:1012:31: warning: format '%lu' expects argument of type 'long unsigned int', but argument 5 has type 'unsigned int' [-Wformat=]
   print_debug(DEBUG_TEST_KEM, "\t HW MM\t\t|\t SA_SW AS_SW  \t|\t\t\t %lu \t\t|\t\t\t %lu \t\t|\t\t\t %lu \t\t\t|\t\t %lu \t\t|\t\t\t %lu.%03lu\n", t_keypair_shake128_hw_mm_matrix_sa_sw_as_sw, t_enc_shake128_hw_mm_matrix_sa_sw_as_sw, t_dec_shake128_hw_mm_matrix_sa_sw_as_sw, t_total_shake128_hw_mm_matrix_sa_sw_as_sw, wholeShake128HwMMMatrixSaSwAsSw, thousandthsShake128HwMMMatrixSaSwAsSw);
                               ^~~~~~~~~~~~~~~~~~~~~~~~~~~~~~~~~~~~~~~~~~~~~~~~~~~~~~~~~~~~~~~~~~~~~~~~~~~~~~~~~~~~~~~~~~~~~~~~~~~~~~~~~~~~~~~~~~~~                                                                                                                                 ~~~~~~~~~~~~~~~~~~~~~~~~~~~~~~~~~~~~~~~~~
../src/include/global_def.h:107:11: note: in definition of macro 'print_debug'
    printf(__VA_ARGS__); \
           ^~~~~~~~~~~
../src/include/test_kem.c:1014:31: warning: format '%lu' expects argument of type 'long unsigned int', but argument 2 has type 'unsigned int' [-Wformat=]
   print_debug(DEBUG_TEST_KEM, "\t HW MM\t\t|\t SA_SW AS_HW  \t|\t\t\t %lu \t\t|\t\t\t %lu \t\t|\t\t\t %lu \t\t\t|\t\t %lu \t\t|\t\t\t %lu.%03lu\n", t_keypair_shake128_hw_mm_matrix_sa_sw_as_hw, t_enc_shake128_hw_mm_matrix_sa_sw_as_hw, t_dec_shake128_hw_mm_matrix_sa_sw_as_hw, t_total_shake128_hw_mm_matrix_sa_sw_as_hw, wholeShake128HwMMMatrixSaSwAsHw, thousandthsShake128HwMMMatrixSaSwAsHw);
                               ^~~~~~~~~~~~~~~~~~~~~~~~~~~~~~~~~~~~~~~~~~~~~~~~~~~~~~~~~~~~~~~~~~~~~~~~~~~~~~~~~~~~~~~~~~~~~~~~~~~~~~~~~~~~~~~~~~~~  ~~~~~~~~~~~~~~~~~~~~~~~~~~~~~~~~~~~~~~~~~~~
../src/include/global_def.h:107:11: note: in definition of macro 'print_debug'
    printf(__VA_ARGS__); \
           ^~~~~~~~~~~
../src/include/test_kem.c:1014:31: warning: format '%lu' expects argument of type 'long unsigned int', but argument 3 has type 'unsigned int' [-Wformat=]
   print_debug(DEBUG_TEST_KEM, "\t HW MM\t\t|\t SA_SW AS_HW  \t|\t\t\t %lu \t\t|\t\t\t %lu \t\t|\t\t\t %lu \t\t\t|\t\t %lu \t\t|\t\t\t %lu.%03lu\n", t_keypair_shake128_hw_mm_matrix_sa_sw_as_hw, t_enc_shake128_hw_mm_matrix_sa_sw_as_hw, t_dec_shake128_hw_mm_matrix_sa_sw_as_hw, t_total_shake128_hw_mm_matrix_sa_sw_as_hw, wholeShake128HwMMMatrixSaSwAsHw, thousandthsShake128HwMMMatrixSaSwAsHw);
                               ^~~~~~~~~~~~~~~~~~~~~~~~~~~~~~~~~~~~~~~~~~~~~~~~~~~~~~~~~~~~~~~~~~~~~~~~~~~~~~~~~~~~~~~~~~~~~~~~~~~~~~~~~~~~~~~~~~~~                                               ~~~~~~~~~~~~~~~~~~~~~~~~~~~~~~~~~~~~~~~
../src/include/global_def.h:107:11: note: in definition of macro 'print_debug'
    printf(__VA_ARGS__); \
           ^~~~~~~~~~~
../src/include/test_kem.c:1014:31: warning: format '%lu' expects argument of type 'long unsigned int', but argument 4 has type 'unsigned int' [-Wformat=]
   print_debug(DEBUG_TEST_KEM, "\t HW MM\t\t|\t SA_SW AS_HW  \t|\t\t\t %lu \t\t|\t\t\t %lu \t\t|\t\t\t %lu \t\t\t|\t\t %lu \t\t|\t\t\t %lu.%03lu\n", t_keypair_shake128_hw_mm_matrix_sa_sw_as_hw, t_enc_shake128_hw_mm_matrix_sa_sw_as_hw, t_dec_shake128_hw_mm_matrix_sa_sw_as_hw, t_total_shake128_hw_mm_matrix_sa_sw_as_hw, wholeShake128HwMMMatrixSaSwAsHw, thousandthsShake128HwMMMatrixSaSwAsHw);
                               ^~~~~~~~~~~~~~~~~~~~~~~~~~~~~~~~~~~~~~~~~~~~~~~~~~~~~~~~~~~~~~~~~~~~~~~~~~~~~~~~~~~~~~~~~~~~~~~~~~~~~~~~~~~~~~~~~~~~                                                                                        ~~~~~~~~~~~~~~~~~~~~~~~~~~~~~~~~~~~~~~~
../src/include/global_def.h:107:11: note: in definition of macro 'print_debug'
    printf(__VA_ARGS__); \
           ^~~~~~~~~~~
../src/include/test_kem.c:1014:31: warning: format '%lu' expects argument of type 'long unsigned int', but argument 5 has type 'unsigned int' [-Wformat=]
   print_debug(DEBUG_TEST_KEM, "\t HW MM\t\t|\t SA_SW AS_HW  \t|\t\t\t %lu \t\t|\t\t\t %lu \t\t|\t\t\t %lu \t\t\t|\t\t %lu \t\t|\t\t\t %lu.%03lu\n", t_keypair_shake128_hw_mm_matrix_sa_sw_as_hw, t_enc_shake128_hw_mm_matrix_sa_sw_as_hw, t_dec_shake128_hw_mm_matrix_sa_sw_as_hw, t_total_shake128_hw_mm_matrix_sa_sw_as_hw, wholeShake128HwMMMatrixSaSwAsHw, thousandthsShake128HwMMMatrixSaSwAsHw);
                               ^~~~~~~~~~~~~~~~~~~~~~~~~~~~~~~~~~~~~~~~~~~~~~~~~~~~~~~~~~~~~~~~~~~~~~~~~~~~~~~~~~~~~~~~~~~~~~~~~~~~~~~~~~~~~~~~~~~~                                                                                                                                 ~~~~~~~~~~~~~~~~~~~~~~~~~~~~~~~~~~~~~~~~~
../src/include/global_def.h:107:11: note: in definition of macro 'print_debug'
    printf(__VA_ARGS__); \
           ^~~~~~~~~~~
../src/include/test_kem.c:1016:31: warning: format '%lu' expects argument of type 'long unsigned int', but argument 2 has type 'unsigned int' [-Wformat=]
   print_debug(DEBUG_TEST_KEM, "\t HW MM\t\t|\t SA_HW AS_SW  \t|\t\t\t %lu \t\t|\t\t\t %lu \t\t|\t\t\t %lu \t\t\t|\t\t %lu \t\t|\t\t\t %lu.%03lu\n", t_keypair_shake128_hw_mm_matrix_sa_hw_as_sw, t_enc_shake128_hw_mm_matrix_sa_hw_as_sw, t_dec_shake128_hw_mm_matrix_sa_hw_as_sw, t_total_shake128_hw_mm_matrix_sa_hw_as_sw, wholeShake128HwMMMatrixSaHwAsSw, thousandthsShake128HwMMMatrixSaHwAsSw);
                               ^~~~~~~~~~~~~~~~~~~~~~~~~~~~~~~~~~~~~~~~~~~~~~~~~~~~~~~~~~~~~~~~~~~~~~~~~~~~~~~~~~~~~~~~~~~~~~~~~~~~~~~~~~~~~~~~~~~~  ~~~~~~~~~~~~~~~~~~~~~~~~~~~~~~~~~~~~~~~~~~~
../src/include/global_def.h:107:11: note: in definition of macro 'print_debug'
    printf(__VA_ARGS__); \
           ^~~~~~~~~~~
../src/include/test_kem.c:1016:31: warning: format '%lu' expects argument of type 'long unsigned int', but argument 3 has type 'unsigned int' [-Wformat=]
   print_debug(DEBUG_TEST_KEM, "\t HW MM\t\t|\t SA_HW AS_SW  \t|\t\t\t %lu \t\t|\t\t\t %lu \t\t|\t\t\t %lu \t\t\t|\t\t %lu \t\t|\t\t\t %lu.%03lu\n", t_keypair_shake128_hw_mm_matrix_sa_hw_as_sw, t_enc_shake128_hw_mm_matrix_sa_hw_as_sw, t_dec_shake128_hw_mm_matrix_sa_hw_as_sw, t_total_shake128_hw_mm_matrix_sa_hw_as_sw, wholeShake128HwMMMatrixSaHwAsSw, thousandthsShake128HwMMMatrixSaHwAsSw);
                               ^~~~~~~~~~~~~~~~~~~~~~~~~~~~~~~~~~~~~~~~~~~~~~~~~~~~~~~~~~~~~~~~~~~~~~~~~~~~~~~~~~~~~~~~~~~~~~~~~~~~~~~~~~~~~~~~~~~~                                               ~~~~~~~~~~~~~~~~~~~~~~~~~~~~~~~~~~~~~~~
../src/include/global_def.h:107:11: note: in definition of macro 'print_debug'
    printf(__VA_ARGS__); \
           ^~~~~~~~~~~
../src/include/test_kem.c:1016:31: warning: format '%lu' expects argument of type 'long unsigned int', but argument 4 has type 'unsigned int' [-Wformat=]
   print_debug(DEBUG_TEST_KEM, "\t HW MM\t\t|\t SA_HW AS_SW  \t|\t\t\t %lu \t\t|\t\t\t %lu \t\t|\t\t\t %lu \t\t\t|\t\t %lu \t\t|\t\t\t %lu.%03lu\n", t_keypair_shake128_hw_mm_matrix_sa_hw_as_sw, t_enc_shake128_hw_mm_matrix_sa_hw_as_sw, t_dec_shake128_hw_mm_matrix_sa_hw_as_sw, t_total_shake128_hw_mm_matrix_sa_hw_as_sw, wholeShake128HwMMMatrixSaHwAsSw, thousandthsShake128HwMMMatrixSaHwAsSw);
                               ^~~~~~~~~~~~~~~~~~~~~~~~~~~~~~~~~~~~~~~~~~~~~~~~~~~~~~~~~~~~~~~~~~~~~~~~~~~~~~~~~~~~~~~~~~~~~~~~~~~~~~~~~~~~~~~~~~~~                                                                                        ~~~~~~~~~~~~~~~~~~~~~~~~~~~~~~~~~~~~~~~
../src/include/global_def.h:107:11: note: in definition of macro 'print_debug'
    printf(__VA_ARGS__); \
           ^~~~~~~~~~~
../src/include/test_kem.c:1016:31: warning: format '%lu' expects argument of type 'long unsigned int', but argument 5 has type 'unsigned int' [-Wformat=]
   print_debug(DEBUG_TEST_KEM, "\t HW MM\t\t|\t SA_HW AS_SW  \t|\t\t\t %lu \t\t|\t\t\t %lu \t\t|\t\t\t %lu \t\t\t|\t\t %lu \t\t|\t\t\t %lu.%03lu\n", t_keypair_shake128_hw_mm_matrix_sa_hw_as_sw, t_enc_shake128_hw_mm_matrix_sa_hw_as_sw, t_dec_shake128_hw_mm_matrix_sa_hw_as_sw, t_total_shake128_hw_mm_matrix_sa_hw_as_sw, wholeShake128HwMMMatrixSaHwAsSw, thousandthsShake128HwMMMatrixSaHwAsSw);
                               ^~~~~~~~~~~~~~~~~~~~~~~~~~~~~~~~~~~~~~~~~~~~~~~~~~~~~~~~~~~~~~~~~~~~~~~~~~~~~~~~~~~~~~~~~~~~~~~~~~~~~~~~~~~~~~~~~~~~                                                                                                                                 ~~~~~~~~~~~~~~~~~~~~~~~~~~~~~~~~~~~~~~~~~
../src/include/global_def.h:107:11: note: in definition of macro 'print_debug'
    printf(__VA_ARGS__); \
           ^~~~~~~~~~~
../src/include/test_kem.c:1018:31: warning: format '%lu' expects argument of type 'long unsigned int', but argument 2 has type 'unsigned int' [-Wformat=]
   print_debug(DEBUG_TEST_KEM, "\t HW MM\t\t|\t SA_HW AS_HW  \t|\t\t\t %lu \t\t|\t\t\t %lu \t\t|\t\t\t %lu \t\t\t|\t\t %lu \t\t|\t\t\t %lu.%03lu\n", t_keypair_shake128_hw_mm_matrix_sa_hw_as_hw, t_enc_shake128_hw_mm_matrix_sa_hw_as_hw, t_dec_shake128_hw_mm_matrix_sa_hw_as_hw, t_total_shake128_hw_mm_matrix_sa_hw_as_hw, wholeShake128HwMMMatrixSaHwAsHw, thousandthsShake128HwMMMatrixSaHwAsHw);
                               ^~~~~~~~~~~~~~~~~~~~~~~~~~~~~~~~~~~~~~~~~~~~~~~~~~~~~~~~~~~~~~~~~~~~~~~~~~~~~~~~~~~~~~~~~~~~~~~~~~~~~~~~~~~~~~~~~~~~  ~~~~~~~~~~~~~~~~~~~~~~~~~~~~~~~~~~~~~~~~~~~
../src/include/global_def.h:107:11: note: in definition of macro 'print_debug'
    printf(__VA_ARGS__); \
           ^~~~~~~~~~~
../src/include/test_kem.c:1018:31: warning: format '%lu' expects argument of type 'long unsigned int', but argument 3 has type 'unsigned int' [-Wformat=]
   print_debug(DEBUG_TEST_KEM, "\t HW MM\t\t|\t SA_HW AS_HW  \t|\t\t\t %lu \t\t|\t\t\t %lu \t\t|\t\t\t %lu \t\t\t|\t\t %lu \t\t|\t\t\t %lu.%03lu\n", t_keypair_shake128_hw_mm_matrix_sa_hw_as_hw, t_enc_shake128_hw_mm_matrix_sa_hw_as_hw, t_dec_shake128_hw_mm_matrix_sa_hw_as_hw, t_total_shake128_hw_mm_matrix_sa_hw_as_hw, wholeShake128HwMMMatrixSaHwAsHw, thousandthsShake128HwMMMatrixSaHwAsHw);
                               ^~~~~~~~~~~~~~~~~~~~~~~~~~~~~~~~~~~~~~~~~~~~~~~~~~~~~~~~~~~~~~~~~~~~~~~~~~~~~~~~~~~~~~~~~~~~~~~~~~~~~~~~~~~~~~~~~~~~                                               ~~~~~~~~~~~~~~~~~~~~~~~~~~~~~~~~~~~~~~~
../src/include/global_def.h:107:11: note: in definition of macro 'print_debug'
    printf(__VA_ARGS__); \
           ^~~~~~~~~~~
../src/include/test_kem.c:1018:31: warning: format '%lu' expects argument of type 'long unsigned int', but argument 4 has type 'unsigned int' [-Wformat=]
   print_debug(DEBUG_TEST_KEM, "\t HW MM\t\t|\t SA_HW AS_HW  \t|\t\t\t %lu \t\t|\t\t\t %lu \t\t|\t\t\t %lu \t\t\t|\t\t %lu \t\t|\t\t\t %lu.%03lu\n", t_keypair_shake128_hw_mm_matrix_sa_hw_as_hw, t_enc_shake128_hw_mm_matrix_sa_hw_as_hw, t_dec_shake128_hw_mm_matrix_sa_hw_as_hw, t_total_shake128_hw_mm_matrix_sa_hw_as_hw, wholeShake128HwMMMatrixSaHwAsHw, thousandthsShake128HwMMMatrixSaHwAsHw);
                               ^~~~~~~~~~~~~~~~~~~~~~~~~~~~~~~~~~~~~~~~~~~~~~~~~~~~~~~~~~~~~~~~~~~~~~~~~~~~~~~~~~~~~~~~~~~~~~~~~~~~~~~~~~~~~~~~~~~~                                                                                        ~~~~~~~~~~~~~~~~~~~~~~~~~~~~~~~~~~~~~~~
../src/include/global_def.h:107:11: note: in definition of macro 'print_debug'
    printf(__VA_ARGS__); \
           ^~~~~~~~~~~
../src/include/test_kem.c:1018:31: warning: format '%lu' expects argument of type 'long unsigned int', but argument 5 has type 'unsigned int' [-Wformat=]
   print_debug(DEBUG_TEST_KEM, "\t HW MM\t\t|\t SA_HW AS_HW  \t|\t\t\t %lu \t\t|\t\t\t %lu \t\t|\t\t\t %lu \t\t\t|\t\t %lu \t\t|\t\t\t %lu.%03lu\n", t_keypair_shake128_hw_mm_matrix_sa_hw_as_hw, t_enc_shake128_hw_mm_matrix_sa_hw_as_hw, t_dec_shake128_hw_mm_matrix_sa_hw_as_hw, t_total_shake128_hw_mm_matrix_sa_hw_as_hw, wholeShake128HwMMMatrixSaHwAsHw, thousandthsShake128HwMMMatrixSaHwAsHw);
                               ^~~~~~~~~~~~~~~~~~~~~~~~~~~~~~~~~~~~~~~~~~~~~~~~~~~~~~~~~~~~~~~~~~~~~~~~~~~~~~~~~~~~~~~~~~~~~~~~~~~~~~~~~~~~~~~~~~~~                                                                                                                                 ~~~~~~~~~~~~~~~~~~~~~~~~~~~~~~~~~~~~~~~~~
../src/include/global_def.h:107:11: note: in definition of macro 'print_debug'
    printf(__VA_ARGS__); \
           ^~~~~~~~~~~
../src/include/test_kem.c:621:6: warning: unused variable 'readTimer' [-Wunused-variable]
  u32 readTimer;
      ^~~~~~~~~
Finished building: ../src/include/test_kem.c
 
Building target: frodo_sdk.elf
Invoking: ARM v7 gcc linker
arm-none-eabi-gcc -mcpu=cortex-a9 -mfpu=vfpv3 -mfloat-abi=hard -Wl,-build-id=none -specs=Xilinx.spec -Wl,-T -Wl,../src/lscript.ld -L../../frodo_sdk_bsp/ps7_cortexa9_0/lib -o "frodo_sdk.elf"  ./src/include/fips202.o ./src/include/frodo_macrify.o ./src/include/keccak_f1600.o ./src/include/kem.o ./src/include/noise.o ./src/include/random.o ./src/include/test_KEM640.o ./src/include/test_kem.o ./src/include/util.o  ./src/main.o ./src/platform.o   -Wl,--start-group,-lxil,-lgcc,-lc,--end-group
Finished building target: frodo_sdk.elf
 
Invoking: ARM v7 Print Size
arm-none-eabi-size frodo_sdk.elf  |tee "frodo_sdk.elf.size"
   text	   data	    bss	    dec	    hex	filename
 116384	   2856	2104560	2223800	 21eeb8	frodo_sdk.elf
Finished building: frodo_sdk.elf.size
 
20:18:53 **** Incremental Build of configuration Debug for project frodo_sdk ****
make pre-build main-build 
a9-linaro-pre-build-step
 
Building file: ../src/include/test_kem.c
Invoking: ARM v7 gcc compiler
arm-none-eabi-gcc -Wall -O0 -g3 -c -fmessage-length=0 -MT"src/include/test_kem.o" -mcpu=cortex-a9 -mfpu=vfpv3 -mfloat-abi=hard -I../../frodo_sdk_bsp/ps7_cortexa9_0/include -MMD -MP -MF"src/include/test_kem.d" -MT"src/include/test_kem.o" -o "src/include/test_kem.o" "../src/include/test_kem.c"
../src/include/test_kem.c: In function 'kem_test':
../src/include/test_kem.c:621:6: warning: unused variable 'readTimer' [-Wunused-variable]
  u32 readTimer;
      ^~~~~~~~~
Finished building: ../src/include/test_kem.c
 
Building target: frodo_sdk.elf
Invoking: ARM v7 gcc linker
arm-none-eabi-gcc -mcpu=cortex-a9 -mfpu=vfpv3 -mfloat-abi=hard -Wl,-build-id=none -specs=Xilinx.spec -Wl,-T -Wl,../src/lscript.ld -L../../frodo_sdk_bsp/ps7_cortexa9_0/lib -o "frodo_sdk.elf"  ./src/include/fips202.o ./src/include/frodo_macrify.o ./src/include/keccak_f1600.o ./src/include/kem.o ./src/include/noise.o ./src/include/random.o ./src/include/test_KEM640.o ./src/include/test_kem.o ./src/include/util.o  ./src/main.o ./src/platform.o   -Wl,--start-group,-lxil,-lgcc,-lc,--end-group
Finished building target: frodo_sdk.elf
 
Invoking: ARM v7 Print Size
arm-none-eabi-size frodo_sdk.elf  |tee "frodo_sdk.elf.size"
   text	   data	    bss	    dec	    hex	filename
 116192	   2856	2104560	2223608	 21edf8	frodo_sdk.elf
Finished building: frodo_sdk.elf.size
 
